[indiaregistrationonline.org/index.html]
[indiaregistrationonline.org/img/favicon.png]
[backblue.gif]
[fade.gif]
[index.html]
[indiaregistrationonline.org/img/logo/gem.png]
[indiaregistrationonline.org/css/font-awesome.css]
[indiaregistrationonline.org/css/style.css]
[cdnjs.cloudflare.com/ajax/libs/OwlCarousel2/2.3.4/assets/owl.carousel.min.css]
[indiaregistrationonline.org/css/consumer-complaint.css]
[indiaregistrationonline.org/admin/login.html]
[indiaregistrationonline.org/img/logo/Untitled.png]
[indiaregistrationonline.org/img/logo/gem-#fff.png]
[indiaregistrationonline.org/registration.html]
[indiaregistrationonline.org/catalogue.html]
[indiaregistrationonline.org/contact-us.html]
[indiaregistrationonline.org/terms-and-conditions.html]
[indiaregistrationonline.org/privacy_policy.html]
[indiaregistrationonline.org/disclaimer.html]
[indiaregistrationonline.org/customer-dispute-policy.html]
[indiaregistrationonline.org/img/register (2).mp4]
[indiaregistrationonline.org/img/count/experience.png]
[indiaregistrationonline.org/img/count/Team Strength.png]
[indiaregistrationonline.org/img/count/Associates Tie-ups.png]
[indiaregistrationonline.org/img/count/Startups Build.png]
[indiaregistrationonline.org/img/count/Satisfied Clients.png]
[indiaregistrationonline.org/img/count/Assignments.jpg]
[indiaregistrationonline.org/img/about-01.jpg]
[indiaregistrationonline.org/about-us.html]
[indiaregistrationonline.org/img/Documents/Company_formation.png]
[indiaregistrationonline.org/img/Documents/registration.png]
[indiaregistrationonline.org/img/Documents/accounting.png]
[indiaregistrationonline.org/img/Documents/branding.png]
[indiaregistrationonline.org/img/Documents/service-help.webp]
[indiaregistrationonline.org/img/social-icon/facebook.png]
[indiaregistrationonline.org/img/social-icon/instagram.jpg]
[indiaregistrationonline.org/img/social-icon/linkedin.png]
[indiaregistrationonline.org/img/social-icon/x-twitter.jpg]
[indiaregistrationonline.org/img/social-icon/youtube.jpg]
[indiaregistrationonline.org/cancellation.html]
[indiaregistrationonline.org/js/script.js]
[indiaregistrationonline.org/js/consumer-complaint.js]
[img1.wsimg.com/signals/js/clients/scc-c2/scc-c2.min.js]
[indiaregistrationonline.org/index.html]
[indiaregistrationonline.org/webfonts/fa-brands-400.eot]
[indiaregistrationonline.org/webfonts/fa-brands-400d41d.eot]
[indiaregistrationonline.org/webfonts/fa-brands-400.woff2]
[indiaregistrationonline.org/webfonts/fa-brands-400.woff]
[indiaregistrationonline.org/webfonts/fa-brands-400.ttf]
[indiaregistrationonline.org/webfonts/fa-regular-400.eot]
[indiaregistrationonline.org/webfonts/fa-regular-400d41d.eot]
[indiaregistrationonline.org/webfonts/fa-regular-400.woff2]
[indiaregistrationonline.org/webfonts/fa-regular-400.woff]
[indiaregistrationonline.org/webfonts/fa-regular-400.ttf]
[indiaregistrationonline.org/webfonts/fa-solid-900.eot]
[indiaregistrationonline.org/webfonts/fa-solid-900d41d.eot]
[indiaregistrationonline.org/webfonts/fa-solid-900.woff2]
[indiaregistrationonline.org/webfonts/fa-solid-900.woff]
[indiaregistrationonline.org/webfonts/fa-solid-900.ttf]
[indiaregistrationonline.org/css/font-awesome.css]
[indiaregistrationonline.org/img/Documents/dropdown-bg-pci.png]
[indiaregistrationonline.org/css/style.css]
[indiaregistrationonline.org/css/index.css]
[cdnjs.cloudflare.com/ajax/libs/OwlCarousel2/2.3.4/assets/owl.video.play.png]
[cdnjs.cloudflare.com/ajax/libs/OwlCarousel2/2.3.4/assets/owl.carousel.min.css]
[indiaregistrationonline.org/css/consumer-complaint.css]
[indiaregistrationonline.org/admin/css/bootstrap.min.css]
[indiaregistrationonline.org/admin/css/icons.css]
[indiaregistrationonline.org/admin/css/custom.css]
[indiaregistrationonline.org/admin/css/login.css]
[indiaregistrationonline.org/admin/login.html]
[indiaregistrationonline.org/admin/css/components.css]
[indiaregistrationonline.org/img/gembanner.jpg]
[indiaregistrationonline.org/registration.html]
[indiaregistrationonline.org/catalogue.html]
[indiaregistrationonline.org/contact-us.html]
[indiaregistrationonline.org/terms-and-conditions.html]
[indiaregistrationonline.org/privacy_policy.html]
[indiaregistrationonline.org/disclaimer.html]
[indiaregistrationonline.org/customer-dispute-policy.html]
[indiaregistrationonline.org/525153088.html]
[indiaregistrationonline.org/about-us.html]
[indiaregistrationonline.org/cancellation.html]
[indiaregistrationonline.org/webfonts/fa-brands-400.svg]
[indiaregistrationonline.org/webfonts/fa-regular-400.svg]
[indiaregistrationonline.org/webfonts/fa-solid-900.svg]
[indiaregistrationonline.org/admin/css/bootstrap.min.css]
[indiaregistrationonline.org/admin/fonts/fontawesome-webfont3295.eot]
[indiaregistrationonline.org/admin/fonts/fontawesome-webfontd41d.eot]
[indiaregistrationonline.org/admin/fonts/fontawesome-webfont3295.woff2]
[indiaregistrationonline.org/admin/fonts/fontawesome-webfont3295.woff]
[indiaregistrationonline.org/admin/fonts/fontawesome-webfont3295.ttf]
[indiaregistrationonline.org/admin/fonts/themify9f24.eot]
[indiaregistrationonline.org/admin/fonts/themifyd41d.eot]
[indiaregistrationonline.org/admin/fonts/themify9f24.woff]
[indiaregistrationonline.org/admin/fonts/themify9f24.ttf]
[indiaregistrationonline.org/admin/css/icons.css]
[indiaregistrationonline.org/admin/css/custom.css]
[indiaregistrationonline.org/admin/css/login.css]
[indiaregistrationonline.org/admin/css/components.css]
[indiaregistrationonline.org/admin/index.html]
[indiaregistrationonline.org/admin/fonts/glyphicons-halflings-regular.html]
[indiaregistrationonline.org/admin/fonts/glyphicons-halflings-regulard41d.html]
[indiaregistrationonline.org/admin/fonts/glyphicons-halflings-regular-2.html]
[indiaregistrationonline.org/admin/fonts/glyphicons-halflings-regular-3.html]
[indiaregistrationonline.org/admin/fonts/glyphicons-halflings-regular-4.html]
[indiaregistrationonline.org/admin/fonts/glyphicons-halflings-regular-5.html]
[indiaregistrationonline.org/admin/fonts/fontawesome-webfont3295.svg]
[indiaregistrationonline.org/admin/fonts/themify9f24.svg]
[indiaregistrationonline.org/admin/css/imges/login-bg.html]
[indiaregistrationonline.org/admin/img/remove-icon-small.html]
[indiaregistrationonline.org/admin/img/syncfusion-icons.html]
[indiaregistrationonline.org/admin/img/syncfusion-icons-white.html]
[indiaregistrationonline.org/admin/img/accordion-plusminus.html]
[indiaregistrationonline.org/admin/img/portlet-remove-icon.html]
[indiaregistrationonline.org/admin/img/portlet-config-icon.html]
[indiaregistrationonline.org/admin/img/portlet-reload-icon.html]
[indiaregistrationonline.org/admin/img/portlet-expand-icon.html]
[indiaregistrationonline.org/admin/img/portlet-collapse-icon.html]
[indiaregistrationonline.org/admin/img/portlet-remove-icon-white.html]
[indiaregistrationonline.org/admin/img/portlet-config-icon-white.html]
[indiaregistrationonline.org/admin/img/portlet-reload-icon-white.html]
[indiaregistrationonline.org/admin/img/portlet-expand-icon-white.html]
[indiaregistrationonline.org/admin/img/portlet-collapse-icon-white.html]
[indiaregistrationonline.org/admin/img/social/amazon.html]
[indiaregistrationonline.org/admin/img/social/behance.html]
[indiaregistrationonline.org/admin/img/social/blogger.html]
[indiaregistrationonline.org/admin/img/social/deviantart.html]
[indiaregistrationonline.org/admin/img/social/dribbble.html]
[indiaregistrationonline.org/admin/img/social/dropbox.html]
[indiaregistrationonline.org/admin/img/social/evernote.html]
[indiaregistrationonline.org/admin/img/social/facebook.html]
[indiaregistrationonline.org/admin/img/social/forrst.html]
[indiaregistrationonline.org/admin/img/social/github.html]
[indiaregistrationonline.org/admin/img/social/googleplus.html]
[indiaregistrationonline.org/admin/img/social/jolicloud.html]
[indiaregistrationonline.org/admin/img/social/last-fm.html]
[indiaregistrationonline.org/admin/img/social/linkedin.html]
[indiaregistrationonline.org/admin/img/social/picasa.html]
[indiaregistrationonline.org/admin/img/social/pintrest.html]
[indiaregistrationonline.org/admin/img/social/rss.html]
[indiaregistrationonline.org/admin/img/social/skype.html]
[indiaregistrationonline.org/admin/img/social/spotify.html]
[indiaregistrationonline.org/admin/img/social/stumbleupon.html]
[indiaregistrationonline.org/admin/img/social/tumblr.html]
[indiaregistrationonline.org/admin/img/social/twitter.html]
[indiaregistrationonline.org/admin/img/social/vimeo.html]
[indiaregistrationonline.org/admin/img/social/wordpress.html]
[indiaregistrationonline.org/admin/img/social/xing.html]
[indiaregistrationonline.org/admin/img/social/yahoo.html]
[indiaregistrationonline.org/admin/img/social/youtube.html]
[indiaregistrationonline.org/admin/img/social/vk.html]
[indiaregistrationonline.org/admin/img/social/instagram.html]
[indiaregistrationonline.org/admin/img/social/reddit.html]
[indiaregistrationonline.org/admin/img/social/aboutme.html]
[indiaregistrationonline.org/admin/img/social/flickr.html]
[indiaregistrationonline.org/admin/img/social/foursquare.html]
[indiaregistrationonline.org/admin/img/social/gravatar.html]
[indiaregistrationonline.org/admin/img/social/klout.html]
[indiaregistrationonline.org/admin/img/social/myspace.html]
[indiaregistrationonline.org/admin/img/social/quora.html]
[pci.soilwrap.com/img/testimonial-banner.jpeg]
