[petperks-bootstrap-pwa.vercel.app/index.html]
[backblue.gif]
[fade.gif]
[index.html]
[petperks.dexignzone.com/xhtml/social-image.png]
[petperks-bootstrap-pwa.vercel.app/assets/images/app-logo/favicon.png]
[petperks-bootstrap-pwa.vercel.app/manifest.json]
[petperks-bootstrap-pwa.vercel.app/assets/vendor/bootstrap-select/dist/css/bootstrap-select.min.css]
[petperks-bootstrap-pwa.vercel.app/assets/vendor/swiper/swiper-bundle.min.css]
[petperks-bootstrap-pwa.vercel.app/assets/css/style.css]
[petperks-bootstrap-pwa.vercel.app/assets/images/avatar/1.png]
[petperks-bootstrap-pwa.vercel.app/notification.html]
[petperks-bootstrap-pwa.vercel.app/search.html]
[petperks-bootstrap-pwa.vercel.app/profile.html]
[petperks-bootstrap-pwa.vercel.app/assets/images/avatar/chat/2.png]
[petperks-bootstrap-pwa.vercel.app/products.html]
[petperks-bootstrap-pwa.vercel.app/components.html]
[petperks-bootstrap-pwa.vercel.app/pages.html]
[petperks-bootstrap-pwa.vercel.app/wishlist.html]
[petperks-bootstrap-pwa.vercel.app/my-order.html]
[petperks-bootstrap-pwa.vercel.app/chat-list.html]
[petperks-bootstrap-pwa.vercel.app/cart.html]
[petperks-bootstrap-pwa.vercel.app/welcome.html]
[petperks-bootstrap-pwa.vercel.app/assets/images/banner/pic1.png]
[petperks-bootstrap-pwa.vercel.app/category.html]
[petperks-bootstrap-pwa.vercel.app/assets/images/category/category1/1.png]
[petperks-bootstrap-pwa.vercel.app/assets/images/category/category1/2.png]
[petperks-bootstrap-pwa.vercel.app/assets/images/category/category1/3.png]
[petperks-bootstrap-pwa.vercel.app/assets/images/category/category1/4.png]
[petperks-bootstrap-pwa.vercel.app/assets/images/category/category1/5.png]
[petperks-bootstrap-pwa.vercel.app/assets/images/svg/star.svg]
[petperks-bootstrap-pwa.vercel.app/assets/images/category/category1/6.png]
[petperks-bootstrap-pwa.vercel.app/product-detail.html]
[petperks-bootstrap-pwa.vercel.app/assets/images/product/product1/pic1.png]
[petperks-bootstrap-pwa.vercel.app/assets/images/product/product1/pic2.png]
[petperks-bootstrap-pwa.vercel.app/assets/images/product/product1/pic3.png]
[petperks-bootstrap-pwa.vercel.app/assets/images/product/product1/pic4.png]
[petperks-bootstrap-pwa.vercel.app/assets/images/gallery/1.png]
[petperks-bootstrap-pwa.vercel.app/assets/images/gallery/2.png]
[petperks-bootstrap-pwa.vercel.app/assets/images/gallery/3.png]
[petperks-bootstrap-pwa.vercel.app/assets/images/gallery/4.png]
[petperks-bootstrap-pwa.vercel.app/assets/images/gallery/5.png]
[petperks-bootstrap-pwa.vercel.app/assets/images/avatar/avatar-sm/1.png]
[petperks-bootstrap-pwa.vercel.app/assets/images/avatar/avatar-sm/2.png]
[petperks-bootstrap-pwa.vercel.app/assets/images/product/product1/pic5.png]
[petperks-bootstrap-pwa.vercel.app/assets/images/product/product1/pic6.png]
[petperks-bootstrap-pwa.vercel.app/assets/images/product/product1/pic7.png]
[petperks-bootstrap-pwa.vercel.app/assets/images/product/product1/pic8.png]
[petperks-bootstrap-pwa.vercel.app/assets/images/product/product3/1.png]
[petperks-bootstrap-pwa.vercel.app/assets/images/product/product3/3.png]
[petperks-bootstrap-pwa.vercel.app/assets/images/product/product3/2.png]
[petperks-bootstrap-pwa.vercel.app/checkout.html]
[petperks-bootstrap-pwa.vercel.app/assets/images/product/product4/pic1.png]
[petperks-bootstrap-pwa.vercel.app/assets/images/product/product4/pic2.png]
[petperks-bootstrap-pwa.vercel.app/assets/images/product/product4/pic3.png]
[petperks-bootstrap-pwa.vercel.app/assets/images/product/product4/pic4.png]
[petperks-bootstrap-pwa.vercel.app/assets/images/product/product2/deals/1.png]
[petperks-bootstrap-pwa.vercel.app/assets/images/product/product2/deals/2.png]
[petperks-bootstrap-pwa.vercel.app/assets/images/product/product2/deals/3.png]
[petperks-bootstrap-pwa.vercel.app/assets/images/product/product2/deals/4.png]
[petperks-bootstrap-pwa.vercel.app/assets/images/product/product2/deals/5.png]
[petperks-bootstrap-pwa.vercel.app/assets/images/product/product2/deals/6.png]
[petperks-bootstrap-pwa.vercel.app/assets/images/product/product3/4.png]
[petperks-bootstrap-pwa.vercel.app/assets/images/product/product3/5.png]
[petperks-bootstrap-pwa.vercel.app/assets/images/product/product3/6.png]
[petperks-bootstrap-pwa.vercel.app/assets/images/banner/offer/banner1.png]
[petperks-bootstrap-pwa.vercel.app/assets/images/banner/offer/banner2.png]
[petperks-bootstrap-pwa.vercel.app/assets/images/banner/offer/1.png]
[petperks-bootstrap-pwa.vercel.app/assets/images/banner/offer/2.png]
[petperks-bootstrap-pwa.vercel.app/assets/images/banner/offer/3.png]
[petperks-bootstrap-pwa.vercel.app/assets/images/app-logo/logo.png]
[petperks-bootstrap-pwa.vercel.app/assets/images/app-logo/logo-white.png]
[petperks-bootstrap-pwa.vercel.app/assets/js/jquery.js]
[petperks-bootstrap-pwa.vercel.app/assets/vendor/bootstrap/js/bootstrap.bundle.min.js]
[petperks-bootstrap-pwa.vercel.app/assets/vendor/swiper/swiper-bundle.min.js]
[petperks-bootstrap-pwa.vercel.app/assets/vendor/bootstrap-touchspin/dist/jquery.bootstrap-touchspin.min.js]
[petperks-bootstrap-pwa.vercel.app/assets/vendor/grouploop-master/dist/grouploop-1.0.3.min.js]
[petperks-bootstrap-pwa.vercel.app/assets/js/dz.carousel.js]
[petperks-bootstrap-pwa.vercel.app/assets/js/settings.js]
[petperks-bootstrap-pwa.vercel.app/assets/js/custom.js]
[petperks-bootstrap-pwa.vercel.app/index.html]
[petperks-bootstrap-pwa.vercel.app/assets/vendor/bootstrap-select/dist/css/bootstrap-select.min.css]
[petperks-bootstrap-pwa.vercel.app/assets/vendor/bootstrap-touchspin/dist/jquery.bootstrap-touchspin.min.css]
[petperks-bootstrap-pwa.vercel.app/assets/vendor/swiper/swiper-bundle.min.css]
[petperks-bootstrap-pwa.vercel.app/assets/vendor/grouploop-master/examples/css/styles.css]
[petperks-bootstrap-pwa.vercel.app/index.js]
[petperks-bootstrap-pwa.vercel.app/assets/icons/fontawesome/css/all.min.css]
[petperks-bootstrap-pwa.vercel.app/assets/icons/feather/css/iconfont.css]
[petperks-bootstrap-pwa.vercel.app/assets/icons/flaticon/css/flaticon.css]
[petperks-bootstrap-pwa.vercel.app/assets/css/style.css]
[petperks-bootstrap-pwa.vercel.app/assets/icons/themify-icons/css/themify-icons.css]
[petperks-bootstrap-pwa.vercel.app/index-2.html]
[petperks-bootstrap-pwa.vercel.app/assets/images/avatar/small/1.png]
[petperks-bootstrap-pwa.vercel.app/assets/images/avatar/small/2.png]
[petperks-bootstrap-pwa.vercel.app/assets/images/avatar/small/3.png]
[petperks-bootstrap-pwa.vercel.app/assets/images/avatar/small/4.png]
[petperks-bootstrap-pwa.vercel.app/assets/images/avatar/small/5.png]
[code.jquery.com/jquery-3.3.1.slim.min.js]
[petperks-bootstrap-pwa.vercel.app/notification.html]
[petperks-bootstrap-pwa.vercel.app/search.html]
[petperks-bootstrap-pwa.vercel.app/assets/js/pulldelete.js]
[petperks-bootstrap-pwa.vercel.app/coupon.html]
[petperks-bootstrap-pwa.vercel.app/track-order.html]
[petperks-bootstrap-pwa.vercel.app/edit-profile.html]
[petperks-bootstrap-pwa.vercel.app/payment.html]
[petperks-bootstrap-pwa.vercel.app/add-delivery-address.html]
[petperks-bootstrap-pwa.vercel.app/review.html]
[petperks-bootstrap-pwa.vercel.app/faq.html]
[petperks-bootstrap-pwa.vercel.app/assets/images/flags/india.svg]
[petperks-bootstrap-pwa.vercel.app/assets/images/flags/united-states.svg]
[petperks-bootstrap-pwa.vercel.app/profile.html]
[petperks-bootstrap-pwa.vercel.app/assets/images/flags/spain.svg]
[petperks-bootstrap-pwa.vercel.app/assets/vendor/nouislider/nouislider.min.css]
[petperks-bootstrap-pwa.vercel.app/assets/images/banner/ad-banner.png]
[petperks-bootstrap-pwa.vercel.app/assets/images/product/product2/pic1.png]
[petperks-bootstrap-pwa.vercel.app/assets/images/product/product2/pic2.png]
[petperks-bootstrap-pwa.vercel.app/assets/images/product/product2/pic3.png]
[petperks-bootstrap-pwa.vercel.app/assets/images/product/product2/pic4.png]
[petperks-bootstrap-pwa.vercel.app/assets/images/product/product2/pic5.png]
[petperks-bootstrap-pwa.vercel.app/assets/vendor/wnumb/wNumb.js]
[petperks-bootstrap-pwa.vercel.app/assets/vendor/nouislider/nouislider.min.js]
[petperks-bootstrap-pwa.vercel.app/products.html]
[petperks-bootstrap-pwa.vercel.app/assets/js/noui-slider.init.js]
[petperks-bootstrap-pwa.vercel.app/ui-accordion.html]
[petperks-bootstrap-pwa.vercel.app/ui-alert.html]
[petperks-bootstrap-pwa.vercel.app/ui-avatar.html]
[petperks-bootstrap-pwa.vercel.app/ui-badge.html]
[petperks-bootstrap-pwa.vercel.app/ui-breadcrumb.html]
[petperks-bootstrap-pwa.vercel.app/ui-button.html]
[petperks-bootstrap-pwa.vercel.app/ui-button-group.html]
[petperks-bootstrap-pwa.vercel.app/ui-card.html]
[petperks-bootstrap-pwa.vercel.app/ui-inputs.html]
[petperks-bootstrap-pwa.vercel.app/ui-dropdown.html]
[petperks-bootstrap-pwa.vercel.app/ui-collapse.html]
[petperks-bootstrap-pwa.vercel.app/ui-radio.html]
[petperks-bootstrap-pwa.vercel.app/ui-timeline.html]
[petperks-bootstrap-pwa.vercel.app/ui-social.html]
[petperks-bootstrap-pwa.vercel.app/ui-list-group.html]
[petperks-bootstrap-pwa.vercel.app/ui-modal.html]
[petperks-bootstrap-pwa.vercel.app/ui-tab.html]
[petperks-bootstrap-pwa.vercel.app/ui-switch.html]
[petperks-bootstrap-pwa.vercel.app/ui-divider.html]
[petperks-bootstrap-pwa.vercel.app/ui-stepper.html]
[petperks-bootstrap-pwa.vercel.app/ui-offcanvas.html]
[petperks-bootstrap-pwa.vercel.app/ui-pagination.html]
[petperks-bootstrap-pwa.vercel.app/ui-placeholder.html]
[petperks-bootstrap-pwa.vercel.app/ui-progress.html]
[petperks-bootstrap-pwa.vercel.app/ui-popover.html]
[petperks-bootstrap-pwa.vercel.app/ui-scrollspy.html]
[petperks-bootstrap-pwa.vercel.app/ui-spinners.html]
[petperks-bootstrap-pwa.vercel.app/ui-toast.html]
[petperks-bootstrap-pwa.vercel.app/ui-typography.html]
[petperks-bootstrap-pwa.vercel.app/components.html]
[petperks-bootstrap-pwa.vercel.app/ui-lightgallery.html]
[petperks-bootstrap-pwa.vercel.app/sign-in.html]
[petperks-bootstrap-pwa.vercel.app/sign-up.html]
[petperks-bootstrap-pwa.vercel.app/forgot-password.html]
[petperks-bootstrap-pwa.vercel.app/otp-confirm.html]
[petperks-bootstrap-pwa.vercel.app/change-password.html]
[petperks-bootstrap-pwa.vercel.app/add-card.html]
[petperks-bootstrap-pwa.vercel.app/chat.html]
[petperks-bootstrap-pwa.vercel.app/delivery-address.html]
[petperks-bootstrap-pwa.vercel.app/pages.html]
[petperks-bootstrap-pwa.vercel.app/wishlist.html]
[petperks-bootstrap-pwa.vercel.app/my-order.html]
[petperks-bootstrap-pwa.vercel.app/error-404.html]
[petperks-bootstrap-pwa.vercel.app/assets/vendor/jquery-listview/css/mobiscroll.jquery.min.css]
[petperks-bootstrap-pwa.vercel.app/assets/images/avatar/chat/1.png]
[petperks-bootstrap-pwa.vercel.app/assets/images/avatar/chat/3.png]
[petperks-bootstrap-pwa.vercel.app/assets/images/avatar/chat/4.png]
[petperks-bootstrap-pwa.vercel.app/chat-list.html]
[petperks-bootstrap-pwa.vercel.app/cart.html]
[petperks-bootstrap-pwa.vercel.app/assets/vendor/jquery-listview/js/mobiscroll.jquery.min.js]
[petperks-bootstrap-pwa.vercel.app/assets/vendor/wow/css/libs/animate.css]
[petperks-bootstrap-pwa.vercel.app/assets/images/background/bg1.png]
[petperks-bootstrap-pwa.vercel.app/assets/images/preloader/circle1.png]
[petperks-bootstrap-pwa.vercel.app/assets/images/preloader/circle2.png]
[petperks-bootstrap-pwa.vercel.app/assets/images/preloader/logo.svg]
[petperks-bootstrap-pwa.vercel.app/assets/images/welcome/pic1.png]
[petperks-bootstrap-pwa.vercel.app/assets/images/welcome/pic2.png]
[petperks-bootstrap-pwa.vercel.app/assets/images/welcome/pic3.png]
[petperks-bootstrap-pwa.vercel.app/welcome.html]
[petperks-bootstrap-pwa.vercel.app/assets/vendor/wow/dist/wow.min.js]
[petperks-bootstrap-pwa.vercel.app/assets/images/product/product2/big/pic1.png]
[petperks-bootstrap-pwa.vercel.app/assets/images/product/product2/big/pic2.png]
[petperks-bootstrap-pwa.vercel.app/assets/images/product/product2/big/pic3.png]
[petperks-bootstrap-pwa.vercel.app/assets/images/product/product2/big/pic4.png]
[petperks-bootstrap-pwa.vercel.app/assets/images/product/product2/big/pic5.png]
[petperks-bootstrap-pwa.vercel.app/assets/images/product/product2/big/pic6.png]
[petperks-bootstrap-pwa.vercel.app/category.html]
[petperks-bootstrap-pwa.vercel.app/assets/images/svg/star.svg]
[petperks-bootstrap-pwa.vercel.app/assets/images/product/detail/pic1.png]
[petperks-bootstrap-pwa.vercel.app/assets/images/product/detail/pic2.png]
[petperks-bootstrap-pwa.vercel.app/assets/images/product/detail/pic3.png]
[petperks-bootstrap-pwa.vercel.app/assets/images/product/detail/pic4.png]
[petperks-bootstrap-pwa.vercel.app/product-detail.html]
[petperks-bootstrap-pwa.vercel.app/checkout.html]
[petperks-bootstrap-pwa.vercel.app/assets/vendor/imageuplodify/imageuploadify.min.css]
[petperks-bootstrap-pwa.vercel.app/assets/icons/fontawesome/webfonts/fa-brands-400.woff2]
[petperks-bootstrap-pwa.vercel.app/assets/icons/fontawesome/webfonts/fa-brands-400.ttf]
[petperks-bootstrap-pwa.vercel.app/assets/icons/fontawesome/webfonts/fa-regular-400.woff2]
[petperks-bootstrap-pwa.vercel.app/assets/icons/fontawesome/webfonts/fa-regular-400.ttf]
[petperks-bootstrap-pwa.vercel.app/assets/icons/fontawesome/webfonts/fa-solid-900.woff2]
[petperks-bootstrap-pwa.vercel.app/assets/icons/fontawesome/webfonts/fa-solid-900.ttf]
[petperks-bootstrap-pwa.vercel.app/assets/icons/fontawesome/webfonts/fa-v4compatibility.woff2]
[petperks-bootstrap-pwa.vercel.app/assets/icons/fontawesome/css/all.min.css]
[petperks-bootstrap-pwa.vercel.app/assets/icons/fontawesome/webfonts/fa-v4compatibility.ttf]
[petperks-bootstrap-pwa.vercel.app/assets/icons/feather/fonts/feathere8ab.eot]
[petperks-bootstrap-pwa.vercel.app/assets/icons/feather/fonts/feathere8ab.woff]
[petperks-bootstrap-pwa.vercel.app/assets/icons/feather/fonts/feathere8ab.ttf]
[petperks-bootstrap-pwa.vercel.app/assets/icons/feather/css/iconfont.css]
[petperks-bootstrap-pwa.vercel.app/assets/icons/feather/fonts/feathere8ab.svg]
[petperks-bootstrap-pwa.vercel.app/assets/icons/flaticon/webfonts/flaticon.eot]
[petperks-bootstrap-pwa.vercel.app/assets/icons/flaticon/webfonts/flaticon.woff2]
[petperks-bootstrap-pwa.vercel.app/assets/icons/flaticon/webfonts/flaticon.woff]
[petperks-bootstrap-pwa.vercel.app/assets/icons/flaticon/css/flaticon.css]
[petperks-bootstrap-pwa.vercel.app/assets/icons/themify-icons/fonts/themify9f249f24.eot]
[petperks-bootstrap-pwa.vercel.app/assets/icons/themify-icons/fonts/themifyd41dd41d.eot]
[petperks-bootstrap-pwa.vercel.app/assets/icons/themify-icons/fonts/themify.woff]
[petperks-bootstrap-pwa.vercel.app/assets/icons/themify-icons/fonts/themify.ttf]
[petperks-bootstrap-pwa.vercel.app/assets/icons/themify-icons/css/themify-icons.css]
[petperks-bootstrap-pwa.vercel.app/index-2.html]
[petperks-bootstrap-pwa.vercel.app/coupon.html]
[petperks-bootstrap-pwa.vercel.app/track-order.html]
[petperks-bootstrap-pwa.vercel.app/assets/icons/themify-icons/fonts/themify9f249f24.svg]
[petperks-bootstrap-pwa.vercel.app/assets/vendor/imageuplodify/imageuploadify.js]
[petperks-bootstrap-pwa.vercel.app/images/no-img-avatar.c8.delayed]
[petperks-bootstrap-pwa.vercel.app/edit-profile.html]
[petperks-bootstrap-pwa.vercel.app/assets/images/bank/bank1.svg]
[petperks-bootstrap-pwa.vercel.app/assets/images/bank/bank2.svg]
[petperks-bootstrap-pwa.vercel.app/assets/images/bank/bank3.svg]
[petperks-bootstrap-pwa.vercel.app/assets/images/bank/bank4.svg]
[petperks-bootstrap-pwa.vercel.app/assets/images/bank/bank5.svg]
[petperks-bootstrap-pwa.vercel.app/assets/images/bank/bank6.svg]
[petperks-bootstrap-pwa.vercel.app/assets/images/bank/bank7.svg]
[petperks-bootstrap-pwa.vercel.app/payment.html]
[petperks-bootstrap-pwa.vercel.app/add-delivery-address.html]
[petperks-bootstrap-pwa.vercel.app/review.html]
[petperks-bootstrap-pwa.vercel.app/faq.html]
[petperks-bootstrap-pwa.vercel.app/assets/images/flags/india.svg]
[petperks-bootstrap-pwa.vercel.app/assets/images/flags/united-states.svg]
[petperks-bootstrap-pwa.vercel.app/assets/images/flags/germany.svg]
[petperks-bootstrap-pwa.vercel.app/assets/images/flags/italy.svg]
[petperks-bootstrap-pwa.vercel.app/assets/images/flags/spain.svg]
[petperks-bootstrap-pwa.vercel.app/assets/vendor/nouislider/nouislider.min.css]
[petperks-bootstrap-pwa.vercel.app/assets/images/bank/bank8.svg]
[petperks-bootstrap-pwa.vercel.app/assets/images/bg-shape.png]
[petperks-bootstrap-pwa.vercel.app/assets/images/bootstrap-logo.png]
[petperks-bootstrap-pwa.vercel.app/ui-accordion.html]
[petperks-bootstrap-pwa.vercel.app/ui-alert.html]
[petperks-bootstrap-pwa.vercel.app/assets/images/avatar/1.jpg]
[petperks-bootstrap-pwa.vercel.app/assets/images/avatar/2.jpg]
[petperks-bootstrap-pwa.vercel.app/assets/images/avatar/3.jpg]
[petperks-bootstrap-pwa.vercel.app/assets/images/avatar/4.jpg]
[petperks-bootstrap-pwa.vercel.app/assets/images/avatar/5.jpg]
[petperks-bootstrap-pwa.vercel.app/ui-avatar.html]
[petperks-bootstrap-pwa.vercel.app/ui-badge.html]
[petperks-bootstrap-pwa.vercel.app/assets/images/background/bg.png]
[petperks-bootstrap-pwa.vercel.app/ui-breadcrumb.html]
[petperks-bootstrap-pwa.vercel.app/ui-button.html]
[petperks-bootstrap-pwa.vercel.app/ui-button-group.html]
[petperks-bootstrap-pwa.vercel.app/assets/images/card/pic1.png]
[petperks-bootstrap-pwa.vercel.app/assets/images/card/pic2.png]
[petperks-bootstrap-pwa.vercel.app/assets/images/card/pic3.png]
[petperks-bootstrap-pwa.vercel.app/ui-card.html]
[petperks-bootstrap-pwa.vercel.app/ui-inputs.html]
[petperks-bootstrap-pwa.vercel.app/ui-dropdown.html]
[petperks-bootstrap-pwa.vercel.app/ui-collapse.html]
[petperks-bootstrap-pwa.vercel.app/ui-radio.html]
[petperks-bootstrap-pwa.vercel.app/assets/images/avatar/7.jpg]
[petperks-bootstrap-pwa.vercel.app/assets/images/avatar/8.jpg]
[petperks-bootstrap-pwa.vercel.app/ui-timeline.html]
[petperks-bootstrap-pwa.vercel.app/ui-social.html]
[petperks-bootstrap-pwa.vercel.app/ui-list-group.html]
[petperks-bootstrap-pwa.vercel.app/ui-modal.html]
[petperks-bootstrap-pwa.vercel.app/ui-tab.html]
[petperks-bootstrap-pwa.vercel.app/ui-switch.html]
[petperks-bootstrap-pwa.vercel.app/ui-divider.html]
[petperks-bootstrap-pwa.vercel.app/ui-stepper.html]
[petperks-bootstrap-pwa.vercel.app/ui-offcanvas.html]
[petperks-bootstrap-pwa.vercel.app/ui-pagination.html]
[petperks-bootstrap-pwa.vercel.app/ui-placeholder.html]
[petperks-bootstrap-pwa.vercel.app/ui-progress.html]
[petperks-bootstrap-pwa.vercel.app/ui-popover.html]
[petperks-bootstrap-pwa.vercel.app/ui-scrollspy.html]
[petperks-bootstrap-pwa.vercel.app/ui-spinners.html]
[petperks-bootstrap-pwa.vercel.app/ui-toast.html]
[petperks-bootstrap-pwa.vercel.app/cdn-cgi/l/email-protection.de.delayed]
[petperks-bootstrap-pwa.vercel.app/ui-typography.html]
[petperks-bootstrap-pwa.vercel.app/assets/vendor/lightgallery/dist/css/lightgallery.css]
[petperks-bootstrap-pwa.vercel.app/assets/vendor/lightgallery/dist/css/lg-thumbnail.css]
[petperks-bootstrap-pwa.vercel.app/assets/vendor/lightgallery/dist/css/lg-zoom.css]
[petperks-bootstrap-pwa.vercel.app/assets/images/card/pic4.png]
[petperks-bootstrap-pwa.vercel.app/assets/vendor/lightgallery/dist/lightgallery.umd.js]
[petperks-bootstrap-pwa.vercel.app/assets/vendor/lightgallery/dist/plugins/thumbnail/lg-thumbnail.umd.js]
[petperks-bootstrap-pwa.vercel.app/ui-lightgallery.html]
[petperks-bootstrap-pwa.vercel.app/assets/vendor/lightgallery/dist/plugins/zoom/lg-zoom.umd.js]
[petperks-bootstrap-pwa.vercel.app/assets/images/authentication/pic1.png]
[petperks-bootstrap-pwa.vercel.app/assets/images/svg/google.svg]
[petperks-bootstrap-pwa.vercel.app/sign-in.html]
[petperks-bootstrap-pwa.vercel.app/assets/images/svg/apple.svg]
[petperks-bootstrap-pwa.vercel.app/assets/images/authentication/pic2.png]
[petperks-bootstrap-pwa.vercel.app/sign-up.html]
[petperks-bootstrap-pwa.vercel.app/assets/images/authentication/pic3.png]
[petperks-bootstrap-pwa.vercel.app/forgot-password.html]
[petperks-bootstrap-pwa.vercel.app/assets/images/authentication/pic4.png]
[petperks-bootstrap-pwa.vercel.app/otp-confirm.html]
[petperks-bootstrap-pwa.vercel.app/assets/images/authentication/pic5.png]
[petperks-bootstrap-pwa.vercel.app/change-password.html]
[petperks-bootstrap-pwa.vercel.app/add-card.html]
[petperks-bootstrap-pwa.vercel.app/chat.html]
[petperks-bootstrap-pwa.vercel.app/delivery-address.html]
[petperks-bootstrap-pwa.vercel.app/assets/images/error2.svg]
[petperks-bootstrap-pwa.vercel.app/assets/images/error.png]
[petperks-bootstrap-pwa.vercel.app/error-404.html]
[petperks-bootstrap-pwa.vercel.app/assets/vendor/jquery-listview/css/icons_mobiscroll5fe0.woff]
[petperks-bootstrap-pwa.vercel.app/assets/vendor/jquery-listview/css/icons_mobiscroll.woff]
[petperks-bootstrap-pwa.vercel.app/assets/vendor/jquery-listview/css/mobiscroll.jquery.min.css]
[petperks-bootstrap-pwa.vercel.app/assets/vendor/wow/css/libs/animate.css]
[petperks-bootstrap-pwa.vercel.app/assets/images/preloader/logo.svg]
[petperks-bootstrap-pwa.vercel.app/assets/images/welcome/vector1.svg]
[petperks-bootstrap-pwa.vercel.app/assets/images/welcome/vector2.svg]
[petperks-bootstrap-pwa.vercel.app/assets/vendor/imageuplodify/imageuploadify.min.css]
[petperks-bootstrap-pwa.vercel.app/assets/icons/feather/fonts/feathere8ab.svg]
[petperks-bootstrap-pwa.vercel.app/assets/icons/themify-icons/fonts/themify9f249f24.svg]
[petperks-bootstrap-pwa.vercel.app/images/no-img-avatar.html]
[petperks-bootstrap-pwa.vercel.app/assets/images/bank/bank1.svg]
[petperks-bootstrap-pwa.vercel.app/assets/images/bank/bank2.svg]
[petperks-bootstrap-pwa.vercel.app/assets/images/bank/bank3.svg]
[petperks-bootstrap-pwa.vercel.app/assets/images/bank/bank4.svg]
[petperks-bootstrap-pwa.vercel.app/assets/images/bank/bank5.svg]
[petperks-bootstrap-pwa.vercel.app/assets/images/bank/bank6.svg]
[petperks-bootstrap-pwa.vercel.app/assets/images/bank/bank7.svg]
[petperks-bootstrap-pwa.vercel.app/assets/images/bank/bank8.svg]
[petperks-bootstrap-pwa.vercel.app/cdn-cgi/l/email-protection.html]
[petperks-bootstrap-pwa.vercel.app/assets/vendor/jquery-listview/css/icons_mobiscroll5fe0.ttf]
[petperks-bootstrap-pwa.vercel.app/assets/vendor/lightgallery/dist/fonts/lgb687.woff2]
[petperks-bootstrap-pwa.vercel.app/assets/vendor/lightgallery/dist/fonts/lgb687.ttf]
[petperks-bootstrap-pwa.vercel.app/assets/vendor/lightgallery/dist/fonts/lgb687.woff]
[petperks-bootstrap-pwa.vercel.app/assets/vendor/lightgallery/dist/fonts/lgb687.svg]
[petperks-bootstrap-pwa.vercel.app/assets/vendor/lightgallery/dist/images/loading.gif]
[petperks-bootstrap-pwa.vercel.app/assets/vendor/lightgallery/dist/css/lightgallery.css]
[petperks-bootstrap-pwa.vercel.app/assets/vendor/lightgallery/dist/css/lg-thumbnail.css]
[petperks-bootstrap-pwa.vercel.app/assets/vendor/lightgallery/dist/css/lg-zoom.css]
[petperks-bootstrap-pwa.vercel.app/assets/images/svg/google.svg]
[petperks-bootstrap-pwa.vercel.app/assets/images/svg/apple.svg]
[petperks-bootstrap-pwa.vercel.app/assets/images/error2.svg]
[petperks-bootstrap-pwa.vercel.app/assets/vendor/lightgallery/dist/fonts/lgb687.svg]
