[html.rrdevs.net/synvo/index.html]
[backblue.gif]
[fade.gif]
[index.html]
[html.rrdevs.net/synvo/assets/imgs/logo/favicon.png]
[html.rrdevs.net/synvo/assets/css/bootstrap.min.css]
[html.rrdevs.net/synvo/assets/css/swiper-bundle.min.css]
[html.rrdevs.net/synvo/assets/css/fontawesome-pro.css]
[html.rrdevs.net/synvo/assets/css/progressbar.css]
[html.rrdevs.net/synvo/assets/css/meanmenu.min.css]
[html.rrdevs.net/synvo/assets/css/magnific-popup.css]
[html.rrdevs.net/synvo/assets/css/animate.min.css]
[html.rrdevs.net/synvo/assets/css/odometer-theme-default.css]
[html.rrdevs.net/synvo/assets/css/nice-select.css]
[html.rrdevs.net/synvo/assets/css/style.css]
[html.rrdevs.net/synvo/assets/imgs/logo/logo.png]
[html.rrdevs.net/synvo/contact.html]
[html.rrdevs.net/synvo/assets/imgs/shape/shape-1.webp]
[html.rrdevs.net/synvo/assets/imgs/logo/logo-2-light.png]
[html.rrdevs.net/synvo/home-1.html]
[html.rrdevs.net/synvo/home-2.html]
[html.rrdevs.net/synvo/home-3.html]
[html.rrdevs.net/synvo/about.html]
[html.rrdevs.net/synvo/projects.html]
[html.rrdevs.net/synvo/project-details.html]
[html.rrdevs.net/synvo/pricing.html]
[html.rrdevs.net/synvo/team.html]
[html.rrdevs.net/synvo/team-details.html]
[html.rrdevs.net/synvo/404.html]
[html.rrdevs.net/synvo/service.html]
[html.rrdevs.net/synvo/service-details.html]
[html.rrdevs.net/synvo/blog.html]
[html.rrdevs.net/synvo/blog-details.html]
[html.rrdevs.net/synvo/assets/imgs/shape/shape-26.webp]
[html.rrdevs.net/synvo/assets/imgs/shape/shape-27.webp]
[html.rrdevs.net/synvo/assets/imgs/gallery/gallery-1.webp]
[html.rrdevs.net/synvo/assets/imgs/gallery/gallery-50.webp]
[html.rrdevs.net/synvo/assets/imgs/gallery/gallery-2.webp]
[html.rrdevs.net/synvo/assets/imgs/gallery/gallery-3.webp]
[html.rrdevs.net/synvo/assets/imgs/icon/icon-22.webp]
[html.rrdevs.net/synvo/assets/imgs/icon/icon-23.webp]
[html.rrdevs.net/synvo/assets/imgs/gallery/gallery-4.webp]
[html.rrdevs.net/synvo/assets/imgs/icon/icon-1.webp]
[html.rrdevs.net/synvo/assets/imgs/service/service-1.webp]
[html.rrdevs.net/synvo/assets/imgs/icon/icon-2.webp]
[html.rrdevs.net/synvo/assets/imgs/service/service-2.webp]
[html.rrdevs.net/synvo/assets/imgs/icon/icon-3.webp]
[html.rrdevs.net/synvo/assets/imgs/service/service-3.webp]
[html.rrdevs.net/synvo/assets/imgs/project/project-2.webp]
[html.rrdevs.net/synvo/assets/imgs/project/project-3.webp]
[html.rrdevs.net/synvo/assets/imgs/project/project-4.webp]
[html.rrdevs.net/synvo/assets/imgs/project/project-1.webp]
[html.rrdevs.net/synvo/assets/imgs/gallery/gallery-5.webp]
[html.rrdevs.net/synvo/assets/imgs/gallery/gallery-6.webp]
[html.rrdevs.net/synvo/assets/imgs/gallery/gallery-7.webp]
[html.rrdevs.net/synvo/assets/imgs/shape/shape-4.webp]
[html.rrdevs.net/synvo/assets/imgs/client/client-1.webp]
[html.rrdevs.net/synvo/assets/imgs/icon/icon-4.webp]
[html.rrdevs.net/synvo/assets/imgs/client/client-2.webp]
[html.rrdevs.net/synvo/assets/imgs/client/client-3.webp]
[html.rrdevs.net/synvo/assets/imgs/icon/icon-5.webp]
[html.rrdevs.net/synvo/assets/imgs/shape/shape-2.webp]
[html.rrdevs.net/synvo/assets/imgs/icon/icon-6.webp]
[html.rrdevs.net/synvo/assets/imgs/icon/icon-7.webp]
[html.rrdevs.net/synvo/assets/imgs/shape/shape-5.webp]
[html.rrdevs.net/synvo/assets/imgs/shape/shape-3.webp]
[html.rrdevs.net/synvo/assets/imgs/gallery/gallery-8.webp]
[html.rrdevs.net/synvo/assets/imgs/team/team-1.webp]
[html.rrdevs.net/synvo/assets/imgs/team/team-2.webp]
[html.rrdevs.net/synvo/assets/imgs/team/team-3.webp]
[html.rrdevs.net/synvo/assets/imgs/team/team-4.webp]
[html.rrdevs.net/synvo/assets/imgs/shape/shape-28.webp]
[html.rrdevs.net/synvo/assets/imgs/shape/shape-29.webp]
[html.rrdevs.net/synvo/assets/imgs/shape/shape-30.webp]
[html.rrdevs.net/synvo/assets/imgs/icon/icon-34.webp]
[html.rrdevs.net/synvo/assets/imgs/shape/shape-24.webp]
[html.rrdevs.net/synvo/assets/imgs/icon/icon-35.webp]
[html.rrdevs.net/synvo/assets/imgs/icon/icon-36.webp]
[html.rrdevs.net/synvo/assets/imgs/brand/brand-1.webp]
[html.rrdevs.net/synvo/assets/imgs/brand/brand-2.webp]
[html.rrdevs.net/synvo/assets/imgs/brand/brand-3.webp]
[html.rrdevs.net/synvo/assets/imgs/brand/brand-4.webp]
[html.rrdevs.net/synvo/assets/imgs/brand/brand-5.webp]
[html.rrdevs.net/synvo/assets/imgs/blog/blog-1.webp]
[html.rrdevs.net/synvo/assets/imgs/blog/blog-2.webp]
[html.rrdevs.net/synvo/assets/imgs/blog/blog-3.webp]
[html.rrdevs.net/synvo/assets/imgs/blog/blog-4.webp]
[html.rrdevs.net/synvo/assets/imgs/logo/logo-light.png]
[html.rrdevs.net/synvo/assets/imgs/blog/blog-9.webp]
[html.rrdevs.net/synvo/assets/imgs/blog/blog-10.webp]
[html.rrdevs.net/synvo/assets/imgs/icon/icon-26.webp]
[html.rrdevs.net/synvo/assets/js/jquery-3.6.0.min.js]
[html.rrdevs.net/synvo/assets/js/bootstrap.bundle.min.js]
[html.rrdevs.net/synvo/assets/js/jquery.magnific-popup.min.js]
[html.rrdevs.net/synvo/assets/js/swiper-bundle.min.js]
[html.rrdevs.net/synvo/assets/js/odometer.min.js]
[html.rrdevs.net/synvo/assets/js/waypoints.min.js]
[html.rrdevs.net/synvo/assets/js/progressbar.js]
[html.rrdevs.net/synvo/assets/js/gsap.min.js]
[html.rrdevs.net/synvo/assets/js/ScrollSmoother.min.js]
[html.rrdevs.net/synvo/assets/js/ScrollTrigger.min.js]
[html.rrdevs.net/synvo/assets/js/SplitText.min.js]
[html.rrdevs.net/synvo/assets/js/TextPlugin.js]
[html.rrdevs.net/synvo/assets/js/customEase.js]
[html.rrdevs.net/synvo/assets/js/jquery.meanmenu.min.js]
[html.rrdevs.net/synvo/assets/js/backToTop.js]
[html.rrdevs.net/synvo/assets/js/jquery.nice-select.min.js]
[html.rrdevs.net/synvo/assets/js/wow.min.js]
[html.rrdevs.net/synvo/assets/js/main.js]
[html.rrdevs.net/synvo/index.html]
[html.rrdevs.net/synvo/assets/css/bootstrap.min.css]
[html.rrdevs.net/synvo/assets/webfonts/fa-brands-400.woff2]
[html.rrdevs.net/synvo/assets/webfonts/fa-brands-400.ttf]
[html.rrdevs.net/synvo/assets/webfonts/fa-duotone-900.woff2]
[html.rrdevs.net/synvo/assets/webfonts/fa-duotone-900.ttf]
[html.rrdevs.net/synvo/assets/webfonts/fa-light-300.woff2]
[html.rrdevs.net/synvo/assets/webfonts/fa-light-300.ttf]
[html.rrdevs.net/synvo/assets/webfonts/fa-regular-400.woff2]
[html.rrdevs.net/synvo/assets/webfonts/fa-regular-400.ttf]
[html.rrdevs.net/synvo/assets/webfonts/fa-solid-900.woff2]
[html.rrdevs.net/synvo/assets/webfonts/fa-solid-900.ttf]
[html.rrdevs.net/synvo/assets/webfonts/fa-thin-100.woff2]
[html.rrdevs.net/synvo/assets/webfonts/fa-v4compatibility.woff2]
[html.rrdevs.net/synvo/assets/webfonts/fa-thin-100.ttf]
[html.rrdevs.net/synvo/assets/webfonts/fa-v4compatibility.ttf]
[html.rrdevs.net/synvo/assets/css/fontawesome-pro.css]
[html.rrdevs.net/synvo/assets/css/swiper-bundle.min.css]
[html.rrdevs.net/synvo/assets/css/animated-overlay.gif]
[html.rrdevs.net/synvo/assets/css/progressbar.css]
[html.rrdevs.net/synvo/assets/css/meanmenu.min.css]
[html.rrdevs.net/synvo/assets/css/magnific-popup.css]
[html.rrdevs.net/synvo/assets/css/animate.min.css]
[html.rrdevs.net/synvo/assets/css/odometer-theme-default.css]
[html.rrdevs.net/synvo/assets/css/nice-select.css]
[html.rrdevs.net/synvo/assets/fonts/GeneralSans-Semibold.otf]
[html.rrdevs.net/synvo/assets/fonts/GeneralSans-Medium.otf]
[html.rrdevs.net/synvo/assets/fonts/GeneralSans-Italic.otf]
[html.rrdevs.net/synvo/assets/imgs/writer/go-top.webp]
[html.rrdevs.net/synvo/assets/imgs/writer/go-top-light.webp]
[html.rrdevs.net/synvo/assets/imgs/shape/shape-9.webp]
[html.rrdevs.net/synvo/assets/imgs/shape/shape-16.webp]
[html.rrdevs.net/synvo/assets/css/style.css]
[html.rrdevs.net/synvo/assets/imgs/gallery/gallery-29.webp]
[html.rrdevs.net/synvo/assets/imgs/gallery/gallery-45.webp]
[html.rrdevs.net/synvo/assets/imgs/gallery/gallery-46.webp]
[html.rrdevs.net/synvo/assets/imgs/gallery/gallery-47.webp]
[html.rrdevs.net/synvo/contact.html]
[html.rrdevs.net/synvo/home-1.html]
[html.rrdevs.net/synvo/assets/imgs/shape/shape-6.webp]
[html.rrdevs.net/synvo/assets/imgs/shape/shape-7.webp]
[html.rrdevs.net/synvo/assets/imgs/shape/shape-8.webp]
[html.rrdevs.net/synvo/assets/imgs/gallery/gallery-9.webp]
[html.rrdevs.net/synvo/assets/imgs/icon/icon-8.webp]
[html.rrdevs.net/synvo/assets/imgs/icon/icon-9.webp]
[html.rrdevs.net/synvo/assets/imgs/icon/icon-10.webp]
[html.rrdevs.net/synvo/assets/imgs/icon/icon-11.webp]
[html.rrdevs.net/synvo/assets/imgs/shape/shape-10.webp]
[html.rrdevs.net/synvo/assets/imgs/icon/icon-12.webp]
[html.rrdevs.net/synvo/assets/imgs/icon/icon-13.webp]
[html.rrdevs.net/synvo/assets/imgs/shape/shape-12.webp]
[html.rrdevs.net/synvo/assets/imgs/shape/shape-13.webp]
[html.rrdevs.net/synvo/assets/imgs/shape/shape-11.webp]
[html.rrdevs.net/synvo/assets/imgs/gallery/gallery-10.webp]
[html.rrdevs.net/synvo/assets/imgs/client/client-4.webp]
[html.rrdevs.net/synvo/assets/imgs/client/client-5.webp]
[html.rrdevs.net/synvo/assets/imgs/client/client-6.webp]
[html.rrdevs.net/synvo/assets/imgs/gallery/gallery-11.webp]
[html.rrdevs.net/synvo/assets/imgs/gallery/gallery-12.webp]
[html.rrdevs.net/synvo/assets/imgs/gallery/gallery-13.webp]
[html.rrdevs.net/synvo/assets/imgs/gallery/gallery-14.webp]
[html.rrdevs.net/synvo/assets/imgs/icon/icon-14.webp]
[html.rrdevs.net/synvo/assets/imgs/gallery/gallery-15.webp]
[html.rrdevs.net/synvo/assets/imgs/gallery/gallery-16.webp]
[html.rrdevs.net/synvo/assets/imgs/client/client-7.webp]
[html.rrdevs.net/synvo/assets/imgs/client/client-8.webp]
[html.rrdevs.net/synvo/assets/imgs/client/client-9.webp]
[html.rrdevs.net/synvo/assets/imgs/client/client-10.webp]
[html.rrdevs.net/synvo/assets/imgs/client/client-11.webp]
[html.rrdevs.net/synvo/assets/imgs/client/client-12.webp]
[html.rrdevs.net/synvo/assets/imgs/icon/icon-15.webp]
[html.rrdevs.net/synvo/assets/imgs/icon/icon-16.webp]
[html.rrdevs.net/synvo/assets/imgs/icon/icon-17.webp]
[html.rrdevs.net/synvo/assets/imgs/shape/shape-15.webp]
[html.rrdevs.net/synvo/assets/imgs/shape/shape-14.webp]
[html.rrdevs.net/synvo/assets/imgs/client/client-13.webp]
[html.rrdevs.net/synvo/assets/imgs/icon/icon-18.webp]
[html.rrdevs.net/synvo/assets/imgs/icon/icon-19.webp]
[html.rrdevs.net/synvo/assets/imgs/client/client-14.webp]
[html.rrdevs.net/synvo/assets/imgs/client/client-15.webp]
[html.rrdevs.net/synvo/assets/imgs/shape/shape-17.webp]
[html.rrdevs.net/synvo/assets/imgs/gallery/gallery-18.webp]
[html.rrdevs.net/synvo/assets/imgs/gallery/gallery-19.webp]
[html.rrdevs.net/synvo/assets/imgs/gallery/gallery-20.webp]
[html.rrdevs.net/synvo/assets/imgs/project/project-5.webp]
[html.rrdevs.net/synvo/assets/imgs/project/project-6.webp]
[html.rrdevs.net/synvo/assets/imgs/project/project-7.webp]
[html.rrdevs.net/synvo/assets/imgs/gallery/gallery-17.webp]
[html.rrdevs.net/synvo/assets/imgs/blog/blog-5.webp]
[html.rrdevs.net/synvo/assets/imgs/blog/blog-6.webp]
[html.rrdevs.net/synvo/assets/imgs/gallery/gallery-49.webp]
[html.rrdevs.net/synvo/home-2.html]
[html.rrdevs.net/synvo/assets/imgs/gallery/gallery-21.webp]
[html.rrdevs.net/synvo/assets/imgs/gallery/gallery-22.webp]
[html.rrdevs.net/synvo/assets/imgs/service/service-4.webp]
[html.rrdevs.net/synvo/assets/imgs/icon/icon-20.webp]
[html.rrdevs.net/synvo/assets/imgs/service/service-5.webp]
[html.rrdevs.net/synvo/assets/imgs/icon/icon-21.webp]
[html.rrdevs.net/synvo/assets/imgs/service/service-6.webp]
[html.rrdevs.net/synvo/assets/imgs/gallery/gallery-23.webp]
[html.rrdevs.net/synvo/assets/imgs/gallery/gallery-24.webp]
[html.rrdevs.net/synvo/assets/imgs/shape/shape-19.webp]
[html.rrdevs.net/synvo/assets/imgs/shape/shape-18.webp]
[html.rrdevs.net/synvo/assets/imgs/gallery/gallery-25.webp]
[html.rrdevs.net/synvo/assets/imgs/gallery/gallery-26.webp]
[html.rrdevs.net/synvo/assets/imgs/icon/icon-24.webp]
[html.rrdevs.net/synvo/assets/imgs/gallery/gallery-27.webp]
[html.rrdevs.net/synvo/assets/imgs/gallery/gallery-28.webp]
[html.rrdevs.net/synvo/assets/imgs/icon/icon-25.webp]
[html.rrdevs.net/synvo/assets/imgs/shape/shape-31.webp]
[html.rrdevs.net/synvo/assets/imgs/shape/shape-32.webp]
[html.rrdevs.net/synvo/assets/imgs/shape/shape-33.webp]
[html.rrdevs.net/synvo/assets/imgs/team/team-10.webp]
[html.rrdevs.net/synvo/assets/imgs/team/team-11.webp]
[html.rrdevs.net/synvo/assets/imgs/team/team-12.webp]
[html.rrdevs.net/synvo/assets/imgs/brand/brand-6.webp]
[html.rrdevs.net/synvo/assets/imgs/brand/brand-7.webp]
[html.rrdevs.net/synvo/assets/imgs/brand/brand-8.webp]
[html.rrdevs.net/synvo/assets/imgs/gallery/gallery-51.webp]
[html.rrdevs.net/synvo/assets/imgs/project/project-14.webp]
[html.rrdevs.net/synvo/assets/imgs/project/project-15.webp]
[html.rrdevs.net/synvo/assets/imgs/project/project-16.webp]
[html.rrdevs.net/synvo/assets/imgs/client/client-22.webp]
[html.rrdevs.net/synvo/assets/imgs/client/client-23.webp]
[html.rrdevs.net/synvo/assets/imgs/client/client-24.webp]
[html.rrdevs.net/synvo/assets/imgs/client/client-25.webp]
[html.rrdevs.net/synvo/assets/imgs/client/client-26.webp]
[html.rrdevs.net/synvo/assets/imgs/shape/shape-20.webp]
[html.rrdevs.net/synvo/assets/imgs/shape/shape-21.webp]
[html.rrdevs.net/synvo/assets/imgs/blog/blog-7.webp]
[html.rrdevs.net/synvo/assets/imgs/blog/blog-8.webp]
[html.rrdevs.net/synvo/home-3.html]
[html.rrdevs.net/synvo/assets/imgs/shape/shape-22.webp]
[html.rrdevs.net/synvo/assets/imgs/gallery/gallery-30.webp]
[html.rrdevs.net/synvo/assets/imgs/icon/icon-27.webp]
[html.rrdevs.net/synvo/assets/imgs/icon/icon-28.webp]
[html.rrdevs.net/synvo/assets/imgs/icon/icon-29.webp]
[html.rrdevs.net/synvo/assets/imgs/icon/icon-30.webp]
[html.rrdevs.net/synvo/assets/imgs/gallery/gallery-31.webp]
[html.rrdevs.net/synvo/assets/imgs/brand/brand-9.webp]
[html.rrdevs.net/synvo/assets/imgs/brand/brand-10.webp]
[html.rrdevs.net/synvo/assets/imgs/brand/brand-11.webp]
[html.rrdevs.net/synvo/assets/imgs/brand/brand-12.webp]
[html.rrdevs.net/synvo/assets/imgs/brand/brand-13.webp]
[html.rrdevs.net/synvo/about.html]
[html.rrdevs.net/synvo/assets/imgs/shape/shape-23.webp]
[html.rrdevs.net/synvo/assets/imgs/project/project-8.webp]
[html.rrdevs.net/synvo/assets/imgs/project/project-9.webp]
[html.rrdevs.net/synvo/assets/imgs/project/project-10.webp]
[html.rrdevs.net/synvo/assets/imgs/project/project-11.webp]
[html.rrdevs.net/synvo/assets/imgs/project/project-12.webp]
[html.rrdevs.net/synvo/assets/imgs/project/project-13.webp]
[html.rrdevs.net/synvo/projects.html]
[html.rrdevs.net/synvo/assets/imgs/gallery/gallery-34.webp]
[html.rrdevs.net/synvo/assets/imgs/gallery/gallery-35.webp]
[html.rrdevs.net/synvo/assets/imgs/gallery/gallery-36.webp]
[html.rrdevs.net/synvo/assets/imgs/gallery/gallery-37.webp]
[html.rrdevs.net/synvo/project-details.html]
[html.rrdevs.net/synvo/pricing.html]
[html.rrdevs.net/synvo/team.html]
[html.rrdevs.net/synvo/team-details.html]
[html.rrdevs.net/synvo/404.html]
[html.rrdevs.net/synvo/service.html]
[html.rrdevs.net/synvo/service-details.html]
[html.rrdevs.net/synvo/blog.html]
[html.rrdevs.net/synvo/blog-details.html]
[html.rrdevs.net/synvo/assets/js/jquery-3.6.0.min.js]
[html.rrdevs.net/synvo/assets/js/bootstrap.bundle.min.js]
[html.rrdevs.net/synvo/assets/js/jquery.magnific-popup.min.js]
[html.rrdevs.net/synvo/${l}]
[html.rrdevs.net/synvo/e]
[html.rrdevs.net/synvo/t.params.url]
[html.rrdevs.net/synvo/assets/js/swiper-bundle.min.js]
[html.rrdevs.net/synvo/assets/js/odometer.min.js]
[html.rrdevs.net/synvo/assets/js/waypoints.min.js]
[html.rrdevs.net/synvo/assets/js/progressbar.js]
[html.rrdevs.net/synvo/assets/js/gsap.min.js]
[html.rrdevs.net/synvo/assets/js/ScrollSmoother.min.js]
[html.rrdevs.net/synvo/assets/js/ScrollTrigger.min.js]
[html.rrdevs.net/synvo/assets/js/SplitText.min.js]
[html.rrdevs.net/synvo/assets/js/TextPlugin.js]
[html.rrdevs.net/synvo/assets/js/customEase.js]
[html.rrdevs.net/synvo/assets/js/jquery.meanmenu.min.js]
[html.rrdevs.net/synvo/assets/js/backToTop.js]
[html.rrdevs.net/synvo/assets/js/jquery.nice-select.min.js]
[html.rrdevs.net/synvo/assets/js/wow.min.js]
[html.rrdevs.net/synvo/assets/js/main.js]
[html.rrdevs.net/synvo/assets/css/animated-overlay.html]
[html.rrdevs.net/synvo/assets/imgs/writer/go-top.html]
[html.rrdevs.net/synvo/assets/imgs/writer/go-top-light.html]
[html.rrdevs.net/synvo/assets/imgs/client/client-16.html]
[html.rrdevs.net/synvo/assets/imgs/client/client-16-70px.html]
[html.rrdevs.net/synvo/assets/imgs/icon/icon-33.html]
[html.rrdevs.net/synvo/assets/imgs/client/client-17.html]
[html.rrdevs.net/synvo/assets/imgs/client/client-17-70px.html]
[html.rrdevs.net/synvo/assets/imgs/gallery/gallery-38.html]
[html.rrdevs.net/synvo/assets/imgs/icon/icon-37.html]
[html.rrdevs.net/synvo/assets/imgs/icon/icon-38.html]
[html.rrdevs.net/synvo/assets/imgs/icon/icon-39.html]
[html.rrdevs.net/synvo/assets/imgs/icon/icon-40.html]
[html.rrdevs.net/synvo/assets/imgs/team/team-5.html]
[html.rrdevs.net/synvo/assets/imgs/team/team-6.html]
[html.rrdevs.net/synvo/assets/imgs/team/team-7.html]
[html.rrdevs.net/synvo/assets/imgs/team/team-8.html]
[html.rrdevs.net/synvo/assets/imgs/team/team-9.html]
[html.rrdevs.net/synvo/assets/imgs/icon/icon-31.html]
[html.rrdevs.net/synvo/assets/imgs/icon/icon-32.html]
[html.rrdevs.net/synvo/assets/imgs/gallery/gallery-48.html]
[html.rrdevs.net/synvo/assets/imgs/service/service-7.html]
[html.rrdevs.net/synvo/assets/imgs/service/service-8.html]
[html.rrdevs.net/synvo/assets/imgs/service/service-9.html]
[html.rrdevs.net/synvo/assets/imgs/service/service-10.html]
[html.rrdevs.net/synvo/assets/imgs/service/service-11.html]
[html.rrdevs.net/synvo/assets/imgs/service/service-12.html]
[html.rrdevs.net/synvo/assets/imgs/gallery/gallery-32.html]
[html.rrdevs.net/synvo/assets/imgs/gallery/gallery-33.html]
[html.rrdevs.net/synvo/assets/imgs/blog/blog-11.html]
[html.rrdevs.net/synvo/assets/imgs/blog/blog-12.html]
[html.rrdevs.net/synvo/assets/imgs/blog/blog-13.html]
[html.rrdevs.net/synvo/assets/imgs/blog/blog-14.html]
[html.rrdevs.net/synvo/assets/imgs/blog/blog-15.html]
[html.rrdevs.net/synvo/assets/imgs/blog/blog-16.html]
[html.rrdevs.net/synvo/assets/imgs/blog/blog-17.html]
[html.rrdevs.net/synvo/assets/imgs/gallery/gallery-39.html]
[html.rrdevs.net/synvo/assets/imgs/gallery/gallery-40.html]
[html.rrdevs.net/synvo/assets/imgs/gallery/gallery-41.html]
[html.rrdevs.net/synvo/assets/imgs/gallery/gallery-42.html]
[html.rrdevs.net/synvo/assets/imgs/gallery/gallery-43.html]
[html.rrdevs.net/synvo/assets/imgs/gallery/gallery-44.html]
[html.rrdevs.net/synvo/assets/imgs/blog/blog-18.html]
[html.rrdevs.net/synvo/assets/imgs/blog/blog-19.html]
[html.rrdevs.net/synvo/assets/imgs/blog/blog-20.html]
[html.rrdevs.net/synvo/assets/imgs/blog/blog-21.html]
[html.rrdevs.net/synvo/assets/imgs/shape/shape-25.html]
[html.rrdevs.net/synvo/assets/imgs/blog/blog-22.html]
[html.rrdevs.net/synvo/assets/imgs/blog/blog-23.html]
[html.rrdevs.net/synvo/assets/imgs/client/client-18.html]
[html.rrdevs.net/synvo/assets/imgs/client/client-19.html]
[html.rrdevs.net/synvo/assets/imgs/client/client-20.html]
[html.rrdevs.net/synvo/assets/imgs/client/client-21.html]
[html.rrdevs.net/synvo/${l}.html]
[html.rrdevs.net/synvo/e.html]
[html.rrdevs.net/synvo/t.params.html]
