[html.topylo.com/istudy-prv/index.html]
[backblue.gif]
[fade.gif]
[index.html]
[html.topylo.com/istudy-prv/assets/images/logo/favicon.svg]
[html.topylo.com/istudy-prv/assets/css/vendor/bootstrap.min.css]
[html.topylo.com/istudy-prv/assets/css/vendor/animate.min.css]
[html.topylo.com/istudy-prv/assets/css/plugins/swiper.min.css]
[html.topylo.com/istudy-prv/assets/css/vendor/magnific-popup.css]
[html.topylo.com/istudy-prv/assets/css/vendor/fontawesome-pro.css]
[html.topylo.com/istudy-prv/assets/css/plugins/nouislider.min.css]
[html.topylo.com/istudy-prv/assets/css/vendor/icomoon.css]
[html.topylo.com/istudy-prv/assets/css/vendor/spacing.css]
[html.topylo.com/istudy-prv/assets/css/plugins/apexcharts.css]
[html.topylo.com/istudy-prv/assets/css/main.css]
[html.topylo.com/istudy-prv/assets/images/logo/preloader-icon.png]
[html.topylo.com/istudy-prv/assets/images/logo/logo.svg]
[html.topylo.com/istudy-prv/index-online-course.html]
[html.topylo.com/istudy-prv/assets/images/menu/menu-home-1.webp]
[html.topylo.com/istudy-prv/assets/images/menu/menu-home-2.webp]
[html.topylo.com/istudy-prv/index-university.html]
[html.topylo.com/istudy-prv/index-modern-schooling.html]
[html.topylo.com/istudy-prv/assets/images/menu/menu-home-3.webp]
[html.topylo.com/istudy-prv/index-kindergarten.html]
[html.topylo.com/istudy-prv/assets/images/menu/menu-home-4.webp]
[html.topylo.com/istudy-prv/index-quran-learning.html]
[html.topylo.com/istudy-prv/assets/images/menu/menu-home-5.webp]
[html.topylo.com/istudy-prv/index-shop.html]
[html.topylo.com/istudy-prv/assets/images/menu/menu-home-6.webp]
[html.topylo.com/istudy-prv/index-language-academy.html]
[html.topylo.com/istudy-prv/assets/images/menu/menu-home-7.webp]
[html.topylo.com/istudy-prv/assets/images/menu/menu-home-soon.webp]
[html.topylo.com/istudy-prv/courses.html]
[html.topylo.com/istudy-prv/courses-filter-search.html]
[html.topylo.com/istudy-prv/courses-filter-category.html]
[html.topylo.com/istudy-prv/courses-grid.html]
[html.topylo.com/istudy-prv/courses-grid-two.html]
[html.topylo.com/istudy-prv/courses-grid-three.html]
[html.topylo.com/istudy-prv/courses-grid-four.html]
[html.topylo.com/istudy-prv/courses-grid-five.html]
[html.topylo.com/istudy-prv/courses-grid-right.html]
[html.topylo.com/istudy-prv/courses-grid-left.html]
[html.topylo.com/istudy-prv/courses-list-one.html]
[html.topylo.com/istudy-prv/courses-list-two.html]
[html.topylo.com/istudy-prv/courses-list-three.html]
[html.topylo.com/istudy-prv/courses-details.html]
[html.topylo.com/istudy-prv/courses-details-two.html]
[html.topylo.com/istudy-prv/courses-details-three.html]
[html.topylo.com/istudy-prv/program-details.html]
[html.topylo.com/istudy-prv/kindergarten-program-details.html]
[html.topylo.com/istudy-prv/course-lesson.html]
[html.topylo.com/istudy-prv/create-course.html]
[html.topylo.com/istudy-prv/contact.html]
[html.topylo.com/istudy-prv/about-online-course.html]
[html.topylo.com/istudy-prv/about-university.html]
[html.topylo.com/istudy-prv/about-modern-schooling.html]
[html.topylo.com/istudy-prv/about-kindergarten.html]
[html.topylo.com/istudy-prv/about-quran-learning.html]
[html.topylo.com/istudy-prv/history.html]
[html.topylo.com/istudy-prv/mvs.html]
[html.topylo.com/istudy-prv/campus.html]
[html.topylo.com/istudy-prv/academic-calendar.html]
[html.topylo.com/istudy-prv/apply-online.html]
[html.topylo.com/istudy-prv/executive-leaders.html]
[html.topylo.com/istudy-prv/faculty-members.html]
[html.topylo.com/istudy-prv/tuition-fees.html]
[html.topylo.com/istudy-prv/scholarships-financial-aid.html]
[html.topylo.com/istudy-prv/scholarships-financial-aid-details.html]
[html.topylo.com/istudy-prv/instructor.html]
[html.topylo.com/istudy-prv/instructor-details.html]
[html.topylo.com/istudy-prv/become-instructor.html]
[html.topylo.com/istudy-prv/event.html]
[html.topylo.com/istudy-prv/event-list.html]
[html.topylo.com/istudy-prv/event-details.html]
[html.topylo.com/istudy-prv/webinar-details.html]
[html.topylo.com/istudy-prv/faq.html]
[html.topylo.com/istudy-prv/assets/images/book/book-cover-2.webp]
[html.topylo.com/istudy-prv/assets/images/book/book-cover-3.webp]
[html.topylo.com/istudy-prv/assets/images/book/book-cover-4.webp]
[html.topylo.com/istudy-prv/assets/images/shop/empty-cart.webp]
[html.topylo.com/istudy-prv/assets/images/landing-page/banner/award.webp]
[html.topylo.com/istudy-prv/assets/images/landing-page/banner/index-1.webp]
[html.topylo.com/istudy-prv/assets/images/landing-page/banner/index-2.webp]
[html.topylo.com/istudy-prv/assets/images/landing-page/banner/index-3.webp]
[html.topylo.com/istudy-prv/assets/images/landing-page/banner/index-4.webp]
[html.topylo.com/istudy-prv/assets/images/landing-page/banner/index-5.webp]
[html.topylo.com/istudy-prv/assets/images/landing-page/banner/index-6.webp]
[html.topylo.com/istudy-prv/assets/images/landing-page/banner/index-7.webp]
[html.topylo.com/istudy-prv/assets/images/landing-page/demo-present/home-1.webp]
[html.topylo.com/istudy-prv/assets/images/landing-page/demo-present/home-2.webp]
[html.topylo.com/istudy-prv/assets/images/landing-page/demo-present/home-3.webp]
[html.topylo.com/istudy-prv/assets/images/landing-page/demo-present/home-4.webp]
[html.topylo.com/istudy-prv/assets/images/landing-page/demo-present/home-5.webp]
[html.topylo.com/istudy-prv/assets/images/landing-page/demo-present/home-6.webp]
[html.topylo.com/istudy-prv/assets/images/landing-page/demo-present/home-7.webp]
[html.topylo.com/istudy-prv/assets/images/landing-page/demo-present/coming-soon.webp]
[html.topylo.com/istudy-prv/assets/images/landing-page/course/course-demo-thumb-1.webp]
[html.topylo.com/istudy-prv/assets/images/landing-page/course/course-demo-thumb-2.webp]
[html.topylo.com/istudy-prv/assets/images/landing-page/course/course-demo-thumb-3.webp]
[html.topylo.com/istudy-prv/assets/images/landing-page/course/course-demo-thumb-4.webp]
[html.topylo.com/istudy-prv/assets/images/landing-page/course/course-demo-1.webp]
[html.topylo.com/istudy-prv/assets/images/landing-page/course/course-demo-2.webp]
[html.topylo.com/istudy-prv/assets/images/landing-page/course/course-demo-3.webp]
[html.topylo.com/istudy-prv/assets/images/landing-page/course/course-demo-4.webp]
[html.topylo.com/istudy-prv/assets/images/landing-page/course/course-demo-5.webp]
[html.topylo.com/istudy-prv/assets/images/landing-page/course/course-demo-6.webp]
[html.topylo.com/istudy-prv/assets/images/landing-page/course/course-demo-7.webp]
[html.topylo.com/istudy-prv/assets/images/landing-page/course/course-demo-8.webp]
[html.topylo.com/istudy-prv/assets/images/landing-page/course/course-demo-10.webp]
[html.topylo.com/istudy-prv/assets/images/landing-page/course/course-demo-11.webp]
[html.topylo.com/istudy-prv/assets/images/landing-page/course/course-demo-12.webp]
[html.topylo.com/istudy-prv/assets/images/landing-page/course/course-demo-13.webp]
[html.topylo.com/istudy-prv/assets/images/landing-page/course/course-demo-15.webp]
[html.topylo.com/istudy-prv/assets/images/landing-page/course/course-demo-16.webp]
[html.topylo.com/istudy-prv/assets/images/landing-page/course/course-demo-17.webp]
[html.topylo.com/istudy-prv/assets/images/landing-page/dashboard-demo.png]
[html.topylo.com/istudy-prv/assets/images/landing-page/dashboard-demo-2.png]
[html.topylo.com/istudy-prv/assets/images/landing-page/inner-page/about-online.webp]
[html.topylo.com/istudy-prv/assets/images/landing-page/inner-page/about-uni.webp]
[html.topylo.com/istudy-prv/assets/images/landing-page/inner-page/about-modern.webp]
[html.topylo.com/istudy-prv/assets/images/landing-page/inner-page/about-kg.webp]
[html.topylo.com/istudy-prv/assets/images/landing-page/inner-page/about-quran.webp]
[html.topylo.com/istudy-prv/assets/images/landing-page/inner-page/apply.webp]
[html.topylo.com/istudy-prv/assets/images/landing-page/inner-page/become-instructor.webp]
[html.topylo.com/istudy-prv/assets/images/landing-page/inner-page/contact.webp]
[html.topylo.com/istudy-prv/assets/images/landing-page/inner-page/blog.webp]
[html.topylo.com/istudy-prv/assets/images/landing-page/inner-page/blog-details.webp]
[html.topylo.com/istudy-prv/assets/images/landing-page/inner-page/scholarships.webp]
[html.topylo.com/istudy-prv/assets/images/landing-page/inner-page/shop.webp]
[html.topylo.com/istudy-prv/assets/images/landing-page/inner-page/shop-details.webp]
[html.topylo.com/istudy-prv/assets/images/landing-page/inner-page/sign-in.webp]
[html.topylo.com/istudy-prv/assets/images/landing-page/inner-page/blog-grid.webp]
[html.topylo.com/istudy-prv/assets/images/landing-page/inner-page/blog-list.webp]
[html.topylo.com/istudy-prv/assets/images/landing-page/inner-page/book-details.webp]
[html.topylo.com/istudy-prv/assets/images/landing-page/inner-page/campus.webp]
[html.topylo.com/istudy-prv/assets/images/landing-page/inner-page/event.webp]
[html.topylo.com/istudy-prv/assets/images/landing-page/inner-page/event-details.webp]
[html.topylo.com/istudy-prv/assets/images/landing-page/inner-page/history.webp]
[html.topylo.com/istudy-prv/assets/images/landing-page/inner-page/instructor.webp]
[html.topylo.com/istudy-prv/assets/images/landing-page/inner-page/instructor-details.webp]
[html.topylo.com/istudy-prv/assets/images/landing-page/inner-page/price.webp]
[html.topylo.com/istudy-prv/assets/images/landing-page/inner-page/sign-up.webp]
[html.topylo.com/istudy-prv/assets/images/landing-page/inner-page/terms.webp]
[html.topylo.com/istudy-prv/assets/images/landing-page/inner-page/tuition-fees.webp]
[html.topylo.com/istudy-prv/assets/images/landing-page/inner-page/webinar.webp]
[html.topylo.com/istudy-prv/assets/images/landing-page/features/icon/html.webp]
[html.topylo.com/istudy-prv/assets/images/landing-page/features/icon/css.webp]
[html.topylo.com/istudy-prv/assets/images/landing-page/features/icon/bootstrap.webp]
[html.topylo.com/istudy-prv/assets/images/landing-page/features/icon/sass.webp]
[html.topylo.com/istudy-prv/assets/images/landing-page/features/icon/google-fonts.webp]
[html.topylo.com/istudy-prv/assets/images/landing-page/features/icon/seo.webp]
[html.topylo.com/istudy-prv/assets/images/landing-page/features/icon/speed.webp]
[html.topylo.com/istudy-prv/assets/images/landing-page/features/icon/swiper.webp]
[html.topylo.com/istudy-prv/assets/images/landing-page/features/icon/responsive.webp]
[html.topylo.com/istudy-prv/assets/images/landing-page/features/icon/magnific-popup.webp]
[html.topylo.com/istudy-prv/assets/images/landing-page/features/icon/code.webp]
[html.topylo.com/istudy-prv/assets/images/landing-page/features/icon/document.webp]
[html.topylo.com/istudy-prv/assets/images/landing-page/header-footer/header-primary.webp]
[html.topylo.com/istudy-prv/assets/images/landing-page/header-footer/header-university.webp]
[html.topylo.com/istudy-prv/assets/images/landing-page/header-footer/header-kg-full-width.webp]
[html.topylo.com/istudy-prv/assets/images/landing-page/header-footer/header-transtrent.webp]
[html.topylo.com/istudy-prv/assets/images/landing-page/header-footer/header-transtrent-two.webp]
[html.topylo.com/istudy-prv/assets/images/landing-page/header-footer/header-shop.webp]
[html.topylo.com/istudy-prv/assets/images/landing-page/header-footer/footer-primary.webp]
[html.topylo.com/istudy-prv/assets/images/landing-page/header-footer/footer-black.webp]
[html.topylo.com/istudy-prv/assets/images/landing-page/header-footer/footer-kg.webp]
[html.topylo.com/istudy-prv/assets/images/landing-page/header-footer/footer-quran-learning.webp]
[html.topylo.com/istudy-prv/assets/images/landing-page/icon-star.svg]
[html.topylo.com/istudy-prv/assets/images/landing-page/device.webp]
[html.topylo.com/istudy-prv/assets/images/landing-page/topylo.png]
[html.topylo.com/cdn-cgi/scripts/5c5dd728/cloudflare-static/email-decode.min.js]
[html.topylo.com/istudy-prv/assets/js/vendor/jquery-3.7.1.min.js]
[html.topylo.com/istudy-prv/assets/js/plugins/waypoints.min.js]
[html.topylo.com/istudy-prv/assets/js/vendor/bootstrap.bundle.min.js]
[html.topylo.com/istudy-prv/assets/js/plugins/swiper.min.js]
[html.topylo.com/istudy-prv/assets/js/plugins/wow.js]
[html.topylo.com/istudy-prv/assets/js/vendor/magnific-popup.min.js]
[html.topylo.com/istudy-prv/assets/js/vendor/isotope.pkgd.min.js]
[html.topylo.com/istudy-prv/assets/js/vendor/imagesloaded.pkgd.min.js]
[html.topylo.com/istudy-prv/assets/js/plugins/nice-select.min.js]
[html.topylo.com/istudy-prv/assets/js/vendor/ajax-form.js]
[html.topylo.com/istudy-prv/assets/js/plugins/easypie.js]
[html.topylo.com/istudy-prv/assets/js/vendor/purecounter.js]
[html.topylo.com/istudy-prv/assets/js/plugins/nouislider.min.js]
[html.topylo.com/istudy-prv/assets/js/plugins/apexcharts.min.js]
[html.topylo.com/istudy-prv/assets/js/plugins/typed.js]
[html.topylo.com/istudy-prv/index.html]
[html.topylo.com/istudy-prv/assets/images/logo/favicon.svg]
[html.topylo.com/istudy-prv/assets/css/vendor/bootstrap.min.css]
[html.topylo.com/istudy-prv/assets/css/vendor/animate.min.css]
[html.topylo.com/istudy-prv/assets/css/plugins/swiper.min.css]
[html.topylo.com/istudy-prv/assets/css/vendor/magnific-popup.css]
[html.topylo.com/istudy-prv/assets/js/main.js]
[html.topylo.com/istudy-prv/assets/fonts/fa-brands-400.woff2]
[html.topylo.com/istudy-prv/assets/fonts/fa-duotone-900.woff2]
[html.topylo.com/istudy-prv/assets/fonts/fa-light-300.woff2]
[html.topylo.com/istudy-prv/assets/fonts/fa-regular-400.woff2]
[html.topylo.com/istudy-prv/assets/fonts/fa-solid-900.woff2]
[html.topylo.com/istudy-prv/assets/fonts/fa-thin-100.woff2]
[html.topylo.com/istudy-prv/assets/css/vendor/fontawesome-pro.css]
[html.topylo.com/istudy-prv/assets/css/plugins/nouislider.min.css]
[html.topylo.com/istudy-prv/assets/fonts/icomoon0486.ttf]
[html.topylo.com/istudy-prv/assets/css/vendor/icomoon.css]
[html.topylo.com/istudy-prv/assets/css/vendor/spacing.css]
[html.topylo.com/istudy-prv/assets/css/plugins/apexcharts.css]
[html.topylo.com/istudy-prv/assets/images/bg/theme-1-bg.webp]
[html.topylo.com/istudy-prv/assets/images/bg/world-map.webp]
[html.topylo.com/istudy-prv/assets/images/shape/cross-out.webp]
[html.topylo.com/istudy-prv/assets/images/shape/down-mark-line.webp]
[html.topylo.com/istudy-prv/assets/images/icons/check.svg]
[html.topylo.com/istudy-prv/assets/images/shape/instructor-border-shape.webp]
[html.topylo.com/istudy-prv/assets/css/main.css]
[html.topylo.com/istudy-prv/assets/images/logo/logo.svg]
[html.topylo.com/istudy-prv/assets/images/banner/banner-1/shape-1.webp]
[html.topylo.com/istudy-prv/assets/images/banner/banner-1/shape-2.webp]
[html.topylo.com/istudy-prv/assets/images/banner/banner-1/shape-3.webp]
[html.topylo.com/istudy-prv/assets/images/banner/banner-1/shape-4.webp]
[html.topylo.com/istudy-prv/assets/images/banner/banner-1/shape-5.webp]
[html.topylo.com/istudy-prv/assets/images/banner/banner-1/banner-img-1.webp]
[html.topylo.com/istudy-prv/assets/images/shape/dot-shape.webp]
[html.topylo.com/istudy-prv/assets/images/shape/badge.webp]
[html.topylo.com/istudy-prv/assets/images/shape/badge-img.webp]
[html.topylo.com/istudy-prv/assets/images/shape/star-group.webp]
[html.topylo.com/istudy-prv/assets/images/shape/about-solid-circle.webp]
[html.topylo.com/istudy-prv/assets/images/shape/about-book-shape.webp]
[html.topylo.com/istudy-prv/assets/images/shape/about-wave-shape.webp]
[html.topylo.com/istudy-prv/assets/images/shape/about-circle.webp]
[html.topylo.com/istudy-prv/assets/images/about/about-thumb-01.webp]
[html.topylo.com/istudy-prv/assets/images/about/about-thumb-small-01.webp]
[html.topylo.com/istudy-prv/assets/images/shape/dot-shape-01.webp]
[html.topylo.com/istudy-prv/assets/images/course/course-bg-1.webp]
[html.topylo.com/istudy-prv/assets/images/course/course-instructor-1.webp]
[html.topylo.com/istudy-prv/assets/images/course/course-bg-2.webp]
[html.topylo.com/istudy-prv/assets/images/course/course-instructor-2.webp]
[html.topylo.com/istudy-prv/assets/images/course/course-bg-3.webp]
[html.topylo.com/istudy-prv/assets/images/course/course-instructor-3.webp]
[html.topylo.com/istudy-prv/assets/images/course/course-bg-4.webp]
[html.topylo.com/istudy-prv/assets/images/course/course-instructor-4.webp]
[html.topylo.com/istudy-prv/assets/images/course/course-bg-5.webp]
[html.topylo.com/istudy-prv/assets/images/course/course-instructor-5.webp]
[html.topylo.com/istudy-prv/assets/images/course/course-bg-6.webp]
[html.topylo.com/istudy-prv/assets/images/course/course-instructor-6.webp]
[html.topylo.com/istudy-prv/assets/images/price/pricing_thumb01.webp]
[html.topylo.com/istudy-prv/assets/images/icon/check.svg]
[html.topylo.com/istudy-prv/assets/images/price/pricing_thumb02.webp]
[html.topylo.com/istudy-prv/assets/images/price/pricing_thumb03.webp]
[html.topylo.com/istudy-prv/assets/images/shape/testimonial-quote-icon.webp]
[html.topylo.com/istudy-prv/assets/images/avatar/avatar.webp]
[html.topylo.com/istudy-prv/assets/images/avatar/avatar2.webp]
[html.topylo.com/istudy-prv/assets/images/avatar/avatar3.webp]
[html.topylo.com/istudy-prv/assets/images/instructor/instructor-thumb-01.webp]
[html.topylo.com/istudy-prv/assets/images/instructor/instructor-thumb-02.webp]
[html.topylo.com/istudy-prv/assets/images/instructor/instructor-thumb-03.webp]
[html.topylo.com/istudy-prv/assets/images/instructor/instructor-thumb-04.webp]
[html.topylo.com/istudy-prv/assets/images/shape/counter-shape-1.webp]
[html.topylo.com/istudy-prv/assets/images/shape/counter-shape-2.webp]
[html.topylo.com/istudy-prv/assets/images/shape/counter-shape-6.webp]
[html.topylo.com/istudy-prv/assets/images/shape/counter-shape-4.webp]
[html.topylo.com/istudy-prv/assets/images/shape/counter-shape-5.webp]
[html.topylo.com/istudy-prv/assets/images/shape/counter-shape-3.webp]
[html.topylo.com/istudy-prv/assets/images/partner/partner-01.webp]
[html.topylo.com/istudy-prv/assets/images/partner/partner-02.webp]
[html.topylo.com/istudy-prv/assets/images/partner/partner-03.webp]
[html.topylo.com/istudy-prv/assets/images/partner/partner-04.webp]
[html.topylo.com/istudy-prv/assets/images/partner/partner-05.webp]
[html.topylo.com/istudy-prv/assets/images/partner/partner-06.webp]
[html.topylo.com/istudy-prv/assets/images/partner/partner-07.webp]
[html.topylo.com/istudy-prv/assets/images/partner/partner-08.webp]
[html.topylo.com/istudy-prv/assets/images/blog/blog-thumb-01.webp]
[html.topylo.com/istudy-prv/assets/images/blog/blog-thumb-02.webp]
[html.topylo.com/istudy-prv/assets/images/blog/blog-thumb-03.webp]
[html.topylo.com/istudy-prv/assets/images/cta/career-cta-bg-01.webp]
[html.topylo.com/istudy-prv/assets/images/cta/career-cta-thumb-01.webp]
[html.topylo.com/istudy-prv/assets/images/cta/career-cta-bg-02.webp]
[html.topylo.com/istudy-prv/assets/images/cta/career-cta-thumb-02.webp]
[html.topylo.com/istudy-prv/assets/images/logo/logo-white.svg]
[html.topylo.com/istudy-prv/index-online-course.html]
[html.topylo.com/istudy-prv/assets/images/shape/about-circle-big.webp]
[html.topylo.com/istudy-prv/assets/images/shape/about-circle-2.webp]
[html.topylo.com/istudy-prv/assets/images/shape/counter-shape-8.webp]
[html.topylo.com/istudy-prv/assets/images/shape/counter-shape-12.webp]
[html.topylo.com/istudy-prv/assets/images/course/course-thumb-2.webp]
[html.topylo.com/istudy-prv/assets/images/course/bap.webp]
[html.topylo.com/istudy-prv/assets/images/course/bba.webp]
[html.topylo.com/istudy-prv/assets/images/course/mph.webp]
[html.topylo.com/istudy-prv/assets/images/course/ai.webp]
[html.topylo.com/istudy-prv/assets/images/icon/globe.svg]
[html.topylo.com/istudy-prv/assets/images/event/event-thumb-06.webp]
[html.topylo.com/istudy-prv/assets/images/campus/campus-life-01.webp]
[html.topylo.com/istudy-prv/assets/images/shape/book.webp]
[html.topylo.com/istudy-prv/assets/images/shape/tri-angle.webp]
[html.topylo.com/istudy-prv/assets/images/blog/blog-thumb-04.webp]
[html.topylo.com/istudy-prv/assets/images/cta/cta-thumb-01.webp]
[html.topylo.com/istudy-prv/assets/images/cta/shape_circle_uni.svg]
[html.topylo.com/istudy-prv/assets/images/shape/half-circle-wave-1.webp]
[html.topylo.com/istudy-prv/assets/images/shape/half-circle-wave-2.webp]
[html.topylo.com/istudy-prv/assets/images/icon/play-store.webp]
[html.topylo.com/istudy-prv/assets/images/icon/app-store.webp]
[html.topylo.com/istudy-prv/index-university.html]
[html.topylo.com/istudy-prv/index-modern-schooling.html]
[html.topylo.com/istudy-prv/assets/images/shape/wave-shape.webp]
[html.topylo.com/istudy-prv/assets/images/shape/course-shape.webp]
[html.topylo.com/istudy-prv/assets/images/gallery/kids-gallery-big-thumb-3.webp]
[html.topylo.com/istudy-prv/assets/images/gallery/kids-gallery-big-thumb-5.webp]
[html.topylo.com/istudy-prv/assets/images/instructor/instructor-thumb-05.webp]
[html.topylo.com/istudy-prv/assets/images/instructor/instructor-thumb-07.webp]
[html.topylo.com/istudy-prv/assets/images/shape/bulb-shape.webp]
[html.topylo.com/istudy-prv/index-kindergarten.html]
[html.topylo.com/istudy-prv/assets/images/instructor/instructor-thumb-14.webp]
[html.topylo.com/istudy-prv/assets/images/instructor/instructor-thumb-15.webp]
[html.topylo.com/istudy-prv/assets/images/instructor/instructor-thumb-16.webp]
[html.topylo.com/istudy-prv/assets/images/instructor/instructor-thumb-17.webp]
[html.topylo.com/istudy-prv/index-quran-learning.html]
[html.topylo.com/istudy-prv/assets/images/book/book-cover-1.webp]
[html.topylo.com/istudy-prv/assets/images/book/book-cover-11.webp]
[html.topylo.com/istudy-prv/assets/images/book/book-cover-15.webp]
[html.topylo.com/istudy-prv/index-shop.html]
[html.topylo.com/istudy-prv/assets/images/banner/banner-7/united-states.png]
[html.topylo.com/istudy-prv/assets/images/banner/banner-7/arabic.png]
[html.topylo.com/istudy-prv/assets/images/banner/banner-7/china.png]
[html.topylo.com/istudy-prv/assets/images/banner/banner-7/germany.png]
[html.topylo.com/istudy-prv/assets/images/avatar/avatar4.webp]
[html.topylo.com/istudy-prv/assets/images/brand/brand-img-1.webp]
[html.topylo.com/istudy-prv/assets/images/brand/brand-img-3.webp]
[html.topylo.com/istudy-prv/assets/images/brand/brand-img-4.webp]
[html.topylo.com/istudy-prv/assets/images/brand/brand-img-6.webp]
[html.topylo.com/istudy-prv/assets/images/brand/sopnsor-logo-1.webp]
[html.topylo.com/istudy-prv/assets/images/brand/sopnsor-logo-2.webp]
[html.topylo.com/istudy-prv/index-language-academy.html]
[html.topylo.com/istudy-prv/assets/images/shape/breadcrumb-shape-1.webp]
[html.topylo.com/istudy-prv/assets/images/course/course-instructor-7.webp]
[html.topylo.com/istudy-prv/assets/images/course/course-instructor-8.webp]
[html.topylo.com/istudy-prv/assets/images/course/course-instructor-9.webp]
[html.topylo.com/istudy-prv/courses.html]
[html.topylo.com/istudy-prv/courses-filter-search.html]
[html.topylo.com/istudy-prv/courses-filter-category.html]
[html.topylo.com/istudy-prv/courses-grid.html]
[html.topylo.com/istudy-prv/assets/images/course/course-shape-logo.webp]
[html.topylo.com/istudy-prv/assets/images/course/course-thumb-7.webp]
[html.topylo.com/istudy-prv/assets/images/course/course-shape-7.webp]
[html.topylo.com/istudy-prv/assets/images/course/course-thumb-8.webp]
[html.topylo.com/istudy-prv/assets/images/course/course-shape-8.webp]
[html.topylo.com/istudy-prv/assets/images/course/course-shape-9.webp]
[html.topylo.com/istudy-prv/courses-grid-two.html]
[html.topylo.com/istudy-prv/assets/images/course/course-3-bg-1.webp]
[html.topylo.com/istudy-prv/assets/images/shape/html.webp]
[html.topylo.com/istudy-prv/assets/images/course/course-3-bg-2.webp]
[html.topylo.com/istudy-prv/assets/images/shape/java.webp]
[html.topylo.com/istudy-prv/assets/images/course/course-3-bg-3.webp]
[html.topylo.com/istudy-prv/assets/images/shape/wordpress.webp]
[html.topylo.com/istudy-prv/assets/images/course/course-3-bg-4.webp]
[html.topylo.com/istudy-prv/assets/images/shape/angular.webp]
[html.topylo.com/istudy-prv/assets/images/course/course-3-bg-9.webp]
[html.topylo.com/istudy-prv/courses-grid-three.html]
[html.topylo.com/istudy-prv/courses-grid-four.html]
[html.topylo.com/istudy-prv/assets/images/program/home-program-4.webp]
[html.topylo.com/istudy-prv/assets/images/program/home-program-5.webp]
[html.topylo.com/istudy-prv/courses-grid-five.html]
[html.topylo.com/istudy-prv/courses-grid-right.html]
[html.topylo.com/istudy-prv/courses-grid-left.html]
[html.topylo.com/istudy-prv/courses-list-one.html]
[html.topylo.com/istudy-prv/courses-list-two.html]
[html.topylo.com/istudy-prv/courses-list-three.html]
[html.topylo.com/istudy-prv/courses-details.html]
[html.topylo.com/istudy-prv/courses-details-two.html]
[html.topylo.com/istudy-prv/courses-details-three.html]
[html.topylo.com/istudy-prv/assets/images/event/event-img-3.webp]
[html.topylo.com/istudy-prv/program-details.html]
[html.topylo.com/istudy-prv/kindergarten-program-details.html]
[html.topylo.com/istudy-prv/course-lesson.html]
[html.topylo.com/istudy-prv/create-course.html]
[html.topylo.com/istudy-prv/contact.html]
[html.topylo.com/istudy-prv/assets/images/choose/why-choose-img-1.webp]
[html.topylo.com/istudy-prv/assets/images/choose/why-choose-img-2.webp]
[html.topylo.com/istudy-prv/assets/images/choose/why-choose-img-3.webp]
[html.topylo.com/istudy-prv/assets/images/shape/half-circle.webp]
[html.topylo.com/istudy-prv/assets/images/shape/secondary-polygon-big.webp]
[html.topylo.com/istudy-prv/assets/images/shape/line-circle.webp]
[html.topylo.com/istudy-prv/assets/images/shape/primary-polygon.webp]
[html.topylo.com/istudy-prv/assets/images/shape/primary-star.webp]
[html.topylo.com/istudy-prv/assets/images/shape/gradient-circle.webp]
[html.topylo.com/istudy-prv/assets/images/icon/mission.svg]
[html.topylo.com/istudy-prv/assets/images/icon/vision.svg]
[html.topylo.com/istudy-prv/assets/images/icon/values.svg]
[html.topylo.com/istudy-prv/assets/images/shape/book-3.webp]
[html.topylo.com/istudy-prv/assets/images/shape/1-3-shape.webp]
[html.topylo.com/istudy-prv/assets/images/shape/pencle.webp]
[html.topylo.com/istudy-prv/assets/images/shape/shape-bulb.webp]
[html.topylo.com/istudy-prv/assets/images/shape/e-shape.webp]
[html.topylo.com/istudy-prv/assets/images/shape/shape-lab.webp]
[html.topylo.com/istudy-prv/about-online-course.html]
[html.topylo.com/istudy-prv/assets/images/shape/breadcrumb-shape-2.webp]
[html.topylo.com/istudy-prv/assets/images/gallery/campus-gallery-img-2.webp]
[html.topylo.com/istudy-prv/assets/images/gallery/campus-gallery-img-3.webp]
[html.topylo.com/istudy-prv/assets/images/gallery/campus-gallery-img-5.webp]
[html.topylo.com/istudy-prv/assets/images/gallery/campus-gallery-img-6.webp]
[html.topylo.com/istudy-prv/about-university.html]
[html.topylo.com/istudy-prv/assets/images/about/about-modern-schooling.webp]
[html.topylo.com/istudy-prv/assets/images/mission/modern-mission.webp]
[html.topylo.com/istudy-prv/assets/images/icon/handshake.svg]
[html.topylo.com/istudy-prv/assets/images/icon/innovation.svg]
[html.topylo.com/istudy-prv/assets/images/icon/excellence.svg]
[html.topylo.com/istudy-prv/assets/images/icon/text-books.svg]
[html.topylo.com/istudy-prv/assets/images/instructor/instructor-thumb-18.webp]
[html.topylo.com/istudy-prv/assets/images/instructor/instructor-thumb-19.webp]
[html.topylo.com/istudy-prv/assets/images/instructor/instructor-thumb-20.webp]
[html.topylo.com/istudy-prv/assets/images/instructor/instructor-thumb-21.webp]
[html.topylo.com/istudy-prv/about-modern-schooling.html]
[html.topylo.com/istudy-prv/about-kindergarten.html]
[html.topylo.com/istudy-prv/about-quran-learning.html]
[html.topylo.com/istudy-prv/history.html]
[html.topylo.com/istudy-prv/assets/images/mission/mission-vision-3.webp]
[html.topylo.com/istudy-prv/assets/images/mission/mission-vision-4.webp]
[html.topylo.com/istudy-prv/assets/images/mission/mission-vision-5.webp]
[html.topylo.com/istudy-prv/mvs.html]
[html.topylo.com/istudy-prv/assets/images/campus/campus-intro-1.webp]
[html.topylo.com/istudy-prv/assets/images/campus/campus-intro-2.webp]
[html.topylo.com/istudy-prv/assets/images/gallery/campus-gallery-img-7.webp]
[html.topylo.com/istudy-prv/assets/images/gallery/campus-gallery-img-8.webp]
[html.topylo.com/istudy-prv/assets/images/gallery/campus-gallery-img-9.webp]
[html.topylo.com/istudy-prv/campus.html]
[html.topylo.com/istudy-prv/academic-calendar.html]
[html.topylo.com/istudy-prv/apply-online.html]
[html.topylo.com/istudy-prv/assets/images/instructor/uni-professor.webp]
[html.topylo.com/istudy-prv/assets/images/instructor/uni-professor-2.webp]
[html.topylo.com/istudy-prv/assets/images/instructor/instructor-thumb-10.webp]
[html.topylo.com/istudy-prv/assets/images/instructor/instructor-thumb-11.webp]
[html.topylo.com/istudy-prv/assets/images/instructor/instructor-thumb-12.webp]
[html.topylo.com/istudy-prv/assets/images/instructor/instructor-thumb-09.webp]
[html.topylo.com/istudy-prv/executive-leaders.html]
[html.topylo.com/istudy-prv/faculty-members.html]
[html.topylo.com/istudy-prv/tuition-fees.html]
[html.topylo.com/istudy-prv/scholarships-financial-aid.html]
[html.topylo.com/istudy-prv/scholarships-financial-aid-details.html]
[html.topylo.com/istudy-prv/instructor.html]
[html.topylo.com/istudy-prv/instructor-details.html]
[html.topylo.com/istudy-prv/become-instructor.html]
[html.topylo.com/istudy-prv/event.html]
[html.topylo.com/istudy-prv/event-list.html]
[html.topylo.com/istudy-prv/assets/images/event/event-details-thumb.webp]
[html.topylo.com/istudy-prv/event-details.html]
[html.topylo.com/istudy-prv/webinar-details.html]
[html.topylo.com/istudy-prv/assets/images/faq/faq-shape.png]
[html.topylo.com/istudy-prv/faq.html]
[html.topylo.com/istudy-prv/pricing-table.html]
[html.topylo.com/istudy-prv/shop.html]
[html.topylo.com/istudy-prv/shop-v2.html]
[html.topylo.com/istudy-prv/shop-details.html]
[html.topylo.com/istudy-prv/shop-details-two.html]
[html.topylo.com/istudy-prv/checkout.html]
[html.topylo.com/istudy-prv/cart.html]
[html.topylo.com/istudy-prv/wishlist.html]
[html.topylo.com/istudy-prv/sign-in.html]
[html.topylo.com/istudy-prv/sign-up.html]
[html.topylo.com/istudy-prv/forgot.html]
[html.topylo.com/istudy-prv/404.html]
[html.topylo.com/istudy-prv/coming-soon.html]
[html.topylo.com/istudy-prv/under-maintenance.html]
[html.topylo.com/istudy-prv/terms-conditions.html]
[html.topylo.com/istudy-prv/privacy-policy.html]
[html.topylo.com/istudy-prv/instructor-dashboard.html]
[html.topylo.com/istudy-prv/instructor-profile.html]
[html.topylo.com/istudy-prv/instructor-enrolled-courses.html]
[html.topylo.com/istudy-prv/instructor-my-quiz-attempts.html]
[html.topylo.com/istudy-prv/instructor-assignments.html]
[html.topylo.com/istudy-prv/instructor-analytics.html]
[html.topylo.com/istudy-prv/instructor-courses.html]
[html.topylo.com/istudy-prv/instructor-books.html]
[html.topylo.com/istudy-prv/instructor-wishlist.html]
[html.topylo.com/istudy-prv/instructor-reviews.html]
[html.topylo.com/istudy-prv/instructor-purchase-history.html]
[html.topylo.com/istudy-prv/instructor-announcements.html]
[html.topylo.com/istudy-prv/instructor-certificate.html]
[html.topylo.com/istudy-prv/instructor-settings.html]
[html.topylo.com/istudy-prv/student-dashboard.html]
[html.topylo.com/istudy-prv/student-profile.html]
[html.topylo.com/istudy-prv/student-enrolled-courses.html]
[html.topylo.com/istudy-prv/student-my-quiz-attempts.html]
[html.topylo.com/istudy-prv/student-assignments.html]
[html.topylo.com/istudy-prv/student-analytics.html]
[html.topylo.com/istudy-prv/student-books.html]
[html.topylo.com/istudy-prv/student-wishlist.html]
[html.topylo.com/istudy-prv/student-reviews.html]
[html.topylo.com/istudy-prv/student-purchase-history.html]
[html.topylo.com/istudy-prv/student-announcements.html]
[html.topylo.com/istudy-prv/student-certificate.html]
[html.topylo.com/istudy-prv/student-settings.html]
[html.topylo.com/istudy-prv/style-guide.html]
[html.topylo.com/istudy-prv/element-accordion.html]
[html.topylo.com/istudy-prv/element-advance-tab.html]
[html.topylo.com/istudy-prv/element-badge.html]
[html.topylo.com/istudy-prv/element-blog.html]
[html.topylo.com/istudy-prv/element-brand.html]
[html.topylo.com/istudy-prv/element-button.html]
[html.topylo.com/istudy-prv/element-categories.html]
[html.topylo.com/istudy-prv/element-counter.html]
[html.topylo.com/istudy-prv/element-countdown.html]
[html.topylo.com/istudy-prv/element-courses.html]
[html.topylo.com/istudy-prv/element-cta.html]
[html.topylo.com/istudy-prv/element-event.html]
[html.topylo.com/istudy-prv/element-highlights.html]
[html.topylo.com/istudy-prv/element-instructor.html]
[html.topylo.com/istudy-prv/element-newsletter.html]
[html.topylo.com/istudy-prv/element-pricing.html]
[html.topylo.com/istudy-prv/element-progress-bar.html]
[html.topylo.com/istudy-prv/element-social-icons.html]
[html.topylo.com/istudy-prv/element-testimonial.html]
[html.topylo.com/istudy-prv/elements-why-choose.html]
[html.topylo.com/istudy-prv/blog.html]
[html.topylo.com/istudy-prv/blog-advanced.html]
[html.topylo.com/istudy-prv/blog-list.html]
[html.topylo.com/istudy-prv/blog-list-two.html]
[html.topylo.com/istudy-prv/blog-list-three.html]
[html.topylo.com/istudy-prv/blog-grid.html]
[html.topylo.com/istudy-prv/blog-grid-two.html]
[html.topylo.com/istudy-prv/blog-grid-three.html]
[html.topylo.com/istudy-prv/blog-details.html]
[html.topylo.com/istudy-prv/blog-details-two.html]
[html.topylo.com/istudy-prv/blog-details-full.html]
[html.topylo.com/istudy-prv/assets/images/landing-page/course/course-demo-14.html]
[html.topylo.com/istudy-prv/assets/images/landing-page/icon-star.svg]
[html.topylo.com/istudy-prv/assets/js/vendor/jquery-3.7.1.min.js]
[html.topylo.com/istudy-prv/assets/js/plugins/waypoints.min.js]
[html.topylo.com/istudy-prv/assets/js/vendor/bootstrap.bundle.min.js]
[html.topylo.com/istudy-prv/${l}]
[html.topylo.com/istudy-prv/e]
[html.topylo.com/istudy-prv/t.params.url]
[html.topylo.com/istudy-prv/assets/js/plugins/swiper.min.js]
[html.topylo.com/istudy-prv/assets/js/plugins/wow.js]
[html.topylo.com/istudy-prv/assets/js/vendor/magnific-popup.min.js]
[html.topylo.com/istudy-prv/assets/js/vendor/isotope.pkgd.min.js]
[html.topylo.com/istudy-prv/assets/js/vendor/imagesloaded.pkgd.min.js]
[html.topylo.com/istudy-prv/assets/js/plugins/nice-select.min.js]
[html.topylo.com/istudy-prv/assets/js/vendor/ajax-form.js]
[html.topylo.com/istudy-prv/assets/js/plugins/easypie.js]
[html.topylo.com/istudy-prv/assets/js/vendor/purecounter.js]
[html.topylo.com/istudy-prv/assets/js/plugins/nouislider.min.js]
[html.topylo.com/istudy-prv/assets/js/plugins/apexcharts.min.js]
[html.topylo.com/istudy-prv/assets/js/plugins/typed.js]
[html.topylo.com/istudy-prv/assets/js/main.js]
[html.topylo.com/istudy-prv/assets/fonts/fa-brands-400.html]
[html.topylo.com/istudy-prv/assets/fonts/fa-duotone-900.html]
[html.topylo.com/istudy-prv/assets/fonts/fa-light-300.html]
[html.topylo.com/istudy-prv/assets/fonts/fa-regular-400.html]
[html.topylo.com/istudy-prv/assets/fonts/fa-solid-900.html]
[html.topylo.com/istudy-prv/assets/fonts/fa-thin-100.html]
[html.topylo.com/istudy-prv/assets/fonts/fa-v4compatibility.html]
[html.topylo.com/istudy-prv/assets/fonts/fa-v4compatibility-2.html]
[html.topylo.com/istudy-prv/assets/fonts/icomoon0486.html]
[html.topylo.com/istudy-prv/assets/fonts/icomoon0486-2.html]
[html.topylo.com/istudy-prv/assets/fonts/icomoon0486-3.html]
[html.topylo.com/istudy-prv/assets/images/event/event-mask.html]
[html.topylo.com/istudy-prv/assets/images/shape/down-mark-line-2.html]
[html.topylo.com/istudy-prv/assets/images/shape/down-mark-line-3.html]
[html.topylo.com/istudy-prv/assets/images/banner/banner-4/kindergarten-banner-overly.html]
[html.topylo.com/istudy-prv/assets/images/icons/check.html]
[html.topylo.com/istudy-prv/assets/images/shape/wave.html]
[html.topylo.com/istudy-prv/assets/images/bg/copy-right-shape-2.html]
[html.topylo.com/istudy-prv/assets/images/category/categories-mask-bg.html]
[html.topylo.com/istudy-prv/assets/images/shape/cta-bg-line.html]
[html.topylo.com/istudy-prv/assets/images/shape/kg-sky-shape-1.html]
[html.topylo.com/istudy-prv/assets/images/instructor/instructor-mask-bg.html]
[html.topylo.com/istudy-prv/assets/images/mission/mission-vision-thumb-mask.html]
[html.topylo.com/istudy-prv/assets/images/shape/wave-mask.html]
[html.topylo.com/istudy-prv/assets/images/newsletter/newsletter-two.html]
[html.topylo.com/istudy-prv/assets/images/offer/offer-bg.html]
[html.topylo.com/istudy-prv/assets/images/bg/pricing-01.html]
[html.topylo.com/istudy-prv/assets/images/shape/badge_recomanded.html]
[html.topylo.com/istudy-prv/assets/images/choose/why-mask.html]
[html.topylo.com/istudy-prv/pricing.html]
[html.topylo.com/istudy-prv/assets/images/icon/check.svg]
[html.topylo.com/istudy-prv/assets/images/logo/logo-white.svg]
[html.topylo.com/istudy-prv/purchase-guide.html]
[html.topylo.com/istudy-prv/assets/images/shape/book-2.html]
[html.topylo.com/istudy-prv/assets/images/about/about-thumb-02.html]
[html.topylo.com/istudy-prv/assets/images/about/about-thumb-03.html]
[html.topylo.com/istudy-prv/assets/images/user/user-01.html]
[html.topylo.com/istudy-prv/assets/images/shape/counter-shape-7.html]
[html.topylo.com/istudy-prv/assets/images/shape/counter-shape-9.html]
[html.topylo.com/istudy-prv/assets/images/shape/counter-shape-10.html]
[html.topylo.com/istudy-prv/assets/images/shape/counter-shape-11.html]
[html.topylo.com/istudy-prv/assets/images/course/course-thumb-1.html]
[html.topylo.com/istudy-prv/assets/images/course/course-shape-1.html]
[html.topylo.com/istudy-prv/assets/images/course/csc.html]
[html.topylo.com/istudy-prv/assets/images/course/course-shape-2.html]
[html.topylo.com/istudy-prv/assets/images/course/course-thumb-3.html]
[html.topylo.com/istudy-prv/assets/images/course/course-shape-3.html]
[html.topylo.com/istudy-prv/assets/images/course/course-thumb-4.html]
[html.topylo.com/istudy-prv/assets/images/course/course-shape-4.html]
[html.topylo.com/istudy-prv/assets/images/course/mscds.html]
[html.topylo.com/istudy-prv/assets/images/course/course-thumb-5.html]
[html.topylo.com/istudy-prv/assets/images/course/course-shape-5.html]
[html.topylo.com/istudy-prv/assets/images/course/course-thumb-6.html]
[html.topylo.com/istudy-prv/assets/images/course/course-shape-6.html]
[html.topylo.com/istudy-prv/assets/images/icon/faculty.html]
[html.topylo.com/istudy-prv/assets/images/icon/book-2.html]
[html.topylo.com/istudy-prv/assets/images/icon/bulb.html]
[html.topylo.com/istudy-prv/assets/images/icon/globe.svg]
[html.topylo.com/istudy-prv/assets/images/shape/star.html]
[html.topylo.com/istudy-prv/assets/images/brand/brand-01.html]
[html.topylo.com/istudy-prv/assets/images/brand/brand-02.html]
[html.topylo.com/istudy-prv/assets/images/brand/brand-03.html]
[html.topylo.com/istudy-prv/assets/images/brand/brand-04.html]
[html.topylo.com/istudy-prv/assets/images/brand/brand-05.html]
[html.topylo.com/istudy-prv/assets/images/brand/brand-06.html]
[html.topylo.com/istudy-prv/assets/images/campus/campus-life-02.html]
[html.topylo.com/istudy-prv/assets/images/campus/campus-life-03.html]
[html.topylo.com/istudy-prv/assets/images/testimonial/testimonial-left-map.html]
[html.topylo.com/istudy-prv/assets/images/testimonial/testimonial-right-map.html]
[html.topylo.com/istudy-prv/assets/images/testimonial/testi-shape-ex-1.html]
[html.topylo.com/istudy-prv/assets/images/testimonial/testi-shape-ex-2.html]
[html.topylo.com/istudy-prv/assets/images/shape/testimonial-quotes-2.html]
[html.topylo.com/istudy-prv/assets/images/testimonial/testimonial-sm-thumb-1.html]
[html.topylo.com/istudy-prv/assets/images/testimonial/testimonial-sm-thumb-2.html]
[html.topylo.com/istudy-prv/assets/images/testimonial/testimonial-sm-thumb-3.html]
[html.topylo.com/istudy-prv/assets/images/blog/blog-thumb-05.html]
[html.topylo.com/istudy-prv/assets/images/blog/blog-thumb-06.html]
[html.topylo.com/istudy-prv/assets/images/cta/shape_circle_uni.svg]
[html.topylo.com/istudy-prv/gallery.html]
[html.topylo.com/istudy-prv/assets/images/banner/banner-3/banner-3-icon-1.html]
[html.topylo.com/istudy-prv/assets/images/banner/banner-3/banner-3-icon-2.html]
[html.topylo.com/istudy-prv/assets/images/banner/banner-3/banner-3-icon-3.html]
[html.topylo.com/istudy-prv/assets/images/banner/banner-3/banner-3-img-1.html]
[html.topylo.com/istudy-prv/assets/images/shape/dot-circle.html]
[html.topylo.com/istudy-prv/assets/images/shape/badge-img-2.html]
[html.topylo.com/istudy-prv/assets/images/banner/banner-3/banner-3-shape-1.html]
[html.topylo.com/istudy-prv/assets/images/banner/banner-3/banner-3-shape-2.html]
[html.topylo.com/istudy-prv/assets/images/banner/banner-3/banner-3-shape-3.html]
[html.topylo.com/istudy-prv/assets/images/banner/banner-3/banner-3-shape-4.html]
[html.topylo.com/istudy-prv/assets/images/banner/banner-3/banner-3-shape-5.html]
[html.topylo.com/istudy-prv/assets/images/banner/banner-3/banner-3-shape-6.html]
[html.topylo.com/istudy-prv/assets/images/about/about-thumb-07.html]
[html.topylo.com/istudy-prv/course.html]
[html.topylo.com/istudy-prv/assets/images/course/course-thumb-10.html]
[html.topylo.com/istudy-prv/assets/images/course/course-thumb-11.html]
[html.topylo.com/istudy-prv/assets/images/course/course-thumb-12.html]
[html.topylo.com/istudy-prv/assets/images/course/course-thumb-13.html]
[html.topylo.com/istudy-prv/assets/images/faq/faq-thumb-02.html]
[html.topylo.com/istudy-prv/assets/images/newsletter/newsletter-thumb-02.html]
[html.topylo.com/istudy-prv/assets/images/icon/logo.html]
[html.topylo.com/istudy-prv/assets/images/blog/blog-thumb-07.html]
[html.topylo.com/istudy-prv/assets/images/blog/blog-thumb-08.html]
[html.topylo.com/istudy-prv/assets/images/blog/blog-thumb-09.html]
[html.topylo.com/istudy-prv/assets/images/banner/banner-4/banner-4-thumb.html]
[html.topylo.com/istudy-prv/assets/images/shape/kg-banner-shpape-2.html]
[html.topylo.com/istudy-prv/assets/images/shape/kg-banner-shpape-1.html]
[html.topylo.com/istudy-prv/assets/images/shape/kg-banner-shpape-3.html]
[html.topylo.com/istudy-prv/assets/images/icon/book.html]
[html.topylo.com/istudy-prv/assets/images/offer/offering-thumb-1.html]
[html.topylo.com/istudy-prv/assets/images/icon/learn.html]
[html.topylo.com/istudy-prv/assets/images/offer/offering-thumb-2.html]
[html.topylo.com/istudy-prv/assets/images/icon/art.html]
[html.topylo.com/istudy-prv/assets/images/offer/offering-thumb-3.html]
[html.topylo.com/istudy-prv/assets/images/icon/bulb-2.html]
[html.topylo.com/istudy-prv/assets/images/offer/offering-thumb-4.html]
[html.topylo.com/istudy-prv/assets/images/about/about-thumb-05.html]
[html.topylo.com/istudy-prv/assets/images/about/about-thumb-small-02.html]
[html.topylo.com/istudy-prv/assets/images/shape/text-shape.html]
[html.topylo.com/istudy-prv/assets/images/shape/orange-shape.html]
[html.topylo.com/istudy-prv/assets/images/program/home-program-1.html]
[html.topylo.com/istudy-prv/assets/images/program/home-program-2.html]
[html.topylo.com/istudy-prv/assets/images/program/home-program-3.html]
[html.topylo.com/istudy-prv/assets/images/faq/faq-thumb-03.html]
[html.topylo.com/istudy-prv/assets/images/shape/faq-star-group.html]
[html.topylo.com/istudy-prv/assets/images/event/event-thumb-07.html]
[html.topylo.com/istudy-prv/assets/images/event/event-thumb-08.html]
[html.topylo.com/istudy-prv/assets/images/event/event-thumb-09.html]
[html.topylo.com/istudy-prv/assets/images/shape/land2.html]
[html.topylo.com/istudy-prv/assets/images/shape/kides-1.html]
[html.topylo.com/istudy-prv/assets/images/shape/kides-2.html]
[html.topylo.com/istudy-prv/assets/images/gallery/kids-gallery-big-thumb-1.html]
[html.topylo.com/istudy-prv/assets/images/gallery/kids-gallery-sm-thumb-1.html]
[html.topylo.com/istudy-prv/assets/images/gallery/kids-gallery-big-thumb-2.html]
[html.topylo.com/istudy-prv/assets/images/gallery/kids-gallery-sm-thumb-2.html]
[html.topylo.com/istudy-prv/assets/images/gallery/kids-gallery-sm-thumb-3.html]
[html.topylo.com/istudy-prv/assets/images/gallery/kids-gallery-big-thumb-4.html]
[html.topylo.com/istudy-prv/assets/images/gallery/kids-gallery-sm-thumb-4.html]
[html.topylo.com/istudy-prv/assets/images/gallery/kids-gallery-sm-thumb-5.html]
[html.topylo.com/istudy-prv/assets/images/gallery/kids-gallery-big-thumb-6.html]
[html.topylo.com/istudy-prv/assets/images/gallery/kids-gallery-sm-thumb-6.html]
[html.topylo.com/istudy-prv/assets/images/instructor/instructor-thumb-06.html]
[html.topylo.com/istudy-prv/assets/images/instructor/instructor-thumb-08.html]
[html.topylo.com/istudy-prv/assets/images/testimonial/testimonial-thumb-02.html]
[html.topylo.com/istudy-prv/assets/images/testimonial/parents-thumb-01.html]
[html.topylo.com/istudy-prv/assets/images/testimonial/parents-thumb-02.html]
[html.topylo.com/istudy-prv/assets/images/shape/art-shape.html]
[html.topylo.com/istudy-prv/assets/images/shape/book-shape.html]
[html.topylo.com/istudy-prv/assets/images/live-class/live-class-thumb-01.html]
[html.topylo.com/istudy-prv/assets/images/blog/blog-thumb-10.html]
[html.topylo.com/istudy-prv/assets/images/blog/blog-thumb-11.html]
[html.topylo.com/istudy-prv/assets/images/blog/blog-thumb-12.html]
[html.topylo.com/istudy-prv/blog-2.html]
[html.topylo.com/istudy-prv/assets/images/banner/banner-5/lantrin.html]
[html.topylo.com/istudy-prv/assets/images/banner/banner-5/bottom-tree.html]
[html.topylo.com/istudy-prv/assets/images/banner/banner-5/top-tree.html]
[html.topylo.com/istudy-prv/assets/images/banner/banner-5/moon.html]
[html.topylo.com/istudy-prv/assets/images/banner/banner-5/banner-5-dot.html]
[html.topylo.com/istudy-prv/assets/images/banner/banner-5/thumb-mask.html]
[html.topylo.com/istudy-prv/assets/images/banner/banner-5/banner-5-img-1.html]
[html.topylo.com/istudy-prv/assets/images/shape/islamic-pattern.html]
[html.topylo.com/istudy-prv/assets/images/about/about-thumb-06.html]
[html.topylo.com/istudy-prv/assets/images/shape/about-circle-exp.html]
[html.topylo.com/istudy-prv/assets/images/shape/about-circle-book.html]
[html.topylo.com/istudy-prv/assets/images/about/about-thumb-06-2.html]
[html.topylo.com/istudy-prv/assets/images/course/course-thumb-20.html]
[html.topylo.com/istudy-prv/assets/images/course/course-thumb-21.html]
[html.topylo.com/istudy-prv/assets/images/course/course-thumb-22.html]
[html.topylo.com/istudy-prv/assets/images/choose/why-choose-quran.html]
[html.topylo.com/istudy-prv/assets/images/faq/faq-thumb-04.html]
[html.topylo.com/istudy-prv/assets/images/faq/faq-thumb-05.html]
[html.topylo.com/istudy-prv/assets/images/faq/faq-thumb-06.html]
[html.topylo.com/istudy-prv/assets/images/skill/skill-thumb-01.html]
[html.topylo.com/istudy-prv/assets/images/shape/counter-mask.html]
[html.topylo.com/istudy-prv/assets/images/bg/prayer-bg.html]
[html.topylo.com/istudy-prv/assets/images/blog/blog-thumb-13.html]
[html.topylo.com/istudy-prv/assets/images/blog/blog-thumb-14.html]
[html.topylo.com/istudy-prv/assets/images/blog/blog-thumb-15.html]
[html.topylo.com/istudy-prv/assets/images/bg/footer-top-bg-2.html]
[html.topylo.com/istudy-prv/assets/images/shape/footer-right-shape.html]
[html.topylo.com/istudy-prv/assets/images/shape/footer-left-shape.html]
[html.topylo.com/istudy-prv/assets/images/book/book-cover-5.html]
[html.topylo.com/istudy-prv/assets/images/book/book-cover-6.html]
[html.topylo.com/istudy-prv/assets/images/book/book-cover-7.html]
[html.topylo.com/istudy-prv/assets/images/book/book-cover-8.html]
[html.topylo.com/istudy-prv/assets/images/book/book-cover-9.html]
[html.topylo.com/istudy-prv/assets/images/book/book-cover-10.html]
[html.topylo.com/istudy-prv/assets/images/book/book-cover-12.html]
[html.topylo.com/istudy-prv/assets/images/book/book-cover-13.html]
[html.topylo.com/istudy-prv/assets/images/book/book-cover-14.html]
[html.topylo.com/istudy-prv/assets/images/book/book-cover-16.html]
[html.topylo.com/istudy-prv/assets/images/book/book-cover-17.html]
[html.topylo.com/istudy-prv/assets/images/book/book-cover-18.html]
[html.topylo.com/istudy-prv/assets/images/book/book-cover-19.html]
[html.topylo.com/istudy-prv/assets/images/book/book-cover-20.html]
[html.topylo.com/istudy-prv/assets/images/book/book-cover-21.html]
[html.topylo.com/istudy-prv/assets/images/book/book-cover-22.html]
[html.topylo.com/istudy-prv/assets/images/book/book-cover-23.html]
[html.topylo.com/istudy-prv/assets/images/book/book-cover-24.html]
[html.topylo.com/istudy-prv/assets/images/book/book-cover-25.html]
[html.topylo.com/istudy-prv/assets/images/book/book-cover-26.html]
[html.topylo.com/istudy-prv/assets/images/book/book-cover-27.html]
[html.topylo.com/istudy-prv/assets/images/cta/cta-book-1.html]
[html.topylo.com/istudy-prv/assets/images/cta/cta-book-2.html]
[html.topylo.com/istudy-prv/assets/images/shape/circle-sec.html]
[html.topylo.com/istudy-prv/assets/images/shape/square-1.html]
[html.topylo.com/istudy-prv/assets/images/shape/ellipse-1.html]
[html.topylo.com/istudy-prv/assets/images/shape/circle-w.html]
[html.topylo.com/istudy-prv/assets/images/shape/ellipse-2.html]
[html.topylo.com/istudy-prv/assets/images/shape/square-2.html]
[html.topylo.com/istudy-prv/assets/images/blog/blog-thumb-23.html]
[html.topylo.com/istudy-prv/assets/images/blog/blog-thumb-20.html]
[html.topylo.com/istudy-prv/assets/images/blog/blog-thumb-21.html]
[html.topylo.com/istudy-prv/assets/images/blog/blog-thumb-22.html]
[html.topylo.com/istudy-prv/assets/images/banner/banner-7/banner-map.html]
[html.topylo.com/istudy-prv/assets/images/banner/banner-7/alphabet-arabic.html]
[html.topylo.com/istudy-prv/assets/images/banner/banner-7/alphabet-russian.html]
[html.topylo.com/istudy-prv/assets/images/banner/banner-7/alphabet-hindi.html]
[html.topylo.com/istudy-prv/assets/images/banner/banner-7/alphabet-bangla.html]
[html.topylo.com/istudy-prv/assets/images/banner/banner-7/alphabet-korean.html]
[html.topylo.com/istudy-prv/assets/images/banner/banner-7/spain.html]
[html.topylo.com/istudy-prv/assets/images/banner/banner-7/more.html]
[html.topylo.com/istudy-prv/assets/images/banner/banner-7/banner-seven-thumb.html]
[html.topylo.com/istudy-prv/assets/images/about/about-language.html]
[html.topylo.com/istudy-prv/assets/images/bg/learners-bg.html]
[html.topylo.com/istudy-prv/assets/images/learner/learners-bg-001.html]
[html.topylo.com/istudy-prv/assets/images/learner/learners-bg-002.html]
[html.topylo.com/istudy-prv/assets/images/learner/learners-bg-003.html]
[html.topylo.com/istudy-prv/assets/images/course/course-thumb-14.html]
[html.topylo.com/istudy-prv/assets/images/course/course-thumb-15.html]
[html.topylo.com/istudy-prv/assets/images/course/course-thumb-16.html]
[html.topylo.com/istudy-prv/assets/images/course/course-thumb-17.html]
[html.topylo.com/istudy-prv/assets/images/course/course-thumb-18.html]
[html.topylo.com/istudy-prv/assets/images/avatar/avatar5.html]
[html.topylo.com/istudy-prv/assets/images/testimonial/testimonial-thumb-01.html]
[html.topylo.com/istudy-prv/assets/images/icon/trophy-icon.html]
[html.topylo.com/istudy-prv/assets/images/icon/quote-icon.html]
[html.topylo.com/istudy-prv/assets/images/brand/brand-img-5.html]
[html.topylo.com/istudy-prv/assets/images/course/course-bg-7.html]
[html.topylo.com/istudy-prv/assets/images/course/course-bg-8.html]
[html.topylo.com/istudy-prv/assets/images/course/course-bg-9.html]
[html.topylo.com/istudy-prv/assets/images/brand/brand-img-2.html]
[html.topylo.com/istudy-prv/assets/images/course/course-thumb-9.html]
[html.topylo.com/istudy-prv/assets/images/course/course-3-bg-5.html]
[html.topylo.com/istudy-prv/assets/images/shape/laravel.html]
[html.topylo.com/istudy-prv/assets/images/course/course-3-bg-6.html]
[html.topylo.com/istudy-prv/assets/images/shape/inertiajs.html]
[html.topylo.com/istudy-prv/assets/images/course/course-3-bg-7.html]
[html.topylo.com/istudy-prv/assets/images/shape/javascript.html]
[html.topylo.com/istudy-prv/assets/images/course/course-3-bg-8.html]
[html.topylo.com/istudy-prv/assets/images/shape/illustrator.html]
[html.topylo.com/istudy-prv/assets/images/shape/photoshop.html]
[html.topylo.com/istudy-prv/assets/images/program/home-program-6.html]
[html.topylo.com/istudy-prv/assets/images/course/course-video.html]
[html.topylo.com/istudy-prv/assets/images/shape/progrum-faq.html]
[html.topylo.com/istudy-prv/assets/images/event/event-img-1.html]
[html.topylo.com/istudy-prv/assets/images/event/event-img-2.html]
[html.topylo.com/istudy-prv/about.html]
[html.topylo.com/istudy-prv/assets/images/program/details-1.html]
[html.topylo.com/istudy-prv/assets/images/program/details-2.html]
[html.topylo.com/istudy-prv/assets/images/shape/banner-4-shape-5.html]
[html.topylo.com/istudy-prv/assets/images/shape/banner-4-shape-3.html]
[html.topylo.com/istudy-prv/assets/images/shape/banner-4-shape-1.html]
[html.topylo.com/istudy-prv/assets/images/shape/banner-4-shape-2.html]
[html.topylo.com/istudy-prv/assets/images/cta/cta-six-thumb.html]
[html.topylo.com/istudy-prv/assets/images/course/lesson-prev.html]
[html.topylo.com/istudy-prv/assets/images/shape/select-thumb.html]
[html.topylo.com/istudy-prv/assets/images/certificat/01.html]
[html.topylo.com/istudy-prv/assets/images/certificat/02.html]
[html.topylo.com/istudy-prv/assets/images/certificat/03.html]
[html.topylo.com/istudy-prv/assets/images/certificat/04.html]
[html.topylo.com/istudy-prv/assets/images/certificat/05.html]
[html.topylo.com/istudy-prv/assets/images/certificat/06.html]
[html.topylo.com/istudy-prv/assets/images/contact/contact-thumb.html]
[html.topylo.com/istudy-prv/assets/images/icon/mission.svg]
[html.topylo.com/istudy-prv/assets/images/icon/vision.svg]
[html.topylo.com/istudy-prv/assets/images/icon/values.svg]
[html.topylo.com/istudy-prv/assets/images/history/university-cumpas.html]
[html.topylo.com/istudy-prv/assets/images/history/history-img-1.html]
[html.topylo.com/istudy-prv/assets/images/history/history-img-2.html]
[html.topylo.com/istudy-prv/assets/images/history/history-img-3.html]
[html.topylo.com/istudy-prv/assets/images/gallery/campus-gallery-img-1.html]
[html.topylo.com/istudy-prv/assets/images/gallery/campus-gallery-img-4.html]
[html.topylo.com/istudy-prv/assets/images/icon/handshake.svg]
[html.topylo.com/istudy-prv/assets/images/icon/innovation.svg]
[html.topylo.com/istudy-prv/assets/images/icon/excellence.svg]
[html.topylo.com/istudy-prv/assets/images/icon/text-books.svg]
[html.topylo.com/istudy-prv/assets/images/about/promotion-thumb-1.html]
[html.topylo.com/istudy-prv/assets/images/about/promotion-thumb-2.html]
[html.topylo.com/istudy-prv/assets/images/breadcrumb/quran-breadcrumb.html]
[html.topylo.com/istudy-prv/assets/images/story/story-1.html]
[html.topylo.com/istudy-prv/assets/images/story/story-2.html]
[html.topylo.com/istudy-prv/assets/images/story/story-3.html]
[html.topylo.com/istudy-prv/assets/images/shape/testimonial-quotes.html]
[html.topylo.com/istudy-prv/assets/images/history/history-img-4.html]
[html.topylo.com/istudy-prv/assets/images/history/history-img-5.html]
[html.topylo.com/istudy-prv/assets/images/history/history-img-6.html]
[html.topylo.com/istudy-prv/assets/images/history/history-img-7.html]
[html.topylo.com/istudy-prv/assets/images/history/history-img-8.html]
[html.topylo.com/istudy-prv/assets/images/mission/mission-vision-2.html]
[html.topylo.com/istudy-prv/assets/images/campus/campus-intro-3.html]
[html.topylo.com/istudy-prv/assets/images/campus/campus-intro-4.html]
[html.topylo.com/istudy-prv/assets/images/bg/video-bg-01.html]
[html.topylo.com/istudy-prv/assets/images/gallery/campus-gallery-img-10.html]
[html.topylo.com/istudy-prv/assets/images/calendar/fall-semester.html]
[html.topylo.com/istudy-prv/assets/images/calendar/spring-semester.html]
[html.topylo.com/istudy-prv/assets/images/calendar/summer-semester.html]
[html.topylo.com/istudy-prv/assets/images/bg/privew-thumb.html]
[html.topylo.com/istudy-prv/assets/images/bg/signature.html]
[html.topylo.com/istudy-prv/assets/images/financial/scholarships-financial-1.html]
[html.topylo.com/istudy-prv/assets/images/financial/scholarships-financial-2.html]
[html.topylo.com/istudy-prv/assets/images/joining/journey-1.html]
[html.topylo.com/istudy-prv/assets/images/joining/journey-2.html]
[html.topylo.com/istudy-prv/assets/images/joining/journey-3.html]
[html.topylo.com/istudy-prv/assets/images/joining/joining-image.html]
[html.topylo.com/istudy-prv/assets/images/joining/successfully.html]
[html.topylo.com/istudy-prv/assets/images/event/event-img-4.html]
[html.topylo.com/istudy-prv/assets/images/event/event-img-5.html]
[html.topylo.com/istudy-prv/assets/images/event/event-img-6.html]
[html.topylo.com/istudy-prv/assets/images/event/webinar-video-thumb.html]
[html.topylo.com/istudy-prv/${l}.html]
[html.topylo.com/istudy-prv/e.html]
[html.topylo.com/istudy-prv/t.params.html]
