[datrixinsights.com/index.html]
[backblue.gif]
[fade.gif]
[index.html]
[datrixinsights.com/wp-content/plugins/metform/public/assets/lib/cute-alert/styleb526.css]
[datrixinsights.com/wp-content/plugins/metform/public/assets/css/text-editorb526.css]
[datrixinsights.com/feed/index.html]
[datrixinsights.com/wp-content/themes/hello-elementor/style.min9b70.css]
[datrixinsights.com/wp-content/themes/hello-elementor/theme.min9b70.css]
[datrixinsights.com/comments/feed/index.html]
[datrixinsights.com/wp-content/themes/hello-elementor/header-footer.min9b70.css]
[datrixinsights.com/wp-content/plugins/elementor/assets/css/frontend.min89ce.css]
[datrixinsights.com/wp-content/uploads/elementor/css/post-102309.css]
[datrixinsights.com/wp-content/plugins/elementor/assets/css/widget-heading.min89ce.css]
[datrixinsights.com/wp-content/plugins/elementor/assets/css/widget-icon-list.min89ce.css]
[datrixinsights.com/wp-content/plugins/elementor/assets/css/widget-social-icons.min89ce.css]
[datrixinsights.com/wp-content/plugins/elementor/assets/css/conditionals/apple-webkit.min89ce.css]
[datrixinsights.com/wp-content/plugins/elementor/assets/css/widget-icon-box.min89ce.css]
[datrixinsights.com/wp-content/plugins/elementor/assets/lib/swiper/v8/css/swiper.min94a4.css]
[datrixinsights.com/wp-content/plugins/elementor/assets/css/conditionals/e-swiper.min89ce.css]
[datrixinsights.com/wp-content/plugins/elementor/assets/css/widget-image-carousel.min89ce.css]
[datrixinsights.com/wp-content/plugins/elementor/assets/css/widget-spacer.min89ce.css]
[datrixinsights.com/wp-content/plugins/metform/public/assets/css/metform-uib526.css]
[datrixinsights.com/wp-content/plugins/metform/public/assets/css/styleb526.css]
[datrixinsights.com/wp-content/uploads/elementor/css/post-1786f2.css]
[datrixinsights.com/wp-content/uploads/elementor/css/post-510404.css]
[datrixinsights.com/wp-content/uploads/elementor/css/post-58c9ac.css]
[datrixinsights.com/wp-content/plugins/elementskit-lite/widgets/init/assets/css/widget-styles08cb.css]
[datrixinsights.com/wp-content/plugins/elementskit-lite/widgets/init/assets/css/responsive08cb.css]
[datrixinsights.com/wp-content/plugins/elementskit-lite/widgets/init/assets/css/odometer-theme-default08cb.css]
[datrixinsights.com/wp-content/uploads/elementor/google-fonts/css/dmsans00b4.css]
[datrixinsights.com/wp-content/uploads/elementor/google-fonts/css/montserratfd19.css]
[datrixinsights.com/wp-content/plugins/elementskit-lite/modules/elementskit-icon-pack/assets/css/ekiticons08cb.css]
[datrixinsights.com/wp-includes/js/jquery/jquery.minf43b.js]
[datrixinsights.com/wp-includes/js/jquery/jquery-migrate.min5589.js]
[datrixinsights.com/wp-json/wp/v2/pages/17.json]
[datrixinsights.com/wp-json/index.html]
[datrixinsights.com/xmlrpc0db0.php]
[datrixinsights.com/wp-json/oembed/1.0/embeda0f8.json]
[datrixinsights.com/wp-json/oembed/1.0/embed7d90]
[datrixinsights.com/wp-content/uploads/2025/04/cropped-logo-datarix-32x32.png]
[datrixinsights.com/wp-content/uploads/2025/04/cropped-logo-datarix-192x192.png]
[datrixinsights.com/wp-content/uploads/2025/04/cropped-logo-datarix-180x180.png]
[datrixinsights.com/wp-content/uploads/2025/04/output-onlinepngtools-1-1.png]
[datrixinsights.com/wp-content/uploads/2025/04/logo-datarix.png]
[datrixinsights.com/about-us/index.html]
[datrixinsights.com/wp-content/uploads/2025/04/group-of-business-people-sharing-their-ideas-2022-05-20-07-08-01-utc.28.delayed]
[datrixinsights.com/services/index.html]
[datrixinsights.com/industries/index.html]
[datrixinsights.com/blogs/index.html]
[datrixinsights.com/wp-content/uploads/2025/04/freepik__background__44524-1024x731.png]
[datrixinsights.com/wp-content/uploads/2025/04/Datrix_Insights_ESOMAR28_Final_with_Cover.pdf]
[datrixinsights.com/contact-us/index.html]
[datrixinsights.com/wp-content/uploads/2025/04/images.jpg]
[datrixinsights.com/wp-content/uploads/2025/04/Flag-Philippines.jpg]
[datrixinsights.com/wp-content/uploads/2025/04/istockphoto-1270270387-612x612-1.jpg]
[datrixinsights.com/wp-content/uploads/2025/04/ca-flag.jpg]
[datrixinsights.com/wp-content/uploads/2025/04/Bandera_Australia_Viajar.jpg]
[datrixinsights.com/wp-content/uploads/2025/04/Usa.png]
[datrixinsights.com/wp-content/uploads/2025/04/Flag_of_Turkey.svg_.png]
[datrixinsights.com/wp-content/uploads/2025/04/2560px-Flag_of_Poland_bordered.svg_.png]
[datrixinsights.com/wp-content/uploads/2025/04/640px-Flag_of_Ghana.svg_.png]
[datrixinsights.com/wp-content/uploads/2025/04/640px-Flag_of_Brazil.svg_.png]
[datrixinsights.com/wp-content/uploads/2025/04/ugandaflag.jpg]
[datrixinsights.com/wp-content/uploads/2025/04/Ireland_Flag_Colours-scaled-1.jpg]
[datrixinsights.com/wp-content/uploads/2025/04/young-businesswoman-with-papers-talking-on-the-pho-2022-11-03-04-01-14-utc.png]
[datrixinsights.com/wp-content/uploads/2025/04/group-of-business-people-working-in-office-2021-08-26-17-30-18-utc.jpg]
[datrixinsights.com/wp-content/uploads/2025/04/output-onlinepngtools.png]
[datrixinsights.com/wp-content/plugins/elementor/assets/lib/font-awesome/css/all.min89ce.css]
[datrixinsights.com/wp-content/plugins/elementor/assets/lib/font-awesome/css/v4-shims.min89ce.css]
[datrixinsights.com/the-importance-of-recruiting-the-right-participants-for-your-study/index.html]
[datrixinsights.com/why-consumer-centric-research-is-the-key-to-brand-loyalty/index.html]
[datrixinsights.com/wp-content/uploads/elementor/css/post-42ab75.css]
[datrixinsights.com/wp-content/plugins/metform/public/assets/lib/cute-alert/cute-alertb526.js]
[datrixinsights.com/wp-content/themes/hello-elementor/assets/js/hello-frontend.min9b70.js]
[datrixinsights.com/wp-content/plugins/elementor/assets/lib/swiper/v8/swiper.min94a4.js]
[datrixinsights.com/wp-content/plugins/metform/public/assets/js/htmb526.js]
[datrixinsights.com/privacy-policy/index.html]
[datrixinsights.com/wp-includes/js/dist/vendor/react.mine1ab.js]
[datrixinsights.com/wp-includes/js/dist/vendor/react-dom.mine1ab.js]
[datrixinsights.com/wp-includes/js/dist/escape-html.min3a9d.js]
[datrixinsights.com/terms-and-conditions/index.html]
[datrixinsights.com/wp-includes/js/dist/element.minfa0f.js]
[datrixinsights.com/wp-content/plugins/metform/public/assets/js/appb526.js]
[datrixinsights.com/wp-content/plugins/elementskit-lite/widgets/init/assets/js/widget-scripts08cb.js]
[datrixinsights.com/wp-content/plugins/elementskit-lite/widgets/init/assets/js/odometer.min08cb.js]
[datrixinsights.com/wp-content/plugins/elementor/assets/lib/font-awesome/js/v4-shims.min89ce.js]
[datrixinsights.com/wp-content/plugins/elementor-pro/assets/js/webpack-pro.runtime.min87cc.js]
[datrixinsights.com/wp-content/plugins/elementor/assets/js/webpack.runtime.min89ce.js]
[datrixinsights.com/wp-content/plugins/elementor/assets/js/frontend-modules.min89ce.js]
[datrixinsights.com/wp-includes/js/dist/hooks.min4fdd.js]
[datrixinsights.com/wp-includes/js/dist/i18n.minc33c.js]
[datrixinsights.com/wp-content/plugins/elementor-pro/assets/js/frontend.min87cc.js]
[datrixinsights.com/wp-includes/js/jquery/ui/core.minb37e.js]
[datrixinsights.com/wp-content/plugins/elementor/assets/js/frontend.min89ce.js]
[datrixinsights.com/wp-content/plugins/elementor-pro/assets/js/elements-handlers.min87cc.js]
[datrixinsights.com/wp-content/plugins/elementskit-lite/widgets/init/assets/js/animate-circle.min08cb.js]
[datrixinsights.com/wp-content/plugins/elementskit-lite/widgets/init/assets/js/elementor08cb.js]
[datrixinsights.com/index.html]
[datrixinsights.com/wp-content/plugins/metform/public/assets/lib/cute-alert/styleb526.css]
[datrixinsights.com/wp-content/plugins/metform/public/assets/css/text-editorb526.css]
[datrixinsights.com/wp-content/themes/hello-elementor/style.min9b70.css]
[datrixinsights.com/wp-content/themes/hello-elementor/theme.min9b70.css]
[datrixinsights.com/wp-content/themes/hello-elementor/header-footer.min9b70.css]
[datrixinsights.com/wp-content/plugins/elementor/assets/css/frontend.min89ce.css]
[datrixinsights.com/wp-content/uploads/elementor/css/post-102309.css]
[datrixinsights.com/wp-content/plugins/elementor/assets/css/widget-image.min89ce.css]
[datrixinsights.com/wp-content/plugins/elementor/assets/css/widget-heading.min89ce.css]
[datrixinsights.com/wp-content/plugins/elementor/assets/css/widget-icon-list.min89ce.css]
[datrixinsights.com/wp-content/plugins/elementor/assets/css/widget-social-icons.min89ce.css]
[datrixinsights.com/wp-content/plugins/elementor/assets/css/conditionals/apple-webkit.min89ce.css]
[datrixinsights.com/wp-content/plugins/elementor/assets/lib/animations/styles/e-animation-grow.min89ce.css]
[datrixinsights.com/wp-content/plugins/elementor/assets/css/widget-icon-box.min89ce.css]
[datrixinsights.com/wp-content/plugins/elementor/assets/lib/swiper/v8/css/swiper.min94a4.css]
[datrixinsights.com/wp-content/plugins/elementor/assets/css/conditionals/e-swiper.min89ce.css]
[datrixinsights.com/wp-content/plugins/elementor/assets/css/widget-image-carousel.min89ce.css]
[datrixinsights.com/wp-content/plugins/elementor/assets/css/widget-spacer.min89ce.css]
[datrixinsights.com/wp-content/plugins/metform/public/assets/css/metform-uib526.css]
[datrixinsights.com/wp-content/plugins/metform/public/assets/css/styleb526.css]
[datrixinsights.com/wp-content/uploads/2025/04/BgWave1.jpg]
[datrixinsights.com/wp-content/uploads/2025/04/globe1.png]
[datrixinsights.com/wp-content/uploads/elementor/css/post-1786f2.css]
[datrixinsights.com/wp-content/uploads/elementor/css/post-510404.css]
[datrixinsights.com/wp-content/uploads/elementor/css/post-58c9ac.css]
[datrixinsights.com/wp-content/plugins/elementskit-lite/widgets/init/assets/img/arrow.png]
[datrixinsights.com/wp-content/plugins/elementskit-lite/widgets/init/assets/img/sort_asc.png]
[datrixinsights.com/wp-content/plugins/elementskit-lite/widgets/init/assets/img/sort_desc.png]
[datrixinsights.com/wp-content/plugins/elementskit-lite/widgets/init/assets/img/sort_asc_disabled.png]
[datrixinsights.com/wp-content/plugins/elementskit-lite/widgets/init/assets/css/widget-styles08cb.css]
[datrixinsights.com/wp-content/plugins/elementskit-lite/widgets/init/assets/css/responsive08cb.css]
[datrixinsights.com/wp-content/plugins/elementskit-lite/widgets/init/assets/css/odometer-theme-default08cb.css]
[datrixinsights.com/wp-content/uploads/elementor/google-fonts/fonts/dmsans-rp2wp2ywxg089uriczasexd86j3t9jz86mvyykk58vxh.woff2]
[datrixinsights.com/wp-content/uploads/elementor/google-fonts/fonts/dmsans-rp2wp2ywxg089uriczasexd86j3t9jz86mvyyky58q.woff2]
[datrixinsights.com/wp-content/uploads/elementor/google-fonts/fonts/dmsans-rp2yp2ywxg089urii5-g4vlh9vod8cmcqbu6-k6h9q.woff2]
[datrixinsights.com/wp-content/uploads/elementor/google-fonts/fonts/dmsans-rp2yp2ywxg089urii5-g4vlh9vod8cmcqbu0-k4.woff2]
[datrixinsights.com/wp-content/uploads/elementor/google-fonts/css/dmsans00b4.css]
[datrixinsights.com/wp-content/uploads/elementor/google-fonts/fonts/montserrat-jtuqjig1_i6t8kchkm459wxrxc7mw9c.woff2]
[datrixinsights.com/wp-content/uploads/elementor/google-fonts/fonts/montserrat-jtuqjig1_i6t8kchkm459wxrzs7mw9c.woff2]
[datrixinsights.com/wp-content/uploads/elementor/google-fonts/fonts/montserrat-jtuqjig1_i6t8kchkm459wxrxi7mw9c.woff2]
[datrixinsights.com/wp-content/uploads/elementor/google-fonts/fonts/montserrat-jtuqjig1_i6t8kchkm459wxrxy7mw9c.woff2]
[datrixinsights.com/wp-content/uploads/elementor/google-fonts/fonts/montserrat-jtuqjig1_i6t8kchkm459wxrys7m.woff2]
[datrixinsights.com/wp-content/uploads/elementor/google-fonts/fonts/montserrat-jtusjig1_i6t8kchkm459wrhyzbi.woff2]
[datrixinsights.com/wp-content/uploads/elementor/google-fonts/fonts/montserrat-jtusjig1_i6t8kchkm459w1hyzbi.woff2]
[datrixinsights.com/wp-content/uploads/elementor/google-fonts/fonts/montserrat-jtusjig1_i6t8kchkm459wzhyzbi.woff2]
[datrixinsights.com/wp-content/uploads/elementor/google-fonts/fonts/montserrat-jtusjig1_i6t8kchkm459wdhyzbi.woff2]
[datrixinsights.com/wp-content/uploads/elementor/google-fonts/fonts/montserrat-jtusjig1_i6t8kchkm459wlhyw.woff2]
[datrixinsights.com/wp-content/uploads/elementor/google-fonts/css/montserratfd19.css]
[datrixinsights.com/wp-content/plugins/elementskit-lite/modules/elementskit-icon-pack/assets/css/ekiticons08cb.css]
[datrixinsights.com/wp-includes/js/jquery/jquery.minf43b.js]
[datrixinsights.com/wp-includes/js/jquery/jquery-migrate.min5589.js]
[datrixinsights.com/wp-content/plugins/elementskit-lite/modules/elementskit-icon-pack/assets/fonts/elementskit97ac.woff]
[datrixinsights.com/wp-content/uploads/elementor/css/post-1085a94.css]
[datrixinsights.com/wp-json/wp/v2/pages/108.json]
[datrixinsights.com/wp-json/oembed/1.0/embed7c36.json]
[datrixinsights.com/about-us/index.html]
[datrixinsights.com/wp-json/oembed/1.0/embed2e89]
[datrixinsights.com/wp-content/uploads/elementor/css/post-153a8f5.css]
[datrixinsights.com/wp-json/wp/v2/pages/153.json]
[datrixinsights.com/wp-json/oembed/1.0/embed4cfe.json]
[datrixinsights.com/services/index.html]
[datrixinsights.com/wp-json/oembed/1.0/embed0433]
[datrixinsights.com/wp-content/uploads/elementor/css/post-24193fe.css]
[datrixinsights.com/wp-json/wp/v2/pages/241.json]
[datrixinsights.com/wp-json/oembed/1.0/embede9c2.json]
[datrixinsights.com/wp-json/oembed/1.0/embedf73a]
[datrixinsights.com/industries/index.html]
[datrixinsights.com/wp-content/uploads/elementor/css/post-2336a76.css]
[datrixinsights.com/wp-json/wp/v2/pages/233.json]
[datrixinsights.com/wp-json/oembed/1.0/embed6d6e.json]
[datrixinsights.com/wp-json/oembed/1.0/embedfed4]
[datrixinsights.com/blogs/index.html]
[datrixinsights.com/wp-content/plugins/elementor/assets/css/widget-google_maps.min89ce.css]
[datrixinsights.com/wp-content/uploads/elementor/css/post-144032b.css]
[datrixinsights.com/wp-json/wp/v2/pages/144.json]
[datrixinsights.com/wp-json/oembed/1.0/embed2677.json]
[datrixinsights.com/contact-us/index.html]
[datrixinsights.com/wp-json/metform/v1/entries/insert/42.json]
[datrixinsights.com/wp-json/oembed/1.0/embeda33b]
[datrixinsights.com/wp-content/uploads/elementor/css/post-2885138.css]
[datrixinsights.com/wp-json/wp/v2/posts/288.json]
[datrixinsights.com/the-importance-of-recruiting-the-right-participants-for-your-study/feed/index.html]
[datrixinsights.com/wp-json/oembed/1.0/embed8fe9.json]
[datrixinsights.com/the-importance-of-recruiting-the-right-participants-for-your-study/index.html]
[datrixinsights.com/wp-json/oembed/1.0/embed6169]
[datrixinsights.com/wp-content/uploads/elementor/css/post-13db4.css]
[datrixinsights.com/why-consumer-centric-research-is-the-key-to-brand-loyalty/feed/index.html]
[datrixinsights.com/wp-json/wp/v2/posts/1.json]
[datrixinsights.com/wp-json/oembed/1.0/embedfcb1.json]
[datrixinsights.com/why-consumer-centric-research-is-the-key-to-brand-loyalty/index.html]
[datrixinsights.com/wp-json/oembed/1.0/embed2886]
[datrixinsights.com/wp-content/uploads/elementor/css/post-26787ee.css]
[datrixinsights.com/wp-json/wp/v2/pages/267.json]
[datrixinsights.com/wp-json/oembed/1.0/embed3746.json]
[datrixinsights.com/privacy-policy/index.html]
[datrixinsights.com/wp-json/oembed/1.0/embed6314]
[datrixinsights.com/wp-content/uploads/elementor/css/post-2682c19.css]
[datrixinsights.com/wp-json/wp/v2/pages/268.json]
[datrixinsights.com/wp-json/oembed/1.0/embed367b.json]
[datrixinsights.com/terms-and-conditions/index.html]
[datrixinsights.com/wp-json/oembed/1.0/embed198a]
[datrixinsights.com/wp-content/plugins/elementor/assets/lib/font-awesome/webfonts/fa-brands-400.eot]
[datrixinsights.com/wp-content/plugins/elementor/assets/lib/font-awesome/webfonts/fa-brands-400d41d.eot]
[datrixinsights.com/wp-content/plugins/elementor/assets/lib/font-awesome/webfonts/fa-brands-400.woff2]
[datrixinsights.com/wp-content/plugins/elementor/assets/lib/font-awesome/webfonts/fa-brands-400.woff]
[datrixinsights.com/wp-content/plugins/elementor/assets/lib/font-awesome/webfonts/fa-brands-400.ttf]
[datrixinsights.com/wp-content/plugins/elementor/assets/lib/font-awesome/webfonts/fa-brands-400.svg]
[datrixinsights.com/wp-content/plugins/elementor/assets/lib/font-awesome/webfonts/fa-regular-400.eot]
[datrixinsights.com/wp-content/plugins/elementor/assets/lib/font-awesome/webfonts/fa-regular-400d41d.eot]
[datrixinsights.com/wp-content/plugins/elementor/assets/lib/font-awesome/webfonts/fa-regular-400.woff2]
[datrixinsights.com/wp-content/plugins/elementor/assets/lib/font-awesome/webfonts/fa-regular-400.woff]
[datrixinsights.com/wp-content/plugins/elementor/assets/lib/font-awesome/webfonts/fa-regular-400.ttf]
[datrixinsights.com/wp-content/plugins/elementor/assets/lib/font-awesome/webfonts/fa-regular-400.svg]
[datrixinsights.com/wp-content/plugins/elementor/assets/lib/font-awesome/webfonts/fa-solid-900.eot]
[datrixinsights.com/wp-content/plugins/elementor/assets/lib/font-awesome/webfonts/fa-solid-900d41d.eot]
[datrixinsights.com/wp-content/plugins/elementor/assets/lib/font-awesome/webfonts/fa-solid-900.woff2]
[datrixinsights.com/wp-content/plugins/elementor/assets/lib/font-awesome/webfonts/fa-solid-900.woff]
[datrixinsights.com/wp-content/plugins/elementor/assets/lib/font-awesome/webfonts/fa-solid-900.ttf]
[datrixinsights.com/wp-content/plugins/elementor/assets/lib/font-awesome/css/all.min89ce.css]
[datrixinsights.com/wp-content/plugins/elementor/assets/lib/font-awesome/css/v4-shims.min89ce.css]
[datrixinsights.com/wp-content/uploads/elementor/css/post-42ab75.css]
[datrixinsights.com/wp-content/plugins/elementor/assets/lib/font-awesome/webfonts/fa-solid-900.svg]
[datrixinsights.com/cute-alert.js]
[datrixinsights.com/${i}/img/${e}.svg]
[datrixinsights.com/wp-content/plugins/metform/public/assets/lib/cute-alert/cute-alertb526.js]
[datrixinsights.com/wp-content/themes/hello-elementor/assets/js/hello-frontend.min9b70.js]
[datrixinsights.com/l]
[datrixinsights.com/e]
[datrixinsights.com/t.params.url]
[datrixinsights.com/wp-content/plugins/elementor/assets/lib/swiper/v8/swiper.min94a4.js]
[datrixinsights.com/wp-content/plugins/metform/public/assets/js/htmb526.js]
[datrixinsights.com/wp-includes/js/dist/vendor/react.mine1ab.js]
[datrixinsights.com/wp-includes/js/dist/vendor/react-dom.mine1ab.js]
[datrixinsights.com/wp-includes/js/dist/escape-html.min3a9d.js]
[datrixinsights.com/wp-includes/js/dist/element.minfa0f.js]
[datrixinsights.com/wp-content/plugins/metform/public/assets/js/appb526.js]
[datrixinsights.com/wp-content/plugins/elementskit-lite/libs/framework/assets/js/frontend-script08cb.js]
[datrixinsights.com/wp-content/plugins/elementskit-lite/widgets/init/assets/js/widget-scripts08cb.js]
[datrixinsights.com/wp-content/plugins/elementskit-lite/widgets/init/assets/js/odometer.min08cb.js]
[datrixinsights.com/wp-content/plugins/elementor/assets/lib/font-awesome/js/v4-shims.min89ce.js]
[datrixinsights.com/blots/index.html]
[datrixinsights.com/wp-content/plugins/elementor-pro/assets/js/webpack-pro.runtime.min87cc.js]
[datrixinsights.com/wp-content/plugins/elementor/assets/js/webpack.runtime.min89ce.js]
[datrixinsights.com/wp-content/plugins/elementor/assets/js/frontend-modules.min89ce.js]
[datrixinsights.com/wp-includes/js/dist/hooks.min4fdd.js]
[datrixinsights.com/wp-includes/js/dist/i18n.minc33c.js]
[datrixinsights.com/wp-content/plugins/elementor-pro/assets/js/frontend.min87cc.js]
[datrixinsights.com/wp-includes/js/jquery/ui/core.minb37e.js]
[datrixinsights.com/formats/index.html]
[datrixinsights.com/Trident/index.html]
[datrixinsights.com/-negative.svg]
[datrixinsights.com/wp-content/plugins/elementor/assets/js/frontend.min89ce.js]
[datrixinsights.com/$&/index.html]
[datrixinsights.com/OPR/index.html]
[datrixinsights.com/window.location.href]
[datrixinsights.com/wp-content/plugins/elementor-pro/assets/js/elements-handlers.min87cc.js]
[datrixinsights.com/wp-content/plugins/elementskit-lite/widgets/init/assets/js/animate-circle.min08cb.js]
[datrixinsights.com/e,window.location.origin]
[datrixinsights.com/wp-content/plugins/elementskit-lite/widgets/init/assets/js/elementor08cb.js]
[datrixinsights.com/wp-content/plugins/elementskit-lite/widgets/init/assets/img/cross-out.svg]
[datrixinsights.com/wp-content/uploads/elementor/css/post-1085a94.css]
[datrixinsights.com/index460d.html]
[datrixinsights.com/wp-content/uploads/elementor/css/post-153a8f5.css]
[datrixinsights.com/indexd7d8.html]
[datrixinsights.com/wp-content/uploads/elementor/css/post-24193fe.css]
[datrixinsights.com/index03e1.html]
[datrixinsights.com/wp-content/uploads/elementor/css/post-2336a76.css]
[datrixinsights.com/index85b0.html]
[datrixinsights.com/wp-content/plugins/elementor/assets/css/widget-google_maps.min89ce.css]
[datrixinsights.com/wp-content/uploads/elementor/css/post-144032b.css]
[datrixinsights.com/index421d.html]
[datrixinsights.com/wp-content/uploads/elementor/css/post-2885138.css]
[datrixinsights.com/index1d24.html]
[datrixinsights.com/wp-content/uploads/elementor/css/post-13db4.css]
[datrixinsights.com/indexcff1.html]
[datrixinsights.com/wp-content/uploads/elementor/css/post-26787ee.css]
[datrixinsights.com/index3786.html]
[datrixinsights.com/wp-content/uploads/elementor/css/post-2682c19.css]
[datrixinsights.com/indexc524.html]
[datrixinsights.com/wp-content/plugins/elementor/assets/lib/font-awesome/webfonts/fa-brands-400.svg]
[datrixinsights.com/wp-content/plugins/elementor/assets/lib/font-awesome/webfonts/fa-regular-400.svg]
[datrixinsights.com/wp-content/plugins/elementor/assets/lib/font-awesome/webfonts/fa-solid-900.svg]
[datrixinsights.com/cute-alert.html]
[datrixinsights.com/${i}/img/${e}.html]
[datrixinsights.com/l.html]
[datrixinsights.com/e.html]
[datrixinsights.com/t.params.html]
[datrixinsights.com/$&/index.html]
[datrixinsights.com/blots/index.html]
[datrixinsights.com/formats/index.html]
[datrixinsights.com/Trident/index.html]
[datrixinsights.com/-negative.html]
[datrixinsights.com/OPR/index.html]
[datrixinsights.com/window.location.html]
[datrixinsights.com/e,window.location.html]
