[majestineglobal.com/index.html]
[backblue.gif]
[fade.gif]
[index.html]
[majestineglobal.com/wp-content/plugins/elementor/assets/css/frontend.min37de.css]
[majestineglobal.com/wp-content/uploads/elementor/css/post-951a1ac.css]
[majestineglobal.com/wp-content/plugins/preloader-plus-disabled/assets/css/preloader-plus.min77e6.css]
[majestineglobal.com/wp-content/plugins/woocommerce/assets/css/woocommerce-layoutf607.css]
[majestineglobal.com/wp-content/plugins/woocommerce/assets/css/woocommerce-smallscreenf607.css]
[majestineglobal.com/feed/index.html]
[majestineglobal.com/wp-content/plugins/woocommerce/assets/css/woocommercef607.css]
[majestineglobal.com/comments/feed/index.html]
[cdnjs.cloudflare.com/ajax/libs/photoswipe/5.3.6/photoswipe.min48f5.css]
[majestineglobal.com/wp-content/plugins/woocommerce/assets/css/photoswipe/photoswipe.minf607.css]
[majestineglobal.com/wp-content/plugins/woocommerce/assets/css/photoswipe/default-skin/default-skin.minf607.css]
[majestineglobal.com/wp-content/themes/sinatra/assets/css/style.min4e44.css]
[majestineglobal.com/wp-content/themes/sinatra/assets/css/compatibility/woocommerce.min4e44.css]
[majestineglobal.com/wp-content/uploads/sinatra/dynamic-styles5070.css]
[majestineglobal.com/wp-content/themes/sinatra/assets/css/compatibility/elementor.min4e44.css]
[use.fontawesome.com/releases/v5.15.4/css/all.css]
[majestineglobal.com/wp-content/plugins/elementor/assets/lib/eicons/css/elementor-icons.mine085.css]
[majestineglobal.com/wp-content/uploads/elementor/css/post-176a1ac.css]
[majestineglobal.com/wp-content/plugins/elementor/assets/lib/font-awesome/css/all.min5d20.css]
[majestineglobal.com/wp-content/plugins/elementor/assets/lib/font-awesome/css/v4-shims.min37de.css]
[majestineglobal.com/wp-content/plugins/elementor/assets/css/widget-icon-box.min37de.css]
[majestineglobal.com/wp-content/plugins/elementor/assets/lib/animations/styles/e-animation-bob.min37de.css]
[majestineglobal.com/wp-content/plugins/elementor/assets/css/widget-heading.min37de.css]
[majestineglobal.com/wp-content/plugins/elementor/assets/lib/swiper/v8/css/swiper.min94a4.css]
[majestineglobal.com/wp-content/plugins/elementor/assets/css/widget-counter.min37de.css]
[majestineglobal.com/wp-content/plugins/elementor/assets/css/conditionals/e-swiper.min37de.css]
[majestineglobal.com/wp-content/plugins/elementor/assets/css/widget-image-carousel.min37de.css]
[majestineglobal.com/wp-content/uploads/elementor/css/post-7901ec.css]
[majestineglobal.com/wp-content/plugins/elementskit-lite/widgets/init/assets/css/widget-styles1aae.css]
[majestineglobal.com/wp-content/plugins/elementskit-lite/widgets/init/assets/css/responsive1aae.css]
[use.fontawesome.com/releases/v5.15.4/css/v4-shims.css]
[majestineglobal.com/wp-content/uploads/elementor/google-fonts/css/roboto72fa.css]
[majestineglobal.com/wp-content/uploads/elementor/google-fonts/css/robotoslab8a8e.css]
[majestineglobal.com/wp-content/plugins/elementor/assets/lib/font-awesome/css/fontawesome.min52d5.css]
[majestineglobal.com/wp-content/plugins/elementor/assets/lib/font-awesome/css/solid.min52d5.css]
[majestineglobal.com/wp-content/plugins/elementor/assets/lib/font-awesome/css/brands.min52d5.css]
[majestineglobal.com/wp-content/plugins/elementskit-lite/modules/elementskit-icon-pack/assets/css/ekiticons1aae.css]
[majestineglobal.com/wp-content/plugins/smart-slider-3/Public/SmartSlider3/Application/Frontend/Assets/dist/smartslider.min6298.css]
[majestineglobal.com/wp-content/plugins/smart-slider-3/Public/SmartSlider3/Application/Frontend/Assets/dist/n2.min6298.js]
[majestineglobal.com/wp-content/plugins/smart-slider-3/Public/SmartSlider3/Application/Frontend/Assets/dist/smartslider-frontend.min6298.js]
[majestineglobal.com/wp-content/plugins/smart-slider-3/Public/SmartSlider3/Slider/SliderType/Simple/Assets/dist/ss-simple.min6298.js]
[majestineglobal.com/wp-content/plugins/smart-slider-3/Public/SmartSlider3/Widget/Arrow/ArrowImage/Assets/dist/w-arrow-image.min6298.js]
[majestineglobal.com/wp-includes/js/jquery/jquery.minf43b.js]
[majestineglobal.com/wp-includes/js/jquery/jquery-migrate.min5589.js]
[majestineglobal.com/wp-content/plugins/preloader-plus-disabled/assets/js/preloader-plus.min77e6.js]
[majestineglobal.com/wp-content/plugins/woocommerce/assets/js/jquery-blockui/jquery.blockUI.minae83.js]
[majestineglobal.com/wp-content/plugins/woocommerce/assets/js/frontend/add-to-cart.minf607.js]
[majestineglobal.com/wp-content/plugins/woocommerce/assets/js/js-cookie/js.cookie.minf503.js]
[majestineglobal.com/wp-content/plugins/woocommerce/assets/js/frontend/woocommerce.minf607.js]
[majestineglobal.com/wp-content/plugins/elementor/assets/lib/font-awesome/js/v4-shims.min37de.js]
[majestineglobal.com/wp-json/wp/v2/pages/79.json]
[majestineglobal.com/wp-json/index.html]
[majestineglobal.com/xmlrpc0db0.php]
[majestineglobal.com/wp-json/oembed/1.0/embed3e04.json]
[majestineglobal.com/wp-json/oembed/1.0/embed8ca5]
[majestineglobal.com/wp-content/uploads/2025/04/Majestine-Global-Exporter-Site-Icon.png]
[majestineglobal.com/about-us/index.html]
[majestineglobal.com/painting/index.html]
[majestineglobal.com/vegetables/index.html]
[majestineglobal.com/fruits/index.html]
[majestineglobal.com/millets/index.html]
[majestineglobal.com/spices/index.html]
[majestineglobal.com/fox-nuts/index.html]
[majestineglobal.com/dehydrated-products/index.html]
[majestineglobal.com/wp-content/uploads/2024/07/ff.jpg]
[majestineglobal.com/wp-content/uploads/2024/07/vegetables-fresh.jpg]
[majestineglobal.com/wp-content/uploads/2025/04/spices-1.jpg]
[majestineglobal.com/wp-content/uploads/2025/04/Copper-Articles-home.jpg]
[majestineglobal.com/wp-content/uploads/2025/04/home.jpg]
[cdnjs.cloudflare.com/ajax/libs/photoswipe/5.3.6/photoswipe-ui-default.min.6848f5.delayed]
[majestineglobal.com/index.html]
[majestineglobal.com/wp-content/plugins/elementor/assets/css/frontend.min37de.css]
[majestineglobal.com/wp-content/uploads/elementor/css/post-951a1ac.css]
[majestineglobal.com/wp-content/plugins/preloader-plus-disabled/assets/css/preloader-plus.min77e6.css]
[majestineglobal.com/wp-content/plugins/woocommerce/assets/css/woocommerce-layoutf607.css]
[majestineglobal.com/wp-content/plugins/woocommerce/assets/css/woocommerce-smallscreenf607.css]
[majestineglobal.com/wp-content/plugins/woocommerce/assets/css/woocommercef607.css]
[cdnjs.cloudflare.com/ajax/libs/photoswipe/5.3.6/photoswipe.min48f5.css]
[majestineglobal.com/wp-content/plugins/woocommerce/assets/css/photoswipe/photoswipe.minf607.css]
[majestineglobal.com/wp-content/plugins/woocommerce/assets/css/photoswipe/default-skin/default-skin.minf607.css]
[majestineglobal.com/wp-content/themes/sinatra/assets/css/style.min4e44.css]
[majestineglobal.com/wp-content/themes/sinatra/assets/css/compatibility/woocommerce.min4e44.css]
[majestineglobal.com/wp-content/uploads/sinatra/dynamic-styles5070.css]
[majestineglobal.com/wp-content/themes/sinatra/assets/css/compatibility/elementor.min4e44.css]
[use.fontawesome.com/releases/v5.15.4/css/all.css]
[majestineglobal.com/wp-content/plugins/elementor/assets/lib/eicons/css/elementor-icons.mine085.css]
[majestineglobal.com/wp-content/uploads/elementor/css/post-176a1ac.css]
[majestineglobal.com/wp-content/plugins/elementor/assets/lib/font-awesome/css/all.min5d20.css]
[majestineglobal.com/wp-content/plugins/elementor/assets/lib/font-awesome/css/v4-shims.min37de.css]
[majestineglobal.com/wp-content/plugins/elementor/assets/css/widget-icon-box.min37de.css]
[majestineglobal.com/wp-content/plugins/elementor/assets/css/widget-image.min37de.css]
[majestineglobal.com/wp-content/plugins/elementor/assets/lib/animations/styles/fadeInRight.min37de.css]
[majestineglobal.com/wp-content/plugins/elementor/assets/lib/animations/styles/e-animation-bob.min37de.css]
[majestineglobal.com/wp-content/plugins/elementor/assets/lib/animations/styles/fadeInLeft.min37de.css]
[majestineglobal.com/wp-content/plugins/elementor/assets/css/widget-heading.min37de.css]
[majestineglobal.com/wp-content/plugins/elementor/assets/lib/swiper/v8/css/swiper.min94a4.css]
[majestineglobal.com/wp-content/plugins/elementor/assets/css/widget-counter.min37de.css]
[majestineglobal.com/wp-content/plugins/elementor/assets/css/conditionals/e-swiper.min37de.css]
[majestineglobal.com/wp-content/plugins/elementor/assets/css/widget-image-carousel.min37de.css]
[majestineglobal.com/wp-content/plugins/elementor/assets/lib/animations/styles/fadeInUp.min37de.css]
[majestineglobal.com/wp-content/uploads/elementor/css/post-7901ec.css]
[majestineglobal.com/wp-content/plugins/elementskit-lite/widgets/init/assets/css/widget-styles1aae.css]
[majestineglobal.com/wp-content/plugins/elementskit-lite/widgets/init/assets/css/responsive1aae.css]
[use.fontawesome.com/releases/v5.15.4/css/v4-shims.css]
[majestineglobal.com/wp-content/uploads/elementor/google-fonts/css/roboto72fa.css]
[majestineglobal.com/wp-content/uploads/elementor/google-fonts/css/robotoslab8a8e.css]
[majestineglobal.com/wp-content/plugins/elementor/assets/lib/font-awesome/css/fontawesome.min52d5.css]
[majestineglobal.com/wp-content/plugins/elementor/assets/lib/font-awesome/css/solid.min52d5.css]
[majestineglobal.com/wp-content/plugins/elementor/assets/lib/font-awesome/css/brands.min52d5.css]
[majestineglobal.com/wp-content/plugins/elementskit-lite/modules/elementskit-icon-pack/assets/css/ekiticons1aae.css]
[majestineglobal.com/wp-content/plugins/smart-slider-3/Public/SmartSlider3/Application/Frontend/Assets/dist/smartslider.min6298.css]
[majestineglobal.com/wp-content/plugins/smart-slider-3/Public/SmartSlider3/Application/Frontend/Assets/dist/n2.min6298.js]
[majestineglobal.com/wp-content/plugins/smart-slider-3/Public/SmartSlider3/Application/Frontend/Assets/dist/smartslider-frontend.min6298.js]
[majestineglobal.com/wp-content/plugins/smart-slider-3/Public/SmartSlider3/Slider/SliderType/Simple/Assets/dist/ss-simple.min6298.js]
[majestineglobal.com/wp-content/plugins/smart-slider-3/Public/SmartSlider3/Widget/Arrow/ArrowImage/Assets/dist/w-arrow-image.min6298.js]
[majestineglobal.com/wp-includes/js/jquery/jquery.minf43b.js]
[majestineglobal.com/wp-includes/js/jquery/jquery-migrate.min5589.js]
[majestineglobal.com/wp-content/plugins/preloader-plus-disabled/assets/js/preloader-plus.min77e6.js]
[majestineglobal.com/wp-content/plugins/woocommerce/assets/js/jquery-blockui/jquery.blockUI.minae83.js]
[majestineglobal.com/wp-content/plugins/woocommerce/assets/js/frontend/add-to-cart.minf607.js]
[majestineglobal.com/wp-content/plugins/woocommerce/assets/js/js-cookie/js.cookie.minf503.js]
[majestineglobal.com/wp-content/plugins/woocommerce/assets/js/frontend/woocommerce.minf607.js]
[majestineglobal.com/wp-content/plugins/elementor/assets/lib/font-awesome/js/v4-shims.min37de.js]
[majestineglobal.com/wp-content/uploads/2025/04/Logo.html]
[player.vimeo.com/api/player.js]
[majestineglobal.com/about-us/index.html]
[majestineglobal.com/product/gond-painting-madhya-pradesh/index.html]
[majestineglobal.com/product/kalamkari-andhra-pradesh-telangana/index.html]
[majestineglobal.com/product/warli-painting-maharashtra/index.html]
[majestineglobal.com/painting/index.html]
[majestineglobal.com/vegetables/index.html]
[majestineglobal.com/fruits/index.html]
[majestineglobal.com/product/bottle-gourd/index.html]
[majestineglobal.com/millets/index.html]
[majestineglobal.com/product/garlic/index.html]
[majestineglobal.com/product/apple/index.html]
[majestineglobal.com/product/pomegranate/index.html]
[majestineglobal.com/spices/index.html]
[majestineglobal.com/product/strawberry/index.html]
[majestineglobal.com/product/watermelon/index.html]
[majestineglobal.com/fox-nuts/index.html]
[majestineglobal.com/dehydrated-products/index.html]
[majestineglobal.com/copper-articles/index.html]
[majestineglobal.com/home-decor/index.html]
[majestineglobal.com/blog/index.html]
[majestineglobal.com/product/proso-millet/index.html]
[majestineglobal.com/product/pearl-millet/index.html]
[majestineglobal.com/contact-us/index.html]
[majestineglobal.com/product/little-millet/index.html]
[majestineglobal.com/wp-content/uploads/slider/cache/9b56a52954fab6ca7ecb37130a9cc25a/bg5-2.html]
[majestineglobal.com/product/kodo-millet/index.html]
[majestineglobal.com/wp-content/uploads/slider/cache/355458dcdad70408daf2495b315160cc/SLIDER-FOR-PAINTINGS.html]
[majestineglobal.com/product/foxtail-millet/index.html]
[majestineglobal.com/wp-content/uploads/slider/cache/e395ed8d3e0448b9db9b23cd6b259ae6/cereals2.html]
[majestineglobal.com/product/finger-millet-ragi/index.html]
[majestineglobal.com/wp-content/uploads/slider/cache/1279fe068d48998dab4f38ed8f277398/spices-slider.html]
[majestineglobal.com/product/barnyard-millet-udalu/index.html]
[majestineglobal.com/wp-content/uploads/slider/cache/03756170cd50fec5ac3fbb0e227c9e57/makhana-banner.html]
[majestineglobal.com/product/browntop-millet/index.html]
[majestineglobal.com/wp-content/uploads/slider/cache/1ff0c1077de503f5a8ad021a3da231ed/slider.html]
[majestineglobal.com/product/black-pepper-powder/index.html]
[majestineglobal.com/wp-content/uploads/slider/cache/93fb08ee3bf19bde65dc78e066197d91/Dehydrated-food-slider.html]
[majestineglobal.com/product/black-pepper/index.html]
[majestineglobal.com/wp-content/uploads/slider/cache/583bc5f324892a109a3703b3a1f6faef/decor-slider.html]
[majestineglobal.com/product/cardamom/index.html]
[majestineglobal.com/wp-content/uploads/2025/04/home-right.html]
[majestineglobal.com/product/cinnamon-powder/index.html]
[majestineglobal.com/wp-content/uploads/2025/04/export-import-1-683x1024.html]
[majestineglobal.com/product/cinnamon/index.html]
[majestineglobal.com/wp-content/uploads/2025/04/Madhubani-painting-1.html]
[majestineglobal.com/product/clove-powder/index.html]
[majestineglobal.com/wp-content/uploads/2025/04/Fox-Nuts.html]
[majestineglobal.com/product/cloves/index.html]
[majestineglobal.com/wp-content/uploads/2025/04/Dehydrated-Products.html]
[majestineglobal.com/product/coriander-powder/index.html]
[majestineglobal.com/wp-content/uploads/2024/07/Millets-new.html]
[majestineglobal.com/product/coriander-2/index.html]
[majestineglobal.com/wp-content/uploads/2024/07/users.html]
[majestineglobal.com/product/cumin-seed/index.html]
[majestineglobal.com/wp-content/uploads/2024/07/women.html]
[majestineglobal.com/product/dry-ginger-powder/index.html]
[majestineglobal.com/wp-content/uploads/2024/07/logo3.html]
[majestineglobal.com/product/fennel/index.html]
[majestineglobal.com/wp-content/uploads/2024/07/msme.html]
[majestineglobal.com/product/fenugreek-seeds/index.html]
[majestineglobal.com/wp-content/uploads/2024/07/udyogaadhaar.html]
[majestineglobal.com/product/garam-masala/index.html]
[majestineglobal.com/wp-content/uploads/2024/07/logo5.html]
[majestineglobal.com/product/garlic-powder/index.html]
[majestineglobal.com/wp-content/uploads/2024/07/fssai.html]
[majestineglobal.com/product/ginger-powder/index.html]
[majestineglobal.com/wp-content/uploads/2024/07/ioc.html]
[majestineglobal.com/product/ginger-2/index.html]
[majestineglobal.com/wp-content/uploads/2025/04/spice.html]
[majestineglobal.com/product/green-chilli-powder/index.html]
[majestineglobal.com/wp-content/uploads/2021/08/Majestine-Global-Exporter-Logo-1.html]
[majestineglobal.com/wp-content/plugins/wp-contact-slider/img/cursor_close.html]
[majestineglobal.com/product/mace/index.html]
[majestineglobal.com/wp-content/plugins/wp-contact-slider/img/delete-sign.html]
[majestineglobal.com/product/mustard-seeds/index.html]
[majestineglobal.com/wp-content/plugins/wpforms-lite/assets/images/submit-spin.html]
[majestineglobal.com/product/nutmeg/index.html]
[majestineglobal.com/wp-content/plugins/woocommerce/assets/client/blocks/wc-blocks5210.html]
[majestineglobal.com/product/red-chilli-powder/index.html]
[majestineglobal.com/wp-content/plugins/elementor/assets/css/widget-icon-list.min37de.html]
[majestineglobal.com/product/saffron/index.html]
[majestineglobal.com/wp-content/plugins/elementor/assets/css/widget-social-icons.min37de.html]
[majestineglobal.com/product/star-anise/index.html]
[majestineglobal.com/wp-content/plugins/elementor/assets/css/conditionals/apple-webkit.min37de.html]
[majestineglobal.com/product/turmeric-powder/index.html]
[majestineglobal.com/wp-content/plugins/wpforms-lite/assets/css/frontend/classic/wpforms-full.min9c92.html]
[majestineglobal.com/product/turmeric/index.html]
[majestineglobal.com/wp-content/plugins/woocommerce/assets/js/photoswipe/photoswipe.min354b.html]
[majestineglobal.com/product/dehydrated-potato/index.html]
[cdnjs.cloudflare.com/ajax/libs/photoswipe/5.3.6/photoswipe-ui-default.min48f5.html]
[majestineglobal.com/product/dehydrated-garlic/index.html]
[majestineglobal.com/wp-content/themes/sinatra/assets/js/sinatra.min4e44.html]
[majestineglobal.com/product/dehydrated-ccabbage/index.html]
[majestineglobal.com/product/dehydrated-carrot/index.html]
[majestineglobal.com/wp-content/themes/sinatra/assets/js/sinatra-wc.min4e44.html]
[majestineglobal.com/wp-content/plugins/elementskit-lite/libs/framework/assets/js/frontend-script1aae.html]
[majestineglobal.com/wp-content/plugins/elementskit-lite/widgets/init/assets/js/widget-scripts1aae.html]
[majestineglobal.com/wp-content/plugins/woocommerce/assets/js/sourcebuster/sourcebuster.minf607.html]
[majestineglobal.com/wp-content/plugins/woocommerce/assets/js/frontend/order-attribution.minf607.html]
[majestineglobal.com/wp-content/plugins/elementor/assets/js/webpack.runtime.min37de.html]
[majestineglobal.com/wp-content/plugins/elementor/assets/js/frontend-modules.min37de.html]
[majestineglobal.com/wp-includes/js/jquery/ui/core.minb37e.html]
[majestineglobal.com/wp-content/plugins/elementor/assets/js/frontend.min37de.html]
[majestineglobal.com/wp-content/plugins/elementor/assets/lib/jquery-numerator/jquery-numerator.min3958.html]
[majestineglobal.com/wp-content/plugins/elementor/assets/lib/swiper/v8/swiper.min94a4.html]
[majestineglobal.com/wp-content/plugins/premium-addons-for-elementor/assets/frontend/min-js/premium-wrap-link.min5d20.html]
[majestineglobal.com/wp-content/plugins/gtranslate/js/dropdown32d4.html]
[majestineglobal.com/wp-content/plugins/elementskit-lite/widgets/init/assets/js/animate-circle.min1aae.html]
[majestineglobal.com/wp-content/plugins/elementskit-lite/widgets/init/assets/js/elementor1aae.html]
[majestineglobal.com/wp-content/plugins/wpforms-lite/assets/lib/jquery.validate.min3c17.html]
[majestineglobal.com/wp-content/plugins/wpforms-lite/assets/lib/mailcheck.mincfa9.html]
[majestineglobal.com/wp-content/plugins/wpforms-lite/assets/lib/punycode.min8a54.html]
[majestineglobal.com/wp-content/plugins/wpforms-lite/assets/js/share/utils.min9c92.html]
[majestineglobal.com/wp-content/plugins/wpforms-lite/assets/js/frontend/wpforms.min9c92.html]
[majestineglobal.com/wp-content/plugins/wpforms-lite/assets/js/frontend/fields/address.min9c92.html]
[majestineglobal.com/wp-content/plugins/woocommerce/assets/fonts/WooCommerce.html]
[majestineglobal.com/wp-content/plugins/woocommerce/assets/fonts/WooCommerce-2.html]
[majestineglobal.com/wp-content/plugins/woocommerce/assets/fonts/WooCommerce-3.html]
[majestineglobal.com/wp-content/plugins/woocommerce/assets/images/icons/loader.html]
[majestineglobal.com/wp-content/plugins/woocommerce/assets/css/photoswipe/default-skin/default-skin.html]
[majestineglobal.com/wp-content/plugins/woocommerce/assets/css/photoswipe/default-skin/default-skin-2.html]
[majestineglobal.com/wp-content/plugins/woocommerce/assets/css/photoswipe/default-skin/preloader.html]
[majestineglobal.com/wp-content/plugins/elementor/assets/lib/eicons/fonts/eicons7241.html]
[majestineglobal.com/wp-content/plugins/elementor/assets/lib/eicons/fonts/eicons7241-2.html]
[majestineglobal.com/wp-content/plugins/elementor/assets/lib/eicons/fonts/eicons7241-3.html]
[majestineglobal.com/wp-content/plugins/elementor/assets/lib/eicons/fonts/eicons7241-4.html]
[majestineglobal.com/wp-content/plugins/elementor/assets/lib/eicons/fonts/eicons7241-5.html]
[majestineglobal.com/wp-content/plugins/elementor/assets/lib/font-awesome/webfonts/fa-brands-400.html]
[majestineglobal.com/wp-content/plugins/elementor/assets/lib/font-awesome/webfonts/fa-brands-400d41d.html]
[majestineglobal.com/wp-content/plugins/elementor/assets/lib/font-awesome/webfonts/fa-brands-401.html]
[majestineglobal.com/wp-content/plugins/elementor/assets/lib/font-awesome/webfonts/fa-brands-402.html]
[majestineglobal.com/wp-content/plugins/elementor/assets/lib/font-awesome/webfonts/fa-brands-403.html]
[majestineglobal.com/wp-content/plugins/elementor/assets/lib/font-awesome/webfonts/fa-brands-404.html]
[majestineglobal.com/wp-content/plugins/elementor/assets/lib/font-awesome/webfonts/fa-regular-400.html]
[majestineglobal.com/wp-content/plugins/elementor/assets/lib/font-awesome/webfonts/fa-regular-400d41d.html]
[majestineglobal.com/wp-content/plugins/elementor/assets/lib/font-awesome/webfonts/fa-regular-401.html]
[majestineglobal.com/wp-content/plugins/elementor/assets/lib/font-awesome/webfonts/fa-regular-402.html]
[majestineglobal.com/wp-content/plugins/elementor/assets/lib/font-awesome/webfonts/fa-regular-403.html]
[majestineglobal.com/wp-content/plugins/elementor/assets/lib/font-awesome/webfonts/fa-regular-404.html]
[majestineglobal.com/wp-content/plugins/elementor/assets/lib/font-awesome/webfonts/fa-solid-900.html]
[majestineglobal.com/wp-content/plugins/elementor/assets/lib/font-awesome/webfonts/fa-solid-900d41d.html]
[majestineglobal.com/wp-content/plugins/elementor/assets/lib/font-awesome/webfonts/fa-solid-901.html]
[majestineglobal.com/wp-content/plugins/elementor/assets/lib/font-awesome/webfonts/fa-solid-902.html]
[majestineglobal.com/wp-content/plugins/elementor/assets/lib/font-awesome/webfonts/fa-solid-903.html]
[majestineglobal.com/wp-content/plugins/elementor/assets/lib/font-awesome/webfonts/fa-solid-904.html]
[majestineglobal.com/wp-content/uploads/2025/04/footer-map.html]
[majestineglobal.com/wp-content/uploads/2025/04/EXPORT-IMPORT-10-scaled.html]
[majestineglobal.com/wp-content/uploads/2023/03/bg-hexa-line.html]
[majestineglobal.com/wp-content/plugins/elementskit-lite/widgets/init/assets/img/arrow.html]
[majestineglobal.com/wp-content/plugins/elementskit-lite/widgets/init/assets/img/sort_asc.html]
[majestineglobal.com/wp-content/plugins/elementskit-lite/widgets/init/assets/img/sort_desc.html]
[majestineglobal.com/wp-content/plugins/elementskit-lite/widgets/init/assets/img/sort_asc_disabled.html]
[majestineglobal.com/wp-content/plugins/elementskit-lite/widgets/init/assets/img/cross-out.html]
[majestineglobal.com/wp-content/plugins/elementskit-lite/modules/elementskit-icon-pack/assets/fonts/elementskit97ac.html]
[majestineglobal.com/+http_/www.google.com/bot.html]
[majestineglobal.com/Trident/index.html]
[majestineglobal.com/wp-content/plugins/elementor/assets/css/conditionals/shapes.min37de.html]
[majestineglobal.com/wp-content/uploads/elementor/css/post-103311c3.html]
[majestineglobal.com/wp-content/uploads/elementor/google-fonts/css/latod14b.html]
[majestineglobal.com/wp-json/wp/v2/pages/1033.html]
[majestineglobal.com/index8b2f.html]
[majestineglobal.com/wp-json/oembed/1.0/embedeb02.html]
[majestineglobal.com/wp-json/oembed/1.0/embed17da.html]
[majestineglobal.com/wp-content/uploads/2025/04/Home-5.html]
[majestineglobal.com/wp-content/uploads/premium-addons-elementor/pafe-7057654e.html]
[majestineglobal.com/wp-content/plugins/premium-addons-for-elementor/assets/frontend/min-css/liquid-glass.min5d20.html]
[majestineglobal.com/wp-content/plugins/premium-addons-for-elementor/assets/frontend/min-css/slick.min5d20.html]
[majestineglobal.com/wp-content/uploads/elementor/css/post-70572853.html]
[majestineglobal.com/wp-content/plugins/woocommerce/assets/js/flexslider/jquery.flexslider.minb871.html]
[majestineglobal.com/wp-json/wp/v2/pages/7057.html]
[majestineglobal.com/index456c.html]
[majestineglobal.com/wp-json/oembed/1.0/embed8c0a.html]
[majestineglobal.com/wp-json/oembed/1.0/embed88a9.html]
[majestineglobal.com/wp-content/uploads/2025/04/Painting.html]
[majestineglobal.com/wp-includes/css/dist/block-library/style.min32d4.css]
[majestineglobal.com/wp-content/plugins/woocommerce/assets/js/zoom/jquery.zoom.minc932.js]
[majestineglobal.com/wp-content/plugins/woocommerce/assets/js/photoswipe/photoswipe-ui-default.min354b.js]
[majestineglobal.com/wp-content/plugins/woocommerce/assets/js/frontend/single-product.minf607.js]
[majestineglobal.com/wp-json/wp/v2/product/7074.json]
[majestineglobal.com/wp-json/oembed/1.0/embed66b3.json]
[majestineglobal.com/wp-json/oembed/1.0/embeda889]
[majestineglobal.com/wp-content/uploads/2025/04/Warli-Painting-–-Maharashtra-300x300.jpg]
[majestineglobal.com/wp-content/uploads/2025/04/Kalamkari-–-Andhra-Pradesh-Telangana-300x300.jpg]
[majestineglobal.com/wp-content/uploads/2025/04/Madhubani-Painting-–-Bihar-300x300.jpg]
[majestineglobal.com/wp-content/plugins/product-enquiry-for-woocommerce/assets/common/images/contact/loading.gif]
[majestineglobal.com/product-category/paintings/index.html]
[cdn.jsdelivr.net/npm/fork-awesome@1.1.7/css/fork-awesome.min32d4.css]
[majestineglobal.com/wp-content/plugins/product-enquiry-for-woocommerce/assets/public/css/wdm-jquery-ui20f0.css]
[majestineglobal.com/wp-includes/js/jquery/ui/mouse.minb37e.js]
[majestineglobal.com/wp-includes/js/jquery/ui/resizable.minb37e.js]
[majestineglobal.com/wp-includes/js/jquery/ui/draggable.minb37e.js]
[majestineglobal.com/wp-includes/js/jquery/ui/controlgroup.minb37e.js]
[majestineglobal.com/wp-includes/js/jquery/ui/checkboxradio.minb37e.js]
[majestineglobal.com/wp-includes/js/jquery/ui/button.minb37e.js]
[majestineglobal.com/wp-includes/js/jquery/ui/dialog.minb37e.js]
[majestineglobal.com/wp-content/plugins/product-enquiry-for-woocommerce/assets/common/js/wdm_jquery.validate.min20f0.js]
[majestineglobal.com/product/gond-painting-madhya-pradesh/index.html]
[majestineglobal.com/wp-content/uploads/2025/04/Gond-Painting-–-Madhya-Pradesh.html]
[majestineglobal.com/product/madhubani-painting-bihar/index.html]
[majestineglobal.com/wp-content/uploads/2025/04/Madhubani-Painting-–-Bihar.html]
[majestineglobal.com/wp-content/plugins/product-enquiry-for-woocommerce/assets/public/js/enquiry_validate20f0.js]
[majestineglobal.com/wp-json/wp/v2/product/7068.json]
[majestineglobal.com/wp-json/oembed/1.0/embedaa26.json]
[majestineglobal.com/product/kalamkari-andhra-pradesh-telangana/index.html]
[majestineglobal.com/wp-content/uploads/2025/04/Kalamkari-–-Andhra-Pradesh-Telangana.html]
[majestineglobal.com/product/warli-painting-maharashtra/index.html]
[majestineglobal.com/wp-content/uploads/2025/04/Warli-Painting-–-Maharashtra.html]
[majestineglobal.com/wp-content/plugins/premium-addons-for-elementor/assets/frontend/min-js/isotope.min5d20.html]
[majestineglobal.com/wp-content/plugins/premium-addons-for-elementor/assets/frontend/min-js/slick.min5d20.html]
[majestineglobal.com/wp-includes/js/imagesloaded.minbb93.html]
[majestineglobal.com/wp-content/plugins/premium-addons-for-elementor/assets/frontend/min-js/premium-woo-products.min5d20.html]
[majestineglobal.com/wp-content/uploads/premium-addons-elementor/pafe-6158bb14.html]
[majestineglobal.com/wp-content/uploads/elementor/css/post-6158565f.html]
[majestineglobal.com/wp-json/wp/v2/pages/6158.html]
[majestineglobal.com/indexb2f2.html]
[majestineglobal.com/wp-json/oembed/1.0/embeddc9e.html]
[majestineglobal.com/wp-json/oembed/1.0/embedf231.html]
[majestineglobal.com/wp-content/uploads/2024/07/Vege.html]
[majestineglobal.com/product/tomato/index.html]
[majestineglobal.com/wp-content/uploads/2024/07/TOMATO.html]
[majestineglobal.com/product/green-chilli/index.html]
[majestineglobal.com/wp-content/uploads/2024/07/Green-Chilli.html]
[majestineglobal.com/product/potato/index.html]
[majestineglobal.com/wp-content/uploads/2024/07/potato.html]
[majestineglobal.com/product/onion/index.html]
[majestineglobal.com/wp-content/uploads/2024/07/Onion.html]
[majestineglobal.com/product/okra/index.html]
[majestineglobal.com/wp-content/uploads/2024/07/bhindi.html]
[majestineglobal.com/product/capsicum/index.html]
[majestineglobal.com/wp-content/uploads/2024/07/green-caps.html]
[majestineglobal.com/product/drumstick/index.html]
[majestineglobal.com/wp-content/uploads/2024/07/drumsticks-images.html]
[majestineglobal.com/product/lemon/index.html]
[majestineglobal.com/wp-content/uploads/2024/07/lemon.html]
[majestineglobal.com/product/ginger/index.html]
[majestineglobal.com/wp-content/uploads/2024/07/ginger.html]
[majestineglobal.com/product/cucumber/index.html]
[majestineglobal.com/wp-content/uploads/2024/07/cucumber.html]
[majestineglobal.com/product/green-peas/index.html]
[majestineglobal.com/wp-content/uploads/2024/07/green-peas.html]
[majestineglobal.com/product/spinach/index.html]
[majestineglobal.com/wp-content/uploads/2024/07/spinach.html]
[majestineglobal.com/product/carrot/index.html]
[majestineglobal.com/wp-content/uploads/2024/07/carrot.html]
[majestineglobal.com/product/brinjal/index.html]
[majestineglobal.com/wp-content/uploads/2024/07/brinjal.html]
[majestineglobal.com/product/beetroot/index.html]
[majestineglobal.com/wp-content/uploads/2024/07/beetroot.html]
[majestineglobal.com/product/cabbage/index.html]
[majestineglobal.com/wp-content/uploads/2024/07/cabage.html]
[majestineglobal.com/product/bottle-gourd/index.html]
[majestineglobal.com/wp-content/uploads/2024/07/dudhi.html]
[majestineglobal.com/product/cauliflower/index.html]
[majestineglobal.com/wp-content/uploads/2024/07/coli.html]
[majestineglobal.com/product/garlic/index.html]
[majestineglobal.com/wp-content/uploads/2024/07/garlic.html]
[majestineglobal.com/product/bitter-gourd/index.html]
[majestineglobal.com/wp-content/uploads/2024/07/karela.html]
[majestineglobal.com/product/curry-leaves/index.html]
[majestineglobal.com/wp-content/uploads/2024/07/curry-leave.html]
[majestineglobal.com/product/fenugreek/index.html]
[majestineglobal.com/wp-content/uploads/2024/07/fenugreek.html]
[majestineglobal.com/product/coriander/index.html]
[majestineglobal.com/wp-content/uploads/2024/07/coriander.html]
[majestineglobal.com/wp-content/uploads/premium-addons-elementor/pafe-61544448.html]
[majestineglobal.com/wp-content/uploads/elementor/css/post-6154a61a.html]
[majestineglobal.com/wp-json/wp/v2/pages/6154.html]
[majestineglobal.com/index84b8.html]
[majestineglobal.com/wp-json/oembed/1.0/embed4f9c.html]
[majestineglobal.com/wp-json/oembed/1.0/embed8989.html]
[majestineglobal.com/wp-content/uploads/2024/07/fruits-page.html]
[majestineglobal.com/product/apple/index.html]
[majestineglobal.com/wp-content/uploads/2024/07/apple.html]
[majestineglobal.com/product/grapes/index.html]
[majestineglobal.com/wp-content/uploads/2024/07/graps.html]
[majestineglobal.com/product/orange/index.html]
[majestineglobal.com/wp-content/uploads/2024/07/orange.html]
[majestineglobal.com/product/banana/index.html]
[majestineglobal.com/wp-content/uploads/2024/07/banana.html]
[majestineglobal.com/product/mango/index.html]
[majestineglobal.com/wp-content/uploads/2024/07/kesar.html]
[majestineglobal.com/product/pomegranate/index.html]
[majestineglobal.com/wp-content/uploads/2024/07/pomogrants.html]
[majestineglobal.com/product/muskmelon/index.html]
[majestineglobal.com/wp-content/uploads/2024/07/melon.html]
[majestineglobal.com/product/strawberry/index.html]
[majestineglobal.com/wp-content/uploads/2024/07/strawberry.html]
[majestineglobal.com/product/guava/index.html]
[majestineglobal.com/wp-content/uploads/2024/07/guava.html]
[majestineglobal.com/product/kiwi/index.html]
[majestineglobal.com/wp-content/uploads/2024/07/kiwi.html]
[majestineglobal.com/product/watermelon/index.html]
[majestineglobal.com/wp-content/uploads/2024/07/watermelon.html]
[majestineglobal.com/product/papaya/index.html]
[majestineglobal.com/wp-content/uploads/2024/07/papaiya.html]
[majestineglobal.com/product/pineapple/index.html]
[majestineglobal.com/wp-content/uploads/2024/07/pinapple.html]
[majestineglobal.com/product/fig/index.html]
[majestineglobal.com/wp-content/uploads/2024/07/fig.html]
[majestineglobal.com/product/lychee/index.html]
[majestineglobal.com/wp-content/uploads/2024/07/lychee.html]
[majestineglobal.com/product/chikoo/index.html]
[majestineglobal.com/wp-content/uploads/2024/07/chiku.html]
[majestineglobal.com/product/sweet-lemon/index.html]
[majestineglobal.com/wp-content/uploads/2024/07/Sweet-Lemon.html]
[majestineglobal.com/product/dragon-fruit/index.html]
[majestineglobal.com/wp-content/uploads/2024/07/Dragon-Fruit.html]
[majestineglobal.com/product/custard-apple/index.html]
[majestineglobal.com/wp-content/uploads/2024/07/Custard-Apple.html]
[majestineglobal.com/product/pear/index.html]
[majestineglobal.com/wp-content/uploads/2024/07/Pear.html]
[majestineglobal.com/wp-content/uploads/premium-addons-elementor/pafe-61606576.html]
[majestineglobal.com/wp-content/uploads/elementor/css/post-6160b122.html]
[majestineglobal.com/wp-json/wp/v2/pages/6160.html]
[majestineglobal.com/index17b8.html]
[majestineglobal.com/wp-json/oembed/1.0/embed1c90.html]
[majestineglobal.com/wp-json/oembed/1.0/embed9c41.html]
[majestineglobal.com/wp-content/uploads/2024/07/Millets-Page.html]
[majestineglobal.com/product/proso-millet/index.html]
[majestineglobal.com/wp-content/uploads/2024/07/PROSO-MILLET-BARAGU-BULK.html]
[majestineglobal.com/product/pearl-millet/index.html]
[majestineglobal.com/wp-content/uploads/2024/07/PEARL-MILLET-SAJJE-BULK.html]
[majestineglobal.com/product/little-millet/index.html]
[majestineglobal.com/wp-content/uploads/2024/07/LITTLE-MILLET-SAAME-BULK.html]
[majestineglobal.com/product/kodo-millet/index.html]
[majestineglobal.com/wp-content/uploads/2024/07/kodo-millet.html]
[majestineglobal.com/product/foxtail-millet/index.html]
[majestineglobal.com/wp-content/uploads/2024/07/Foxtail-Millet-1.html]
[majestineglobal.com/product/finger-millet-ragi/index.html]
[majestineglobal.com/wp-content/uploads/2024/07/FINGER-MILLET-RAGI-BULK.html]
[majestineglobal.com/product/browntop-millet/index.html]
[majestineglobal.com/wp-content/uploads/2024/07/Browntop-Millet.html]
[majestineglobal.com/product/barnyard-millet-udalu/index.html]
[majestineglobal.com/wp-content/uploads/2024/07/Barnyard-Millet-Udalu.html]
[majestineglobal.com/wp-content/uploads/premium-addons-elementor/pafe-673657a8.html]
[majestineglobal.com/wp-content/uploads/elementor/css/post-6736fc0d.html]
[majestineglobal.com/wp-json/wp/v2/pages/6736.html]
[majestineglobal.com/indexd6f8.html]
[majestineglobal.com/wp-json/oembed/1.0/embed88d8.html]
[majestineglobal.com/wp-json/oembed/1.0/embed2128.html]
[majestineglobal.com/wp-content/uploads/2025/04/—Pngtree—bowl-of-ground-spices_19523565-1024x1024.html]
[majestineglobal.com/product/black-pepper-powder/index.html]
[majestineglobal.com/wp-content/uploads/2025/04/Black-Pepper-Powder.html]
[majestineglobal.com/product/black-pepper/index.html]
[majestineglobal.com/wp-content/uploads/2025/04/Black-Pepper.html]
[majestineglobal.com/product/cardamom/index.html]
[majestineglobal.com/wp-content/uploads/2025/04/Cardamom.html]
[majestineglobal.com/product/cinnamon-powder/index.html]
[majestineglobal.com/wp-content/uploads/2025/04/Cinnamon-Powder.html]
[majestineglobal.com/product/cinnamon/index.html]
[majestineglobal.com/wp-content/uploads/2025/04/Cinnamon.html]
[majestineglobal.com/product/clove-powder/index.html]
[majestineglobal.com/wp-content/uploads/2025/04/Clove-Powder.html]
[majestineglobal.com/product/cloves/index.html]
[majestineglobal.com/wp-content/uploads/2025/04/Cloves.html]
[majestineglobal.com/product/coriander-powder/index.html]
[majestineglobal.com/wp-content/uploads/2025/04/Coriander-Powder.html]
[majestineglobal.com/product/coriander-2/index.html]
[majestineglobal.com/wp-content/uploads/2025/04/Coriander.html]
[majestineglobal.com/product/cumin-seed/index.html]
[majestineglobal.com/wp-content/uploads/2025/04/Cumin-Seed.html]
[majestineglobal.com/product/dry-ginger-powder/index.html]
[majestineglobal.com/wp-content/uploads/2025/04/Dry-Ginger-Powder.html]
[majestineglobal.com/product/fennel/index.html]
[majestineglobal.com/wp-content/uploads/2025/04/Fennel.html]
[majestineglobal.com/product/fenugreek-seeds/index.html]
[majestineglobal.com/wp-content/uploads/2025/04/Fenugreek-Seeds.html]
[majestineglobal.com/product/garam-masala/index.html]
[majestineglobal.com/wp-content/uploads/2025/04/Garam-Masala.html]
[majestineglobal.com/product/garlic-powder/index.html]
[majestineglobal.com/wp-content/uploads/2025/04/Garlic-Powder.html]
[majestineglobal.com/product/ginger-powder/index.html]
[majestineglobal.com/wp-content/uploads/2025/04/Ginger-Powder.html]
[majestineglobal.com/product/ginger-2/index.html]
[majestineglobal.com/wp-content/uploads/2025/04/ginger.html]
[majestineglobal.com/product/green-chilli-powder/index.html]
[majestineglobal.com/wp-content/uploads/2025/04/Green-Chilli-Powder.html]
[majestineglobal.com/product/mace/index.html]
[majestineglobal.com/wp-content/uploads/2025/04/Mace.html]
[majestineglobal.com/product/mustard-seeds/index.html]
[majestineglobal.com/wp-content/uploads/2025/04/Mustard-Seeds.html]
[majestineglobal.com/product/nutmeg/index.html]
[majestineglobal.com/wp-content/uploads/2025/04/Nutmeg.html]
[majestineglobal.com/product/red-chilli-powder/index.html]
[majestineglobal.com/wp-content/uploads/2025/04/Red-Chilli-Powder.html]
[majestineglobal.com/product/saffron/index.html]
[majestineglobal.com/wp-content/uploads/2025/04/Saffron.html]
[majestineglobal.com/product/star-anise/index.html]
[majestineglobal.com/wp-content/uploads/2025/04/Star-Anise.html]
[majestineglobal.com/product/turmeric-powder/index.html]
[majestineglobal.com/wp-content/uploads/2025/04/Turmeric-Powder.html]
[majestineglobal.com/product/turmeric/index.html]
[majestineglobal.com/wp-content/uploads/2025/04/Turmeric.html]
[majestineglobal.com/wp-content/uploads/elementor/css/post-6959f6d9.html]
[majestineglobal.com/wp-json/wp/v2/pages/6959.html]
[majestineglobal.com/index21d7.html]
[majestineglobal.com/wp-json/oembed/1.0/embedeebd.html]
[majestineglobal.com/wp-json/oembed/1.0/embeddb64.html]
[majestineglobal.com/wp-content/uploads/2025/04/makhana.html]
[majestineglobal.com/wp-content/uploads/premium-addons-elementor/pafe-6747e24e.html]
[majestineglobal.com/wp-content/uploads/elementor/css/post-67475e7e.html]
[majestineglobal.com/wp-json/wp/v2/pages/6747.html]
[majestineglobal.com/index8d0d.html]
[majestineglobal.com/wp-json/oembed/1.0/embedb3cb.html]
[majestineglobal.com/wp-json/oembed/1.0/embed7d24.html]
[majestineglobal.com/wp-content/uploads/2025/04/Dehydrated-Products-main.html]
[majestineglobal.com/product/dehydrated-potato/index.html]
[majestineglobal.com/wp-content/uploads/2025/04/Dehydrated-Potato.html]
[majestineglobal.com/product-category/dehydrated-products/index.html]
[majestineglobal.com/product/dehydrated-garlic/index.html]
[majestineglobal.com/wp-content/uploads/2025/04/Dehydrated-Garlic.html]
[majestineglobal.com/product/dehydrated-carrot/index.html]
[majestineglobal.com/wp-content/uploads/2025/04/Dehydrated-carrot.html]
[majestineglobal.com/product/dehydrated-ccabbage/index.html]
[majestineglobal.com/wp-content/uploads/2025/04/Dehydrated-cabbage.html]
[majestineglobal.com/wp-includes/css/dist/block-library/style.min32d4.css]
[majestineglobal.com/wp-content/plugins/woocommerce/assets/js/zoom/jquery.zoom.minc932.js]
[majestineglobal.com/wp-content/plugins/woocommerce/assets/js/photoswipe/photoswipe-ui-default.min354b.js]
[majestineglobal.com/wp-content/plugins/woocommerce/assets/js/frontend/single-product.minf607.js]
[majestineglobal.com/indexae13.html]
[majestineglobal.com/product-category/paintings/index.html]
[cdn.jsdelivr.net/npm/fork-awesome@1.1.7/css/fork-awesome.min32d4.css]
[majestineglobal.com/wp-content/plugins/product-enquiry-for-woocommerce/assets/public/css/wdm-jquery-ui20f0.css]
[majestineglobal.com/wp-includes/js/jquery/ui/mouse.minb37e.js]
[majestineglobal.com/wp-includes/js/jquery/ui/resizable.minb37e.js]
[majestineglobal.com/wp-includes/js/jquery/ui/draggable.minb37e.js]
[majestineglobal.com/wp-includes/js/jquery/ui/controlgroup.minb37e.js]
[majestineglobal.com/wp-includes/js/jquery/ui/checkboxradio.minb37e.js]
[majestineglobal.com/wp-includes/js/jquery/ui/button.minb37e.js]
[majestineglobal.com/wp-includes/js/jquery/ui/dialog.minb37e.js]
[majestineglobal.com/wp-content/plugins/product-enquiry-for-woocommerce/assets/common/js/wdm_jquery.validate.min20f0.js]
[majestineglobal.com/wp-content/plugins/product-enquiry-for-woocommerce/assets/public/js/enquiry_validate20f0.js]
[majestineglobal.com/index541a.html]
[majestineglobal.com/wp-json/oembed/1.0/embed7696.html]
[majestineglobal.com/wp-content/uploads/2025/04/Gond-Painting-–-Madhya-Pradesh-300x300.html]
[majestineglobal.com/wp-json/wp/v2/product/7062.html]
[majestineglobal.com/indexff54.html]
[majestineglobal.com/wp-json/oembed/1.0/embed8bbb.html]
[majestineglobal.com/wp-json/oembed/1.0/embedcd8f.html]
[majestineglobal.com/wp-json/wp/v2/product/6406.html]
[majestineglobal.com/indexde02.html]
[majestineglobal.com/wp-json/oembed/1.0/embedde93.html]
[majestineglobal.com/wp-json/oembed/1.0/embed324c.html]
[majestineglobal.com/product-category/vegetables/index.html]
[majestineglobal.com/wp-content/uploads/2024/07/cabage-300x300.html]
[majestineglobal.com/wp-content/uploads/2024/07/Green-Chilli-300x300.html]
[majestineglobal.com/wp-content/uploads/2024/07/ginger-300x300.html]
[majestineglobal.com/wp-json/wp/v2/product/6404.html]
[majestineglobal.com/indexe5e8.html]
[majestineglobal.com/wp-json/oembed/1.0/embed018c.html]
[majestineglobal.com/wp-json/oembed/1.0/embedd297.html]
[majestineglobal.com/wp-content/uploads/2024/07/beetroot-300x300.html]
[majestineglobal.com/wp-content/uploads/2024/07/coriander-300x300.html]
[majestineglobal.com/wp-content/uploads/2024/07/dudhi-300x300.html]
[majestineglobal.com/wp-json/wp/v2/product/6384.html]
[majestineglobal.com/index7584.html]
[majestineglobal.com/wp-json/oembed/1.0/embed8102.html]
[majestineglobal.com/wp-json/oembed/1.0/embed96d6.html]
[majestineglobal.com/product-category/fresh-fruits/index.html]
[majestineglobal.com/wp-content/uploads/2024/07/Sweet-Lemon-300x300.html]
[majestineglobal.com/wp-content/uploads/2024/07/strawberry-300x300.html]
[majestineglobal.com/wp-content/uploads/2024/07/pinapple-300x300.html]
[majestineglobal.com/wp-json/wp/v2/product/6389.html]
[majestineglobal.com/index5410.html]
[majestineglobal.com/wp-json/oembed/1.0/embed4af1.html]
[majestineglobal.com/wp-json/oembed/1.0/embed5639.html]
[majestineglobal.com/wp-content/uploads/2024/07/kiwi-300x300.html]
[majestineglobal.com/wp-content/uploads/2024/07/lychee-300x300.html]
[majestineglobal.com/wp-content/uploads/2024/07/Dragon-Fruit-300x300.html]
[majestineglobal.com/wp-json/wp/v2/product/6391.html]
[majestineglobal.com/index9c8e.html]
[majestineglobal.com/wp-json/oembed/1.0/embed3383.html]
[majestineglobal.com/wp-json/oembed/1.0/embed86d1.html]
[majestineglobal.com/wp-content/uploads/2024/07/kesar-300x300.html]
[majestineglobal.com/wp-json/wp/v2/product/6394.html]
[majestineglobal.com/index084f.html]
[majestineglobal.com/wp-json/oembed/1.0/embed3044.html]
[majestineglobal.com/wp-json/oembed/1.0/embed64ba.html]
[majestineglobal.com/wp-content/uploads/2024/07/Pear-300x300.html]
[majestineglobal.com/wp-content/uploads/2024/07/guava-300x300.html]
[majestineglobal.com/wp-json/wp/v2/product/6352.html]
[majestineglobal.com/index9a2f.html]
[majestineglobal.com/wp-json/oembed/1.0/embed97c3.html]
[majestineglobal.com/wp-json/oembed/1.0/embed2b57.html]
[majestineglobal.com/wp-content/uploads/2024/07/PROSO-MILLET-BARAGU-BULK-600x600.html]
[majestineglobal.com/product-category/millet/index.html]
[majestineglobal.com/wp-content/uploads/2024/07/Barnyard-Millet-Udalu-300x300.html]
[majestineglobal.com/wp-content/uploads/2024/07/PEARL-MILLET-SAJJE-BULK-300x300.html]
[majestineglobal.com/wp-content/uploads/2024/07/Foxtail-Millet-1-300x300.html]
[majestineglobal.com/wp-json/wp/v2/product/6353.html]
[majestineglobal.com/index1790.html]
[majestineglobal.com/wp-json/oembed/1.0/embedfebe.html]
[majestineglobal.com/wp-json/oembed/1.0/embed9c87.html]
[majestineglobal.com/wp-content/uploads/2024/07/PEARL-MILLET-SAJJE-BULK-600x600.html]
[majestineglobal.com/wp-content/uploads/2024/07/kodo-millet-300x300.html]
[majestineglobal.com/wp-json/wp/v2/product/6354.html]
[majestineglobal.com/indexcc26.html]
[majestineglobal.com/wp-json/oembed/1.0/embedd627.html]
[majestineglobal.com/wp-json/oembed/1.0/embeda12d.html]
[majestineglobal.com/wp-content/uploads/2024/07/PROSO-MILLET-BARAGU-BULK-300x300.html]
[majestineglobal.com/wp-content/uploads/2024/07/FINGER-MILLET-RAGI-BULK-300x300.html]
[majestineglobal.com/wp-json/wp/v2/product/6355.html]
[majestineglobal.com/index3fcf.html]
[majestineglobal.com/wp-json/oembed/1.0/embed4492.html]
[majestineglobal.com/wp-json/oembed/1.0/embedc0da.html]
[majestineglobal.com/wp-content/uploads/2024/07/LITTLE-MILLET-SAAME-BULK-300x300.html]
[majestineglobal.com/wp-json/wp/v2/product/6356.html]
[majestineglobal.com/indexa7c7.html]
[majestineglobal.com/wp-json/oembed/1.0/embed2435.html]
[majestineglobal.com/wp-json/oembed/1.0/embed5135.html]
[majestineglobal.com/wp-content/uploads/2024/07/Foxtail-Millet-1-600x600.html]
[majestineglobal.com/wp-content/uploads/2024/07/Browntop-Millet-300x300.html]
[majestineglobal.com/wp-json/wp/v2/product/6357.html]
[majestineglobal.com/index20d7.html]
[majestineglobal.com/wp-json/oembed/1.0/embedc66a.html]
[majestineglobal.com/wp-json/oembed/1.0/embedd5a8.html]
[majestineglobal.com/wp-json/wp/v2/product/6358.html]
[majestineglobal.com/index0f08.html]
[majestineglobal.com/wp-json/oembed/1.0/embed441a.html]
[majestineglobal.com/wp-json/oembed/1.0/embedcbf4.html]
[majestineglobal.com/wp-content/uploads/2024/07/Browntop-Millet-600x600.html]
[majestineglobal.com/wp-json/wp/v2/product/6359.html]
[majestineglobal.com/index369e.html]
[majestineglobal.com/wp-json/oembed/1.0/embed9117.html]
[majestineglobal.com/wp-json/oembed/1.0/embedec78.html]
[majestineglobal.com/wp-json/wp/v2/product/6653.html]
[majestineglobal.com/indexae32.html]
[majestineglobal.com/wp-json/oembed/1.0/embed956d.html]
[majestineglobal.com/wp-json/oembed/1.0/embedebae.html]
[majestineglobal.com/product-category/spices/index.html]
[majestineglobal.com/wp-content/uploads/2025/04/Cinnamon-Powder-300x300.html]
[majestineglobal.com/wp-content/uploads/2025/04/Ginger-Powder-300x300.html]
[majestineglobal.com/wp-content/uploads/2025/04/Coriander-300x300.html]
[majestineglobal.com/wp-json/wp/v2/product/6650.html]
[majestineglobal.com/index8f5a.html]
[majestineglobal.com/wp-json/oembed/1.0/embed361a.html]
[majestineglobal.com/wp-json/oembed/1.0/embed265b.html]
[majestineglobal.com/wp-content/uploads/2025/04/Garam-Masala-300x300.html]
[majestineglobal.com/wp-content/uploads/2025/04/Star-Anise-300x300.html]
[majestineglobal.com/wp-json/wp/v2/product/6647.html]
[majestineglobal.com/indexa724.html]
[majestineglobal.com/wp-json/oembed/1.0/embed7d06.html]
[majestineglobal.com/wp-json/oembed/1.0/embed04da.html]
[majestineglobal.com/wp-content/uploads/2025/04/Cinnamon-300x300.html]
[majestineglobal.com/wp-content/uploads/2025/04/Garlic-Powder-300x300.html]
[majestineglobal.com/wp-content/uploads/2025/04/Green-Chilli-Powder-300x300.html]
[majestineglobal.com/wp-json/wp/v2/product/6643.html]
[majestineglobal.com/index3568.html]
[majestineglobal.com/wp-json/oembed/1.0/embeddeb2.html]
[majestineglobal.com/wp-json/oembed/1.0/embed9af7.html]
[majestineglobal.com/wp-json/wp/v2/product/6640.html]
[majestineglobal.com/index2711.html]
[majestineglobal.com/wp-json/oembed/1.0/embed1a9b.html]
[majestineglobal.com/wp-json/oembed/1.0/embed5ed0.html]
[majestineglobal.com/wp-content/uploads/2025/04/Turmeric-Powder-300x300.html]
[majestineglobal.com/wp-content/uploads/2025/04/Cumin-Seed-300x300.html]
[majestineglobal.com/wp-content/uploads/2025/04/Clove-Powder-300x300.html]
[majestineglobal.com/wp-json/wp/v2/product/6637.html]
[majestineglobal.com/indexc67f.html]
[majestineglobal.com/wp-json/oembed/1.0/embedc453.html]
[majestineglobal.com/wp-json/oembed/1.0/embed9f8e.html]
[majestineglobal.com/wp-content/uploads/2025/04/Nutmeg-300x300.html]
[majestineglobal.com/wp-content/uploads/2025/04/Cardamom-300x300.html]
[majestineglobal.com/wp-content/uploads/2025/04/Cloves-300x300.html]
[majestineglobal.com/wp-json/wp/v2/product/6634.html]
[majestineglobal.com/indexd4b3.html]
[majestineglobal.com/wp-json/oembed/1.0/embedbcca.html]
[majestineglobal.com/wp-json/oembed/1.0/embedfbb7.html]
[majestineglobal.com/wp-content/uploads/2025/04/Mace-300x300.html]
[majestineglobal.com/wp-content/uploads/2025/04/Mustard-Seeds-300x300.html]
[majestineglobal.com/wp-json/wp/v2/product/6631.html]
[majestineglobal.com/indexf9e2.html]
[majestineglobal.com/wp-json/oembed/1.0/embed7df8.html]
[majestineglobal.com/wp-json/oembed/1.0/embed8d33.html]
[majestineglobal.com/wp-content/uploads/2025/04/Saffron-300x300.html]
[majestineglobal.com/wp-json/wp/v2/product/6628.html]
[majestineglobal.com/index57fd.html]
[majestineglobal.com/wp-json/oembed/1.0/embedb249.html]
[majestineglobal.com/wp-json/oembed/1.0/embed8cf2.html]
[majestineglobal.com/wp-json/wp/v2/product/6625.html]
[majestineglobal.com/index428a.html]
[majestineglobal.com/wp-json/oembed/1.0/embedc721.html]
[majestineglobal.com/wp-json/oembed/1.0/embedc2d6.html]
[majestineglobal.com/wp-json/wp/v2/product/6622.html]
[majestineglobal.com/index73c6.html]
[majestineglobal.com/wp-json/oembed/1.0/embed52c2.html]
[majestineglobal.com/wp-json/oembed/1.0/embede286.html]
[majestineglobal.com/wp-content/uploads/2025/04/Red-Chilli-Powder-300x300.html]
[majestineglobal.com/wp-json/wp/v2/product/6619.html]
[majestineglobal.com/indexc393.html]
[majestineglobal.com/wp-json/oembed/1.0/embede971.html]
[majestineglobal.com/wp-json/oembed/1.0/embed9aca.html]
[majestineglobal.com/wp-content/uploads/2025/04/Coriander-Powder-300x300.html]
[majestineglobal.com/wp-json/wp/v2/product/6616.html]
[majestineglobal.com/indexc7ff.html]
[majestineglobal.com/wp-json/oembed/1.0/embeddfa6.html]
[majestineglobal.com/wp-json/oembed/1.0/embed72ba.html]
[majestineglobal.com/wp-json/wp/v2/product/6613.html]
[majestineglobal.com/index51ed.html]
[majestineglobal.com/wp-json/oembed/1.0/embedf639.html]
[majestineglobal.com/wp-json/oembed/1.0/embedc1e3.html]
[majestineglobal.com/wp-json/wp/v2/product/6610.html]
[majestineglobal.com/index95e8.html]
[majestineglobal.com/wp-json/oembed/1.0/embedd7d3.html]
[majestineglobal.com/wp-json/oembed/1.0/embed2e39.html]
[majestineglobal.com/wp-content/uploads/2025/04/Fennel-300x300.html]
[majestineglobal.com/wp-content/uploads/2025/04/ginger-300x300.html]
[majestineglobal.com/wp-json/wp/v2/product/6607.html]
[majestineglobal.com/index4347.html]
[majestineglobal.com/wp-json/oembed/1.0/embed70dd.html]
[majestineglobal.com/wp-json/oembed/1.0/embed8386.html]
[majestineglobal.com/wp-json/wp/v2/product/6604.html]
[majestineglobal.com/index428d.html]
[majestineglobal.com/wp-json/oembed/1.0/embedb817.html]
[majestineglobal.com/wp-json/oembed/1.0/embed88d9.html]
[majestineglobal.com/wp-json/wp/v2/product/6601.html]
[majestineglobal.com/index86d7.html]
[majestineglobal.com/wp-json/oembed/1.0/embed1bf9.html]
[majestineglobal.com/wp-json/oembed/1.0/embeda296.html]
[majestineglobal.com/wp-content/uploads/2025/04/Turmeric-300x300.html]
[majestineglobal.com/wp-json/wp/v2/product/6598.html]
[majestineglobal.com/index3abc.html]
[majestineglobal.com/wp-json/oembed/1.0/embed82b2.html]
[majestineglobal.com/wp-json/oembed/1.0/embeda50d.html]
[majestineglobal.com/wp-content/uploads/2025/04/Fenugreek-Seeds-300x300.html]
[majestineglobal.com/wp-json/wp/v2/product/6595.html]
[majestineglobal.com/index3ef3.html]
[majestineglobal.com/wp-json/oembed/1.0/embedbc85.html]
[majestineglobal.com/wp-json/oembed/1.0/embed04a9.html]
[majestineglobal.com/wp-json/wp/v2/product/6592.html]
[majestineglobal.com/indexee62.html]
[majestineglobal.com/wp-json/oembed/1.0/embed18c7.html]
[majestineglobal.com/wp-json/oembed/1.0/embed5249.html]
[majestineglobal.com/wp-json/wp/v2/product/6589.html]
[majestineglobal.com/indexc78f.html]
[majestineglobal.com/wp-json/oembed/1.0/embed2866.html]
[majestineglobal.com/wp-json/oembed/1.0/embedf9b8.html]
[majestineglobal.com/wp-json/wp/v2/product/6586.html]
[majestineglobal.com/index1cc8.html]
[majestineglobal.com/wp-json/oembed/1.0/embed60f5.html]
[majestineglobal.com/wp-json/oembed/1.0/embed5ae5.html]
[majestineglobal.com/wp-json/wp/v2/product/6583.html]
[majestineglobal.com/index9bb3.html]
[majestineglobal.com/wp-json/oembed/1.0/embed5f05.html]
[majestineglobal.com/wp-json/oembed/1.0/embeda0c8.html]
[majestineglobal.com/wp-json/wp/v2/product/6580.html]
[majestineglobal.com/index3ffe.html]
[majestineglobal.com/wp-json/oembed/1.0/embed0a8f.html]
[majestineglobal.com/wp-json/oembed/1.0/embed4489.html]
[majestineglobal.com/wp-json/wp/v2/product/6577.html]
[majestineglobal.com/indexb897.html]
[majestineglobal.com/wp-json/oembed/1.0/embed6075.html]
[majestineglobal.com/wp-json/oembed/1.0/embedc67f.html]
[majestineglobal.com/wp-json/wp/v2/product/6665.html]
[majestineglobal.com/index92ae.html]
[majestineglobal.com/wp-json/oembed/1.0/embed4274.html]
[majestineglobal.com/wp-json/oembed/1.0/embedd12e.html]
[majestineglobal.com/product-category/dehydrated-products/index.html]
[majestineglobal.com/wp-content/uploads/2025/04/Dehydrated-Garlic-300x300.html]
[majestineglobal.com/wp-content/uploads/2025/04/Dehydrated-carrot-300x300.html]
[majestineglobal.com/wp-content/uploads/2025/04/Dehydrated-cabbage-300x300.html]
[majestineglobal.com/wp-json/wp/v2/product/6662.html]
[majestineglobal.com/index7c81.html]
[majestineglobal.com/wp-json/oembed/1.0/embedc243.html]
[majestineglobal.com/wp-json/oembed/1.0/embedec45.html]
[majestineglobal.com/wp-content/uploads/2025/04/Dehydrated-Potato-300x300.html]
[majestineglobal.com/wp-json/wp/v2/product/6659.html]
[majestineglobal.com/index727c.html]
[majestineglobal.com/wp-json/oembed/1.0/embed1572.html]
[majestineglobal.com/wp-json/oembed/1.0/embed5811.html]
[majestineglobal.com/wp-json/wp/v2/product/6656.html]
[majestineglobal.com/indexb1cf.html]
[majestineglobal.com/wp-json/oembed/1.0/embed924a.html]
[majestineglobal.com/wp-json/oembed/1.0/embed3e71.html]
[majestineglobal.com/product-category/paintings/feed/index.html]
[majestineglobal.com/wp-json/wp/v2/product_cat/93.html]
[majestineglobal.com/wp-content/plugins/product-enquiry-for-woocommerce/assets/public/images/ui-bg_glass_65_ffffff_1x400.html]
[majestineglobal.com/wp-content/plugins/product-enquiry-for-woocommerce/assets/public/images/ui-bg_glass_55_fbf9ee_1x400.html]
[majestineglobal.com/wp-content/plugins/product-enquiry-for-woocommerce/assets/public/images/ui-bg_glass_95_fef1ec_1x400.html]
[majestineglobal.com/wp-content/plugins/product-enquiry-for-woocommerce/assets/public/images/ui-icons_222222_256x240.html]
[majestineglobal.com/wp-content/plugins/product-enquiry-for-woocommerce/assets/public/images/ui-icons_454545_256x240.html]
[majestineglobal.com/wp-content/plugins/product-enquiry-for-woocommerce/assets/public/images/ui-icons_2e83ff_256x240.html]
[majestineglobal.com/wp-content/plugins/product-enquiry-for-woocommerce/assets/public/images/ui-icons_cd0a0a_256x240.html]
[majestineglobal.com/wp-content/plugins/product-enquiry-for-woocommerce/assets/public/images/ui-bg_flat_0_aaaaaa_40x100.html]
[majestineglobal.com/wp-content/plugins/product-enquiry-for-woocommerce/assets/public/images/close.html]
[majestineglobal.com/product-category/dehydrated-products/feed/index.html]
[majestineglobal.com/wp-json/wp/v2/product_cat/88.html]
