[bracketweb.com/visanet-html/index-3.html]
[backblue.gif]
[fade.gif]
[index.html]
[bracketweb.com/visanet-html/assets/images/favicons/apple-touch-icon.png]
[bracketweb.com/visanet-html/assets/images/favicons/favicon-32x32.png]
[bracketweb.com/visanet-html/assets/images/favicons/favicon-16x16.png]
[bracketweb.com/visanet-html/assets/images/favicons/site.webmanifest]
[bracketweb.com/visanet-html/assets/vendors/bootstrap/css/bootstrap.min.css]
[bracketweb.com/visanet-html/assets/vendors/bootstrap-select/bootstrap-select.min.css]
[bracketweb.com/visanet-html/assets/vendors/aos/css/aos.css]
[bracketweb.com/visanet-html/assets/vendors/fontawesome/css/all.min.css]
[bracketweb.com/visanet-html/assets/vendors/jquery-ui/jquery-ui.css]
[bracketweb.com/visanet-html/assets/vendors/jarallax/jarallax.css]
[bracketweb.com/visanet-html/assets/vendors/jquery-magnific-popup/jquery.magnific-popup.css]
[bracketweb.com/visanet-html/assets/vendors/visanet-icons/style.css]
[bracketweb.com/visanet-html/assets/vendors/daterangepicker-master/daterangepicker.css]
[bracketweb.com/visanet-html/assets/vendors/slick/slick.css]
[bracketweb.com/visanet-html/assets/vendors/owl-carousel/css/owl.carousel.min.css]
[bracketweb.com/visanet-html/assets/vendors/owl-carousel/css/owl.theme.default.min.css]
[bracketweb.com/visanet-html/assets/images/loader.png]
[bracketweb.com/visanet-html/assets/css/visanet.css]
[bracketweb.com/visanet-html/index.html]
[bracketweb.com/visanet-html/assets/images/logo-dark.png]
[bracketweb.com/visanet-html/assets/images/visanet-landing/home-1.jpg]
[bracketweb.com/visanet-html/index-one-page.html]
[bracketweb.com/visanet-html/assets/images/visanet-landing/home-2.jpg]
[bracketweb.com/visanet-html/index-2.html]
[bracketweb.com/visanet-html/index-2-one-page.html]
[bracketweb.com/visanet-html/assets/images/visanet-landing/home-3.jpg]
[bracketweb.com/visanet-html/index-3-one-page.html]
[bracketweb.com/visanet-html/assets/images/visanet-landing/home-4.jpg]
[bracketweb.com/visanet-html/index-4.html]
[bracketweb.com/visanet-html/index-4-one-page.html]
[bracketweb.com/visanet-html/assets/images/visanet-landing/home-5.jpg]
[bracketweb.com/visanet-html/index-5.html]
[bracketweb.com/visanet-html/index-5-one-page.html]
[bracketweb.com/visanet-html/assets/images/visanet-landing/home-boxed.jpg]
[bracketweb.com/visanet-html/index-boxed.html]
[bracketweb.com/visanet-html/assets/images/visanet-landing/home-rtl.jpg]
[bracketweb.com/visanet-html/index-rtl.html]
[bracketweb.com/visanet-html/about.html]
[bracketweb.com/visanet-html/visa.html]
[bracketweb.com/visanet-html/visa-3.html]
[bracketweb.com/visanet-html/visa-2.html]
[bracketweb.com/visanet-html/visa-4.html]
[bracketweb.com/visanet-html/visa-carousel.html]
[bracketweb.com/visanet-html/visa-carousel-2.html]
[bracketweb.com/visanet-html/visa-carousel-3.html]
[bracketweb.com/visanet-html/visa-carousel-4.html]
[bracketweb.com/visanet-html/visa-d-business-visa.html]
[bracketweb.com/visanet-html/visa-d-visa-processing.html]
[bracketweb.com/visanet-html/visa-d-immigration-visa.html]
[bracketweb.com/visanet-html/visa-d-family-visa.html]
[bracketweb.com/visanet-html/visa-d-students-visa.html]
[bracketweb.com/visanet-html/visa-d-travel-visa.html]
[bracketweb.com/visanet-html/team.html]
[bracketweb.com/visanet-html/team-carousel.html]
[bracketweb.com/visanet-html/team-details.html]
[bracketweb.com/visanet-html/training.html]
[bracketweb.com/visanet-html/training-carousel.html]
[bracketweb.com/visanet-html/training-details.html]
[bracketweb.com/visanet-html/countries.html]
[bracketweb.com/visanet-html/countries-details.html]
[bracketweb.com/visanet-html/testimonials.html]
[bracketweb.com/visanet-html/testimonials-carousel.html]
[bracketweb.com/visanet-html/gallery.html]
[bracketweb.com/visanet-html/gallery-filter.html]
[bracketweb.com/visanet-html/gallery-grid.html]
[bracketweb.com/visanet-html/gallery-carousel.html]
[bracketweb.com/visanet-html/faq.html]
[bracketweb.com/visanet-html/404.html]
[bracketweb.com/visanet-html/products.html]
[bracketweb.com/visanet-html/products-left.html]
[bracketweb.com/visanet-html/products-right.html]
[bracketweb.com/visanet-html/products-carousel.html]
[bracketweb.com/visanet-html/product-details.html]
[bracketweb.com/visanet-html/cart.html]
[bracketweb.com/visanet-html/checkout.html]
[bracketweb.com/visanet-html/blog-grid.html]
[bracketweb.com/visanet-html/blog-grid-left.html]
[bracketweb.com/visanet-html/blog-grid-right.html]
[bracketweb.com/visanet-html/blog-grid-2.html]
[bracketweb.com/visanet-html/blog-grid-2-left.html]
[bracketweb.com/visanet-html/blog-grid-2-right.html]
[bracketweb.com/visanet-html/blog-list.html]
[bracketweb.com/visanet-html/blog-list-left.html]
[bracketweb.com/visanet-html/blog-list-right.html]
[bracketweb.com/visanet-html/blog-carousel.html]
[bracketweb.com/visanet-html/blog-carousel-2.html]
[bracketweb.com/visanet-html/blog-details.html]
[bracketweb.com/visanet-html/blog-details-left.html]
[bracketweb.com/visanet-html/blog-details-right.html]
[bracketweb.com/visanet-html/contact.html]
[bracketweb.com/visanet-html/assets/images/backgrounds/hero-slider-bg-3-1.jpg]
[bracketweb.com/visanet-html/assets/images/shapes/hero-slider-shape-3-3.png]
[bracketweb.com/visanet-html/assets/images/shapes/hero-slider-shape-3-1.png]
[bracketweb.com/visanet-html/assets/images/shapes/hero-slider-shape-3-2.png]
[bracketweb.com/visanet-html/assets/images/backgrounds/hero-slider-bg-3-2.jpg]
[bracketweb.com/visanet-html/assets/images/backgrounds/hero-slider-bg-3-3.jpg]
[bracketweb.com/visanet-html/assets/images/about/about-3-1.jpg]
[bracketweb.com/visanet-html/assets/images/about/about-3-2.jpg]
[bracketweb.com/visanet-html/assets/images/shapes/about-shape-3-1.png]
[bracketweb.com/visanet-html/assets/images/about/about-1-1.jpg]
[bracketweb.com/visanet-html/assets/images/about/about-3-3.jpg]
[bracketweb.com/visanet-html/assets/images/shapes/about-shape-3-2.png]
[bracketweb.com/visanet-html/assets/images/shapes/slide-text-shape.png]
[bracketweb.com/visanet-html/assets/images/shapes/slide-text-shape-hover.png]
[bracketweb.com/visanet-html/assets/images/visa/visa-3-1.jpg]
[bracketweb.com/visanet-html/assets/images/shapes/visa-card-2-1.png]
[bracketweb.com/visanet-html/assets/images/visa/visa-3-3.jpg]
[bracketweb.com/visanet-html/assets/images/visa/visa-3-4.jpg]
[bracketweb.com/visanet-html/assets/images/visa/visa-3-5.jpg]
[bracketweb.com/visanet-html/assets/images/visa/visa-3-6.jpg]
[bracketweb.com/visanet-html/assets/images/resources/why-choose-2-1.jpg]
[bracketweb.com/visanet-html/assets/images/backgrounds/video-bg-1-1.jpg]
[bracketweb.com/visanet-html/assets/images/shapes/video-shape-1-1.png]
[bracketweb.com/visanet-html/assets/images/countries/us.png]
[bracketweb.com/visanet-html/assets/images/countries/uk.png]
[bracketweb.com/visanet-html/assets/images/countries/germany.png]
[bracketweb.com/visanet-html/assets/images/countries/portugal.png]
[bracketweb.com/visanet-html/assets/images/countries/argentina.png]
[bracketweb.com/visanet-html/assets/images/training/training-2-1.jpg]
[bracketweb.com/visanet-html/assets/images/training/training-2-2.jpg]
[bracketweb.com/visanet-html/assets/images/training/training-2-3.jpg]
[bracketweb.com/visanet-html/assets/images/training/training-2-4.jpg]
[bracketweb.com/visanet-html/assets/images/training/training-2-5.jpg]
[bracketweb.com/visanet-html/assets/images/training/training-2-6.jpg]
[bracketweb.com/visanet-html/assets/images/training/training-2-7.jpg]
[bracketweb.com/visanet-html/assets/images/training/training-2-8.jpg]
[bracketweb.com/visanet-html/assets/images/testimonials/testimonial-2-1.jpg]
[bracketweb.com/visanet-html/assets/images/testimonials/testimonial-2-2.jpg]
[bracketweb.com/visanet-html/assets/images/testimonials/testimonial-2-3.jpg]
[bracketweb.com/visanet-html/assets/images/testimonials/testimonial-2-4.jpg]
[bracketweb.com/visanet-html/assets/images/backgrounds/funfact-bg-2-1.jpg]
[bracketweb.com/visanet-html/assets/images/shapes/funfact-shape-2-1.png]
[bracketweb.com/visanet-html/assets/images/shapes/funfact-shape-2-2.png]
[bracketweb.com/visanet-html/assets/images/blog/blog-3-1.jpg]
[bracketweb.com/visanet-html/assets/images/backgrounds/footer-bg.jpg]
[bracketweb.com/visanet-html/assets/images/logo-light.png]
[bracketweb.com/visanet-html/assets/images/blog/footer-blog-1-1.jpg]
[bracketweb.com/visanet-html/assets/images/blog/footer-blog-1-2.jpg]
[bracketweb.com/visanet-html/assets/vendors/jquery/jquery-3.7.1.min.js]
[bracketweb.com/visanet-html/assets/vendors/bootstrap/js/bootstrap.bundle.min.js]
[bracketweb.com/visanet-html/assets/vendors/bootstrap-select/bootstrap-select.min.js]
[bracketweb.com/visanet-html/assets/vendors/jarallax/jarallax.min.js]
[bracketweb.com/visanet-html/assets/vendors/jquery-ajaxchimp/jquery.ajaxchimp.min.js]
[bracketweb.com/visanet-html/assets/vendors/jquery-ui/jquery-ui.js]
[bracketweb.com/visanet-html/assets/vendors/jquery-appear/jquery.appear.min.js]
[bracketweb.com/visanet-html/assets/vendors/jquery-circle-progress/jquery.circle-progress.min.js]
[bracketweb.com/visanet-html/assets/vendors/jquery-magnific-popup/jquery.magnific-popup.min.js]
[bracketweb.com/visanet-html/assets/vendors/jquery-validate/jquery.validate.min.js]
[bracketweb.com/visanet-html/assets/vendors/wnumb/wNumb.min.js]
[bracketweb.com/visanet-html/assets/vendors/owl-carousel/js/owl.carousel.min.js]
[bracketweb.com/visanet-html/assets/vendors/aos/js/aos.js]
[bracketweb.com/visanet-html/assets/vendors/imagesloaded/imagesloaded.min.js]
[bracketweb.com/visanet-html/assets/vendors/isotope/isotope.js]
[bracketweb.com/visanet-html/assets/vendors/slick/slick.min.js]
[bracketweb.com/visanet-html/assets/vendors/countdown/countdown.min.js]
[bracketweb.com/visanet-html/assets/vendors/daterangepicker-master/moment.min.js]
[bracketweb.com/visanet-html/assets/vendors/daterangepicker-master/daterangepicker.js]
[bracketweb.com/visanet-html/assets/vendors/gsap/gsap.js]
[bracketweb.com/visanet-html/assets/vendors/gsap/scrolltrigger.min.js]
[bracketweb.com/visanet-html/assets/vendors/gsap/splittext.min.js]
[bracketweb.com/visanet-html/assets/vendors/gsap/visanet-split.js]
[bracketweb.com/visanet-html/index-3.html]
[bracketweb.com/visanet-html/assets/vendors/bootstrap/css/bootstrap.min.css]
[bracketweb.com/visanet-html/assets/vendors/bootstrap-select/bootstrap-select.min.css]
[bracketweb.com/visanet-html/assets/vendors/aos/css/aos.css]
[bracketweb.com/visanet-html/assets/js/visanet.js]
[bracketweb.com/visanet-html/assets/vendors/fontawesome/webfonts/fa-brands-400.eot]
[bracketweb.com/visanet-html/assets/vendors/fontawesome/webfonts/fa-brands-400d41d.eot]
[bracketweb.com/visanet-html/assets/vendors/fontawesome/webfonts/fa-brands-400.woff2]
[bracketweb.com/visanet-html/assets/vendors/fontawesome/webfonts/fa-brands-400.woff]
[bracketweb.com/visanet-html/assets/vendors/fontawesome/webfonts/fa-brands-400.ttf]
[bracketweb.com/visanet-html/assets/vendors/fontawesome/webfonts/fa-regular-400.eot]
[bracketweb.com/visanet-html/assets/vendors/fontawesome/webfonts/fa-regular-400d41d.eot]
[bracketweb.com/visanet-html/assets/vendors/fontawesome/webfonts/fa-regular-400.woff2]
[bracketweb.com/visanet-html/assets/vendors/fontawesome/webfonts/fa-brands-400.svg]
[bracketweb.com/visanet-html/assets/vendors/fontawesome/webfonts/fa-regular-400.woff]
[bracketweb.com/visanet-html/assets/vendors/fontawesome/webfonts/fa-regular-400.ttf]
[bracketweb.com/visanet-html/assets/vendors/fontawesome/webfonts/fa-solid-900.eot]
[bracketweb.com/visanet-html/assets/vendors/fontawesome/webfonts/fa-regular-400.svg]
[bracketweb.com/visanet-html/assets/vendors/fontawesome/webfonts/fa-solid-900.woff2]
[bracketweb.com/visanet-html/assets/vendors/fontawesome/webfonts/fa-solid-900.woff]
[bracketweb.com/visanet-html/assets/vendors/fontawesome/webfonts/fa-solid-900d41d.eot]
[bracketweb.com/visanet-html/assets/vendors/fontawesome/css/all.min.css]
[bracketweb.com/visanet-html/assets/vendors/jquery-ui/images/ui-bg_highlight-soft_75_cccccc_1x100.png]
[bracketweb.com/visanet-html/assets/vendors/fontawesome/webfonts/fa-solid-900.ttf]
[bracketweb.com/visanet-html/assets/vendors/fontawesome/webfonts/fa-solid-900.svg]
[bracketweb.com/visanet-html/assets/vendors/jquery-ui/images/ui-bg_glass_75_e6e6e6_1x400.png]
[bracketweb.com/visanet-html/assets/vendors/jquery-ui/images/ui-bg_glass_75_dadada_1x400.png]
[bracketweb.com/visanet-html/assets/vendors/jquery-ui/images/ui-bg_glass_65_ffffff_1x400.png]
[bracketweb.com/visanet-html/assets/vendors/jquery-ui/images/ui-bg_glass_55_fbf9ee_1x400.png]
[bracketweb.com/visanet-html/assets/vendors/jquery-ui/images/ui-bg_glass_95_fef1ec_1x400.png]
[bracketweb.com/visanet-html/assets/vendors/jquery-ui/images/ui-icons_222222_256x240.png]
[bracketweb.com/visanet-html/assets/vendors/jquery-ui/images/ui-icons_888888_256x240.png]
[bracketweb.com/visanet-html/assets/vendors/jquery-ui/images/ui-icons_454545_256x240.png]
[bracketweb.com/visanet-html/assets/vendors/jquery-ui/images/ui-icons_2e83ff_256x240.png]
[bracketweb.com/visanet-html/assets/vendors/jquery-ui/images/ui-icons_cd0a0a_256x240.png]
[bracketweb.com/visanet-html/assets/vendors/jquery-ui/jquery-ui.css]
[bracketweb.com/visanet-html/assets/vendors/jarallax/jarallax.css]
[bracketweb.com/visanet-html/assets/vendors/jquery-magnific-popup/jquery.magnific-popup.css]
[bracketweb.com/visanet-html/assets/vendors/visanet-icons/fonts/icomoon42e0.eot]
[bracketweb.com/visanet-html/assets/vendors/visanet-icons/fonts/icomoon42e0.ttf]
[bracketweb.com/visanet-html/assets/vendors/visanet-icons/fonts/icomoon42e0.woff]
[bracketweb.com/visanet-html/assets/vendors/visanet-icons/style.css]
[bracketweb.com/visanet-html/assets/vendors/daterangepicker-master/daterangepicker.css]
[bracketweb.com/visanet-html/assets/vendors/slick/slick.css]
[bracketweb.com/visanet-html/assets/vendors/visanet-icons/fonts/icomoon42e0.svg]
[bracketweb.com/visanet-html/assets/vendors/owl-carousel/css/owl.video.play.png]
[bracketweb.com/visanet-html/assets/vendors/owl-carousel/css/owl.carousel.min.css]
[bracketweb.com/visanet-html/assets/vendors/owl-carousel/css/owl.theme.default.min.css]
[bracketweb.com/visanet-html/assets/images/close.png]
[bracketweb.com/visanet-html/assets/images/shapes/hero-slider-shape-1-3.png]
[bracketweb.com/visanet-html/assets/images/shapes/hero-slider-bg-shape-2-2.png]
[bracketweb.com/visanet-html/assets/images/shapes/hero-slider-shape-2-6.png]
[bracketweb.com/visanet-html/assets/images/shapes/fly-shape-1-2.png]
[bracketweb.com/visanet-html/assets/css/visanet.css]
[bracketweb.com/visanet-html/assets/images/shapes/flag-1-1.png]
[bracketweb.com/visanet-html/assets/images/backgrounds/hero-slider-bg-1-1.jpg]
[bracketweb.com/visanet-html/assets/images/shapes/hero-slider-shape-1-2.png]
[bracketweb.com/visanet-html/assets/images/hero-slider/hero-slider-main-1-1.png]
[bracketweb.com/visanet-html/assets/images/hero-slider/hero-slider-1-1.jpg]
[bracketweb.com/visanet-html/assets/images/shapes/hero-slider-shape-1-1.png]
[bracketweb.com/visanet-html/assets/images/backgrounds/hero-slider-bg-1-2.jpg]
[bracketweb.com/visanet-html/assets/images/hero-slider/hero-slider-main-1-2.png]
[bracketweb.com/visanet-html/assets/images/backgrounds/hero-slider-bg-1-3.jpg]
[bracketweb.com/visanet-html/assets/images/hero-slider/hero-slider-main-1-3.png]
[bracketweb.com/visanet-html/assets/images/about/about-1-2.jpg]
[bracketweb.com/visanet-html/assets/images/visa/visa-1-1.jpg]
[bracketweb.com/visanet-html/assets/images/visa/visa-1-2.jpg]
[bracketweb.com/visanet-html/assets/images/visa/visa-1-3.jpg]
[bracketweb.com/visanet-html/assets/images/visa/visa-1-4.jpg]
[bracketweb.com/visanet-html/assets/images/visa/visa-1-5.jpg]
[bracketweb.com/visanet-html/assets/images/visa/visa-1-6.jpg]
[bracketweb.com/visanet-html/assets/images/shapes/visa-shape-1-1.png]
[bracketweb.com/visanet-html/assets/images/resources/why-choose-1-1.jpg]
[bracketweb.com/visanet-html/assets/images/resources/why-choose-1-2.jpg]
[bracketweb.com/visanet-html/assets/images/shapes/countries-bg-1-1.png]
[bracketweb.com/visanet-html/assets/images/team/team-1-1.jpg]
[bracketweb.com/visanet-html/assets/images/team/team-1-2.jpg]
[bracketweb.com/visanet-html/assets/images/team/team-1-3.jpg]
[bracketweb.com/visanet-html/assets/images/team/team-1-4.jpg]
[bracketweb.com/visanet-html/assets/images/team/team-1-5.jpg]
[bracketweb.com/visanet-html/assets/images/team/team-1-6.jpg]
[bracketweb.com/visanet-html/assets/images/resources/skill-box-1-2.jpg]
[bracketweb.com/visanet-html/assets/images/testimonials/testimonial-1-1.jpg]
[bracketweb.com/visanet-html/assets/images/testimonials/testimonial-1-2.jpg]
[bracketweb.com/visanet-html/assets/images/testimonials/testimonial-1-3.jpg]
[bracketweb.com/visanet-html/assets/images/testimonials/testimonial-1-4.jpg]
[bracketweb.com/visanet-html/assets/images/testimonials/testimonial-thumb-1.jpg]
[bracketweb.com/visanet-html/assets/images/testimonials/testimonial-thumb-2.jpg]
[bracketweb.com/visanet-html/assets/images/testimonials/testimonial-thumb-3.jpg]
[bracketweb.com/visanet-html/assets/images/testimonials/testimonial-thumb-4.jpg]
[bracketweb.com/visanet-html/assets/images/resources/contact-1-1.jpg]
[bracketweb.com/visanet-html/assets/images/backgrounds/client-carousel-bg.jpg]
[bracketweb.com/visanet-html/assets/images/resources/brand-1-1.png]
[bracketweb.com/visanet-html/assets/images/resources/brand-1-1-hover.png]
[bracketweb.com/visanet-html/assets/images/blog/blog-1-1.jpg]
[bracketweb.com/visanet-html/assets/images/shapes/blog-card-shape-1-1.png]
[bracketweb.com/visanet-html/assets/images/shapes/blog-card-shape-1-1-hover.png]
[bracketweb.com/visanet-html/assets/images/blog/blog-1-2.jpg]
[bracketweb.com/visanet-html/assets/images/blog/blog-1-3.jpg]
[bracketweb.com/visanet-html/index.html]
[bracketweb.com/visanet-html/index-one-page.html]
[bracketweb.com/visanet-html/assets/images/shapes/hero-slider-bg-shape-2-1.png]
[bracketweb.com/visanet-html/assets/images/shapes/hero-slider-shape-2-1.png]
[bracketweb.com/visanet-html/assets/images/backgrounds/hero-slider-bg-2-1.jpg]
[bracketweb.com/visanet-html/assets/images/shapes/hero-slider-shape-2-3.png]
[bracketweb.com/visanet-html/assets/images/shapes/hero-slider-shape-2-4.png]
[bracketweb.com/visanet-html/assets/images/shapes/hero-slider-shape-2-5.png]
[bracketweb.com/visanet-html/assets/images/shapes/hero-slider-shape-2-2.png]
[bracketweb.com/visanet-html/assets/images/backgrounds/hero-slider-bg-2-2.jpg]
[bracketweb.com/visanet-html/assets/images/backgrounds/hero-slider-bg-2-3.jpg]
[bracketweb.com/visanet-html/assets/images/resources/features-1-1.jpg]
[bracketweb.com/visanet-html/assets/images/shapes/features-shape-1-1.png]
[bracketweb.com/visanet-html/assets/images/resources/features-1-2.jpg]
[bracketweb.com/visanet-html/assets/images/resources/features-1-3.jpg]
[bracketweb.com/visanet-html/assets/images/about/about-2-1.jpg]
[bracketweb.com/visanet-html/assets/images/about/about-2-2.jpg]
[bracketweb.com/visanet-html/assets/images/shapes/about-shape-2-2.png]
[bracketweb.com/visanet-html/assets/images/shapes/about-shape-2-1.png]
[bracketweb.com/visanet-html/assets/images/shapes/funfact-shape-1-1-.png]
[bracketweb.com/visanet-html/assets/images/resources/funfact-item-bg-1-1.jpg]
[bracketweb.com/visanet-html/assets/images/backgrounds/visa-bg-2-1.jpg]
[bracketweb.com/visanet-html/assets/images/shapes/visa-shape-2-1.png]
[bracketweb.com/visanet-html/assets/images/visa/visa-2-1.jpg]
[bracketweb.com/visanet-html/assets/images/visa/visa-2-2.jpg]
[bracketweb.com/visanet-html/assets/images/visa/visa-2-3.jpg]
[bracketweb.com/visanet-html/assets/images/visa/visa-2-4.jpg]
[bracketweb.com/visanet-html/assets/images/visa/visa-2-5.jpg]
[bracketweb.com/visanet-html/assets/images/shapes/visa-shape-2-2.png]
[bracketweb.com/visanet-html/assets/images/training/training-1-1.jpg]
[bracketweb.com/visanet-html/assets/images/training/training-1-2.jpg]
[bracketweb.com/visanet-html/assets/images/training/training-1-3.jpg]
[bracketweb.com/visanet-html/assets/images/training/training-1-4.jpg]
[bracketweb.com/visanet-html/assets/images/training/training-1-5.jpg]
[bracketweb.com/visanet-html/assets/images/training/training-1-6.jpg]
[bracketweb.com/visanet-html/assets/images/training/training-1-7.jpg]
[bracketweb.com/visanet-html/assets/images/training/training-1-8.jpg]
[bracketweb.com/visanet-html/assets/images/shapes/training-bg-shape-1-1.png]
[bracketweb.com/visanet-html/assets/images/shapes/training-shape-1-1.png]
[bracketweb.com/visanet-html/assets/images/gallery/gallery-2-1.jpg]
[bracketweb.com/visanet-html/assets/images/gallery/gallery-2-2.jpg]
[bracketweb.com/visanet-html/assets/images/gallery/gallery-2-3.jpg]
[bracketweb.com/visanet-html/assets/images/gallery/gallery-2-4.jpg]
[bracketweb.com/visanet-html/assets/images/gallery/gallery-2-5.jpg]
[bracketweb.com/visanet-html/assets/images/resources/brand-2-1.png]
[bracketweb.com/visanet-html/assets/images/backgrounds/fly-bg.jpg]
[bracketweb.com/visanet-html/assets/images/resources/fly-client-1.png]
[bracketweb.com/visanet-html/assets/images/resources/fly-client-2.png]
[bracketweb.com/visanet-html/assets/images/resources/fly-client-3.png]
[bracketweb.com/visanet-html/assets/images/resources/fly-img.jpg]
[bracketweb.com/visanet-html/assets/images/shapes/fly-shape-1-1.png]
[bracketweb.com/visanet-html/assets/images/resources/work-process-1-1.png]
[bracketweb.com/visanet-html/assets/images/resources/work-process-1-2.png]
[bracketweb.com/visanet-html/assets/images/resources/work-process-1-3.png]
[bracketweb.com/visanet-html/assets/images/resources/work-process-1-4.png]
[bracketweb.com/visanet-html/assets/images/resources/online-visa-1-1.png]
[bracketweb.com/visanet-html/assets/images/blog/blog-2-1.jpg]
[bracketweb.com/visanet-html/assets/images/blog/blog-admin-2-1.png]
[bracketweb.com/visanet-html/assets/images/blog/blog-2-2.jpg]
[bracketweb.com/visanet-html/assets/images/blog/blog-admin-2-2.png]
[bracketweb.com/visanet-html/assets/images/shapes/footer-bg-2.png]
[bracketweb.com/visanet-html/index-2.html]
[bracketweb.com/visanet-html/index-2-one-page.html]
[bracketweb.com/visanet-html/index-3-one-page.html]
[bracketweb.com/visanet-html/assets/images/backgrounds/hero-slider-bg-4-1.jpg]
[bracketweb.com/visanet-html/assets/images/backgrounds/hero-slider-bg-4-4.jpg]
[bracketweb.com/visanet-html/assets/images/shapes/hero-slider-shape-4-1.png]
[bracketweb.com/visanet-html/assets/images/backgrounds/hero-slider-bg-4-3.jpg]
[bracketweb.com/visanet-html/assets/images/about/about-employee-4-1.jpg]
[bracketweb.com/visanet-html/assets/images/about/about-4-1.jpg]
[bracketweb.com/visanet-html/assets/images/about/about-4-2.jpg]
[bracketweb.com/visanet-html/assets/images/visa/visa-4-1.jpg]
[bracketweb.com/visanet-html/assets/images/visa/visa-4-2.jpg]
[bracketweb.com/visanet-html/assets/images/visa/visa-4-3.jpg]
[bracketweb.com/visanet-html/assets/images/visa/visa-4-4.jpg]
[bracketweb.com/visanet-html/assets/images/visa/visa-4-5.jpg]
[bracketweb.com/visanet-html/assets/images/visa/visa-4-6.jpg]
[bracketweb.com/visanet-html/assets/images/resources/solution-1-1.jpg]
[bracketweb.com/visanet-html/assets/images/shapes/solution-shape-1-1.png]
[bracketweb.com/visanet-html/assets/images/shapes/solution-shape-1-2.png]
[bracketweb.com/visanet-html/assets/images/backgrounds/countries-bg-3-1.jpg]
[bracketweb.com/visanet-html/assets/images/countries/countries-3-1.jpg]
[bracketweb.com/visanet-html/assets/images/countries/countries-3-2.jpg]
[bracketweb.com/visanet-html/assets/images/countries/countries-3-3.jpg]
[bracketweb.com/visanet-html/assets/images/countries/countries-3-4.jpg]
[bracketweb.com/visanet-html/assets/images/countries/countries-3-5.jpg]
[bracketweb.com/visanet-html/assets/images/team/team-2-1.jpg]
[bracketweb.com/visanet-html/assets/images/team/team-2-2.jpg]
[bracketweb.com/visanet-html/assets/images/team/team-2-3.jpg]
[bracketweb.com/visanet-html/assets/images/team/team-2-4.jpg]
[bracketweb.com/visanet-html/assets/images/team/team-2-5.jpg]
[bracketweb.com/visanet-html/assets/images/team/team-2-6.jpg]
[bracketweb.com/visanet-html/assets/images/team/team-2-7.jpg]
[bracketweb.com/visanet-html/assets/images/team/team-2-8.jpg]
[bracketweb.com/visanet-html/assets/images/resources/faq-2-1.jpg]
[bracketweb.com/visanet-html/assets/images/blog/blog-4-1.jpg]
[bracketweb.com/visanet-html/assets/images/blog/blog-4-2.jpg]
[bracketweb.com/visanet-html/assets/images/blog/blog-4-3.jpg]
[bracketweb.com/visanet-html/assets/images/backgrounds/contact-bg-2-1.jpg]
[bracketweb.com/visanet-html/assets/images/shapes/contact-shape-2-1.png]
[bracketweb.com/visanet-html/assets/images/resources/contact-2-1.png]
[bracketweb.com/visanet-html/index-4.html]
[bracketweb.com/visanet-html/index-4-one-page.html]
[bracketweb.com/visanet-html/assets/images/backgrounds/hero-slider-bg-5-1.jpg]
[bracketweb.com/visanet-html/assets/images/backgrounds/hero-slider-bg-5-2.jpg]
[bracketweb.com/visanet-html/assets/images/backgrounds/hero-slider-bg-5-3.jpg]
[bracketweb.com/visanet-html/assets/images/shapes/features-card-shape-2-1.png]
[bracketweb.com/visanet-html/assets/images/about/about-5-1.jpg]
[bracketweb.com/visanet-html/assets/images/shapes/about-shaape-5-3.png]
[bracketweb.com/visanet-html/assets/images/shapes/about-shape-5-1.png]
[bracketweb.com/visanet-html/assets/images/shapes/about-shape-5-2.png]
[bracketweb.com/visanet-html/assets/images/shapes/why-choose-bg-3-1.png]
[bracketweb.com/visanet-html/assets/images/resources/why-choose-3-1.jpg]
[bracketweb.com/visanet-html/assets/images/gallery/gallery-3-1.jpg]
[bracketweb.com/visanet-html/assets/images/gallery/gallery-3-2.jpg]
[bracketweb.com/visanet-html/assets/images/gallery/gallery-3-3.jpg]
[bracketweb.com/visanet-html/assets/images/shapes/testimonials-bg-3-1.png]
[bracketweb.com/visanet-html/assets/images/testimonials/testimonial-3-1.png]
[bracketweb.com/visanet-html/assets/images/testimonials/testimonial-3-2.png]
[bracketweb.com/visanet-html/assets/images/testimonials/testimonial-3-3.png]
[bracketweb.com/visanet-html/assets/images/backgrounds/video-bg-2-1.jpg]
[bracketweb.com/visanet-html/assets/images/resources/awards-1-1.png]
[bracketweb.com/visanet-html/assets/images/resources/awards-1-2.png]
[bracketweb.com/visanet-html/assets/images/resources/awards-1-3.png]
[bracketweb.com/visanet-html/assets/images/resources/awards-1-4.png]
[bracketweb.com/visanet-html/assets/images/shapes/online-visa-shape-2-1.png]
[bracketweb.com/visanet-html/assets/images/resources/online-visa-2-1.jpg]
[bracketweb.com/visanet-html/assets/images/blog/blog-5-1.jpg]
[bracketweb.com/visanet-html/assets/images/blog/blog-5-2.jpg]
[bracketweb.com/visanet-html/assets/images/blog/blog-5-3.jpg]
[bracketweb.com/visanet-html/index-5.html]
[bracketweb.com/visanet-html/index-5-one-page.html]
[bracketweb.com/visanet-html/index-boxed.html]
[bracketweb.com/visanet-html/assets/css/visanet-custom-rtl.css]
[bracketweb.com/visanet-html/assets/css/visanet-rtl.css]
[bracketweb.com/visanet-html/assets/vendors/visanet-toolbar/css/visanet-toolbar.css]
[bracketweb.com/visanet-html/assets/images/shapes/hero-slider-shape-1-2-rtl.png]
[bracketweb.com/visanet-html/assets/images/shapes/hero-slider-shape-1-1-rtl.png]
[bracketweb.com/visanet-html/assets/images/shapes/blog-card-shape-1-1-rtl.png]
[bracketweb.com/visanet-html/assets/images/shapes/blog-card-shape-1-1-hover-rtl.png]
[bracketweb.com/visanet-html/assets/vendors/visanet-toolbar/js/js.cookie.min.js]
[bracketweb.com/visanet-html/assets/vendors/visanet-toolbar/js/jQuery.style.switcher.min.js]
[bracketweb.com/visanet-html/assets/vendors/visanet-toolbar/js/lang.js]
[translate.google.com/translate_a/elementa0d8.js]
[bracketweb.com/visanet-html/assets/vendors/visanet-toolbar/js/visanet-toolbar.js]
[bracketweb.com/visanet-html/index-rtl.html]
[bracketweb.com/visanet-html/assets/images/backgrounds/page-header-bg.jpg]
[bracketweb.com/visanet-html/about.html]
[bracketweb.com/visanet-html/visa.html]
[bracketweb.com/visanet-html/assets/images/visa/visa-3-2.jpg]
[bracketweb.com/visanet-html/visa-2.html]
[bracketweb.com/visanet-html/visa-3.html]
[bracketweb.com/visanet-html/visa-4.html]
[bracketweb.com/visanet-html/visa-carousel.html]
[bracketweb.com/visanet-html/visa-carousel-2.html]
[bracketweb.com/visanet-html/visa-carousel-3.html]
[bracketweb.com/visanet-html/visa-carousel-4.html]
[bracketweb.com/visanet-html/assets/images/visa/visa-d-1.jpg]
[bracketweb.com/visanet-html/assets/images/visa/visa-d-inner-1-1.jpg]
[bracketweb.com/visanet-html/assets/images/visa/visa-d-inner-1-2.jpg]
[bracketweb.com/visanet-html/visa-d-business-visa.html]
[bracketweb.com/visanet-html/assets/images/visa/visa-d-2.jpg]
[bracketweb.com/visanet-html/visa-d-visa-processing.html]
[bracketweb.com/visanet-html/assets/images/visa/visa-d-3.jpg]
[bracketweb.com/visanet-html/visa-d-immigration-visa.html]
[bracketweb.com/visanet-html/assets/images/visa/visa-d-4.jpg]
[bracketweb.com/visanet-html/visa-d-family-visa.html]
[bracketweb.com/visanet-html/assets/images/visa/visa-d-5.jpg]
[bracketweb.com/visanet-html/visa-d-students-visa.html]
[bracketweb.com/visanet-html/assets/images/visa/visa-d-6.jpg]
[bracketweb.com/visanet-html/visa-d-travel-visa.html]
[bracketweb.com/visanet-html/team.html]
[bracketweb.com/visanet-html/team-carousel.html]
[bracketweb.com/visanet-html/assets/images/team/team-d-1.jpg]
[bracketweb.com/visanet-html/assets/images/team/team-d-certificate-1.jpg]
[bracketweb.com/visanet-html/assets/images/team/team-d-certificate-2.jpg]
[bracketweb.com/visanet-html/team-details.html]
[bracketweb.com/visanet-html/training.html]
[bracketweb.com/visanet-html/training-carousel.html]
[bracketweb.com/visanet-html/assets/images/training/training-d-1-1.jpg]
[bracketweb.com/visanet-html/assets/images/training/training-d-1-2.jpg]
[bracketweb.com/visanet-html/assets/images/resources/sidebar-contact.jpg]
[bracketweb.com/visanet-html/training-details.html]
[bracketweb.com/visanet-html/countries.html]
[bracketweb.com/visanet-html/assets/images/countries/countries-d-1-1.jpg]
[bracketweb.com/visanet-html/assets/images/countries/countries-d-1-2.jpg]
[bracketweb.com/visanet-html/countries-details.html]
[bracketweb.com/visanet-html/testimonials.html]
[bracketweb.com/visanet-html/testimonials-carousel.html]
[bracketweb.com/visanet-html/assets/images/gallery/gallery-1-1.jpg]
[bracketweb.com/visanet-html/assets/images/gallery/gallery-1-2.jpg]
[bracketweb.com/visanet-html/assets/images/gallery/gallery-1-3.jpg]
[bracketweb.com/visanet-html/assets/images/gallery/gallery-1-4.jpg]
[bracketweb.com/visanet-html/assets/images/gallery/gallery-1-5.jpg]
[bracketweb.com/visanet-html/assets/images/gallery/gallery-1-6.jpg]
[bracketweb.com/visanet-html/assets/images/gallery/gallery-1-7.jpg]
[bracketweb.com/visanet-html/assets/images/gallery/gallery-1-8.jpg]
[bracketweb.com/visanet-html/gallery.html]
[bracketweb.com/visanet-html/gallery-filter.html]
[bracketweb.com/visanet-html/assets/images/gallery/gallery-1-9.jpg]
[bracketweb.com/visanet-html/assets/images/gallery/gallery-1-10.jpg]
[bracketweb.com/visanet-html/gallery-grid.html]
[bracketweb.com/visanet-html/gallery-carousel.html]
[bracketweb.com/visanet-html/faq.html]
[bracketweb.com/visanet-html/assets/images/shapes/error-404-1-1.png]
[bracketweb.com/visanet-html/404.html]
[bracketweb.com/visanet-html/assets/images/products/product-1-1.png]
[bracketweb.com/visanet-html/assets/images/products/product-1-2.png]
[bracketweb.com/visanet-html/assets/images/products/product-1-3.png]
[bracketweb.com/visanet-html/assets/images/products/product-1-4.png]
[bracketweb.com/visanet-html/assets/images/products/product-1-5.png]
[bracketweb.com/visanet-html/assets/images/products/product-1-6.png]
[bracketweb.com/visanet-html/assets/images/products/product-1-7.png]
[bracketweb.com/visanet-html/assets/images/products/product-1-8.png]
[bracketweb.com/visanet-html/products.html]
[bracketweb.com/visanet-html/products-left.html]
[bracketweb.com/visanet-html/products-right.html]
[bracketweb.com/visanet-html/products-carousel.html]
[bracketweb.com/visanet-html/assets/images/products/product-d-thumb-1-1.png]
[bracketweb.com/visanet-html/assets/images/products/product-d-thumb-1-2.png]
[bracketweb.com/visanet-html/assets/images/products/product-d-thumb-1-3.png]
[bracketweb.com/visanet-html/assets/images/products/product-d-thumb-1-4.png]
[bracketweb.com/visanet-html/assets/images/products/product-d-1-1.png]
[bracketweb.com/visanet-html/assets/images/products/product-comment-1.png]
[bracketweb.com/visanet-html/assets/images/products/product-comment-2.png]
[bracketweb.com/visanet-html/product-details.html]
[bracketweb.com/visanet-html/assets/images/products/cart-1-1.png]
[bracketweb.com/visanet-html/assets/images/products/cart-1-2.png]
[bracketweb.com/visanet-html/assets/images/products/cart-1-3.png]
[bracketweb.com/visanet-html/cart.html]
[bracketweb.com/visanet-html/checkout.html]
[bracketweb.com/visanet-html/assets/images/blog/blog-1-4.jpg]
[bracketweb.com/visanet-html/assets/images/blog/blog-1-5.jpg]
[bracketweb.com/visanet-html/assets/images/blog/blog-1-6.jpg]
[bracketweb.com/visanet-html/blog-grid.html]
[bracketweb.com/visanet-html/assets/images/blog/blog-rp-1.jpg]
[bracketweb.com/visanet-html/assets/images/blog/blog-rp-2.jpg]
[bracketweb.com/visanet-html/assets/images/blog/blog-rp-3.jpg]
[bracketweb.com/visanet-html/blog-grid-left.html]
[bracketweb.com/visanet-html/blog-grid-right.html]
[bracketweb.com/visanet-html/assets/images/blog/blog-5-4.jpg]
[bracketweb.com/visanet-html/assets/images/blog/blog-5-5.jpg]
[bracketweb.com/visanet-html/assets/images/blog/blog-5-6.jpg]
[bracketweb.com/visanet-html/blog-grid-2.html]
[bracketweb.com/visanet-html/blog-grid-2-left.html]
[bracketweb.com/visanet-html/blog-grid-2-right.html]
[bracketweb.com/visanet-html/assets/images/blog/blog-l-1.jpg]
[bracketweb.com/visanet-html/assets/images/blog/blog-l-2.jpg]
[bracketweb.com/visanet-html/assets/images/blog/blog-l-3.jpg]
[bracketweb.com/visanet-html/assets/images/blog/blog-l-4.jpg]
[bracketweb.com/visanet-html/assets/images/blog/blog-l-5.jpg]
[bracketweb.com/visanet-html/blog-list.html]
[bracketweb.com/visanet-html/blog-list-left.html]
[bracketweb.com/visanet-html/blog-list-right.html]
[bracketweb.com/visanet-html/blog-carousel.html]
[bracketweb.com/visanet-html/blog-carousel-2.html]
[bracketweb.com/visanet-html/assets/images/blog/blog-details-1.jpg]
[bracketweb.com/visanet-html/assets/images/blog/blog-details-admin-1.png]
[bracketweb.com/visanet-html/assets/images/blog/blog-comment-1.png]
[bracketweb.com/visanet-html/assets/images/blog/blog-comment-2.png]
[bracketweb.com/visanet-html/blog-details.html]
[bracketweb.com/visanet-html/blog-details-left.html]
[bracketweb.com/visanet-html/blog-details-right.html]
[bracketweb.com/visanet-html/contact.html]
[bracketweb.com/visanet-html/assets/vendors/fontawesome/webfonts/fa-brands-400.svg]
[bracketweb.com/visanet-html/assets/vendors/fontawesome/webfonts/fa-regular-400.svg]
[bracketweb.com/visanet-html/assets/vendors/fontawesome/webfonts/fa-solid-900.svg]
[bracketweb.com/visanet-html/assets/vendors/visanet-icons/fonts/icomoon42e0.svg]
[bracketweb.com/visanet-html/assets/css/visanet-rtl.css]
[bracketweb.com/visanet-html/assets/css/visanet-custom-rtl.css]
[bracketweb.com/visanet-html/assets/vendors/visanet-toolbar/css/visanet-toolbar.css]
