[fssairegistration.org/index.html]
[backblue.gif]
[fade.gif]
[index.html]
[fssairegistration.org/assets/img/flag.png]
[kit.fontawesome.com/d23a55b7f1.js]
[stackpath.bootstrapcdn.com/bootstrap/4.4.1/css/bootstrap.min.css]
[getbootstrap.com/docs/4.0/examples/carousel/carousel.css]
[ajax.googleapis.com/ajax/libs/jquery/3.5.1/jquery.min.js]
[maxcdn.bootstrapcdn.com/bootstrap/3.4.1/js/bootstrap.min.js]
[fssairegistration.org/maincafb.css]
[fssairegistration.org/assets/css/home.css]
[cdnjs.cloudflare.com/ajax/libs/font-awesome/6.7.2/css/all.min.css]
[cdnjs.cloudflare.com/ajax/libs/font-awesome/4.7.0/css/font-awesome.css]
[fssairegistration.org/enquiry.html]
[ajax.googleapis.com/ajax/libs/jquery/3.3.1/jquery.min.js]
[cdnjs.cloudflare.com/ajax/libs/popper.js/1.14.0/umd/popper.min.js]
[maxcdn.bootstrapcdn.com/bootstrap/4.1.0/js/bootstrap.min.js]
[bat.bing.com/bat.js]
[img.icons8.com/ios-glyphs/100/000000/advance.png]
[fssairegistration.org/index.html]
[stackpath.bootstrapcdn.com/bootstrap/4.4.1/css/bootstrap.min.css]
[getbootstrap.com/docs/4.0/examples/carousel/carousel.css]
[fssairegistration.org/maincafb.css]
[fssairegistration.org/assets/css/home.css]
[cdnjs.cloudflare.com/ajax/libs/font-awesome/6.7.2/css/all.min.css]
[cdnjs.cloudflare.com/ajax/libs/font-awesome/4.7.0/css/font-awesome.css]
[stackpath.bootstrapcdn.com/font-awesome/4.7.0/css/font-awesome.min.css]
[code.jquery.com/jquery-3.4.1.slim.min.js]
[cdn.jsdelivr.net/npm/popper.js@1.16.0/dist/umd/popper.min.js]
[fssairegistration.org/enquiry.html]
[fssairegistration.org/about-us.html]
[fssairegistration.org/complaint-form.html]
[fssairegistration.org/complaint-track-form.html]
[fssairegistration.org/assets/img/logo.html]
[fssairegistration.org/fssai-registration.html]
[fssairegistration.org/tatkal-fssai-registration.html]
[fssairegistration.org/renewal-existing-food-licence.html]
[fssairegistration.org/annual-return-filing.html]
[fssairegistration.org/water-testing.html]
[fssairegistration.org/trace-lost-fssai-certificate.html]
[fssairegistration.org/blog.html]
[fssairegistration.org/assets/img/fssai.html]
[fssairegistration.org/assets/img/fast-food.html]
[fssairegistration.org/assets/img/salad.html]
[fssairegistration.org/assets/img/finger-food.html]
[fssairegistration.org/assets/img/01.html]
[fssairegistration.org/assets/img/loudspeaker.html]
[fssairegistration.org/assets/img/author.html]
[fssairegistration.org/assets/img/house.html]
[fssairegistration.org/assets/img/house-rent.html]
[fssairegistration.org/assets/img/certificate.html]
[fssairegistration.org/assets/img/bill.html]
[fssairegistration.org/assets/img/id-card.html]
[fssairegistration.org/assets/img/3.html]
[fssairegistration.org/assets/img/2.html]
[fssairegistration.org/assets/img/indian-testimonial-pranav-img-02-v01.html]
[fssairegistration.org/assets/img/indian-testimonial-tilala-img-02-v01.html]
[fssairegistration.org/assets/img/indian-testimonial-abhishek-img-02-v01.html]
[fssairegistration.org/assets/img/indian-testimonial-rajan-img-02-v01.html]
[fssairegistration.org/assets/img/trust.html]
[fssairegistration.org/assets/img/trusted.html]
[fssairegistration.org/assets/img/google.html]
[fssairegistration.org/assets/img/client.html]
[fssairegistration.org/home.html]
[fssairegistration.org/terms-of-service.html]
[fssairegistration.org/privacy-policy.html]
[fssairegistration.org/warranties-and-refunds.html]
[fssairegistration.org/test-dev-form.html]
[fssairegistration.org/POST.html]
[fssairegistration.org/api/verify-email.html]
[fssairegistration.org/assets/js/nav.html]
[fssairegistration.org/assets/js/util.html]
[fssairegistration.org/assets/js/main.html]
[fssairegistration.org/assets/img/bg.html]
[fssairegistration.org/assets/img/whats-new-arrow.html]
[stackpath.bootstrapcdn.com/font-awesome/4.7.0/css/font-awesome.min.css]
[fssairegistration.org/maina933.html]
[fssairegistration.org/captcha.html]
[stackpath.bootstrapcdn.com/bootstrap/4.4.1/js/bootstrap.min.js]
