[aircord.co.jp/en/index.html]
[backblue.gif]
[fade.gif]
[index.html]
[d38o5po68a0yh9.cloudfront.net/v4/assets/img/ogp.jpg]
[aircord.co.jp/assets/v4/img/icon/apple-touch-icon.png]
[aircord.co.jp/assets/v4/img/icon/icon-32x32.png]
[aircord.co.jp/assets/v4/img/icon/icon-16x16.png]
[aircord.co.jp/en/index.html]
[aircord.co.jp/en/projects/index.html]
[aircord.co.jp/en/about/index.html]
[aircord.co.jp/en/archives/index.html]
[aircord.co.jp/en/projects/index.html]
[aircord.co.jp/en/projects/uncovered-skies/index.html]
[aircord.co.jp/en/projects/lexus-milan-design-week/index.html]
[aircord.co.jp/en/projects/finding-perceptions/index.html]
[aircord.co.jp/en/projects/hermes-jingle-games/index.html]
[aircord.co.jp/en/projects/goldrain-at-paris-descartes/index.html]
[aircord.co.jp/en/projects/coca-cola-shibuya-coke-vision/index.html]
[aircord.co.jp/en/projects/tohaku-becoming-japanese-art/index.html]
[d38o5po68a0yh9.cloudfront.net/v4/uploads/2024/03/about-slide-1-1-4x2.jpg]
[aircord.co.jp/en/projects/nissan-imx-demonstrator/index.html]
[aircord.co.jp/en/projects/level-of-distance/index.html]
[aircord.co.jp/en/projects/tokyo-dome-city/index.html]
[aircord.co.jp/en/projects/jal-sky-museum/index.html]
[d38o5po68a0yh9.cloudfront.net/v4/uploads/2024/03/slider_4_1-4x2.jpg]
[aircord.co.jp/en/about/index.html]
[aircord.co.jp/en/projects/tokyo-city-symphony/index.html]
[aircord.co.jp/en/archives/index.html]
[aircord.co.jp/assets/v4/js/prod-loader8b8f.js]
[d38o5po68a0yh9.cloudfront.net/v4/uploads/2025/04/lexus_01-4x2.jpg]
[d38o5po68a0yh9.cloudfront.net/v4/uploads/2025/04/lexus_02-4x2.jpg]
[d38o5po68a0yh9.cloudfront.net/v4/uploads/2025/04/lexus_03-4x2.jpg]
[d38o5po68a0yh9.cloudfront.net/v4/uploads/2025/04/lexus_04-4x2.jpg]
[d38o5po68a0yh9.cloudfront.net/v4/uploads/2025/04/lexus_05-4x2.jpg]
[d38o5po68a0yh9.cloudfront.net/v4/uploads/2025/04/lexus_06-4x2.jpg]
[d38o5po68a0yh9.cloudfront.net/v4/uploads/2025/04/lexus_07-4x2.jpg]
[d38o5po68a0yh9.cloudfront.net/v4/uploads/2025/04/lexus_08-4x2.jpg]
[d38o5po68a0yh9.cloudfront.net/v4/uploads/2025/04/lexus_09-4x2.jpg]
[aircord.co.jp/en/projects/lexus-milan-design-week/index.html]
[d38o5po68a0yh9.cloudfront.net/v4/uploads/2019/05/us_1_full_image-4x2.jpg]
[d38o5po68a0yh9.cloudfront.net/v4/uploads/2019/05/us_3_1_grid_image-4x3.jpg]
[d38o5po68a0yh9.cloudfront.net/v4/uploads/2019/05/us_3_2_grid_image-4x3.jpg]
[d38o5po68a0yh9.cloudfront.net/v4/uploads/2019/05/us_4_1_slider_image-4x2.jpg]
[d38o5po68a0yh9.cloudfront.net/v4/uploads/2019/05/us_4_2_slider_image-4x2.jpg]
[d38o5po68a0yh9.cloudfront.net/v4/uploads/2019/05/us_4_4_slider_image-4x2.jpg]
[aircord.co.jp/en/projects/uncovered-skies/index.html]
[d38o5po68a0yh9.cloudfront.net/v4/uploads/2017/10/fp_1_full_image-4x2.jpg]
[d38o5po68a0yh9.cloudfront.net/v4/uploads/2017/10/fp_3_1_grid_image-4x3.jpg]
[d38o5po68a0yh9.cloudfront.net/v4/uploads/2017/10/fp_3_2_grid_image-4x3.jpg]
[d38o5po68a0yh9.cloudfront.net/v4/uploads/2017/10/fp_3_3_grid_image-4x3.jpg]
[d38o5po68a0yh9.cloudfront.net/v4/uploads/2017/10/fp_3_4_grid_image-4x3.jpg]
[d38o5po68a0yh9.cloudfront.net/v4/uploads/2017/10/fp_4_1_slider_image-4x2.jpg]
[d38o5po68a0yh9.cloudfront.net/v4/uploads/2017/10/fp_2_full_video_poster-4x2.jpg]
[d38o5po68a0yh9.cloudfront.net/v4/uploads/2017/10/fp_4_3_slider_image-4x2.jpg]
[aircord.co.jp/en/projects/finding-perceptions/index.html]
[d38o5po68a0yh9.cloudfront.net/v4/uploads/2018/11/tcs_1_full_image-4x2.jpg]
[d38o5po68a0yh9.cloudfront.net/v4/uploads/2018/11/tcs_3_1_grid_image-4x3.jpg]
[d38o5po68a0yh9.cloudfront.net/v4/uploads/2018/11/tcs_3_2_grid_image-4x3.jpg]
[d38o5po68a0yh9.cloudfront.net/v4/uploads/2018/11/tcs_3_3_grid_image-4x3.jpg]
[d38o5po68a0yh9.cloudfront.net/v4/uploads/2018/11/tcs_3_4_grid_image-4x6.jpg]
[d38o5po68a0yh9.cloudfront.net/v4/uploads/2018/11/tcs_4_1_slider_image-4x2.jpg]
[d38o5po68a0yh9.cloudfront.net/v4/uploads/2018/11/tcs_4_2_slider_image-4x2.jpg]
[d38o5po68a0yh9.cloudfront.net/v4/uploads/2018/11/tcs_4_3_slider_image-4x2.jpg]
[aircord.co.jp/en/projects/hermes-jingle-games/index.html]
[d38o5po68a0yh9.cloudfront.net/v4/uploads/2019/05/gapd_1_full_image-4x2.jpg]
[d38o5po68a0yh9.cloudfront.net/v4/uploads/2019/05/gapd_3_1_grid_image-4x3.jpg]
[d38o5po68a0yh9.cloudfront.net/v4/uploads/2019/05/gapd_3_2_grid_image-4x3.jpg]
[d38o5po68a0yh9.cloudfront.net/v4/uploads/2019/05/gapd_3_3_grid_image-4x6.jpg]
[d38o5po68a0yh9.cloudfront.net/v4/uploads/2019/05/gapd_3_4_grid_image-4x6.jpg]
[d38o5po68a0yh9.cloudfront.net/v4/uploads/2019/05/gapd_4_1_slider_image-4x2.jpg]
[d38o5po68a0yh9.cloudfront.net/v4/uploads/2019/05/gapd_4_2_slider_image-4x2.jpg]
[d38o5po68a0yh9.cloudfront.net/v4/uploads/2019/05/gapd_4_3_slider_image-4x2.jpg]
[aircord.co.jp/en/projects/goldrain-at-paris-descartes/index.html]
[d38o5po68a0yh9.cloudfront.net/v4/uploads/2020/11/ccscv_3_1_grid_image-4x3.jpg]
[d38o5po68a0yh9.cloudfront.net/v4/uploads/2020/11/ccscv_3_2_grid_image-4x6.jpg]
[d38o5po68a0yh9.cloudfront.net/v4/uploads/2020/11/ccscv_1_full_image-4x2.jpg]
[d38o5po68a0yh9.cloudfront.net/v4/uploads/2020/11/ccscv_4_1_slider_image-4x2.jpg]
[d38o5po68a0yh9.cloudfront.net/v4/uploads/2020/11/ccscv_4_2_slider_image-4x2.jpg]
[d38o5po68a0yh9.cloudfront.net/v4/uploads/2020/11/ccscv_4_3_slider_image-4x2.jpg]
[aircord.co.jp/en/projects/coca-cola-shibuya-coke-vision/index.html]
[d38o5po68a0yh9.cloudfront.net/v4/uploads/2023/12/tbja_1_full_image-4x2.jpg]
[d38o5po68a0yh9.cloudfront.net/v4/uploads/2023/12/tbja_3_1_grid_image-4x3.jpg]
[d38o5po68a0yh9.cloudfront.net/v4/uploads/2023/12/tbja_3_2_grid_image-4x3.jpg]
[d38o5po68a0yh9.cloudfront.net/v4/uploads/2023/12/tbja_3_3_grid_image-4x3.jpg]
[d38o5po68a0yh9.cloudfront.net/v4/uploads/2023/12/tbja_3_4_grid_image-4x3.jpg]
[d38o5po68a0yh9.cloudfront.net/v4/uploads/2023/12/tbja_4_2_slider_image-4x2.jpg]
[d38o5po68a0yh9.cloudfront.net/v4/uploads/2023/12/tbja_4_1_slider_image-4x2.jpg]
[d38o5po68a0yh9.cloudfront.net/v4/uploads/2023/12/tbja_4_3_slider_image-4x2.jpg]
[aircord.co.jp/en/projects/tohaku-becoming-japanese-art/index.html]
[d38o5po68a0yh9.cloudfront.net/v4/uploads/2024/02/nih_1_full_image-4x2.jpg]
[d38o5po68a0yh9.cloudfront.net/v4/uploads/2024/02/nih_3_1_grid_image-4x3.jpg]
[d38o5po68a0yh9.cloudfront.net/v4/uploads/2024/02/nih_3_2_grid_image-4x3.jpg]
[d38o5po68a0yh9.cloudfront.net/v4/uploads/2024/02/nih_3_3_grid_image-4x3.jpg]
[d38o5po68a0yh9.cloudfront.net/v4/uploads/2024/02/nih_3_4_grid_image-4x3.jpg]
[d38o5po68a0yh9.cloudfront.net/v4/uploads/2024/02/nih_4_1_slider_image-4x2.jpg]
[d38o5po68a0yh9.cloudfront.net/v4/uploads/2024/02/nih_4_2_slider_image-4x2.jpg]
[d38o5po68a0yh9.cloudfront.net/v4/uploads/2024/02/nih_4_3_slider_image-4x2.jpg]
[aircord.co.jp/en/projects/nissan-imx-demonstrator/index.html]
[d38o5po68a0yh9.cloudfront.net/v4/uploads/2023/01/jsm_1_full_image-4x2.jpg]
[d38o5po68a0yh9.cloudfront.net/v4/uploads/2023/01/jsm_3_1_grid_image-4x4.jpg]
[d38o5po68a0yh9.cloudfront.net/v4/uploads/2023/01/jsm_3_2_grid_image-4x4.jpg]
[d38o5po68a0yh9.cloudfront.net/v4/uploads/2023/01/jsm_3_3_grid_image-4x4.jpg]
[d38o5po68a0yh9.cloudfront.net/v4/uploads/2023/01/jsm_3_4_grid_image-4x4.jpg]
[d38o5po68a0yh9.cloudfront.net/v4/uploads/2023/01/jsm_4_3_slider_image-4x2.jpg]
[d38o5po68a0yh9.cloudfront.net/v4/uploads/2023/01/jsm_4_2_slider_image-4x2.jpg]
[d38o5po68a0yh9.cloudfront.net/v4/uploads/2023/01/jsm_4_1_slider_image-4x2.jpg]
[aircord.co.jp/en/projects/level-of-distance/index.html]
[d38o5po68a0yh9.cloudfront.net/v4/uploads/2023/12/tdc_thumb-4x2.jpg]
[d38o5po68a0yh9.cloudfront.net/v4/uploads/2023/12/tdc_3_4_grid_image-4x3.jpg]
[d38o5po68a0yh9.cloudfront.net/v4/uploads/2023/12/tdc_3_1_grid_image-4x3.jpg]
[d38o5po68a0yh9.cloudfront.net/v4/uploads/2023/12/tdc_3_2_grid_image-4x3.jpg]
[d38o5po68a0yh9.cloudfront.net/v4/uploads/2023/12/tdc_3_3_grid_image-4x3.jpg]
[d38o5po68a0yh9.cloudfront.net/v4/uploads/2023/12/tdc_4_1_slider_image-4x2.jpg]
[d38o5po68a0yh9.cloudfront.net/v4/uploads/2023/12/tdc_4_2_slider_image-4x2.jpg]
[d38o5po68a0yh9.cloudfront.net/v4/uploads/2023/12/tdc_4_3_slider_image-4x2.jpg]
[d38o5po68a0yh9.cloudfront.net/v4/uploads/2023/12/tdc_4_4_slider_image-4x2.jpg]
[aircord.co.jp/en/projects/tokyo-dome-city/index.html]
[d38o5po68a0yh9.cloudfront.net/v4/uploads/2024/02/jsm_3_1_grid_image-4x3.jpg]
[d38o5po68a0yh9.cloudfront.net/v4/uploads/2024/02/jsm_3_2_grid_image-4x3.jpg]
[d38o5po68a0yh9.cloudfront.net/v4/uploads/2024/02/jsm_3_3_grid_image-4x3.jpg]
[d38o5po68a0yh9.cloudfront.net/v4/uploads/2024/02/jsm_3_4_grid_image-4x3.jpg]
[d38o5po68a0yh9.cloudfront.net/v4/uploads/2024/02/jsm_1_full_image-4x2.jpg]
[d38o5po68a0yh9.cloudfront.net/v4/uploads/2024/02/jsm_4_1_slider_image-4x2.jpg]
[d38o5po68a0yh9.cloudfront.net/v4/uploads/2024/02/jsm_4_2_slider_image-4x2.jpg]
[d38o5po68a0yh9.cloudfront.net/v4/uploads/2024/02/jsm_4_3_slider_image-4x2.jpg]
[aircord.co.jp/en/projects/jal-sky-museum/index.html]
[d38o5po68a0yh9.cloudfront.net/v4/uploads/2023/12/tcs_1_full_image-4x2.jpg]
[d38o5po68a0yh9.cloudfront.net/v4/uploads/2023/12/tcs_3_1_grid_image-4x3.jpg]
[d38o5po68a0yh9.cloudfront.net/v4/uploads/2023/12/tcs_3_4_grid_image-4x3.jpg]
[d38o5po68a0yh9.cloudfront.net/v4/uploads/2023/12/tcs_3_3_grid_image-4x3.jpg]
[d38o5po68a0yh9.cloudfront.net/v4/uploads/2023/12/tcs_3_2_grid_image-4x3.jpg]
[d38o5po68a0yh9.cloudfront.net/v4/uploads/2023/12/tcs_4_1_slider_image-4x2.jpg]
[d38o5po68a0yh9.cloudfront.net/v4/uploads/2023/12/tcs_4_2_slider_image-4x2.jpg]
[d38o5po68a0yh9.cloudfront.net/v4/uploads/2023/12/tcs_4_3_slider_image-4x2.jpg]
[aircord.co.jp/en/projects/tokyo-city-symphony/index.html]
[aircord.co.jp/assets/v4/js/prod-loader44a8.js]
[aircord.co.jp/assets/v4/js/prod-loader3c44.js]
[aircord.co.jp/assets/v4/js/prod-loaderac73.js]
[aircord.co.jp/assets/v4/js/prod-loaderc13d.js]
[aircord.co.jp/assets/v4/js/prod-loader3879.js]
[aircord.co.jp/assets/v4/js/prod-loader199f.js]
[aircord.co.jp/assets/v4/js/prod-loader2266.js]
[aircord.co.jp/assets/v4/js/prod-loadere359.js]
[aircord.co.jp/assets/v4/js/prod-loader58ea.js]
[aircord.co.jp/assets/v4/js/prod-loader2c9d.js]
[aircord.co.jp/assets/v4/js/prod-loader1623.js]
[aircord.co.jp/assets/v4/js/prod-loader65e3.js]
[aircord.co.jp/assets/v4/js/prod-loaderf96b.js]
[aircord.co.jp/assets/v4/js/prod-loader09e2.js]
[aircord.co.jp/assets/v4/js/prod-loader3a0b.js]
