[digitrader.netlify.app/index-demo-1.html]
[backblue.gif]
[fade.gif]
[index.html]
[digitrader.netlify.app/img/core-img/favicon.ico]
[digitrader.netlify.app/css/style.css]
[digitrader.netlify.app/css/responsive.css]
[digitrader.netlify.app/img/core-img/logo.png]
[digitrader.netlify.app/img/bg-img/bg-2.png]
[digitrader.netlify.app/img/svg/img-dollar.svg]
[digitrader.netlify.app/img/core-img/money.png]
[digitrader.netlify.app/img/ico-platforms/1.png]
[digitrader.netlify.app/img/ico-platforms/2.png]
[digitrader.netlify.app/img/ico-platforms/3.png]
[digitrader.netlify.app/img/ico-platforms/4.png]
[digitrader.netlify.app/img/ico-platforms/5.png]
[digitrader.netlify.app/img/ico-platforms/6.png]
[digitrader.netlify.app/img/core-img/about1.png]
[digitrader.netlify.app/img/solution.png]
[digitrader.netlify.app/img/bg-img/bg-4.jpg]
[digitrader.netlify.app/img/services/1.png]
[digitrader.netlify.app/img/services/2.png]
[digitrader.netlify.app/img/services/3.png]
[digitrader.netlify.app/img/services/4.png]
[digitrader.netlify.app/img/services/5.png]
[digitrader.netlify.app/img/services/6.png]
[digitrader.netlify.app/img/phone.png]
[digitrader.netlify.app/img/core-img/rings-bg.png]
[digitrader.netlify.app/img/core-img/cash.png]
[digitrader.netlify.app/img/core-img/allocation.png]
[digitrader.netlify.app/img/svg/token-icon-1.svg]
[digitrader.netlify.app/img/svg/token-icon-2.svg]
[digitrader.netlify.app/img/svg/token-icon-3.svg]
[digitrader.netlify.app/img/svg/token-icon-4.svg]
[digitrader.netlify.app/img/team-img/1.png]
[digitrader.netlify.app/img/team-img/2.png]
[digitrader.netlify.app/img/team-img/3.png]
[digitrader.netlify.app/img/team-img/4.png]
[digitrader.netlify.app/img/partners/1.png]
[digitrader.netlify.app/img/partners/2.png]
[digitrader.netlify.app/img/partners/3.png]
[digitrader.netlify.app/img/partners/4.png]
[digitrader.netlify.app/img/partners/5.png]
[digitrader.netlify.app/img/partners/6.png]
[digitrader.netlify.app/img/partners/7.png]
[digitrader.netlify.app/img/partners/8.png]
[digitrader.netlify.app/img/partners/9.png]
[digitrader.netlify.app/img/partners/10.png]
[digitrader.netlify.app/img/partners/11.png]
[digitrader.netlify.app/img/partners/12.png]
[digitrader.netlify.app/img/core-img/pattern.png]
[digitrader.netlify.app/js/jquery.min.js]
[digitrader.netlify.app/js/popper.min.js]
[digitrader.netlify.app/js/bootstrap.min.js]
[digitrader.netlify.app/js/plugins.js]
[digitrader.netlify.app/js/dzsparallaxer.js]
[digitrader.netlify.app/js/jquery.syotimer.min.js]
[digitrader.netlify.app/index-demo-1.html]
[digitrader.netlify.app/js/script.js]
[digitrader.netlify.app/css/bootstrap.min.css]
[digitrader.netlify.app/css/animate.css]
[digitrader.netlify.app/css/classy-nav.min.css]
[digitrader.netlify.app/css/dzsparallaxer.css]
[digitrader.netlify.app/css/magnific-popup.css]
[digitrader.netlify.app/css/font-awesome.min.css]
[digitrader.netlify.app/css/themify-icons.css]
[digitrader.netlify.app/img/core-img/shape1.png]
[digitrader.netlify.app/img/core-img/wave-shap.png]
[digitrader.netlify.app/img/core-img/hero-bg.png]
[digitrader.netlify.app/img/core-img/robot-1.41.delayed]
[digitrader.netlify.app/img/core-img/robot-2.42.delayed]
[digitrader.netlify.app/img/core-img/head-bg-1.png]
[digitrader.netlify.app/img/svg/gradient.svg]
[digitrader.netlify.app/css/video/video-frame.45.delayed]
[digitrader.netlify.app/img/svg/ai-illustration.46.delayed]
[digitrader.netlify.app/img/svg/checkmark.svg]
[digitrader.netlify.app/img/bg-img/banner-bg.jpg]
[digitrader.netlify.app/img/svg/pdf.svg]
[digitrader.netlify.app/css/style.css]
[digitrader.netlify.app/css/responsive.css]
[digitrader.netlify.app/img/svg/img-dollar.svg]
[digitrader.netlify.app/img/svg/token-icon-1.svg]
[digitrader.netlify.app/img/svg/token-icon-2.svg]
[digitrader.netlify.app/img/svg/token-icon-3.svg]
[digitrader.netlify.app/img/svg/token-icon-4.svg]
[digitrader.netlify.app/css/bootstrap.min.css]
[digitrader.netlify.app/css/animate.css]
[digitrader.netlify.app/img/svg/view.svg]
[digitrader.netlify.app/fonts/classycb9bcb9b.eot]
[digitrader.netlify.app/fonts/classycb9bcb9b.ttf]
[digitrader.netlify.app/fonts/classycb9bcb9b.woff]
[digitrader.netlify.app/css/classy-nav.min.css]
[digitrader.netlify.app/css/img/grey_wash_wall.html]
[digitrader.netlify.app/css/img/fog_clouds_png_by_paradise234-d5czivb.html]
[digitrader.netlify.app/css/dzsparallaxer.css]
[digitrader.netlify.app/css/magnific-popup.css]
[digitrader.netlify.app/fonts/fontawesome-webfont3e6e3e6e.eot]
[digitrader.netlify.app/fonts/fontawesome-webfontd41dd41d.eot]
[digitrader.netlify.app/fonts/fontawesome-webfont3e6e3e6e.woff2]
[digitrader.netlify.app/fonts/fontawesome-webfont3e6e3e6e.woff]
[digitrader.netlify.app/fonts/fontawesome-webfont3e6e3e6e.ttf]
[digitrader.netlify.app/css/font-awesome.min.css]
[digitrader.netlify.app/fonts/themify9f249f24.eot]
[digitrader.netlify.app/fonts/fontawesome-webfont3e6e3e6e.svg]
[digitrader.netlify.app/fonts/themifyd41dd41d.eot]
[digitrader.netlify.app/fonts/themify9f249f24.woff]
[digitrader.netlify.app/fonts/themify9f249f24.ttf]
[digitrader.netlify.app/css/themify-icons.css]
[digitrader.netlify.app/img/core-img/robot-1.html]
[digitrader.netlify.app/img/core-img/robot-2.html]
[digitrader.netlify.app/img/svg/gradient.svg]
[digitrader.netlify.app/css/video/video-frame.html]
[digitrader.netlify.app/img/svg/ai-illustration.html]
[digitrader.netlify.app/img/svg/checkmark.svg]
[digitrader.netlify.app/img/svg/pdf.svg]
[digitrader.netlify.app/img/svg/view.svg]
[digitrader.netlify.app/fonts/classycb9bcb9b.svg]
[digitrader.netlify.app/css/img/grey_wash_wall.html]
[digitrader.netlify.app/css/img/fog_clouds_png_by_paradise234-d5czivb.html]
[digitrader.netlify.app/fonts/fontawesome-webfont3e6e3e6e.svg]
[digitrader.netlify.app/fonts/themify9f249f24.svg]
[digitrader.netlify.app/fonts/themify9f249f24.svg]
