[www.dubaisattaking.com/PalManzoorLeh/index.html]
[backblue.gif]
[fade.gif]
[index.html]
[www.dubaisattaking.com/Mobile_Asset/css/bootstrap.min.css]
[www.dubaisattaking.com/Mobile_Asset/css/calendar013b.css]
[cdnjs.cloudflare.com/ajax/libs/font-awesome/4.7.0/css/font-awesome.css]
[cdn.jsdelivr.net/npm/slick-carousel@1.8.1/slick/slick.css]
[www.dubaisattaking.com/Mobile_Asset/image/BurjKhalifa.jpg]
[www.dubaisattaking.com/image/India.png]
[www.dubaisattaking.com/Mobile_Asset/image/slot-dubai9641.png]
[www.dubaisattaking.com/image/Sm-Number/3.png]
[www.dubaisattaking.com/image/Sm-Number/4.png]
[www.dubaisattaking.com/image/Sm-Number/5.png]
[www.dubaisattaking.com/image/Sm-Number/1.png]
[www.dubaisattaking.com/image/Sm-Number/7.png]
[www.dubaisattaking.com/image/Sm-Number/9.png]
[www.dubaisattaking.com/image/Lg-Number/8.png]
[www.dubaisattaking.com/Mobile_Asset/js/bootstrap.min.js]
[cdnjs.cloudflare.com/ajax/libs/animejs/2.0.2/anime.min.js]
[cdn.jsdelivr.net/npm/slick-carousel@1.8.1/slick/slick.min.js]
[www.dubaisattaking.com/assets/Toastr/toastr.min.js]
[www.dubaisattaking.com/CustomJavaScript/MainPageJS.min013b.js]
[www.dubaisattaking.com/PalManzoorLeh/index.html]
[www.dubaisattaking.com/Mobile_Asset/css/bootstrap.min.css]
[www.dubaisattaking.com/Mobile_Asset/css/calendar013b.css]
[cdnjs.cloudflare.com/ajax/libs/font-awesome/4.7.0/css/font-awesome.css]
[cdn.jsdelivr.net/npm/slick-carousel@1.8.1/slick/slick.css]
[www.dubaisattaking.com/Mobile_Asset/js/jquery.js]
