[translo-next.netlify.app/index.html]
[translo-next.netlify.app/img/resource/logo-1.png]
[translo-next.netlify.app/img/resource/mobile-menu-logo3.png]
[translo-next.netlify.app/img/slider/slider-v1-img4.png]
[translo-next.netlify.app/img/icon/slider-v1-icon1.png]
[translo-next.netlify.app/img/icon/slider-v1-icon2.png]
[translo-next.netlify.app/img/shape/about-v1-shape1.png]
[translo-next.netlify.app/img/about/about-one__img1.jpg]
[translo-next.netlify.app/img/icon/about/worldwide-delivery.png]
[translo-next.netlify.app/img/icon/about/secure-delivery.png]
[translo-next.netlify.app/img/service/service-one__img1.jpg]
[translo-next.netlify.app/_next/static/css/1dae55f044114fe2.css]
[translo-next.netlify.app/_next/static/css/234694e5bd79ced6.css]
[translo-next.netlify.app/_next/static/css/9eaaadea84f50564.css]
[translo-next.netlify.app/_next/static/css/a90c69e4f455a0cd.css]
[translo-next.netlify.app/_next/static/css/b207e11e59303a0e.css]
[translo-next.netlify.app/_next/static/css/7d8d313419eb2ae2.css]
[translo-next.netlify.app/_next/static/css/5f7f8447fa1c3f71.css]
[translo-next.netlify.app/_next/static/css/7cd2de450a7288bd.css]
[translo-next.netlify.app/_next/static/css/07a098635536dd3e.css]
[translo-next.netlify.app/_next/static/css/8da396d81f1c1d1b.css]
[translo-next.netlify.app/_next/static/chunks/webpack-1b1b2817cb493e3a.js]
[translo-next.netlify.app/_next/static/chunks/fd9d1056-c58ec8746470415e.js]
[translo-next.netlify.app/_next/static/chunks/main-app-2982fbdbf502b5b4.js]
[translo-next.netlify.app/_next/static/chunks/23-2dd19eef447a2e63.js]
[translo-next.netlify.app/_next/static/chunks/631-f1357cedee2fec4b.js]
[translo-next.netlify.app/_next/static/chunks/59-141d62050557cf4a.js]
[translo-next.netlify.app/_next/static/chunks/734-c83f791d9605c45d.js]
[translo-next.netlify.app/_next/static/chunks/460-620868be1b7d8fc4.js]
[translo-next.netlify.app/_next/static/chunks/492-a3a08979d104964c.js]
[translo-next.netlify.app/_next/static/chunks/app/page-f58b871cbd8bf98f.js]
[translo-next.netlify.app/_next/static/chunks/app/layout-245154b09382b364.js]
[translo-next.netlify.app/_next/static/chunks/422-a6ab721a6c391121.js]
[translo-next.netlify.app/_next/static/chunks/app/not-found-252bea065a34635f.js]
[translo-next.netlify.app/img/icon/services/air-freight.png]
[translo-next.netlify.app/img/service/service-one__img2.jpg]
[translo-next.netlify.app/img/icon/services/ocean-freight.png]
[translo-next.netlify.app/img/service/service-one__img3.jpg]
[translo-next.netlify.app/img/icon/services/road-freight.png]
[translo-next.netlify.app/img/shape/working-process-v1-shape1.png]
[translo-next.netlify.app/img/icon/working-process/step-1.png]
[translo-next.netlify.app/img/icon/working-process/step-2.png]
[translo-next.netlify.app/img/icon/working-process/step-3.png]
[translo-next.netlify.app/img/shape/cta-one__shape1.png]
[translo-next.netlify.app/img/shape/cta-one__shape2.png]
[translo-next.netlify.app/img/shape/cta-one__shape5.png]
[translo-next.netlify.app/img/shape/project-v1-shape1.png]
[translo-next.netlify.app/img/shape/project-v1-shape2.png]
[translo-next.netlify.app/img/project/project-v1-img1.jpg]
[translo-next.netlify.app/img/project/project-v1-img2.jpg]
[translo-next.netlify.app/img/project/project-v1-img3.jpg]
[translo-next.netlify.app/img/project/project-v1-img4.jpg]
[translo-next.netlify.app/img/shape/request-services-v1-shape1.png]
[translo-next.netlify.app/img/resource/request-services-v1-img1.jpg]
[translo-next.netlify.app/img/pattern/testimonials-v1-pattern.png]
[translo-next.netlify.app/img/testimonial/testimonials-one__img1.jpg]
[translo-next.netlify.app/img/testimonial/testimonials-one__img2.jpg]
[translo-next.netlify.app/img/team/team-v3-img1.jpg]
[translo-next.netlify.app/img/team/team-v3-img2.jpg]
[translo-next.netlify.app/img/team/team-v3-img3.jpg]
[translo-next.netlify.app/img/team/team-v3-img4.jpg]
[translo-next.netlify.app/img/team/team-v3-img5.jpg]
[translo-next.netlify.app/img/team/team-v3-img6.jpg]
[translo-next.netlify.app/img/team/team-v3-img7.jpg]
[translo-next.netlify.app/img/team/team-v3-img8.jpg]
[translo-next.netlify.app/img/blog/blog-v1-img1.jpg]
[translo-next.netlify.app/img/blog/blog-v1-img2.jpg]
[translo-next.netlify.app/img/blog/blog-v1-img3.jpg]
[translo-next.netlify.app/img/resource/logo-2.html]
[backblue.gif]
[fade.gif]
[index.html]
[translo-next.netlify.app/index.html]
[translo-next.netlify.app/_next/static/css/1dae55f044114fe2.css]
[translo-next.netlify.app/_next/static/css/234694e5bd79ced6.css]
[translo-next.netlify.app/_next/static/css/9eaaadea84f50564.css]
[translo-next.netlify.app/_next/static/css/a90c69e4f455a0cd.css]
[translo-next.netlify.app/_next/static/css/b207e11e59303a0e.css]
[translo-next.netlify.app/_next/static/css/7d8d313419eb2ae2.css]
[translo-next.netlify.app/_next/static/css/5f7f8447fa1c3f71.css]
[translo-next.netlify.app/_next/static/css/7cd2de450a7288bd.css]
[translo-next.netlify.app/_next/static/css/07a098635536dd3e.css]
[translo-next.netlify.app/_next/static/css/8da396d81f1c1d1b.css]
