[html.themexriver.com/Clinox/index-4.html]
[backblue.gif]
[fade.gif]
[index.html]
[html.themexriver.com/Clinox/assets/img/logo/ficon.png]
[html.themexriver.com/Clinox/assets/css/bootstrap.min.css]
[html.themexriver.com/Clinox/assets/css/animate.css]
[html.themexriver.com/Clinox/assets/css/fontawesome-all.css]
[html.themexriver.com/Clinox/assets/css/video.min.css]
[html.themexriver.com/Clinox/assets/css/slick.css]
[html.themexriver.com/Clinox/assets/css/slick-theme.css]
[html.themexriver.com/Clinox/assets/css/reset.css]
[html.themexriver.com/Clinox/assets/img/logo/logo-2.svg]
[html.themexriver.com/Clinox/!]
[html.themexriver.com/Clinox/assets/css/style.css]
[html.themexriver.com/Clinox/index-1.html]
[html.themexriver.com/Clinox/index-2.html]
[html.themexriver.com/Clinox/index-3.html]
[html.themexriver.com/Clinox/index-5.html]
[html.themexriver.com/Clinox/about.html]
[html.themexriver.com/Clinox/shop.html]
[html.themexriver.com/Clinox/shop-single.html]
[html.themexriver.com/Clinox/service.html]
[html.themexriver.com/Clinox/service-single.html]
[html.themexriver.com/Clinox/team.html]
[html.themexriver.com/Clinox/faq.html]
[html.themexriver.com/Clinox/pricing.html]
[html.themexriver.com/Clinox/testimonial.html]
[html.themexriver.com/Clinox/contact.html]
[html.themexriver.com/Clinox/booking.html]
[html.themexriver.com/Clinox/blog.html]
[html.themexriver.com/Clinox/blog-single.html]
[html.themexriver.com/Clinox/project.html]
[html.themexriver.com/Clinox/project-single.html]
[html.themexriver.com/Clinox/assets/img/logo/logo-1.svg]
[html.themexriver.com/Clinox/assets/img/banner/bn-sh1.png]
[html.themexriver.com/Clinox/assets/img/banner/bn-sh2.png]
[html.themexriver.com/Clinox/assets/img/banner/bn-sh3.png]
[html.themexriver.com/Clinox/assets/img/shape1.png]
[html.themexriver.com/Clinox/assets/img/shape2.png]
[html.themexriver.com/Clinox/assets/img/banner/slider1.jpg]
[html.themexriver.com/Clinox/assets/img/banner/s-cir2.jpg]
[html.themexriver.com/Clinox/assets/img/banner/slider2.jpg]
[html.themexriver.com/Clinox/assets/img/about/ab2.2.png]
[html.themexriver.com/Clinox/assets/img/about/sign.png]
[html.themexriver.com/Clinox/assets/img/icon/ic20.png]
[html.themexriver.com/Clinox/assets/img/line-sh1.png]
[html.themexriver.com/Clinox/assets/img/project/pro2.jpg]
[html.themexriver.com/Clinox/assets/img/project/pro4.jpg]
[html.themexriver.com/Clinox/assets/img/about/ab2.4.png]
[html.themexriver.com/Clinox/assets/img/icon/ic23.png]
[html.themexriver.com/Clinox/assets/img/line-sh2.png]
[html.themexriver.com/Clinox/assets/img/icon/ic26.png]
[html.themexriver.com/Clinox/assets/img/shape/side1.png]
[html.themexriver.com/Clinox/assets/img/about/tst1.png]
[html.themexriver.com/Clinox/assets/img/about/tst2.png]
[html.themexriver.com/Clinox/assets/img/icon/ic15.png]
[html.themexriver.com/Clinox/assets/img/icon/ic17.png]
[html.themexriver.com/Clinox/assets/img/blog/blg4.jpg]
[html.themexriver.com/Clinox/assets/img/blog/blg6.jpg]
[html.themexriver.com/Clinox/assets/img/sponsor/logo_2.png]
[html.themexriver.com/Clinox/assets/img/sponsor/logo_4.png]
[html.themexriver.com/Clinox/assets/img/logo/app1.png]
[html.themexriver.com/Clinox/index-4.html]
[html.themexriver.com/Clinox/assets/css/bootstrap.min.css]
[html.themexriver.com/Clinox/assets/fonts/fa-brands-400.ttf]
[html.themexriver.com/Clinox/assets/css/fontawesome-all.css]
[html.themexriver.com/Clinox/assets/css/animate.css]
[dimsemenov.com/images/sm-logo-24x24.png]
[html.themexriver.com/Clinox/assets/css/video.min.css]
[html.themexriver.com/Clinox/assets/css/slick.css]
[html.themexriver.com/Clinox/assets/css/slick-theme.css]
[html.themexriver.com/Clinox/assets/css/reset.css]
[html.themexriver.com/Clinox/assets/css/style.css]
[html.themexriver.com/Clinox/assets/img/logo/logo-2.svg]
[html.themexriver.com/Clinox/!.html]
[html.themexriver.com/Clinox/index-1.html]
[html.themexriver.com/Clinox/index-2.html]
[html.themexriver.com/Clinox/index-3.html]
[html.themexriver.com/Clinox/index-5.html]
[html.themexriver.com/Clinox/about.html]
[html.themexriver.com/Clinox/shop.html]
[html.themexriver.com/Clinox/shop-single.html]
[html.themexriver.com/Clinox/service.html]
[html.themexriver.com/Clinox/service-single.html]
[html.themexriver.com/Clinox/team.html]
[html.themexriver.com/Clinox/faq.html]
[html.themexriver.com/Clinox/pricing.html]
[html.themexriver.com/Clinox/testimonial.html]
[html.themexriver.com/Clinox/contact.html]
[html.themexriver.com/Clinox/booking.html]
[html.themexriver.com/Clinox/blog.html]
[html.themexriver.com/Clinox/blog-single.html]
[html.themexriver.com/Clinox/project.html]
[html.themexriver.com/Clinox/project-single.html]
[html.themexriver.com/Clinox/assets/img/logo/logo-1.svg]
[html.themexriver.com/Clinox/assets/img/banner/s-cir1.html]
[html.themexriver.com/Clinox/assets/img/banner/s-cir3.html]
[html.themexriver.com/Clinox/assets/img/about/ab2.1.html]
[html.themexriver.com/Clinox/assets/img/about/abs1.html]
[html.themexriver.com/Clinox/assets/img/icon/ic19.html]
[html.themexriver.com/Clinox/assets/img/icon/ic21.html]
[html.themexriver.com/Clinox/assets/img/project/pro1.html]
[html.themexriver.com/Clinox/assets/img/project/pro3.html]
[html.themexriver.com/Clinox/assets/img/about/ab2.3.html]
[html.themexriver.com/Clinox/assets/img/icon/ic22.html]
[html.themexriver.com/Clinox/assets/img/icon/ic24.html]
[html.themexriver.com/Clinox/assets/img/icon/ic25.html]
[html.themexriver.com/Clinox/assets/img/icon/ic27.html]
[html.themexriver.com/Clinox/assets/img/shape/side2.html]
[html.themexriver.com/Clinox/assets/img/icon/qt1.html]
[html.themexriver.com/Clinox/assets/img/about/tst3.html]
[html.themexriver.com/Clinox/assets/img/icon/ic16.html]
[html.themexriver.com/Clinox/assets/img/icon/ic18.html]
[html.themexriver.com/Clinox/assets/img/blog/blg5.html]
[html.themexriver.com/Clinox/assets/img/sponsor/logo_1.html]
[html.themexriver.com/Clinox/assets/img/sponsor/logo_3.html]
[html.themexriver.com/Clinox/assets/img/sponsor/logo_5.html]
[html.themexriver.com/Clinox/assets/img/bg/footer-bg2.html]
[html.themexriver.com/Clinox/assets/img/logo/app2.html]
[html.themexriver.com/Clinox/assets/js/jquery.min.html]
[html.themexriver.com/Clinox/assets/js/bootstrap.min.html]
[html.themexriver.com/Clinox/assets/js/popper.min.html]
[html.themexriver.com/Clinox/assets/js/jquery.magnific-popup.min.html]
[html.themexriver.com/Clinox/assets/js/appear.html]
[html.themexriver.com/Clinox/assets/js/slick.html]
[html.themexriver.com/Clinox/assets/js/jquery.counterup.min.html]
[html.themexriver.com/Clinox/assets/js/waypoints.min.html]
[html.themexriver.com/Clinox/assets/js/imagesloaded.pkgd.min.html]
[html.themexriver.com/Clinox/assets/js/jquery.filterizr.html]
[html.themexriver.com/Clinox/assets/js/wow.min.html]
[html.themexriver.com/Clinox/assets/js/parallax-scroll.html]
[html.themexriver.com/Clinox/assets/js/gmap3.min.html]
[html.themexriver.com/Clinox/assets/js/script.html]
[html.themexriver.com/Clinox/assets/fonts/fa-duotone-900.html]
[html.themexriver.com/Clinox/assets/fonts/fa-light-300.html]
[html.themexriver.com/Clinox/assets/fonts/fa-regular-400.html]
[html.themexriver.com/Clinox/assets/fonts/fa-solid-900.html]
[html.themexriver.com/Clinox/assets/img/loader.html]
[html.themexriver.com/Clinox/assets/fonts/c455d94eee43dc4ceeb83c0c0fd0d4c8.html]
[html.themexriver.com/Clinox/assets/fonts/c455d94eee43dc4ceeb83c0c0fd0d4c8d41d.html]
[html.themexriver.com/Clinox/assets/fonts/c455d94eee43dc4ceeb83c0c0fd0d4c8-2.html]
[html.themexriver.com/Clinox/assets/fonts/c455d94eee43dc4ceeb83c0c0fd0d4c8-3.html]
[html.themexriver.com/Clinox/assets/fonts/c455d94eee43dc4ceeb83c0c0fd0d4c8-4.html]
[html.themexriver.com/Clinox/assets/fonts/c455d94eee43dc4ceeb83c0c0fd0d4c8-5.html]
[html.themexriver.com/Clinox/assets/img/img-5/shape/btn-sh1.html]
[html.themexriver.com/Clinox/assets/img/img-5/shape/btn-sh2.html]
[html.themexriver.com/Clinox/assets/img/bg/ab-bg.html]
[html.themexriver.com/Clinox/assets/img/icon/select-arrow.html]
[html.themexriver.com/Clinox/assets/img/shape/f_shape.html]
[html.themexriver.com/Clinox/assets/img/icon/fl_shape.html]
[html.themexriver.com/Clinox/assets/img/bg/about_bg2.html]
[html.themexriver.com/Clinox/assets/img/icon/left-arrow.html]
[html.themexriver.com/Clinox/assets/img/icon/right-arrow.html]
[html.themexriver.com/Clinox/assets/img/bg/bg.html]
[html.themexriver.com/Clinox/assets/img/bg/c_bg.html]
[html.themexriver.com/Clinox/assets/img/img-5/shape/btn-sh3.html]
[html.themexriver.com/Clinox/assets/img/img-5/shape/btn-sh4.html]
[html.themexriver.com/Clinox/assets/css/flaticon-2.html]
[html.themexriver.com/Clinox/assets/css/metisMenu.html]
[html.themexriver.com/Clinox/assets/css/uikit.min.html]
[html.themexriver.com/Clinox/assets/css/twenty.html]
[html.themexriver.com/Clinox/assets/img/icon/usd_flag.html]
[html.themexriver.com/Clinox/assets/img/icon/bar-2.html]
[html.themexriver.com/Clinox/index.html]
[html.themexriver.com/Clinox/assets/img/logo/logo-3.html]
[html.themexriver.com/Clinox/assets/img/icon/call.html]
[html.themexriver.com/Clinox/assets/img/bg/hero_bg.html]
[html.themexriver.com/Clinox/assets/img/shape/text_shape.html]
[html.themexriver.com/Clinox/assets/img/banner/hero_img.html]
[html.themexriver.com/Clinox/assets/img/shape/exp_shape.html]
[html.themexriver.com/Clinox/assets/img/shape/h_01.html]
[html.themexriver.com/Clinox/assets/img/shape/h_02.html]
[html.themexriver.com/Clinox/assets/img/shape/h_03.html]
[html.themexriver.com/Clinox/assets/img/shape/h_04.html]
[html.themexriver.com/Clinox/assets/img/shape/h_05.html]
[html.themexriver.com/Clinox/assets/img/shape/h_06.html]
[html.themexriver.com/Clinox/assets/img/shape/h_07.html]
[html.themexriver.com/Clinox/assets/img/shape/h_08.html]
[html.themexriver.com/Clinox/assets/img/bg/about_bg.html]
[html.themexriver.com/Clinox/assets/img/shape/st_shape.html]
[html.themexriver.com/Clinox/assets/img/shape/a_shape.html]
[html.themexriver.com/Clinox/assets/img/about/avatar.html]
[html.themexriver.com/Clinox/assets/img/about/img_02.html]
[html.themexriver.com/Clinox/assets/img/about/img_01.html]
[html.themexriver.com/Clinox/assets/img/shape/a_bg_shape_01.html]
[html.themexriver.com/Clinox/assets/img/shape/a_bg_shape_02.html]
[html.themexriver.com/Clinox/assets/img/shape/a_shape-2.html]
[html.themexriver.com/Clinox/assets/img/shape/a_shape2.html]
[html.themexriver.com/Clinox/assets/img/shape/a_shape3.html]
[html.themexriver.com/Clinox/assets/img/shape/a_shape4.html]
[html.themexriver.com/Clinox/assets/img/brand/img_01.html]
[html.themexriver.com/Clinox/assets/img/brand/img_02.html]
[html.themexriver.com/Clinox/assets/img/brand/img_03.html]
[html.themexriver.com/Clinox/assets/img/brand/img_04.html]
[html.themexriver.com/Clinox/assets/img/brand/img_05.html]
[html.themexriver.com/Clinox/assets/img/brand/img_06.html]
[html.themexriver.com/Clinox/assets/img/project/img_01.html]
[html.themexriver.com/Clinox/assets/img/project/img_02.html]
[html.themexriver.com/Clinox/assets/img/project/img_03.html]
[html.themexriver.com/Clinox/assets/img/bg/info_bg.html]
[html.themexriver.com/Clinox/assets/img/icon/oh_icon.html]
[html.themexriver.com/Clinox/assets/img/bg/ba_img1.html]
[html.themexriver.com/Clinox/assets/img/bg/ba_img2.html]
[html.themexriver.com/Clinox/assets/img/icon/world2.html]
[html.themexriver.com/Clinox/assets/img/icon/c_icon.html]
[html.themexriver.com/Clinox/assets/img/shape/c_shape.html]
[html.themexriver.com/Clinox/assets/img/bg/team_bg.html]
[html.themexriver.com/Clinox/assets/img/team/img_01.html]
[html.themexriver.com/Clinox/team-single.html]
[html.themexriver.com/Clinox/assets/img/shape/t_shape1.html]
[html.themexriver.com/Clinox/assets/img/shape/t_shape2.html]
[html.themexriver.com/Clinox/assets/img/team/img_02.html]
[html.themexriver.com/Clinox/assets/img/team/img_03.html]
[html.themexriver.com/Clinox/assets/img/team/img_04.html]
[html.themexriver.com/Clinox/assets/img/bg/tab-info-bg.html]
[html.themexriver.com/Clinox/assets/img/bg/tab_bg.html]
[html.themexriver.com/Clinox/assets/img/shape/tab-info-shape.html]
[html.themexriver.com/Clinox/assets/img/bg/testimonial_bg.html]
[html.themexriver.com/Clinox/assets/img/shape/cta_shape.html]
[html.themexriver.com/Clinox/assets/img/icon/quote-1.html]
[html.themexriver.com/Clinox/assets/img/icon/quote-2.html]
[html.themexriver.com/Clinox/assets/img/testimonial/avatar.html]
[html.themexriver.com/Clinox/assets/img/testimonial/avatar_01.html]
[html.themexriver.com/Clinox/assets/img/testimonial/avatar_02.html]
[html.themexriver.com/Clinox/assets/img/testimonial/avatar_03.html]
[html.themexriver.com/Clinox/assets/img/testimonial/avatar_04.html]
[html.themexriver.com/Clinox/assets/img/blog/img_01.html]
[html.themexriver.com/Clinox/assets/img/blog/img_02.html]
[html.themexriver.com/Clinox/assets/img/blog/img_03.html]
[html.themexriver.com/Clinox/assets/img/bg/footer-noise.html]
[html.themexriver.com/Clinox/assets/img/instagram/img_01.html]
[html.themexriver.com/Clinox/assets/img/instagram/img_02.html]
[html.themexriver.com/Clinox/assets/img/icon/fire.html]
[html.themexriver.com/Clinox/assets/img/shape/f_text_shape.html]
[html.themexriver.com/Clinox/assets/js/backToTop.html]
[html.themexriver.com/Clinox/assets/js/uikit.min.html]
[html.themexriver.com/Clinox/assets/js/metisMenu.min.html]
[html.themexriver.com/Clinox/assets/js/twenty.html]
[html.themexriver.com/Clinox/assets/js/scripts-2.html]
[html.themexriver.com/Clinox/assets/img/bg/hero_bg-2.html]
[html.themexriver.com/Clinox/assets/img/bg/hero_img.html]
[html.themexriver.com/Clinox/assets/img/shape/h_shape.html]
[html.themexriver.com/Clinox/assets/img/icon/h_text.html]
[html.themexriver.com/Clinox/assets/img/icon/h_icon.html]
[html.themexriver.com/Clinox/assets/img/icon/h_icon1.html]
[html.themexriver.com/Clinox/assets/img/icon/h_icon2.html]
[html.themexriver.com/Clinox/assets/img/icon/h_icon3.html]
[html.themexriver.com/Clinox/assets/img/icon/h_icon4.html]
[html.themexriver.com/Clinox/assets/img/bg/feature_img.html]
[html.themexriver.com/Clinox/assets/img/about/img_03.html]
[html.themexriver.com/Clinox/assets/img/icon/world.html]
[html.themexriver.com/Clinox/assets/img/bg/tab-service-bg.html]
[html.themexriver.com/Clinox/assets/img/shape/ts_shape.html]
[html.themexriver.com/Clinox/assets/img/bg/testimonial_bg_img.html]
[html.themexriver.com/Clinox/assets/img/icon/t_shape.html]
[html.themexriver.com/Clinox/assets/img/icon/t_quote.html]
[html.themexriver.com/Clinox/assets/img/bg/faq.html]
[html.themexriver.com/Clinox/assets/img/shape/faq_shape.html]
[html.themexriver.com/Clinox/assets/img/shape/f_shape2.html]
[html.themexriver.com/Clinox/assets/img/shape/f_shape3.html]
[html.themexriver.com/Clinox/assets/img/bg/news_bg.html]
[html.themexriver.com/Clinox/assets/img/blog/img_04.html]
[html.themexriver.com/Clinox/assets/img/blog/img_05.html]
[html.themexriver.com/Clinox/assets/img/blog/img_06.html]
[html.themexriver.com/Clinox/assets/img/icon/pin.html]
[html.themexriver.com/Clinox/assets/img/icon/mail.html]
[html.themexriver.com/Clinox/assets/img/icon/call-2.html]
[html.themexriver.com/Clinox/assets/img/shop/pro1.html]
[html.themexriver.com/Clinox/assets/img/shop/pro2.html]
[html.themexriver.com/Clinox/assets/img/shop/pro3.html]
[html.themexriver.com/Clinox/assets/img/banner/banner.html]
[html.themexriver.com/Clinox/assets/img/banner/banner-bg.html]
[html.themexriver.com/Clinox/assets/img/icon/ic1.html]
[html.themexriver.com/Clinox/assets/img/icon/ic2.html]
[html.themexriver.com/Clinox/assets/img/icon/ic3.html]
[html.themexriver.com/Clinox/assets/img/about/ab1.html]
[html.themexriver.com/Clinox/assets/img/icon/ic4.html]
[html.themexriver.com/Clinox/assets/img/icon/ic5.html]
[html.themexriver.com/Clinox/assets/img/service/ser1.html]
[html.themexriver.com/Clinox/assets/img/icon/ic6.html]
[html.themexriver.com/Clinox/assets/img/service/ser2.html]
[html.themexriver.com/Clinox/assets/img/icon/ic7.html]
[html.themexriver.com/Clinox/assets/img/service/ser3.html]
[html.themexriver.com/Clinox/assets/img/icon/ic8.html]
[html.themexriver.com/Clinox/assets/img/service/ser4.html]
[html.themexriver.com/Clinox/assets/img/icon/ic9.html]
[html.themexriver.com/Clinox/assets/img/bg/promo-bg.html]
[html.themexriver.com/Clinox/assets/img/banner/banner-bg2.html]
[html.themexriver.com/Clinox/assets/img/icon/ic11.html]
[html.themexriver.com/Clinox/assets/img/icon/ic10.html]
[html.themexriver.com/Clinox/assets/img/about/wc1.html]
[html.themexriver.com/Clinox/assets/img/team/tm1.html]
[html.themexriver.com/Clinox/assets/img/team/tm2.html]
[html.themexriver.com/Clinox/assets/img/team/tm3.html]
[html.themexriver.com/Clinox/assets/img/about/faq1.html]
[html.themexriver.com/Clinox/assets/img/bg/fun-bg.html]
[html.themexriver.com/Clinox/assets/img/banner/fun-fact-bg.html]
[html.themexriver.com/Clinox/assets/img/icon/ic12.html]
[html.themexriver.com/Clinox/assets/img/icon/ic13.html]
[html.themexriver.com/Clinox/assets/img/icon/ic14.html]
[html.themexriver.com/Clinox/assets/img/blog/blg1.html]
[html.themexriver.com/Clinox/assets/img/blog/blg2.html]
[html.themexriver.com/Clinox/assets/img/blog/blg3.html]
[html.themexriver.com/Clinox/assets/img/bg/footer-bg.html]
[html.themexriver.com/Clinox/assets/img/img-5/icon/pin.html]
[html.themexriver.com/Clinox/assets/img/img-5/icon/mail.html]
[html.themexriver.com/Clinox/assets/img/img-5/icon/call.html]
[html.themexriver.com/Clinox/assets/img/img-5/shop/pro1.html]
[html.themexriver.com/Clinox/assets/img/img-5/shop/pro2.html]
[html.themexriver.com/Clinox/assets/img/img-5/shop/pro3.html]
[html.themexriver.com/Clinox/assets/img/img-5/banner/b8.html]
[html.themexriver.com/Clinox/assets/img/img-5/banner/b9.html]
[html.themexriver.com/Clinox/assets/img/img-5/banner/b1.html]
[html.themexriver.com/Clinox/assets/img/img-5/banner/b2.html]
[html.themexriver.com/Clinox/assets/img/img-5/banner/b3.html]
[html.themexriver.com/Clinox/assets/img/img-5/banner/b4.html]
[html.themexriver.com/Clinox/assets/img/img-5/banner/b5.html]
[html.themexriver.com/Clinox/assets/img/img-5/banner/b7.html]
[html.themexriver.com/Clinox/assets/img/img-5/banner/b6.html]
[html.themexriver.com/Clinox/assets/img/img-5/banner/bn1.html]
[html.themexriver.com/Clinox/assets/img/img-5/banner/b-cir1.html]
[html.themexriver.com/Clinox/assets/img/img-5/banner/b-cir2.html]
[html.themexriver.com/Clinox/assets/img/img-5/shape/side-sh1.html]
[html.themexriver.com/Clinox/assets/img/img-5/shape/sq-sh2.html]
[html.themexriver.com/Clinox/assets/img/img-5/shape/dot-sh1.html]
[html.themexriver.com/Clinox/assets/img/img-5/shape/dot-sh2.html]
[html.themexriver.com/Clinox/assets/img/img-5/about/ab1.html]
[html.themexriver.com/Clinox/assets/img/img-5/about/ab2.html]
[html.themexriver.com/Clinox/assets/img/img-5/shape/sq-sh1.html]
[html.themexriver.com/Clinox/assets/img/img-5/about/ab3.html]
[html.themexriver.com/Clinox/assets/img/img-5/bg/service-bg.html]
[html.themexriver.com/Clinox/assets/img/img-5/service/ser-1.html]
[html.themexriver.com/Clinox/assets/img/img-5/icon/ic1.html]
[html.themexriver.com/Clinox/assets/img/img-5/service/ser-2.html]
[html.themexriver.com/Clinox/assets/img/img-5/icon/ic2.html]
[html.themexriver.com/Clinox/assets/img/img-5/service/ser-3.html]
[html.themexriver.com/Clinox/assets/img/img-5/icon/ic3.html]
[html.themexriver.com/Clinox/assets/img/img-5/bg/wc-bg.html]
[html.themexriver.com/Clinox/assets/img/img-5/shape/side-sh2.html]
[html.themexriver.com/Clinox/assets/img/img-5/icon/ic4.html]
[html.themexriver.com/Clinox/assets/img/img-5/icon/ic5.html]
[html.themexriver.com/Clinox/assets/img/img-5/icon/ic6.html]
[html.themexriver.com/Clinox/assets/img/img-5/icon/ic7.html]
[html.themexriver.com/Clinox/assets/img/img-5/shape/sq-sh3.html]
[html.themexriver.com/Clinox/assets/img/img-5/about/wc.html]
[html.themexriver.com/Clinox/assets/img/img-5/bg/fun-bg.html]
[html.themexriver.com/Clinox/assets/img/img-5/bg/faq-bg.html]
[html.themexriver.com/Clinox/assets/img/img-5/shape/side-sh3.html]
[html.themexriver.com/Clinox/assets/img/img-5/about/fq.html]
[html.themexriver.com/Clinox/assets/img/img-5/bg/hw-bg.html]
[html.themexriver.com/Clinox/assets/img/img-5/line-sh2.html]
[html.themexriver.com/Clinox/assets/img/img-5/icon/ic8.html]
[html.themexriver.com/Clinox/assets/img/img-5/icon/ic9.html]
[html.themexriver.com/Clinox/assets/img/img-5/icon/ic10.html]
[html.themexriver.com/Clinox/assets/img/img-5/project/pro1.html]
[html.themexriver.com/Clinox/assets/img/img-5/project/pro2.html]
[html.themexriver.com/Clinox/assets/img/img-5/project/pro3.html]
[html.themexriver.com/Clinox/assets/img/img-5/bg/tst-bg.html]
[html.themexriver.com/Clinox/assets/img/img-5/about/tst1.html]
[html.themexriver.com/Clinox/assets/img/img-5/about/tst-cir.html]
[html.themexriver.com/Clinox/assets/img/img-5/icon/ic11.html]
[html.themexriver.com/Clinox/assets/img/img-5/about/tst1-2.html]
[html.themexriver.com/Clinox/assets/img/img-5/bg/price-bg.html]
[html.themexriver.com/Clinox/assets/img/img-5/bg/pr-bg.html]
[html.themexriver.com/Clinox/assets/img/img-5/bg/pr-bg2.html]
[html.themexriver.com/Clinox/assets/img/img-5/blog/blg1.html]
[html.themexriver.com/Clinox/assets/img/img-5/blog/blg2.html]
[html.themexriver.com/Clinox/assets/img/img-5/blog/blg3.html]
[html.themexriver.com/Clinox/assets/img/img-5/sponsor/sp1.html]
[html.themexriver.com/Clinox/assets/img/img-5/sponsor/sp2.html]
[html.themexriver.com/Clinox/assets/img/img-5/sponsor/sp3.html]
[html.themexriver.com/Clinox/assets/img/img-5/sponsor/sp4.html]
[html.themexriver.com/Clinox/assets/img/img-5/sponsor/sp5.html]
[html.themexriver.com/Clinox/assets/img/img-5/bg/ft-bg.html]
[html.themexriver.com/Clinox/assets/img/img-5/logo/app1.html]
[html.themexriver.com/Clinox/assets/img/img-5/logo/app2.html]
[html.themexriver.com/Clinox/assets/img/img-5/icon/ic12.html]
[html.themexriver.com/Clinox/assets/img/img-5/icon/ic13.html]
[html.themexriver.com/Clinox/assets/img/img-5/icon/ic14.html]
[html.themexriver.com/Clinox/assets/img/bg/br-bg1.html]
[html.themexriver.com/Clinox/assets/img/banner/bread-bg.html]
[html.themexriver.com/Clinox/assets/img/about/ab2.html]
[html.themexriver.com/Clinox/assets/css/flaticon.html]
[html.themexriver.com/Clinox/assets/css/jquery-ui.html]
[html.themexriver.com/Clinox/assets/css/nice-select.html]
[html.themexriver.com/Clinox/assets/css/jquery.mCustomScrollbar.min.html]
[html.themexriver.com/Clinox/assets/css/rs6.html]
[html.themexriver.com/Clinox/assets/img/shop/shp1.html]
[html.themexriver.com/Clinox/assets/img/shop/shp2.html]
[html.themexriver.com/Clinox/assets/img/shop/shp3.html]
[html.themexriver.com/Clinox/assets/img/shop/shp4.html]
[html.themexriver.com/Clinox/assets/img/shop/shp5.html]
[html.themexriver.com/Clinox/assets/img/shop/shp6.html]
[html.themexriver.com/Clinox/assets/img/shop/shp7.html]
[html.themexriver.com/Clinox/assets/img/shop/shp8.html]
[html.themexriver.com/Clinox/assets/img/shop/shp9.html]
[html.themexriver.com/Clinox/assets/img/shop/shp10.html]
[html.themexriver.com/Clinox/assets/img/shop/shp11.html]
[html.themexriver.com/Clinox/assets/img/shop/shp12.html]
[html.themexriver.com/Clinox/assets/js/jquery-ui.min.html]
[html.themexriver.com/Clinox/assets/js/jquery.ui.touch-punch.min.html]
[html.themexriver.com/Clinox/assets/js/jquery.mCustomScrollbar.concat.min.html]
[html.themexriver.com/Clinox/assets/js/jquery.cssslider.min.html]
[html.themexriver.com/Clinox/assets/js/rbtools.min.html]
[html.themexriver.com/Clinox/assets/js/rs6.min.html]
[html.themexriver.com/Clinox/assets/img/shop/shp-d1.html]
[html.themexriver.com/Clinox/assets/img/blog/ca1.html]
[html.themexriver.com/Clinox/assets/js/jquery.inputarrow.html]
[html.themexriver.com/Clinox/assets/img/icon/ic28.html]
[html.themexriver.com/Clinox/assets/img/about/as1.html]
[html.themexriver.com/Clinox/assets/img/bg/sf1.html]
[html.themexriver.com/Clinox/assets/img/about/as2.html]
[html.themexriver.com/Clinox/assets/img/team/tm4.html]
[html.themexriver.com/Clinox/assets/img/team/tm5.html]
[html.themexriver.com/Clinox/assets/img/team/tm6.html]
[html.themexriver.com/Clinox/assets/img/team/tm7.html]
[html.themexriver.com/Clinox/assets/img/team/tm8.html]
[html.themexriver.com/Clinox/assets/img/team/tm9.html]
[html.themexriver.com/Clinox/assets/img/about/wc2.html]
[html.themexriver.com/Clinox/assets/img/blog/blg-p1.html]
[html.themexriver.com/Clinox/assets/img/blog/blg-p2.html]
[html.themexriver.com/Clinox/assets/img/blog/blg-p5.html]
[html.themexriver.com/Clinox/assets/img/blog/blg-p3.html]
[html.themexriver.com/Clinox/assets/img/blog/blg-p4.html]
[html.themexriver.com/Clinox/assets/img/blog/rc1.html]
[html.themexriver.com/Clinox/assets/img/blog/rc2.html]
[html.themexriver.com/Clinox/assets/img/blog/rc3.html]
[html.themexriver.com/Clinox/assets/img/blog/rc4.html]
[html.themexriver.com/Clinox/assets/img/blog/ba1.html]
[html.themexriver.com/Clinox/assets/img/project/pro5.html]
[html.themexriver.com/Clinox/assets/img/project/pro6.html]
[html.themexriver.com/Clinox/assets/img/project/pro7.html]
[html.themexriver.com/Clinox/assets/img/project/pro8.html]
[html.themexriver.com/Clinox/assets/img/project/pro9.html]
[html.themexriver.com/Clinox/assets/img/project/pro10.html]
[html.themexriver.com/Clinox/assets/img/project/pro11.html]
[html.themexriver.com/Clinox/assets/img/project/pro12.html]
[html.themexriver.com/Clinox/assets/img/project/pro13.html]
[html.themexriver.com/Clinox/assets/img/project/prd1.html]
[html.themexriver.com/Clinox/assets/img/project/prd2.html]
[html.themexriver.com/Clinox/assets/img/project/prd3.html]
