[dreamslms.dreamstechnologies.com/html/template/index.html]
[backblue.gif]
[fade.gif]
[index.html]
[dreamslms.dreamstechnologies.com/html/template/assets/img/favicon.png]
[dreamslms.dreamstechnologies.com/html/template/assets/img/apple-icon.png]
[dreamslms.dreamstechnologies.com/html/template/assets/js/theme-script.js]
[dreamslms.dreamstechnologies.com/html/template/assets/css/bootstrap.min.css]
[dreamslms.dreamstechnologies.com/html/template/assets/plugins/swiper/css/swiper-bundle.min.css]
[dreamslms.dreamstechnologies.com/html/template/assets/plugins/fontawesome/css/fontawesome.min.css]
[dreamslms.dreamstechnologies.com/html/template/assets/plugins/fontawesome/css/all.min.css]
[dreamslms.dreamstechnologies.com/html/template/assets/plugins/select2/css/select2.min.css]
[dreamslms.dreamstechnologies.com/html/template/assets/plugins/slick/slick.css]
[dreamslms.dreamstechnologies.com/html/template/assets/plugins/slick/slick-theme.css]
[dreamslms.dreamstechnologies.com/html/template/assets/plugins/feather/feather.css]
[dreamslms.dreamstechnologies.com/html/template/assets/plugins/aos/aos.css]
[dreamslms.dreamstechnologies.com/html/template/assets/plugins/tabler-icons/tabler-icons.css]
[dreamslms.dreamstechnologies.com/html/template/assets/css/iconsax.css]
[dreamslms.dreamstechnologies.com/html/template/assets/plugins/fancybox/jquery.fancybox.min.css]
[dreamslms.dreamstechnologies.com/html/template/assets/css/style.css]
[dreamslms.dreamstechnologies.com/html/template/assets/img/logo-white.svg]
[dreamslms.dreamstechnologies.com/html/template/assets/img/logo.svg]
[dreamslms.dreamstechnologies.com/html/template/assets/img/home/home-01.jpg]
[dreamslms.dreamstechnologies.com/html/template/assets/img/home/home-02.jpg]
[dreamslms.dreamstechnologies.com/html/template/index-2.html]
[dreamslms.dreamstechnologies.com/html/template/index-3.html]
[dreamslms.dreamstechnologies.com/html/template/assets/img/home/home-03.jpg]
[dreamslms.dreamstechnologies.com/html/template/index-4.html]
[dreamslms.dreamstechnologies.com/html/template/assets/img/home/home-04.jpg]
[dreamslms.dreamstechnologies.com/html/template/index-5.html]
[dreamslms.dreamstechnologies.com/html/template/assets/img/home/home-05.jpg]
[dreamslms.dreamstechnologies.com/html/template/index-6.html]
[dreamslms.dreamstechnologies.com/html/template/assets/img/home/home-06.jpg]
[dreamslms.dreamstechnologies.com/html/template/course-grid.html]
[dreamslms.dreamstechnologies.com/html/template/course-list.html]
[dreamslms.dreamstechnologies.com/html/template/course-category.html]
[dreamslms.dreamstechnologies.com/html/template/course-category-2.html]
[dreamslms.dreamstechnologies.com/html/template/course-category-3.html]
[dreamslms.dreamstechnologies.com/html/template/course-details.html]
[dreamslms.dreamstechnologies.com/html/template/course-details-2.html]
[dreamslms.dreamstechnologies.com/html/template/course-resume.html]
[dreamslms.dreamstechnologies.com/html/template/course-watch.html]
[dreamslms.dreamstechnologies.com/html/template/cart.html]
[dreamslms.dreamstechnologies.com/html/template/checkout.html]
[dreamslms.dreamstechnologies.com/html/template/add-course.html]
[dreamslms.dreamstechnologies.com/html/template/instructor-dashboard.html]
[dreamslms.dreamstechnologies.com/html/template/instructor-profile.html]
[dreamslms.dreamstechnologies.com/html/template/instructor-course.html]
[dreamslms.dreamstechnologies.com/html/template/instructor-announcements.html]
[dreamslms.dreamstechnologies.com/html/template/instructor-assignment.html]
[dreamslms.dreamstechnologies.com/html/template/students.html]
[dreamslms.dreamstechnologies.com/html/template/student-list.html]
[dreamslms.dreamstechnologies.com/html/template/student-details.html]
[dreamslms.dreamstechnologies.com/html/template/instructor-quiz.html]
[dreamslms.dreamstechnologies.com/html/template/instructor-quiz-results.html]
[dreamslms.dreamstechnologies.com/html/template/instructor-certificate.html]
[dreamslms.dreamstechnologies.com/html/template/instructor-earnings.html]
[dreamslms.dreamstechnologies.com/html/template/instructor-payout.html]
[dreamslms.dreamstechnologies.com/html/template/instructor-statements.html]
[dreamslms.dreamstechnologies.com/html/template/instructor-tickets.html]
[dreamslms.dreamstechnologies.com/html/template/instructor-settings.html]
[dreamslms.dreamstechnologies.com/html/template/student-dashboard.html]
[dreamslms.dreamstechnologies.com/html/template/student-profile.html]
[dreamslms.dreamstechnologies.com/html/template/student-courses.html]
[dreamslms.dreamstechnologies.com/html/template/student-certificates.html]
[dreamslms.dreamstechnologies.com/html/template/student-wishlist.html]
[dreamslms.dreamstechnologies.com/html/template/student-reviews.html]
[dreamslms.dreamstechnologies.com/html/template/student-quiz.html]
[dreamslms.dreamstechnologies.com/html/template/student-order-history.html]
[dreamslms.dreamstechnologies.com/html/template/student-referral.html]
[dreamslms.dreamstechnologies.com/html/template/student-messages.html]
[dreamslms.dreamstechnologies.com/html/template/student-tickets.html]
[dreamslms.dreamstechnologies.com/html/template/student-settings.html]
[dreamslms.dreamstechnologies.com/html/template/instructor-grid.html]
[dreamslms.dreamstechnologies.com/html/template/instructor-list.html]
[dreamslms.dreamstechnologies.com/html/template/instructor-details.html]
[dreamslms.dreamstechnologies.com/html/template/about-us.html]
[dreamslms.dreamstechnologies.com/html/template/contact-us.html]
[dreamslms.dreamstechnologies.com/html/template/notifications.html]
[dreamslms.dreamstechnologies.com/html/template/become-an-instructor.html]
[dreamslms.dreamstechnologies.com/html/template/testimonials.html]
[dreamslms.dreamstechnologies.com/html/template/login.html]
[dreamslms.dreamstechnologies.com/html/template/register.html]
[dreamslms.dreamstechnologies.com/html/template/forgot-password.html]
[dreamslms.dreamstechnologies.com/html/template/reset-password.html]
[dreamslms.dreamstechnologies.com/html/template/set-password.html]
[dreamslms.dreamstechnologies.com/html/template/otp.html]
[dreamslms.dreamstechnologies.com/html/template/lock-screen.html]
[dreamslms.dreamstechnologies.com/html/template/error-404.html]
[dreamslms.dreamstechnologies.com/html/template/error-500.html]
[dreamslms.dreamstechnologies.com/html/template/pricing-plan.html]
[dreamslms.dreamstechnologies.com/html/template/faq.html]
[dreamslms.dreamstechnologies.com/html/template/coming-soon.html]
[dreamslms.dreamstechnologies.com/html/template/under-construction.html]
[dreamslms.dreamstechnologies.com/html/template/terms-and-conditions.html]
[dreamslms.dreamstechnologies.com/html/template/privacy-policy.html]
[dreamslms.dreamstechnologies.com/html/template/index-rtl.html]
[dreamslms.dreamstechnologies.com/html/template/blog-grid.html]
[dreamslms.dreamstechnologies.com/html/template/blog-2-grid.html]
[dreamslms.dreamstechnologies.com/html/template/blog-3-grid.html]
[dreamslms.dreamstechnologies.com/html/template/blog-carousal.html]
[dreamslms.dreamstechnologies.com/html/template/blog-masonry.html]
[dreamslms.dreamstechnologies.com/html/template/blog-left-sidebar.html]
[dreamslms.dreamstechnologies.com/html/template/blog-right-sidebar.html]
[dreamslms.dreamstechnologies.com/html/template/blog-details.html]
[dreamslms.dreamstechnologies.com/html/template/blog-details-left-sidebar.html]
[dreamslms.dreamstechnologies.com/html/template/blog-details-right-sidebar.html]
[dreamslms.dreamstechnologies.com/html/template/assets/img/flags/us-flag.svg]
[dreamslms.dreamstechnologies.com/html/template/assets/img/flags/arab-flag.svg]
[dreamslms.dreamstechnologies.com/html/template/assets/img/flags/france-flag.svg]
[dreamslms.dreamstechnologies.com/html/template/assets/img/bg/bg-15.png]
[dreamslms.dreamstechnologies.com/html/template/assets/img/bg/bg-16.png]
[dreamslms.dreamstechnologies.com/html/template/assets/img/bg/bg-17.png]
[dreamslms.dreamstechnologies.com/html/template/assets/img/bg/bg-18.png]
[dreamslms.dreamstechnologies.com/html/template/assets/img/icons/icon-32.svg]
[dreamslms.dreamstechnologies.com/html/template/assets/img/icons/icon-33.svg]
[dreamslms.dreamstechnologies.com/html/template/assets/img/icons/icon-34.svg]
[dreamslms.dreamstechnologies.com/html/template/assets/img/course/course-22.jpg]
[dreamslms.dreamstechnologies.com/html/template/assets/img/icons/course-01.svg]
[dreamslms.dreamstechnologies.com/html/template/assets/img/user/user-50.jpg]
[dreamslms.dreamstechnologies.com/html/template/assets/img/course/course-25.jpg]
[dreamslms.dreamstechnologies.com/html/template/assets/img/featured-courses/Clip-path-group.svg]
[dreamslms.dreamstechnologies.com/html/template/assets/img/user/user-20.jpg]
[dreamslms.dreamstechnologies.com/html/template/assets/img/course/course-24.jpg]
[dreamslms.dreamstechnologies.com/html/template/assets/img/featured-courses/react.svg]
[dreamslms.dreamstechnologies.com/html/template/assets/img/user/user-23.jpg]
[dreamslms.dreamstechnologies.com/html/template/assets/img/shapes/bg-1.png]
[dreamslms.dreamstechnologies.com/html/template/assets/img/shapes/bg-2.png]
[dreamslms.dreamstechnologies.com/html/template/assets/img/shapes/bg-3.png]
[dreamslms.dreamstechnologies.com/html/template/assets/img/client/01.svg]
[dreamslms.dreamstechnologies.com/html/template/assets/img/client/02.svg]
[dreamslms.dreamstechnologies.com/html/template/assets/img/client/03.svg]
[dreamslms.dreamstechnologies.com/html/template/assets/img/client/04.svg]
[dreamslms.dreamstechnologies.com/html/template/assets/img/client/05.svg]
[dreamslms.dreamstechnologies.com/html/template/assets/img/client/06.svg]
[dreamslms.dreamstechnologies.com/html/template/assets/img/client/07.svg]
[dreamslms.dreamstechnologies.com/html/template/assets/img/bg/bg-20.png]
[dreamslms.dreamstechnologies.com/html/template/assets/img/category/icons/icon-6.svg]
[dreamslms.dreamstechnologies.com/html/template/assets/img/category/icons/icon-7.svg]
[dreamslms.dreamstechnologies.com/html/template/assets/img/category/icons/icon-8.svg]
[dreamslms.dreamstechnologies.com/html/template/assets/img/category/icons/icon-9.svg]
[dreamslms.dreamstechnologies.com/html/template/assets/img/category/icons/icon-10.svg]
[dreamslms.dreamstechnologies.com/html/template/assets/img/category/icons/icon-11.svg]
[dreamslms.dreamstechnologies.com/html/template/assets/img/feature/feature-1.jpg]
[dreamslms.dreamstechnologies.com/html/template/assets/img/bg/bg-19.png]
[dreamslms.dreamstechnologies.com/html/template/assets/img/user/user-28.jpg]
[dreamslms.dreamstechnologies.com/html/template/assets/img/course/course-36.jpg]
[dreamslms.dreamstechnologies.com/html/template/assets/img/user/user-06.jpg]
[dreamslms.dreamstechnologies.com/html/template/assets/img/course/course-37.jpg]
[dreamslms.dreamstechnologies.com/html/template/assets/img/user/user-07.jpg]
[dreamslms.dreamstechnologies.com/html/template/assets/img/course/course-38.jpg]
[dreamslms.dreamstechnologies.com/html/template/assets/img/user/user-08.jpg]
[dreamslms.dreamstechnologies.com/html/template/assets/img/course/course-39.jpg]
[dreamslms.dreamstechnologies.com/html/template/assets/img/user/user-09.jpg]
[dreamslms.dreamstechnologies.com/html/template/assets/img/shapes/shape-5.png]
[dreamslms.dreamstechnologies.com/html/template/assets/img/shapes/shape-6.png]
[dreamslms.dreamstechnologies.com/html/template/assets/img/feature/feature-2.jpg]
[dreamslms.dreamstechnologies.com/html/template/assets/img/feature/feature-3.jpg]
[dreamslms.dreamstechnologies.com/html/template/assets/img/shapes/shape-7.svg]
[dreamslms.dreamstechnologies.com/html/template/assets/img/user/user-01.jpg]
[dreamslms.dreamstechnologies.com/html/template/assets/img/user/user-03.jpg]
[dreamslms.dreamstechnologies.com/html/template/assets/img/client/08.svg]
[dreamslms.dreamstechnologies.com/html/template/assets/img/client/09.svg]
[dreamslms.dreamstechnologies.com/html/template/assets/img/client/10.svg]
[dreamslms.dreamstechnologies.com/html/template/assets/img/client/11.svg]
[dreamslms.dreamstechnologies.com/html/template/assets/img/client/12.svg]
[dreamslms.dreamstechnologies.com/html/template/assets/img/client/13.svg]
[dreamslms.dreamstechnologies.com/html/template/assets/img/feature/feature-27.jpg]
[dreamslms.dreamstechnologies.com/html/template/assets/img/instructor/instructor-09.jpg]
[dreamslms.dreamstechnologies.com/html/template/assets/img/icons/verify-icon.svg]
[dreamslms.dreamstechnologies.com/html/template/assets/img/instructor/instructor-10.jpg]
[dreamslms.dreamstechnologies.com/html/template/assets/img/instructor/instructor-11.jpg]
[dreamslms.dreamstechnologies.com/html/template/assets/img/instructor/instructor-12.jpg]
[dreamslms.dreamstechnologies.com/html/template/assets/img/user/user-41.jpg]
[dreamslms.dreamstechnologies.com/html/template/assets/img/user/user-42.jpg]
[dreamslms.dreamstechnologies.com/html/template/assets/img/user/user-43.jpg]
[dreamslms.dreamstechnologies.com/html/template/assets/img/bg/bg-21.svg]
[dreamslms.dreamstechnologies.com/html/template/assets/img/bg/bg-22.svg]
[dreamslms.dreamstechnologies.com/html/template/assets/img/feature/feature-4.jpg]
[dreamslms.dreamstechnologies.com/html/template/assets/img/blog/blog-35.jpg]
[dreamslms.dreamstechnologies.com/html/template/assets/img/blog/blog-36.jpg]
[dreamslms.dreamstechnologies.com/html/template/assets/img/blog/blog-38.jpg]
[dreamslms.dreamstechnologies.com/html/template/assets/img/blog/blog-37.jpg]
[dreamslms.dreamstechnologies.com/html/template/assets/img/blog/blog-39.jpg]
[dreamslms.dreamstechnologies.com/html/template/assets/img/icon/appstore.svg]
[dreamslms.dreamstechnologies.com/html/template/assets/img/icon/googleplay.svg]
[dreamslms.dreamstechnologies.com/html/template/assets/js/bootstrap.bundle.min.js]
[dreamslms.dreamstechnologies.com/html/template/assets/js/jquery-3.7.1.min.js]
[dreamslms.dreamstechnologies.com/html/template/assets/plugins/select2/js/select2.min.js]
[dreamslms.dreamstechnologies.com/html/template/assets/plugins/slick/slick.js]
[dreamslms.dreamstechnologies.com/html/template/assets/plugins/swiper/js/swiper-bundle.min.js]
[dreamslms.dreamstechnologies.com/html/template/assets/js/counter.js]
[dreamslms.dreamstechnologies.com/html/template/assets/plugins/aos/aos.js]
[dreamslms.dreamstechnologies.com/html/template/assets/plugins/fancybox/jquery.fancybox.min.js]
[dreamslms.dreamstechnologies.com/html/template/assets/js/script.js]
[dreamslms.dreamstechnologies.com/html/template/index.html]
[dreamslms.dreamstechnologies.com/html/template/assets/css/bootstrap.min.css]
[dreamslms.dreamstechnologies.com/html/template/assets/plugins/swiper/css/swiper-bundle.min.css]
[dreamslms.dreamstechnologies.com/html/template/assets/plugins/fontawesome/css/fontawesome.min.css]
[dreamslms.dreamstechnologies.com/html/template/assets/plugins/fontawesome/css/all.min.css]
[dreamslms.dreamstechnologies.com/html/template/assets/plugins/select2/css/select2.min.css]
[dreamslms.dreamstechnologies.com/html/template/assets/plugins/slick/slick.css]
[dreamslms.dreamstechnologies.com/html/template/assets/plugins/slick/slick-theme.css]
[dreamslms.dreamstechnologies.com/cdn-cgi/scripts/7d0fa10a/cloudflare-static/rocket-loader.min.js]
[dreamslms.dreamstechnologies.com/html/template/assets/plugins/feather/fonts/Feather144f.ttf]
[dreamslms.dreamstechnologies.com/html/template/assets/plugins/feather/fonts/Feather144f.woff]
[dreamslms.dreamstechnologies.com/html/template/assets/plugins/feather/feather.css]
[dreamslms.dreamstechnologies.com/html/template/assets/plugins/aos/aos.css]
[dreamslms.dreamstechnologies.com/html/template/assets/plugins/feather/fonts/Feather144f.svg]
[dreamslms.dreamstechnologies.com/html/template/assets/plugins/tabler-icons/fonts/tabler-icons63ae.woff2]
[dreamslms.dreamstechnologies.com/html/template/assets/plugins/tabler-icons/fonts/tabler-iconsd41d.woff]
[dreamslms.dreamstechnologies.com/html/template/assets/plugins/tabler-icons/tabler-icons.css]
[dreamslms.dreamstechnologies.com/html/template/assets/plugins/tabler-icons/fonts/tabler-icons63ae.ttf]
[dreamslms.dreamstechnologies.com/html/template/assets/fonts/iconsax92de.eot]
[dreamslms.dreamstechnologies.com/html/template/assets/fonts/iconsax92de.ttf]
[dreamslms.dreamstechnologies.com/html/template/assets/fonts/iconsax92de.woff]
[dreamslms.dreamstechnologies.com/html/template/assets/fonts/iconsax92de.svg]
[dreamslms.dreamstechnologies.com/html/template/assets/css/iconsax.css]
[dreamslms.dreamstechnologies.com/html/template/assets/plugins/fancybox/jquery.fancybox.min.css]
[dreamslms.dreamstechnologies.com/html/template/assets/img/bg/menu-bg.png]
[dreamslms.dreamstechnologies.com/html/template/assets/img/bg/breadcrumb.jpg]
[dreamslms.dreamstechnologies.com/html/template/assets/img/bg/breadcrumb-02.jpg]
[dreamslms.dreamstechnologies.com/html/template/assets/img/bg/breadcrumb-03.jpg]
[dreamslms.dreamstechnologies.com/html/template/assets/img/bg/breadcrumb-05.jpg]
[dreamslms.dreamstechnologies.com/html/template/assets/img/bg/breadcrumb-04.jpg]
[dreamslms.dreamstechnologies.com/html/template/assets/img/icons/dropdown.svg]
[dreamslms.dreamstechnologies.com/html/template/assets/img/bg/ban-bg.png]
[dreamslms.dreamstechnologies.com/html/template/assets/img/bg/bg-1.png]
[dreamslms.dreamstechnologies.com/html/template/assets/img/bg/testimonials-bg.jpg]
[dreamslms.dreamstechnologies.com/html/template/assets/img/course/course-details-bg.jpg]
[dreamslms.dreamstechnologies.com/html/template/assets/img/bg/card-bg-02.png]
[dreamslms.dreamstechnologies.com/html/template/assets/img/bg/benefit-bg.png]
[dreamslms.dreamstechnologies.com/html/template/assets/img/bg/subscribe-bg.png]
[dreamslms.dreamstechnologies.com/html/template/assets/img/bg/role-bg-01.png]
[dreamslms.dreamstechnologies.com/html/template/assets/img/bg/role-bg-02.png]
[dreamslms.dreamstechnologies.com/html/template/assets/img/bg/map-bg.png]
[dreamslms.dreamstechnologies.com/html/template/assets/img/feature/feature-28.jpg]
[dreamslms.dreamstechnologies.com/html/template/assets/img/bg/map.png]
[dreamslms.dreamstechnologies.com/html/template/assets/img/icon/email.svg]
[dreamslms.dreamstechnologies.com/html/template/assets/img/testimonial-background-img-1.png]
[dreamslms.dreamstechnologies.com/html/template/assets/img/testimonial-background-img-2.png]
[dreamslms.dreamstechnologies.com/html/template/assets/img/footer-background-img.png]
[dreamslms.dreamstechnologies.com/html/template/assets/img/shapes/dot-group.png]
[dreamslms.dreamstechnologies.com/html/template/assets/img/icon/mail-2.svg]
[dreamslms.dreamstechnologies.com/html/template/assets/css/style.css]
[dreamslms.dreamstechnologies.com/html/template/assets/img/bg/category-bg.png]
[dreamslms.dreamstechnologies.com/html/template/assets/img/logo-white.svg]
[dreamslms.dreamstechnologies.com/html/template/assets/img/logo.svg]
[dreamslms.dreamstechnologies.com/html/template/assets/css/owl.carousel.min.css]
[dreamslms.dreamstechnologies.com/html/template/assets/img/banner/star-01.png]
[dreamslms.dreamstechnologies.com/html/template/assets/img/banner/star-02.png]
[dreamslms.dreamstechnologies.com/html/template/assets/img/banner/star-03.png]
[dreamslms.dreamstechnologies.com/html/template/assets/img/banner/star-04.png]
[dreamslms.dreamstechnologies.com/html/template/assets/img/banner/star-05.png]
[dreamslms.dreamstechnologies.com/html/template/assets/img/icons/banner-book.svg]
[dreamslms.dreamstechnologies.com/html/template/assets/img/icons/banner-icon-03.svg]
[dreamslms.dreamstechnologies.com/html/template/assets/img/icons/banner-icon-01.svg]
[dreamslms.dreamstechnologies.com/html/template/assets/img/icons/banner-icon-02.svg]
[dreamslms.dreamstechnologies.com/html/template/assets/img/icons/banner-icon-04.svg]
[dreamslms.dreamstechnologies.com/html/template/assets/img/banner/soft-star.png]
[dreamslms.dreamstechnologies.com/html/template/assets/img/banner/banner-text-bg.png]
[dreamslms.dreamstechnologies.com/html/template/assets/img/banner/banner-bg-01.png]
[dreamslms.dreamstechnologies.com/html/template/assets/img/banner/banner-bg-02.png]
[dreamslms.dreamstechnologies.com/html/template/assets/img/hero/hero-1.png]
[dreamslms.dreamstechnologies.com/html/template/assets/img/bg/category-bg-1.png]
[dreamslms.dreamstechnologies.com/html/template/assets/img/icons/benefit-icon-01.svg]
[dreamslms.dreamstechnologies.com/html/template/assets/img/icons/benefit-icon-02.svg]
[dreamslms.dreamstechnologies.com/html/template/assets/img/icons/benefit-icon-03.svg]
[dreamslms.dreamstechnologies.com/html/template/assets/img/bg/feature-bg-01.png]
[dreamslms.dreamstechnologies.com/html/template/assets/img/bg/feature-bg-02.png]
[dreamslms.dreamstechnologies.com/html/template/assets/img/user/user-29.jpg]
[dreamslms.dreamstechnologies.com/html/template/assets/img/course/course-23.jpg]
[dreamslms.dreamstechnologies.com/html/template/assets/img/bg/count-icon.png]
[dreamslms.dreamstechnologies.com/html/template/assets/img/instructor/instructor-05.jpg]
[dreamslms.dreamstechnologies.com/html/template/assets/img/instructor/instructor-06.jpg]
[dreamslms.dreamstechnologies.com/html/template/assets/img/instructor/instructor-07.jpg]
[dreamslms.dreamstechnologies.com/html/template/assets/img/instructor/instructor-08.jpg]
[dreamslms.dreamstechnologies.com/html/template/assets/img/bg/instructor-bg-1.png]
[dreamslms.dreamstechnologies.com/html/template/assets/img/bg/subscribe-bg-01.png]
[dreamslms.dreamstechnologies.com/html/template/assets/img/feature/feature-22.png]
[dreamslms.dreamstechnologies.com/html/template/assets/img/icons/subscribe-icon-02.svg]
[dreamslms.dreamstechnologies.com/html/template/assets/img/icons/subscribe-icon-01.svg]
[dreamslms.dreamstechnologies.com/html/template/assets/img/bg/book-bg.png]
[dreamslms.dreamstechnologies.com/html/template/assets/img/icons/icon-31.png]
[dreamslms.dreamstechnologies.com/html/template/assets/img/feature/feature-26.jpg]
[dreamslms.dreamstechnologies.com/html/template/assets/img/client/14.svg]
[dreamslms.dreamstechnologies.com/html/template/assets/img/client/15.svg]
[dreamslms.dreamstechnologies.com/html/template/assets/img/user/user-12.jpg]
[dreamslms.dreamstechnologies.com/html/template/assets/img/feature/feature-23.jpg]
[dreamslms.dreamstechnologies.com/html/template/assets/img/user/user-35.jpg]
[dreamslms.dreamstechnologies.com/html/template/assets/img/user/user-36.jpg]
[dreamslms.dreamstechnologies.com/html/template/assets/img/bg/arrow.png]
[dreamslms.dreamstechnologies.com/html/template/assets/img/instructor/instructor.png]
[dreamslms.dreamstechnologies.com/html/template/assets/img/students/student.png]
[dreamslms.dreamstechnologies.com/html/template/assets/img/bg/about-bg-01.png]
[dreamslms.dreamstechnologies.com/html/template/assets/img/bg/about-bg-02.png]
[dreamslms.dreamstechnologies.com/html/template/assets/img/about/about-1.jpg]
[dreamslms.dreamstechnologies.com/html/template/assets/img/blog/blog-22.jpg]
[dreamslms.dreamstechnologies.com/html/template/assets/img/blog/blog-23.jpg]
[dreamslms.dreamstechnologies.com/html/template/assets/img/blog/blog-24.jpg]
[dreamslms.dreamstechnologies.com/html/template/assets/img/user/user-53.jpg]
[dreamslms.dreamstechnologies.com/html/template/assets/img/bg/footer-bg-01.png]
[dreamslms.dreamstechnologies.com/html/template/assets/img/bg/footer-bg-02.png]
[dreamslms.dreamstechnologies.com/html/template/instructor-message.html]
[dreamslms.dreamstechnologies.com/html/template/assets/img/icon/icon-20.svg]
[dreamslms.dreamstechnologies.com/html/template/assets/img/icon/icon-19.svg]
[dreamslms.dreamstechnologies.com/html/template/assets/img/icon/icon-21.svg]
[dreamslms.dreamstechnologies.com/cdn-cgi/scripts/5c5dd728/cloudflare-static/email-decode.min.js]
[dreamslms.dreamstechnologies.com/html/template/assets/js/jquery.waypoints.js]
[dreamslms.dreamstechnologies.com/html/template/assets/js/jquery.counterup.min.js]
[dreamslms.dreamstechnologies.com/html/template/assets/plugins/fontawesome/js/fontawesome.min.js]
[dreamslms.dreamstechnologies.com/html/template/assets/js/owl.carousel.min.js]
[dreamslms.dreamstechnologies.com/html/template/index-2.html]
[dreamslms.dreamstechnologies.com/html/template/assets/css/owl.theme.default.min.css]
[dreamslms.dreamstechnologies.com/html/template/assets/img/bg/bg-3.png]
[dreamslms.dreamstechnologies.com/html/template/assets/img/bg/bg-4.png]
[dreamslms.dreamstechnologies.com/html/template/assets/img/hero/hero-2.png]
[dreamslms.dreamstechnologies.com/html/template/assets/img/icons/icon-24.svg]
[dreamslms.dreamstechnologies.com/html/template/assets/img/icons/icon-25.svg]
[dreamslms.dreamstechnologies.com/html/template/assets/img/icons/icon-26.svg]
[dreamslms.dreamstechnologies.com/html/template/assets/img/icons/icon-27.svg]
[dreamslms.dreamstechnologies.com/html/template/assets/img/category/icons/icon-1.svg]
[dreamslms.dreamstechnologies.com/html/template/assets/img/category/icons/icon-2.svg]
[dreamslms.dreamstechnologies.com/html/template/assets/img/category/icons/icon-3.svg]
[dreamslms.dreamstechnologies.com/html/template/assets/img/category/icons/icon-4.svg]
[dreamslms.dreamstechnologies.com/html/template/assets/img/category/icons/icon-5.png]
[dreamslms.dreamstechnologies.com/html/template/assets/img/course/course-40.jpg]
[dreamslms.dreamstechnologies.com/html/template/assets/img/avatar/avatar-21.jpg]
[dreamslms.dreamstechnologies.com/html/template/assets/img/icons/icon-3.svg]
[dreamslms.dreamstechnologies.com/html/template/assets/img/icons/icon-4.svg]
[dreamslms.dreamstechnologies.com/html/template/assets/img/course/course-41.jpg]
[dreamslms.dreamstechnologies.com/html/template/assets/img/avatar/avatar-22.jpg]
[dreamslms.dreamstechnologies.com/html/template/assets/img/course/course-42.jpg]
[dreamslms.dreamstechnologies.com/html/template/assets/img/avatar/avatar-25.jpg]
[dreamslms.dreamstechnologies.com/html/template/assets/img/course/course-43.jpg]
[dreamslms.dreamstechnologies.com/html/template/assets/img/avatar/avatar-24.jpg]
[dreamslms.dreamstechnologies.com/html/template/assets/img/course/course-45.jpg]
[dreamslms.dreamstechnologies.com/html/template/assets/img/avatar/avatar-23.jpg]
[dreamslms.dreamstechnologies.com/html/template/assets/img/course/course-44.jpg]
[dreamslms.dreamstechnologies.com/html/template/assets/img/avatar/avatar-26.jpg]
[dreamslms.dreamstechnologies.com/html/template/assets/img/icons/icon-22.svg]
[dreamslms.dreamstechnologies.com/html/template/assets/img/icons/icon-17.svg]
[dreamslms.dreamstechnologies.com/html/template/assets/img/icons/icon-23.svg]
[dreamslms.dreamstechnologies.com/html/template/assets/img/icons/icon-16.svg]
[dreamslms.dreamstechnologies.com/html/template/assets/img/bg/bg-2.png]
[dreamslms.dreamstechnologies.com/html/template/assets/img/feature/feature-16.png]
[dreamslms.dreamstechnologies.com/html/template/assets/img/icons/icon-18.svg]
[dreamslms.dreamstechnologies.com/html/template/assets/img/icons/icon-19.svg]
[dreamslms.dreamstechnologies.com/html/template/assets/img/icons/icon-20.svg]
[dreamslms.dreamstechnologies.com/html/template/assets/img/icons/icon-21.svg]
[dreamslms.dreamstechnologies.com/html/template/assets/img/avatar/avatar-27.jpg]
[dreamslms.dreamstechnologies.com/html/template/assets/img/client/22.svg]
[dreamslms.dreamstechnologies.com/html/template/assets/img/client/23.svg]
[dreamslms.dreamstechnologies.com/html/template/assets/img/client/24.svg]
[dreamslms.dreamstechnologies.com/html/template/assets/img/client/25.svg]
[dreamslms.dreamstechnologies.com/html/template/assets/img/client/26.svg]
[dreamslms.dreamstechnologies.com/html/template/assets/img/client/27.svg]
[dreamslms.dreamstechnologies.com/html/template/assets/img/feature/feature-17.svg]
[dreamslms.dreamstechnologies.com/html/template/assets/img/icons/icon-28.png]
[dreamslms.dreamstechnologies.com/html/template/assets/img/icons/icon-29.png]
[dreamslms.dreamstechnologies.com/html/template/assets/img/bg/bg-5.png]
[dreamslms.dreamstechnologies.com/html/template/assets/img/bg/bg-6.png]
[dreamslms.dreamstechnologies.com/html/template/assets/img/feature/feature-15.svg]
[dreamslms.dreamstechnologies.com/html/template/assets/img/feature/feature-14.svg]
[dreamslms.dreamstechnologies.com/html/template/assets/img/blog/blog-40.jpg]
[dreamslms.dreamstechnologies.com/html/template/assets/img/blog/blog-41.jpg]
[dreamslms.dreamstechnologies.com/html/template/assets/img/blog/blog-42.jpg]
[dreamslms.dreamstechnologies.com/html/template/assets/img/icons/icon-5.svg]
[dreamslms.dreamstechnologies.com/html/template/assets/img/icons/icon-6.svg]
[dreamslms.dreamstechnologies.com/html/template/assets/img/icons/icon-7.svg]
[dreamslms.dreamstechnologies.com/html/template/assets/img/icons/icon-8.svg]
[dreamslms.dreamstechnologies.com/html/template/assets/img/icons/icon-9.svg]
[dreamslms.dreamstechnologies.com/html/template/assets/img/icons/icon-10.svg]
[dreamslms.dreamstechnologies.com/html/template/assets/img/icons/icon-11.svg]
[dreamslms.dreamstechnologies.com/html/template/assets/img/icons/icon-12.svg]
[dreamslms.dreamstechnologies.com/html/template/assets/img/icons/icon-13.svg]
[dreamslms.dreamstechnologies.com/html/template/assets/img/icons/icon-14.svg]
[dreamslms.dreamstechnologies.com/html/template/assets/img/icons/icon-15.svg]
[dreamslms.dreamstechnologies.com/html/template/assets/img/icons/appstore.svg]
[dreamslms.dreamstechnologies.com/html/template/assets/img/icons/googleplay.svg]
[dreamslms.dreamstechnologies.com/html/template/assets/img/icons/fb.svg]
[dreamslms.dreamstechnologies.com/html/template/assets/img/icons/instagram.svg]
[dreamslms.dreamstechnologies.com/html/template/assets/img/icons/be.svg]
[dreamslms.dreamstechnologies.com/html/template/assets/img/icons/linkedin.svg]
[dreamslms.dreamstechnologies.com/html/template/index-3.html]
[dreamslms.dreamstechnologies.com/html/template/assets/img/icons/x.svg]
[dreamslms.dreamstechnologies.com/html/template/assets/img/icons/icon-30.svg]
[dreamslms.dreamstechnologies.com/html/template/assets/img/hero/hero-3.jpg]
[dreamslms.dreamstechnologies.com/html/template/assets/img/hero/hero-4.jpg]
[dreamslms.dreamstechnologies.com/html/template/assets/img/hero/hero-5.jpg]
[dreamslms.dreamstechnologies.com/html/template/assets/img/bg/bg-10.png]
[dreamslms.dreamstechnologies.com/html/template/assets/img/bg/bg-11.png]
[dreamslms.dreamstechnologies.com/html/template/assets/img/bg/bg-12.png]
[dreamslms.dreamstechnologies.com/html/template/assets/img/icons/vision-icon-01.svg]
[dreamslms.dreamstechnologies.com/html/template/assets/img/icons/vision-icon-02.svg]
[dreamslms.dreamstechnologies.com/html/template/assets/img/icons/vision-icon-03.svg]
[dreamslms.dreamstechnologies.com/html/template/assets/img/icons/vision-icon-04.svg]
[dreamslms.dreamstechnologies.com/html/template/assets/img/about/about-3.jpg]
[dreamslms.dreamstechnologies.com/html/template/assets/img/about/about-4.jpg]
[dreamslms.dreamstechnologies.com/html/template/assets/img/about/about-5.jpg]
[dreamslms.dreamstechnologies.com/html/template/assets/img/icons/count-one.svg]
[dreamslms.dreamstechnologies.com/html/template/assets/img/icons/count-two.svg]
[dreamslms.dreamstechnologies.com/html/template/assets/img/icons/count-three.svg]
[dreamslms.dreamstechnologies.com/html/template/assets/img/icons/count-four.svg]
[dreamslms.dreamstechnologies.com/html/template/assets/img/bg/bg-8.png]
[dreamslms.dreamstechnologies.com/html/template/assets/img/bg/bg-7.png]
[dreamslms.dreamstechnologies.com/html/template/assets/img/bg/bg-9.png]
[dreamslms.dreamstechnologies.com/html/template/assets/img/icons/category-1.svg]
[dreamslms.dreamstechnologies.com/html/template/assets/img/icons/category-9.svg]
[dreamslms.dreamstechnologies.com/html/template/assets/img/icons/category-icon10.svg]
[dreamslms.dreamstechnologies.com/html/template/assets/img/icons/category-11.svg]
[dreamslms.dreamstechnologies.com/html/template/assets/img/icons/category-5.svg]
[dreamslms.dreamstechnologies.com/html/template/assets/img/icons/category-6.svg]
[dreamslms.dreamstechnologies.com/html/template/assets/img/icons/category-7.svg]
[dreamslms.dreamstechnologies.com/html/template/assets/img/icons/category-8.svg]
[dreamslms.dreamstechnologies.com/html/template/assets/img/bg/bg-13.png]
[dreamslms.dreamstechnologies.com/html/template/assets/img/course/course-10.jpg]
[dreamslms.dreamstechnologies.com/html/template/assets/img/course/course-11.jpg]
[dreamslms.dreamstechnologies.com/html/template/assets/img/course/course-12.jpg]
[dreamslms.dreamstechnologies.com/html/template/assets/img/course/course-13.jpg]
[dreamslms.dreamstechnologies.com/html/template/assets/img/course/course-14.jpg]
[dreamslms.dreamstechnologies.com/html/template/assets/img/course/course-15.jpg]
[dreamslms.dreamstechnologies.com/html/template/assets/img/feature/feature-18.jpg]
[dreamslms.dreamstechnologies.com/html/template/assets/img/icons/award-01.svg]
[dreamslms.dreamstechnologies.com/html/template/assets/img/feature/feature-19.jpg]
[dreamslms.dreamstechnologies.com/html/template/assets/img/icons/award-02.svg]
[dreamslms.dreamstechnologies.com/html/template/assets/img/feature/feature-20.jpg]
[dreamslms.dreamstechnologies.com/html/template/assets/img/icons/award-03.svg]
[dreamslms.dreamstechnologies.com/html/template/assets/img/bg/bg-14.png]
[dreamslms.dreamstechnologies.com/html/template/assets/img/icons/joing-01.svg]
[dreamslms.dreamstechnologies.com/html/template/assets/img/icons/joing-02.svg]
[dreamslms.dreamstechnologies.com/html/template/assets/img/icons/joing-03.svg]
[dreamslms.dreamstechnologies.com/html/template/assets/img/icons/joing-04.svg]
[dreamslms.dreamstechnologies.com/html/template/assets/img/instructor/instructor-01.jpg]
[dreamslms.dreamstechnologies.com/html/template/assets/img/instructor/instructor-02.jpg]
[dreamslms.dreamstechnologies.com/html/template/assets/img/icons/category-2.svg]
[dreamslms.dreamstechnologies.com/html/template/assets/img/instructor/instructor-03.jpg]
[dreamslms.dreamstechnologies.com/html/template/assets/img/icons/category-3.svg]
[dreamslms.dreamstechnologies.com/html/template/assets/img/instructor/instructor-04.jpg]
[dreamslms.dreamstechnologies.com/html/template/assets/img/icons/category-4.svg]
[dreamslms.dreamstechnologies.com/html/template/assets/img/feature/feature-21.jpg]
[dreamslms.dreamstechnologies.com/html/template/assets/img/icons/review.svg]
[dreamslms.dreamstechnologies.com/html/template/assets/img/client/16.svg]
[dreamslms.dreamstechnologies.com/html/template/assets/img/client/17.svg]
[dreamslms.dreamstechnologies.com/html/template/assets/img/client/18.svg]
[dreamslms.dreamstechnologies.com/html/template/assets/img/client/19.svg]
[dreamslms.dreamstechnologies.com/html/template/assets/img/client/20.svg]
[dreamslms.dreamstechnologies.com/html/template/assets/img/client/21.svg]
[dreamslms.dreamstechnologies.com/html/template/assets/img/blog/blog-31.jpg]
[dreamslms.dreamstechnologies.com/html/template/assets/img/blog/blog-32.jpg]
[dreamslms.dreamstechnologies.com/html/template/assets/img/blog/blog-33.jpg]
[dreamslms.dreamstechnologies.com/html/template/assets/img/bg/blog-bg.png]
[dreamslms.dreamstechnologies.com/html/template/index-4.html]
[dreamslms.dreamstechnologies.com/html/template/assets/plugins/swiper/css/swiper.min.css]
[dreamslms.dreamstechnologies.com/html/template/assets/img/hero/hero-6.png]
[dreamslms.dreamstechnologies.com/html/template/assets/img/icon/course-01.svg]
[dreamslms.dreamstechnologies.com/html/template/assets/img/icon/course-02.svg]
[dreamslms.dreamstechnologies.com/html/template/assets/img/icon/course-03.svg]
[dreamslms.dreamstechnologies.com/html/template/assets/img/icon/course-04.svg]
[dreamslms.dreamstechnologies.com/html/template/assets/img/shapes/shape-10.svg]
[dreamslms.dreamstechnologies.com/html/template/assets/img/feature/feature-10.jpg]
[dreamslms.dreamstechnologies.com/html/template/assets/img/feature/feature-11.jpg]
[dreamslms.dreamstechnologies.com/html/template/assets/img/icon/career-01.svg]
[dreamslms.dreamstechnologies.com/html/template/assets/img/icon/career-02.svg]
[dreamslms.dreamstechnologies.com/html/template/assets/img/icon/career-03.svg]
[dreamslms.dreamstechnologies.com/html/template/assets/img/icon/career-04.svg]
[dreamslms.dreamstechnologies.com/html/template/assets/img/icon/favourite-01.svg]
[dreamslms.dreamstechnologies.com/html/template/assets/img/user/user-13.jpg]
[dreamslms.dreamstechnologies.com/html/template/assets/img/user/user-14.jpg]
[dreamslms.dreamstechnologies.com/html/template/assets/img/user/user-15.jpg]
[dreamslms.dreamstechnologies.com/html/template/assets/img/icon/favourite-02.svg]
[dreamslms.dreamstechnologies.com/html/template/assets/img/user/user-10.jpg]
[dreamslms.dreamstechnologies.com/html/template/assets/img/user/user-11.jpg]
[dreamslms.dreamstechnologies.com/html/template/assets/img/icon/favourite-03.svg]
[dreamslms.dreamstechnologies.com/html/template/assets/img/icon/favourite-04.svg]
[dreamslms.dreamstechnologies.com/html/template/assets/img/user/user-04.jpg]
[dreamslms.dreamstechnologies.com/html/template/assets/img/user/user-05.jpg]
[dreamslms.dreamstechnologies.com/html/template/assets/img/icon/favourite-05.svg]
[dreamslms.dreamstechnologies.com/html/template/assets/img/user/user-02.jpg]
[dreamslms.dreamstechnologies.com/html/template/assets/img/course/course-35.jpg]
[dreamslms.dreamstechnologies.com/html/template/assets/img/icon/student.svg]
[dreamslms.dreamstechnologies.com/html/template/assets/img/course/course-34.jpg]
[dreamslms.dreamstechnologies.com/html/template/assets/img/course/course-28.jpg]
[dreamslms.dreamstechnologies.com/html/template/assets/img/course/course-29.jpg]
[dreamslms.dreamstechnologies.com/html/template/assets/img/course/course-30.jpg]
[dreamslms.dreamstechnologies.com/html/template/assets/img/course/course-31.jpg]
[dreamslms.dreamstechnologies.com/html/template/assets/img/course/course-32.jpg]
[dreamslms.dreamstechnologies.com/html/template/assets/img/course/course-33.jpg]
[dreamslms.dreamstechnologies.com/html/template/assets/img/icon/ellipse-1.svg]
[dreamslms.dreamstechnologies.com/html/template/assets/img/icon/ellipse-2.svg]
[dreamslms.dreamstechnologies.com/html/template/assets/img/icon/ellipse-3.svg]
[dreamslms.dreamstechnologies.com/html/template/assets/img/shapes/shape-8.png]
[dreamslms.dreamstechnologies.com/html/template/assets/img/shapes/shape-9.png]
[dreamslms.dreamstechnologies.com/html/template/assets/img/bg/shape-04.svg]
[dreamslms.dreamstechnologies.com/html/template/assets/img/bg/shape-05.svg]
[dreamslms.dreamstechnologies.com/html/template/assets/img/feature/feature-8.jpg]
[dreamslms.dreamstechnologies.com/html/template/assets/img/feature/feature-9.jpg]
[dreamslms.dreamstechnologies.com/html/template/assets/img/icon/award.svg]
[dreamslms.dreamstechnologies.com/html/template/assets/img/icon/time.svg]
[dreamslms.dreamstechnologies.com/html/template/assets/img/feature/feature-12.jpg]
[dreamslms.dreamstechnologies.com/html/template/assets/img/feature/feature-13.jpg]
[dreamslms.dreamstechnologies.com/html/template/assets/img/feature/feature-5.jpg]
[dreamslms.dreamstechnologies.com/html/template/assets/img/feature/feature-6.jpg]
[dreamslms.dreamstechnologies.com/html/template/assets/img/icon/winning.svg]
[dreamslms.dreamstechnologies.com/html/template/assets/img/icon/student-icon.svg]
[dreamslms.dreamstechnologies.com/html/template/assets/img/shapes/shape-11.svg]
[dreamslms.dreamstechnologies.com/html/template/assets/img/instructor/instructor-13.jpg]
[dreamslms.dreamstechnologies.com/html/template/assets/img/instructor/instructor-14.jpg]
[dreamslms.dreamstechnologies.com/html/template/assets/img/instructor/instructor-15.jpg]
[dreamslms.dreamstechnologies.com/html/template/assets/img/instructor/instructor-16.jpg]
[dreamslms.dreamstechnologies.com/html/template/assets/img/gallery/gallery-5.jpg]
[dreamslms.dreamstechnologies.com/html/template/assets/img/instructor/instructor-17.jpg]
[dreamslms.dreamstechnologies.com/html/template/assets/img/instructor/instructor-18.jpg]
[dreamslms.dreamstechnologies.com/html/template/assets/img/instructor/instructor-19.jpg]
[dreamslms.dreamstechnologies.com/html/template/assets/img/client/client-33.svg]
[dreamslms.dreamstechnologies.com/html/template/assets/img/client/client-34.svg]
[dreamslms.dreamstechnologies.com/html/template/assets/img/client/client-35.svg]
[dreamslms.dreamstechnologies.com/html/template/assets/img/client/client-36.svg]
[dreamslms.dreamstechnologies.com/html/template/assets/img/client/client-37.svg]
[dreamslms.dreamstechnologies.com/html/template/assets/img/client/client-38.svg]
[dreamslms.dreamstechnologies.com/html/template/assets/img/bg/pattern-05.svg]
[dreamslms.dreamstechnologies.com/html/template/assets/img/bg/quote.svg]
[dreamslms.dreamstechnologies.com/html/template/assets/img/blog/blog-34.jpg]
[dreamslms.dreamstechnologies.com/html/template/index-5.html]
[dreamslms.dreamstechnologies.com/html/template/assets/plugins/swiper/js/swiper.min.js]
[dreamslms.dreamstechnologies.com/html/template/assets/css/feather.css]
[dreamslms.dreamstechnologies.com/html/template/assets/img/hero/hero-7.png]
[dreamslms.dreamstechnologies.com/html/template/assets/img/banner/ban-shape-2.svg]
[dreamslms.dreamstechnologies.com/html/template/assets/img/banner/ban-shape-3.svg]
[dreamslms.dreamstechnologies.com/html/template/assets/img/hero/hero-8.png]
[dreamslms.dreamstechnologies.com/html/template/assets/img/bg/banner-vector.svg]
[dreamslms.dreamstechnologies.com/html/template/assets/img/client/client-28.svg]
[dreamslms.dreamstechnologies.com/html/template/assets/img/client/client-29.svg]
[dreamslms.dreamstechnologies.com/html/template/assets/img/client/client-30.svg]
[dreamslms.dreamstechnologies.com/html/template/assets/img/client/client-31.svg]
[dreamslms.dreamstechnologies.com/html/template/assets/img/client/client-32.svg]
[dreamslms.dreamstechnologies.com/html/template/assets/img/icon/framework-01.svg]
[dreamslms.dreamstechnologies.com/html/template/assets/img/icon/framework-02.svg]
[dreamslms.dreamstechnologies.com/html/template/assets/img/icon/framework-03.svg]
[dreamslms.dreamstechnologies.com/html/template/assets/img/icon/framework-04.svg]
[dreamslms.dreamstechnologies.com/html/template/assets/img/course/course-02.jpg]
[dreamslms.dreamstechnologies.com/html/template/assets/img/course/course-03.jpg]
[dreamslms.dreamstechnologies.com/html/template/assets/img/course/course-04.jpg]
[dreamslms.dreamstechnologies.com/html/template/assets/img/icon/skill-01.svg]
[dreamslms.dreamstechnologies.com/html/template/assets/img/icon/skill-02.svg]
[dreamslms.dreamstechnologies.com/html/template/assets/img/icon/skill-03.svg]
[dreamslms.dreamstechnologies.com/html/template/assets/img/icon/skill-04.svg]
[dreamslms.dreamstechnologies.com/html/template/assets/img/bg/instructor-vector-left.svg]
[dreamslms.dreamstechnologies.com/html/template/assets/img/user/user-16.jpg]
[dreamslms.dreamstechnologies.com/html/template/assets/img/bg/instructor-vector-right.svg]
[dreamslms.dreamstechnologies.com/html/template/assets/img/feature/feature-7.png]
[dreamslms.dreamstechnologies.com/html/template/assets/img/shapes/dot-2.svg]
[dreamslms.dreamstechnologies.com/html/template/assets/img/shapes/half-circle.svg]
[dreamslms.dreamstechnologies.com/html/template/assets/img/shapes/quote.png]
[dreamslms.dreamstechnologies.com/html/template/assets/img/testimonial/testimonials-1.png]
[dreamslms.dreamstechnologies.com/html/template/assets/img/testimonial/testimonial-02.png]
[dreamslms.dreamstechnologies.com/html/template/assets/img/testimonial/testimonial-03.png]
[dreamslms.dreamstechnologies.com/html/template/assets/img/icon/app-store.svg]
[dreamslms.dreamstechnologies.com/html/template/index-6.html]
[dreamslms.dreamstechnologies.com/html/template/assets/img/icon/google-play.svg]
[dreamslms.dreamstechnologies.com/html/template/assets/plugins/ion-rangeslider/css/ion.rangeSlider.min.css]
[dreamslms.dreamstechnologies.com/html/template/assets/img/course/course-01.jpg]
[dreamslms.dreamstechnologies.com/html/template/assets/img/user/user-30.jpg]
[dreamslms.dreamstechnologies.com/html/template/assets/img/user/user-31.jpg]
[dreamslms.dreamstechnologies.com/html/template/assets/img/user/user-32.jpg]
[dreamslms.dreamstechnologies.com/html/template/assets/img/course/course-05.jpg]
[dreamslms.dreamstechnologies.com/html/template/assets/img/course/course-06.jpg]
[dreamslms.dreamstechnologies.com/html/template/assets/img/user/user-33.jpg]
[dreamslms.dreamstechnologies.com/html/template/assets/img/course/course-07.jpg]
[dreamslms.dreamstechnologies.com/html/template/assets/img/user/user-34.jpg]
[dreamslms.dreamstechnologies.com/html/template/assets/img/course/course-08.jpg]
[dreamslms.dreamstechnologies.com/html/template/assets/img/course/course-09.jpg]
[dreamslms.dreamstechnologies.com/html/template/assets/plugins/ion-rangeslider/js/ion.rangeSlider.min.js]
[dreamslms.dreamstechnologies.com/html/template/assets/plugins/ion-rangeslider/js/custom-rangeslider.js]
[dreamslms.dreamstechnologies.com/html/template/assets/plugins/theia-sticky-sidebar/ResizeSensor.js]
[dreamslms.dreamstechnologies.com/html/template/assets/plugins/theia-sticky-sidebar/theia-sticky-sidebar.js]
[dreamslms.dreamstechnologies.com/html/template/course-grid.html]
[dreamslms.dreamstechnologies.com/html/template/assets/img/avatar/avatar1.jpg]
[dreamslms.dreamstechnologies.com/html/template/assets/img/avatar/avatar2.jpg]
[dreamslms.dreamstechnologies.com/html/template/assets/img/avatar/avatar3.jpg]
[dreamslms.dreamstechnologies.com/html/template/assets/img/avatar/avatar4.jpg]
[dreamslms.dreamstechnologies.com/html/template/assets/img/avatar/avatar5.jpg]
[dreamslms.dreamstechnologies.com/html/template/assets/img/avatar/avatar6.jpg]
[dreamslms.dreamstechnologies.com/html/template/course-list.html]
[dreamslms.dreamstechnologies.com/html/template/assets/img/category/category-1.jpg]
[dreamslms.dreamstechnologies.com/html/template/assets/img/category/category-2.jpg]
[dreamslms.dreamstechnologies.com/html/template/assets/img/category/category-3.jpg]
[dreamslms.dreamstechnologies.com/html/template/assets/img/category/category-4.jpg]
[dreamslms.dreamstechnologies.com/html/template/assets/img/category/category-5.jpg]
[dreamslms.dreamstechnologies.com/html/template/assets/img/category/category-6.jpg]
[dreamslms.dreamstechnologies.com/html/template/assets/img/category/category-7.jpg]
[dreamslms.dreamstechnologies.com/html/template/assets/img/category/category-8.jpg]
[dreamslms.dreamstechnologies.com/html/template/assets/img/category/category-9.jpg]
[dreamslms.dreamstechnologies.com/html/template/assets/img/category/category-10.jpg]
[dreamslms.dreamstechnologies.com/html/template/assets/img/category/category-11.jpg]
[dreamslms.dreamstechnologies.com/html/template/assets/img/category/category-12.jpg]
[dreamslms.dreamstechnologies.com/html/template/assets/img/category/category-13.jpg]
[dreamslms.dreamstechnologies.com/html/template/assets/img/category/category-14.jpg]
[dreamslms.dreamstechnologies.com/html/template/assets/img/category/category-15.jpg]
[dreamslms.dreamstechnologies.com/html/template/assets/img/category/category-16.jpg]
[dreamslms.dreamstechnologies.com/html/template/assets/img/category/category-17.jpg]
[dreamslms.dreamstechnologies.com/html/template/assets/img/category/category-18.jpg]
[dreamslms.dreamstechnologies.com/html/template/course-category.html]
[dreamslms.dreamstechnologies.com/html/template/assets/img/course/course-bg-1.svg]
[dreamslms.dreamstechnologies.com/html/template/assets/img/course/course-bg-2.png]
[dreamslms.dreamstechnologies.com/html/template/assets/img/icons/category-icon1.svg]
[dreamslms.dreamstechnologies.com/html/template/assets/img/icons/category-icon2.svg]
[dreamslms.dreamstechnologies.com/html/template/assets/img/icons/category-icon3.svg]
[dreamslms.dreamstechnologies.com/html/template/assets/img/icons/category-icon4.svg]
[dreamslms.dreamstechnologies.com/html/template/assets/img/icons/category-icon5.svg]
[dreamslms.dreamstechnologies.com/html/template/assets/img/icons/category-icon6.svg]
[dreamslms.dreamstechnologies.com/html/template/assets/img/icons/category-icon7.svg]
[dreamslms.dreamstechnologies.com/html/template/assets/img/icons/category-icon8.svg]
[dreamslms.dreamstechnologies.com/html/template/assets/img/icons/category-icon9.svg]
[dreamslms.dreamstechnologies.com/html/template/assets/img/icons/category-icon11.svg]
[dreamslms.dreamstechnologies.com/html/template/course-category-2.html]
[dreamslms.dreamstechnologies.com/html/template/assets/img/icons/category-icon12.svg]
[dreamslms.dreamstechnologies.com/html/template/assets/img/course/course-bg-3.svg]
[dreamslms.dreamstechnologies.com/html/template/assets/img/category/category-19.jpg]
[dreamslms.dreamstechnologies.com/html/template/assets/img/category/category-20.jpg]
[dreamslms.dreamstechnologies.com/html/template/assets/img/category/category-21.jpg]
[dreamslms.dreamstechnologies.com/html/template/assets/img/category/category-22.jpg]
[dreamslms.dreamstechnologies.com/html/template/assets/img/category/category-23.jpg]
[dreamslms.dreamstechnologies.com/html/template/assets/img/category/category-24.jpg]
[dreamslms.dreamstechnologies.com/html/template/assets/img/category/category-25.jpg]
[dreamslms.dreamstechnologies.com/html/template/assets/img/category/category-26.jpg]
[dreamslms.dreamstechnologies.com/html/template/assets/img/category/category-27.jpg]
[dreamslms.dreamstechnologies.com/html/template/assets/img/category/category-28.jpg]
[dreamslms.dreamstechnologies.com/html/template/assets/img/category/category-29.jpg]
[dreamslms.dreamstechnologies.com/html/template/assets/img/category/category-30.jpg]
[dreamslms.dreamstechnologies.com/html/template/course-category-3.html]
[dreamslms.dreamstechnologies.com/html/template/assets/img/course/video-bg.jpg]
[dreamslms.dreamstechnologies.com/html/template/assets/img/icons/book.svg]
[dreamslms.dreamstechnologies.com/html/template/assets/img/icons/timer-start.svg]
[dreamslms.dreamstechnologies.com/html/template/assets/img/icons/people.svg]
[dreamslms.dreamstechnologies.com/html/template/assets/img/avatar/avatar10.jpg]
[dreamslms.dreamstechnologies.com/html/template/assets/img/course/course-details-two-2.jpg]
[dreamslms.dreamstechnologies.com/html/template/assets/img/icons/play.svg]
[dreamslms.dreamstechnologies.com/html/template/assets/img/icons/play2.svg]
[dreamslms.dreamstechnologies.com/html/template/assets/img/icons/book2.svg]
[dreamslms.dreamstechnologies.com/html/template/assets/img/icons/timer-start2.svg]
[dreamslms.dreamstechnologies.com/html/template/assets/img/icons/import.svg]
[dreamslms.dreamstechnologies.com/html/template/assets/img/icons/key.svg]
[dreamslms.dreamstechnologies.com/html/template/assets/img/icons/monitor-mobbile.svg]
[dreamslms.dreamstechnologies.com/html/template/assets/img/icons/cloud-lightning.svg]
[dreamslms.dreamstechnologies.com/html/template/assets/img/icons/teacher.svg]
[dreamslms.dreamstechnologies.com/html/template/assets/img/icons/people2.svg]
[dreamslms.dreamstechnologies.com/html/template/assets/img/icons/timer-start3.svg]
[dreamslms.dreamstechnologies.com/html/template/assets/img/icons/note.svg]
[dreamslms.dreamstechnologies.com/html/template/assets/img/icons/play3.svg]
[dreamslms.dreamstechnologies.com/html/template/course-details.html]
[dreamslms.dreamstechnologies.com/html/template/course-details-2.html]
[dreamslms.dreamstechnologies.com/html/template/assets/img/icons/chart.svg]
[dreamslms.dreamstechnologies.com/html/template/assets/img/course/course-26.jpg]
[dreamslms.dreamstechnologies.com/html/template/assets/img/icons/book3.svg]
[dreamslms.dreamstechnologies.com/html/template/course-resume.html]
[dreamslms.dreamstechnologies.com/html/template/assets/img/icons/people3.svg]
[dreamslms.dreamstechnologies.com/html/template/assets/img/course/course-27.jpg]
[dreamslms.dreamstechnologies.com/html/template/course-watch.html]
[dreamslms.dreamstechnologies.com/html/template/cart.html]
[dreamslms.dreamstechnologies.com/html/template/assets/img/icons/card.svg]
[dreamslms.dreamstechnologies.com/html/template/assets/img/icons/paypal-2.svg]
[dreamslms.dreamstechnologies.com/html/template/checkout.html]
[dreamslms.dreamstechnologies.com/html/template/assets/img/icons/stripe.svg]
[dreamslms.dreamstechnologies.com/html/template/assets/plugins/bootstrap-tagsinput/bootstrap-tagsinput.css]
[dreamslms.dreamstechnologies.com/html/template/assets/plugins/summernote/summernote-lite.min.css]
[dreamslms.dreamstechnologies.com/html/template/assets/img/course/add-course-1.jpg]
[dreamslms.dreamstechnologies.com/html/template/assets/plugins/bootstrap-tagsinput/bootstrap-tagsinput.js]
[dreamslms.dreamstechnologies.com/html/template/add-course.html]
[dreamslms.dreamstechnologies.com/html/template/assets/plugins/summernote/summernote-lite.min.js]
[dreamslms.dreamstechnologies.com/html/template/assets/plugins/daterangepicker/daterangepicker.css]
[dreamslms.dreamstechnologies.com/html/template/assets/img/bg/card-bg-01.png]
[dreamslms.dreamstechnologies.com/html/template/assets/img/icon/graduation.svg]
[dreamslms.dreamstechnologies.com/html/template/assets/img/icon/book.svg]
[dreamslms.dreamstechnologies.com/html/template/assets/img/icon/bookmark.svg]
[dreamslms.dreamstechnologies.com/html/template/assets/img/icon/user-octagon.svg]
[dreamslms.dreamstechnologies.com/html/template/assets/img/icon/book-2.svg]
[dreamslms.dreamstechnologies.com/html/template/assets/img/icon/money-add.svg]
[dreamslms.dreamstechnologies.com/html/template/assets/img/instructor/instructor-table-01.jpg]
[dreamslms.dreamstechnologies.com/html/template/assets/img/instructor/instructor-table-02.jpg]
[dreamslms.dreamstechnologies.com/html/template/assets/img/instructor/instructor-table-03.jpg]
[dreamslms.dreamstechnologies.com/html/template/assets/img/instructor/instructor-table-04.jpg]
[dreamslms.dreamstechnologies.com/html/template/assets/img/instructor/instructor-table-05.jpg]
[dreamslms.dreamstechnologies.com/html/template/assets/js/moment.min.js]
[dreamslms.dreamstechnologies.com/html/template/assets/plugins/daterangepicker/daterangepicker.js]
[dreamslms.dreamstechnologies.com/html/template/assets/plugins/apexchart/apexcharts.min.js]
[dreamslms.dreamstechnologies.com/html/template/assets/plugins/apexchart/chart-data.js]
[dreamslms.dreamstechnologies.com/html/template/instructor-dashboard.html]
[dreamslms.dreamstechnologies.com/html/template/instructor-profile.html]
[dreamslms.dreamstechnologies.com/html/template/instructor-course.html]
[dreamslms.dreamstechnologies.com/html/template/instructor-announcements.html]
[dreamslms.dreamstechnologies.com/html/template/instructor-course-grid.html]
[dreamslms.dreamstechnologies.com/html/template/assets/css/bootstrap-datetimepicker.min.css]
[dreamslms.dreamstechnologies.com/html/template/assets/js/bootstrap-datetimepicker.min.js]
[dreamslms.dreamstechnologies.com/html/template/instructor-assignment.html]
[dreamslms.dreamstechnologies.com/html/template/assets/img/students/student-01.jpg]
[dreamslms.dreamstechnologies.com/html/template/assets/img/students/student-02.jpg]
[dreamslms.dreamstechnologies.com/html/template/assets/img/students/student-03.jpg]
[dreamslms.dreamstechnologies.com/html/template/assets/img/students/student-04.jpg]
[dreamslms.dreamstechnologies.com/html/template/assets/img/students/student-05.jpg]
[dreamslms.dreamstechnologies.com/html/template/assets/img/students/student-06.jpg]
[dreamslms.dreamstechnologies.com/html/template/students.html]
[dreamslms.dreamstechnologies.com/html/template/assets/img/user/user-27.jpg]
[dreamslms.dreamstechnologies.com/html/template/assets/img/user/user-17.jpg]
[dreamslms.dreamstechnologies.com/html/template/assets/img/user/user-37.jpg]
[dreamslms.dreamstechnologies.com/html/template/assets/img/user/user-18.jpg]
[dreamslms.dreamstechnologies.com/html/template/student-list.html]
[dreamslms.dreamstechnologies.com/html/template/assets/img/certificates/certificate-01.svg]
[dreamslms.dreamstechnologies.com/html/template/assets/img/certificates/certificate-02.svg]
[dreamslms.dreamstechnologies.com/html/template/student-details.html]
[dreamslms.dreamstechnologies.com/html/template/assets/img/certificates/certificate-03.svg]
[dreamslms.dreamstechnologies.com/html/template/instructor-quiz.html]
[dreamslms.dreamstechnologies.com/html/template/instructor-quiz-questions.html]
[dreamslms.dreamstechnologies.com/html/template/assets/img/students/quiz.jpg]
[dreamslms.dreamstechnologies.com/html/template/assets/img/icon/user-tick.svg]
[dreamslms.dreamstechnologies.com/html/template/assets/img/icon/document.svg]
[dreamslms.dreamstechnologies.com/html/template/instructor-quiz-results.html]
[dreamslms.dreamstechnologies.com/html/template/assets/img/icon/clock.svg]
[dreamslms.dreamstechnologies.com/html/template/assets/img/instructor/certificate-1.jpg]
[dreamslms.dreamstechnologies.com/html/template/assets/img/instructor/certificate-2.jpg]
[dreamslms.dreamstechnologies.com/html/template/assets/img/instructor/certificate-3.jpg]
[dreamslms.dreamstechnologies.com/html/template/assets/img/instructor/certificate-4.jpg]
[dreamslms.dreamstechnologies.com/html/template/instructor-certificate.html]
[dreamslms.dreamstechnologies.com/html/template/instructor-earnings.html]
[dreamslms.dreamstechnologies.com/html/template/assets/img/icon/certificate.svg]
[dreamslms.dreamstechnologies.com/html/template/assets/img/shapes/withdraw-bg1.svg]
[dreamslms.dreamstechnologies.com/html/template/assets/img/shapes/withdraw-bg2.svg]
[dreamslms.dreamstechnologies.com/html/template/assets/img/icons/icon-2.svg]
[dreamslms.dreamstechnologies.com/html/template/instructor-payout.html]
[dreamslms.dreamstechnologies.com/html/template/assets/img/icons/paypal.svg]
[dreamslms.dreamstechnologies.com/html/template/assets/img/icon/qr.svg]
[dreamslms.dreamstechnologies.com/html/template/instructor-statements.html]
[dreamslms.dreamstechnologies.com/html/template/instructor-tickets.html]
[dreamslms.dreamstechnologies.com/html/template/assets/img/icons/sign.svg]
[dreamslms.dreamstechnologies.com/html/template/instructor-change-password.html]
[dreamslms.dreamstechnologies.com/html/template/instructor-plans.html]
[dreamslms.dreamstechnologies.com/html/template/instructor-social-profiles.html]
[dreamslms.dreamstechnologies.com/html/template/instructor-linked-accounts.html]
[dreamslms.dreamstechnologies.com/html/template/instructor-notifications.html]
[dreamslms.dreamstechnologies.com/html/template/instructor-integrations.html]
[dreamslms.dreamstechnologies.com/html/template/instructor-settings.html]
[dreamslms.dreamstechnologies.com/html/template/student-dashboard.html]
[dreamslms.dreamstechnologies.com/html/template/student-profile.html]
[dreamslms.dreamstechnologies.com/html/template/student-courses.html]
[dreamslms.dreamstechnologies.com/html/template/student-certificates.html]
[dreamslms.dreamstechnologies.com/html/template/instructor-withdraw.html]
[dreamslms.dreamstechnologies.com/html/template/assets/img/avatar/avatar7.jpg]
[dreamslms.dreamstechnologies.com/html/template/assets/img/avatar/avatar8.jpg]
[dreamslms.dreamstechnologies.com/html/template/assets/img/avatar/avatar9.jpg]
[dreamslms.dreamstechnologies.com/html/template/student-wishlist.html]
[dreamslms.dreamstechnologies.com/html/template/student-reviews.html]
[dreamslms.dreamstechnologies.com/html/template/student-quiz.html]
[dreamslms.dreamstechnologies.com/html/template/student-order-history.html]
[dreamslms.dreamstechnologies.com/html/template/student-quiz-questions.html]
[dreamslms.dreamstechnologies.com/html/template/assets/img/icon/dollar-circle.svg]
[dreamslms.dreamstechnologies.com/html/template/student-referral.html]
[dreamslms.dreamstechnologies.com/html/template/assets/img/icon/wallet.svg]
[dreamslms.dreamstechnologies.com/html/template/assets/img/icons/emonji-02.svg]
[dreamslms.dreamstechnologies.com/html/template/assets/img/icons/emonji-05.svg]
[dreamslms.dreamstechnologies.com/html/template/assets/img/icons/emonji-06.svg]
[dreamslms.dreamstechnologies.com/html/template/assets/img/icons/emonji-07.svg]
[dreamslms.dreamstechnologies.com/html/template/assets/img/icons/emonji-08.svg]
[dreamslms.dreamstechnologies.com/html/template/assets/plugins/slimscroll/jquery.slimscroll.min.js]
[dreamslms.dreamstechnologies.com/html/template/student-messages.html]
[dreamslms.dreamstechnologies.com/html/template/student-tickets.html]
[dreamslms.dreamstechnologies.com/html/template/student-change-password.html]
[dreamslms.dreamstechnologies.com/html/template/student-social-profile.html]
[dreamslms.dreamstechnologies.com/html/template/student-linked-accounts.html]
[dreamslms.dreamstechnologies.com/html/template/student-notifications.html]
[dreamslms.dreamstechnologies.com/html/template/student-settings.html]
[dreamslms.dreamstechnologies.com/html/template/student-billing-address.html]
[dreamslms.dreamstechnologies.com/html/template/assets/img/user/user-61.jpg]
[dreamslms.dreamstechnologies.com/html/template/assets/img/user/user-62.jpg]
[dreamslms.dreamstechnologies.com/html/template/assets/img/user/user-63.jpg]
[dreamslms.dreamstechnologies.com/html/template/assets/img/user/user-44.jpg]
[dreamslms.dreamstechnologies.com/html/template/assets/img/user/user-45.jpg]
[dreamslms.dreamstechnologies.com/html/template/assets/img/user/user-46.jpg]
[dreamslms.dreamstechnologies.com/html/template/assets/img/user/user-47.jpg]
[dreamslms.dreamstechnologies.com/html/template/assets/img/user/user-48.jpg]
[dreamslms.dreamstechnologies.com/html/template/assets/img/user/user-49.jpg]
[dreamslms.dreamstechnologies.com/html/template/instructor-grid.html]
[dreamslms.dreamstechnologies.com/html/template/instructor-list.html]
[dreamslms.dreamstechnologies.com/html/template/instructor-details.html]
[dreamslms.dreamstechnologies.com/html/template/assets/plugins/feather/feather.min.js]
[dreamslms.dreamstechnologies.com/html/template/assets/img/shapes/shape-1.svg]
[dreamslms.dreamstechnologies.com/html/template/assets/img/shapes/shape-2.svg]
[dreamslms.dreamstechnologies.com/html/template/assets/img/icons/icon-1.svg]
[dreamslms.dreamstechnologies.com/html/template/assets/img/about/about-2.svg]
[dreamslms.dreamstechnologies.com/html/template/assets/img/icons/counter-icon1.svg]
[dreamslms.dreamstechnologies.com/html/template/assets/img/icons/counter-icon2.svg]
[dreamslms.dreamstechnologies.com/html/template/assets/img/icons/counter-icon3.svg]
[dreamslms.dreamstechnologies.com/html/template/about-us.html]
[dreamslms.dreamstechnologies.com/html/template/contact-us.html]
[dreamslms.dreamstechnologies.com/html/template/notifications.html]
[dreamslms.dreamstechnologies.com/html/template/assets/img/icons/counter-icon4.svg]
[dreamslms.dreamstechnologies.com/html/template/assets/img/icons/instructor-icon1.svg]
[dreamslms.dreamstechnologies.com/html/template/assets/img/icons/instructor-icon2.svg]
[dreamslms.dreamstechnologies.com/html/template/assets/img/icons/instructor-icon3.svg]
[dreamslms.dreamstechnologies.com/html/template/assets/img/icons/instructor-icon4.svg]
[dreamslms.dreamstechnologies.com/html/template/assets/img/shapes/shape-4.png]
[dreamslms.dreamstechnologies.com/html/template/assets/img/shapes/shape-3.png]
[dreamslms.dreamstechnologies.com/html/template/assets/img/icons/how-it-works-1.svg]
[dreamslms.dreamstechnologies.com/html/template/assets/img/icons/how-it-works-2.svg]
[dreamslms.dreamstechnologies.com/html/template/assets/img/icons/how-it-works-3.svg]
[dreamslms.dreamstechnologies.com/html/template/assets/img/shapes/instructor-bg-1.png]
[dreamslms.dreamstechnologies.com/html/template/assets/img/shapes/instructor-bg-2.png]
[dreamslms.dreamstechnologies.com/html/template/become-an-instructor.html]
[dreamslms.dreamstechnologies.com/html/template/assets/img/user/user-54.jpg]
[dreamslms.dreamstechnologies.com/html/template/assets/img/user/user-55.jpg]
[dreamslms.dreamstechnologies.com/html/template/assets/img/user/user-56.jpg]
[dreamslms.dreamstechnologies.com/html/template/assets/img/user/user-57.jpg]
[dreamslms.dreamstechnologies.com/html/template/assets/img/user/user-51.jpg]
[dreamslms.dreamstechnologies.com/html/template/assets/img/user/user-52.jpg]
[dreamslms.dreamstechnologies.com/html/template/testimonials.html]
[dreamslms.dreamstechnologies.com/html/template/assets/img/auth/auth-1.svg]
[dreamslms.dreamstechnologies.com/html/template/assets/img/icons/google.svg]
[dreamslms.dreamstechnologies.com/html/template/login.html]
[dreamslms.dreamstechnologies.com/html/template/assets/img/icons/facebook.svg]
[dreamslms.dreamstechnologies.com/html/template/assets/js/validation.js]
[dreamslms.dreamstechnologies.com/html/template/register.html]
[dreamslms.dreamstechnologies.com/html/template/forgot-password.html]
[dreamslms.dreamstechnologies.com/html/template/reset-password.html]
[dreamslms.dreamstechnologies.com/html/template/set-password.html]
[dreamslms.dreamstechnologies.com/html/template/otp.html]
[dreamslms.dreamstechnologies.com/html/template/lock-screen.html]
[dreamslms.dreamstechnologies.com/html/template/assets/img/error/img-01.svg]
[dreamslms.dreamstechnologies.com/html/template/assets/img/error/img-02.svg]
[dreamslms.dreamstechnologies.com/html/template/assets/img/error/img-03.svg]
[dreamslms.dreamstechnologies.com/html/template/assets/img/error/img-04.svg]
[dreamslms.dreamstechnologies.com/html/template/assets/img/error/img-05.svg]
[dreamslms.dreamstechnologies.com/html/template/assets/img/error/img-06.svg]
[dreamslms.dreamstechnologies.com/html/template/error-404.html]
[dreamslms.dreamstechnologies.com/html/template/assets/img/error/error-01.svg]
[dreamslms.dreamstechnologies.com/html/template/error-500.html]
[dreamslms.dreamstechnologies.com/html/template/assets/img/error/error-02.svg]
[dreamslms.dreamstechnologies.com/html/template/pricing-plan.html]
[dreamslms.dreamstechnologies.com/html/template/faq.html]
[dreamslms.dreamstechnologies.com/html/template/assets/img/icons/save-10.svg]
[dreamslms.dreamstechnologies.com/html/template/coming-soon.html]
[dreamslms.dreamstechnologies.com/html/template/assets/img/error/coming-soon.svg]
[dreamslms.dreamstechnologies.com/html/template/under-construction.html]
[dreamslms.dreamstechnologies.com/html/template/terms-and-conditions.html]
[dreamslms.dreamstechnologies.com/html/template/privacy-policy.html]
[dreamslms.dreamstechnologies.com/html/template/assets/img/error/error-03.svg]
[dreamslms.dreamstechnologies.com/html/template/assets/css/bootstrap.rtl.min.css]
[dreamslms.dreamstechnologies.com/html/template/index-rtl.html]
[dreamslms.dreamstechnologies.com/html/template/assets/img/blog/blog-16.jpg]
[dreamslms.dreamstechnologies.com/html/template/assets/img/icons/calendar.svg]
[dreamslms.dreamstechnologies.com/html/template/assets/img/icons/tag.svg]
[dreamslms.dreamstechnologies.com/html/template/assets/img/blog/blog-17.jpg]
[dreamslms.dreamstechnologies.com/html/template/assets/img/blog/blog-18.jpg]
[dreamslms.dreamstechnologies.com/html/template/blog-grid.html]
[dreamslms.dreamstechnologies.com/html/template/assets/img/blog/blog-1.jpg]
[dreamslms.dreamstechnologies.com/html/template/assets/img/blog/blog-2.jpg]
[dreamslms.dreamstechnologies.com/html/template/assets/img/blog/blog-3.jpg]
[dreamslms.dreamstechnologies.com/html/template/assets/img/blog/blog-4.jpg]
[dreamslms.dreamstechnologies.com/html/template/assets/img/blog/blog-5.jpg]
[dreamslms.dreamstechnologies.com/html/template/assets/img/blog/blog-6.jpg]
[dreamslms.dreamstechnologies.com/html/template/blog-2-grid.html]
[dreamslms.dreamstechnologies.com/html/template/assets/img/blog/blog-7.jpg]
[dreamslms.dreamstechnologies.com/html/template/assets/img/blog/blog-8.jpg]
[dreamslms.dreamstechnologies.com/html/template/assets/img/blog/blog-9.jpg]
[dreamslms.dreamstechnologies.com/html/template/assets/img/blog/blog-10.jpg]
[dreamslms.dreamstechnologies.com/html/template/assets/img/blog/blog-11.jpg]
[dreamslms.dreamstechnologies.com/html/template/assets/img/blog/blog-12.jpg]
[dreamslms.dreamstechnologies.com/html/template/assets/img/blog/blog-13.jpg]
[dreamslms.dreamstechnologies.com/html/template/assets/img/blog/blog-14.jpg]
[dreamslms.dreamstechnologies.com/html/template/assets/img/blog/blog-15.jpg]
[dreamslms.dreamstechnologies.com/html/template/blog-3-grid.html]
[dreamslms.dreamstechnologies.com/html/template/blog-carousal.html]
[dreamslms.dreamstechnologies.com/html/template/assets/img/blog/blog-26.jpg]
[dreamslms.dreamstechnologies.com/html/template/assets/img/blog/blog-27.jpg]
[dreamslms.dreamstechnologies.com/html/template/assets/img/blog/blog-28.jpg]
[dreamslms.dreamstechnologies.com/html/template/blog-masonry.html]
[dreamslms.dreamstechnologies.com/html/template/assets/img/blog/recent-blog-1.jpg]
[dreamslms.dreamstechnologies.com/html/template/assets/img/icons/calendar2.svg]
[dreamslms.dreamstechnologies.com/html/template/assets/img/blog/recent-blog-2.jpg]
[dreamslms.dreamstechnologies.com/html/template/assets/img/blog/recent-blog-3.jpg]
[dreamslms.dreamstechnologies.com/html/template/blog-left-sidebar.html]
[dreamslms.dreamstechnologies.com/html/template/blog-right-sidebar.html]
[dreamslms.dreamstechnologies.com/html/template/assets/img/blog/blog-detail-image.jpg]
[dreamslms.dreamstechnologies.com/html/template/assets/img/blog/blog-29.jpg]
[dreamslms.dreamstechnologies.com/html/template/assets/img/blog/blog-30.jpg]
[dreamslms.dreamstechnologies.com/html/template/assets/img/user/user-26.jpg]
[dreamslms.dreamstechnologies.com/html/template/assets/img/user/user-25.jpg]
[dreamslms.dreamstechnologies.com/html/template/blog-details.html]
[dreamslms.dreamstechnologies.com/html/template/blog-details-left-sidebar.html]
[dreamslms.dreamstechnologies.com/html/template/blog-details-right-sidebar.html]
[dreamslms.dreamstechnologies.com/html/template/assets/img/flags/us-flag.svg]
[dreamslms.dreamstechnologies.com/html/template/assets/img/flags/arab-flag.svg]
[dreamslms.dreamstechnologies.com/html/template/assets/img/flags/france-flag.svg]
[dreamslms.dreamstechnologies.com/html/template/assets/img/icons/icon-32.svg]
[dreamslms.dreamstechnologies.com/html/template/assets/img/icons/icon-33.svg]
[dreamslms.dreamstechnologies.com/html/template/assets/img/icons/icon-34.svg]
[dreamslms.dreamstechnologies.com/html/template/assets/img/icons/course-01.svg]
[dreamslms.dreamstechnologies.com/html/template/assets/img/featured-courses/Clip-path-group.svg]
[dreamslms.dreamstechnologies.com/html/template/assets/img/featured-courses/react.svg]
[dreamslms.dreamstechnologies.com/html/template/assets/img/client/01.svg]
[dreamslms.dreamstechnologies.com/html/template/assets/img/client/02.svg]
[dreamslms.dreamstechnologies.com/html/template/assets/img/client/03.svg]
[dreamslms.dreamstechnologies.com/html/template/assets/img/client/04.svg]
[dreamslms.dreamstechnologies.com/html/template/assets/img/client/05.svg]
[dreamslms.dreamstechnologies.com/html/template/assets/img/client/06.svg]
[dreamslms.dreamstechnologies.com/html/template/assets/img/client/07.svg]
[dreamslms.dreamstechnologies.com/html/template/assets/img/category/icons/icon-6.svg]
[dreamslms.dreamstechnologies.com/html/template/assets/img/category/icons/icon-7.svg]
[dreamslms.dreamstechnologies.com/html/template/assets/img/category/icons/icon-8.svg]
[dreamslms.dreamstechnologies.com/html/template/assets/img/category/icons/icon-9.svg]
[dreamslms.dreamstechnologies.com/html/template/assets/img/category/icons/icon-10.svg]
[dreamslms.dreamstechnologies.com/html/template/assets/img/category/icons/icon-11.svg]
[dreamslms.dreamstechnologies.com/html/template/assets/img/shapes/shape-7.svg]
[dreamslms.dreamstechnologies.com/html/template/assets/img/client/08.svg]
[dreamslms.dreamstechnologies.com/html/template/assets/img/client/09.svg]
[dreamslms.dreamstechnologies.com/html/template/assets/img/client/10.svg]
[dreamslms.dreamstechnologies.com/html/template/assets/img/client/11.svg]
[dreamslms.dreamstechnologies.com/html/template/assets/img/client/12.svg]
[dreamslms.dreamstechnologies.com/html/template/assets/img/client/13.svg]
[dreamslms.dreamstechnologies.com/html/template/assets/img/icons/verify-icon.svg]
[dreamslms.dreamstechnologies.com/html/template/assets/img/bg/bg-21.svg]
[dreamslms.dreamstechnologies.com/html/template/assets/img/bg/bg-22.svg]
[dreamslms.dreamstechnologies.com/html/template/assets/img/icon/appstore.svg]
[dreamslms.dreamstechnologies.com/html/template/assets/img/icon/googleplay.svg]
[dreamslms.dreamstechnologies.com/html/template/assets/plugins/feather/fonts/Feather144f.svg]
[dreamslms.dreamstechnologies.com/html/template/assets/fonts/iconsax92de.html]
[dreamslms.dreamstechnologies.com/html/template/assets/fonts/iconsax92de-2.html]
[dreamslms.dreamstechnologies.com/html/template/assets/fonts/iconsax92de-3.html]
[dreamslms.dreamstechnologies.com/html/template/assets/img/bg/menu-bg.html]
[dreamslms.dreamstechnologies.com/html/template/assets/img/bg/breadcrumb.html]
[dreamslms.dreamstechnologies.com/html/template/assets/img/bg/breadcrumb-02.html]
[dreamslms.dreamstechnologies.com/html/template/assets/img/bg/breadcrumb-03.html]
[dreamslms.dreamstechnologies.com/html/template/assets/img/bg/breadcrumb-05.html]
[dreamslms.dreamstechnologies.com/html/template/assets/img/bg/breadcrumb-04.html]
[dreamslms.dreamstechnologies.com/html/template/assets/img/icons/dropdown.html]
[dreamslms.dreamstechnologies.com/html/template/assets/img/icon/email.svg]
[dreamslms.dreamstechnologies.com/html/template/assets/img/testimonial-background-img-1.html]
[dreamslms.dreamstechnologies.com/html/template/assets/img/testimonial-background-img-2.html]
[dreamslms.dreamstechnologies.com/html/template/assets/img/footer-background-img.html]
[dreamslms.dreamstechnologies.com/html/template/assets/img/icon/mail-2.svg]
[dreamslms.dreamstechnologies.com/html/template/assets/css/owl.video.play.png]
[dreamslms.dreamstechnologies.com/html/template/assets/css/owl.carousel.min.css]
[dreamslms.dreamstechnologies.com/html/template/assets/img/icons/banner-book.svg]
[dreamslms.dreamstechnologies.com/html/template/assets/img/icons/banner-icon-03.svg]
[dreamslms.dreamstechnologies.com/html/template/assets/img/icons/banner-icon-01.svg]
[dreamslms.dreamstechnologies.com/html/template/assets/img/icons/banner-icon-02.svg]
[dreamslms.dreamstechnologies.com/html/template/assets/img/icons/banner-icon-04.svg]
[dreamslms.dreamstechnologies.com/html/template/assets/img/icons/benefit-icon-01.svg]
[dreamslms.dreamstechnologies.com/html/template/assets/img/icons/benefit-icon-02.svg]
[dreamslms.dreamstechnologies.com/html/template/assets/img/icons/benefit-icon-03.svg]
[dreamslms.dreamstechnologies.com/html/template/assets/img/icons/subscribe-icon-02.svg]
[dreamslms.dreamstechnologies.com/html/template/assets/img/icons/subscribe-icon-01.svg]
[dreamslms.dreamstechnologies.com/html/template/assets/img/client/14.svg]
[dreamslms.dreamstechnologies.com/html/template/assets/img/client/15.svg]
[dreamslms.dreamstechnologies.com/html/template/instructor-message.html]
[dreamslms.dreamstechnologies.com/html/template/assets/img/icon/icon-20.svg]
[dreamslms.dreamstechnologies.com/html/template/assets/img/icon/icon-19.svg]
[dreamslms.dreamstechnologies.com/html/template/assets/img/icon/icon-21.svg]
[dreamslms.dreamstechnologies.com/html/template/assets/css/owl.theme.default.min.css]
[dreamslms.dreamstechnologies.com/html/template/assets/img/icons/icon-24.svg]
[dreamslms.dreamstechnologies.com/html/template/assets/img/icons/icon-25.svg]
[dreamslms.dreamstechnologies.com/html/template/assets/img/icons/icon-26.svg]
[dreamslms.dreamstechnologies.com/html/template/assets/img/icons/icon-27.svg]
[dreamslms.dreamstechnologies.com/html/template/assets/img/category/icons/icon-1.svg]
[dreamslms.dreamstechnologies.com/html/template/assets/img/category/icons/icon-2.svg]
[dreamslms.dreamstechnologies.com/html/template/assets/img/category/icons/icon-3.svg]
[dreamslms.dreamstechnologies.com/html/template/assets/img/category/icons/icon-4.svg]
[dreamslms.dreamstechnologies.com/html/template/assets/img/icons/icon-3.svg]
[dreamslms.dreamstechnologies.com/html/template/assets/img/icons/icon-4.svg]
[dreamslms.dreamstechnologies.com/html/template/assets/img/icons/icon-22.svg]
[dreamslms.dreamstechnologies.com/html/template/assets/img/icons/icon-17.svg]
[dreamslms.dreamstechnologies.com/html/template/assets/img/icons/icon-23.svg]
[dreamslms.dreamstechnologies.com/html/template/assets/img/icons/icon-16.svg]
[dreamslms.dreamstechnologies.com/html/template/assets/img/icons/icon-18.svg]
[dreamslms.dreamstechnologies.com/html/template/assets/img/icons/icon-19.svg]
[dreamslms.dreamstechnologies.com/html/template/assets/img/icons/icon-20.svg]
[dreamslms.dreamstechnologies.com/html/template/assets/img/icons/icon-21.svg]
[dreamslms.dreamstechnologies.com/html/template/assets/img/client/22.svg]
[dreamslms.dreamstechnologies.com/html/template/assets/img/client/23.svg]
[dreamslms.dreamstechnologies.com/html/template/assets/img/client/24.svg]
[dreamslms.dreamstechnologies.com/html/template/assets/img/client/25.svg]
[dreamslms.dreamstechnologies.com/html/template/assets/img/client/26.svg]
[dreamslms.dreamstechnologies.com/html/template/assets/img/client/27.svg]
[dreamslms.dreamstechnologies.com/html/template/assets/img/feature/feature-17.svg]
[dreamslms.dreamstechnologies.com/html/template/assets/img/feature/feature-15.svg]
[dreamslms.dreamstechnologies.com/html/template/assets/img/feature/feature-14.svg]
[dreamslms.dreamstechnologies.com/html/template/assets/img/icons/icon-5.svg]
[dreamslms.dreamstechnologies.com/html/template/assets/img/icons/icon-6.svg]
[dreamslms.dreamstechnologies.com/html/template/assets/img/icons/icon-7.svg]
[dreamslms.dreamstechnologies.com/html/template/assets/img/icons/icon-8.svg]
[dreamslms.dreamstechnologies.com/html/template/assets/img/icons/icon-9.svg]
[dreamslms.dreamstechnologies.com/html/template/assets/img/icons/icon-10.svg]
[dreamslms.dreamstechnologies.com/html/template/assets/img/icons/icon-11.svg]
[dreamslms.dreamstechnologies.com/html/template/assets/img/icons/icon-12.svg]
[dreamslms.dreamstechnologies.com/html/template/assets/img/icons/icon-13.svg]
[dreamslms.dreamstechnologies.com/html/template/assets/img/icons/icon-14.svg]
[dreamslms.dreamstechnologies.com/html/template/assets/img/icons/icon-15.svg]
[dreamslms.dreamstechnologies.com/html/template/assets/img/icons/appstore.svg]
[dreamslms.dreamstechnologies.com/html/template/assets/img/icons/googleplay.svg]
[dreamslms.dreamstechnologies.com/html/template/assets/img/icons/fb.svg]
[dreamslms.dreamstechnologies.com/html/template/assets/img/icons/instagram.svg]
[dreamslms.dreamstechnologies.com/html/template/assets/img/icons/be.svg]
[dreamslms.dreamstechnologies.com/html/template/assets/img/icons/linkedin.svg]
[dreamslms.dreamstechnologies.com/html/template/assets/img/icons/x.svg]
[dreamslms.dreamstechnologies.com/html/template/assets/img/icons/icon-30.svg]
[dreamslms.dreamstechnologies.com/html/template/assets/img/icons/vision-icon-01.svg]
[dreamslms.dreamstechnologies.com/html/template/assets/img/icons/vision-icon-02.svg]
[dreamslms.dreamstechnologies.com/html/template/assets/img/icons/vision-icon-03.svg]
[dreamslms.dreamstechnologies.com/html/template/assets/img/icons/vision-icon-04.svg]
[dreamslms.dreamstechnologies.com/html/template/assets/img/icons/count-one.svg]
[dreamslms.dreamstechnologies.com/html/template/assets/img/icons/count-two.svg]
[dreamslms.dreamstechnologies.com/html/template/assets/img/icons/count-three.svg]
[dreamslms.dreamstechnologies.com/html/template/assets/img/icons/count-four.svg]
[dreamslms.dreamstechnologies.com/html/template/assets/img/icons/category-1.svg]
[dreamslms.dreamstechnologies.com/html/template/assets/img/icons/category-9.svg]
[dreamslms.dreamstechnologies.com/html/template/assets/img/icons/category-icon10.svg]
[dreamslms.dreamstechnologies.com/html/template/assets/img/icons/category-11.svg]
[dreamslms.dreamstechnologies.com/html/template/assets/img/icons/category-5.svg]
[dreamslms.dreamstechnologies.com/html/template/assets/img/icons/category-6.svg]
[dreamslms.dreamstechnologies.com/html/template/assets/img/icons/category-7.svg]
[dreamslms.dreamstechnologies.com/html/template/assets/img/icons/category-8.svg]
[dreamslms.dreamstechnologies.com/html/template/assets/img/icons/award-01.svg]
[dreamslms.dreamstechnologies.com/html/template/assets/img/icons/award-02.svg]
[dreamslms.dreamstechnologies.com/html/template/assets/img/icons/award-03.svg]
[dreamslms.dreamstechnologies.com/html/template/assets/img/icons/joing-01.svg]
[dreamslms.dreamstechnologies.com/html/template/assets/img/icons/joing-02.svg]
[dreamslms.dreamstechnologies.com/html/template/assets/img/icons/joing-03.svg]
[dreamslms.dreamstechnologies.com/html/template/assets/img/icons/joing-04.svg]
[dreamslms.dreamstechnologies.com/html/template/assets/img/icons/category-2.svg]
[dreamslms.dreamstechnologies.com/html/template/assets/img/icons/category-3.svg]
[dreamslms.dreamstechnologies.com/html/template/assets/img/icons/category-4.svg]
[dreamslms.dreamstechnologies.com/html/template/assets/img/icons/review.svg]
[dreamslms.dreamstechnologies.com/html/template/assets/img/client/16.svg]
[dreamslms.dreamstechnologies.com/html/template/assets/img/client/17.svg]
[dreamslms.dreamstechnologies.com/html/template/assets/img/client/18.svg]
[dreamslms.dreamstechnologies.com/html/template/assets/img/client/19.svg]
[dreamslms.dreamstechnologies.com/html/template/assets/img/client/20.svg]
[dreamslms.dreamstechnologies.com/html/template/assets/img/client/21.svg]
[dreamslms.dreamstechnologies.com/html/template/assets/plugins/swiper/css/swiper.min.css]
[dreamslms.dreamstechnologies.com/html/template/assets/img/icon/course-01.svg]
[dreamslms.dreamstechnologies.com/html/template/assets/img/icon/course-02.svg]
[dreamslms.dreamstechnologies.com/html/template/assets/img/icon/course-03.svg]
[dreamslms.dreamstechnologies.com/html/template/assets/img/icon/course-04.svg]
[dreamslms.dreamstechnologies.com/html/template/assets/img/shapes/shape-10.svg]
[dreamslms.dreamstechnologies.com/html/template/assets/img/icon/career-01.svg]
[dreamslms.dreamstechnologies.com/html/template/assets/img/icon/career-02.svg]
[dreamslms.dreamstechnologies.com/html/template/assets/img/icon/career-03.svg]
[dreamslms.dreamstechnologies.com/html/template/assets/img/icon/career-04.svg]
[dreamslms.dreamstechnologies.com/html/template/assets/img/icon/favourite-01.svg]
[dreamslms.dreamstechnologies.com/html/template/assets/img/icon/favourite-02.svg]
[dreamslms.dreamstechnologies.com/html/template/assets/img/icon/favourite-03.svg]
[dreamslms.dreamstechnologies.com/html/template/assets/img/icon/favourite-04.svg]
[dreamslms.dreamstechnologies.com/html/template/assets/img/icon/favourite-05.svg]
[dreamslms.dreamstechnologies.com/html/template/assets/img/icon/student.svg]
[dreamslms.dreamstechnologies.com/html/template/assets/img/icon/ellipse-1.svg]
[dreamslms.dreamstechnologies.com/html/template/assets/img/icon/ellipse-2.svg]
[dreamslms.dreamstechnologies.com/html/template/assets/img/icon/ellipse-3.svg]
[dreamslms.dreamstechnologies.com/html/template/assets/img/bg/shape-04.svg]
[dreamslms.dreamstechnologies.com/html/template/assets/img/bg/shape-05.svg]
[dreamslms.dreamstechnologies.com/html/template/assets/img/icon/award.svg]
[dreamslms.dreamstechnologies.com/html/template/assets/img/icon/time.svg]
[dreamslms.dreamstechnologies.com/html/template/assets/img/icon/winning.svg]
[dreamslms.dreamstechnologies.com/html/template/assets/img/icon/student-icon.svg]
[dreamslms.dreamstechnologies.com/html/template/assets/img/shapes/shape-11.svg]
[dreamslms.dreamstechnologies.com/html/template/assets/img/client/client-33.svg]
[dreamslms.dreamstechnologies.com/html/template/assets/img/client/client-34.svg]
[dreamslms.dreamstechnologies.com/html/template/assets/img/client/client-35.svg]
[dreamslms.dreamstechnologies.com/html/template/assets/img/client/client-36.svg]
[dreamslms.dreamstechnologies.com/html/template/assets/img/client/client-37.svg]
[dreamslms.dreamstechnologies.com/html/template/assets/img/client/client-38.svg]
[dreamslms.dreamstechnologies.com/html/template/assets/img/bg/pattern-05.svg]
[dreamslms.dreamstechnologies.com/html/template/assets/img/bg/quote.svg]
[dreamslms.dreamstechnologies.com/html/template/assets/fonts/Feather144f.ttf]
[dreamslms.dreamstechnologies.com/html/template/assets/fonts/Feather144f.woff]
[dreamslms.dreamstechnologies.com/html/template/assets/css/feather.css]
[dreamslms.dreamstechnologies.com/html/template/assets/img/banner/ban-shape-2.svg]
[dreamslms.dreamstechnologies.com/html/template/assets/img/banner/ban-shape-3.svg]
[dreamslms.dreamstechnologies.com/html/template/assets/img/bg/banner-vector.svg]
[dreamslms.dreamstechnologies.com/html/template/assets/img/client/client-28.svg]
[dreamslms.dreamstechnologies.com/html/template/assets/img/client/client-29.svg]
[dreamslms.dreamstechnologies.com/html/template/assets/img/client/client-30.svg]
[dreamslms.dreamstechnologies.com/html/template/assets/img/client/client-31.svg]
[dreamslms.dreamstechnologies.com/html/template/assets/img/client/client-32.svg]
[dreamslms.dreamstechnologies.com/html/template/assets/img/icon/framework-01.svg]
[dreamslms.dreamstechnologies.com/html/template/assets/img/icon/framework-02.svg]
[dreamslms.dreamstechnologies.com/html/template/assets/img/icon/framework-03.svg]
[dreamslms.dreamstechnologies.com/html/template/assets/img/icon/framework-04.svg]
[dreamslms.dreamstechnologies.com/html/template/assets/img/icon/skill-01.svg]
[dreamslms.dreamstechnologies.com/html/template/assets/img/icon/skill-02.svg]
[dreamslms.dreamstechnologies.com/html/template/assets/img/icon/skill-03.svg]
[dreamslms.dreamstechnologies.com/html/template/assets/img/icon/skill-04.svg]
[dreamslms.dreamstechnologies.com/html/template/assets/img/bg/instructor-vector-left.svg]
[dreamslms.dreamstechnologies.com/html/template/assets/img/bg/instructor-vector-right.svg]
[dreamslms.dreamstechnologies.com/html/template/assets/img/shapes/dot-2.svg]
[dreamslms.dreamstechnologies.com/html/template/assets/img/shapes/half-circle.svg]
[dreamslms.dreamstechnologies.com/html/template/assets/img/icon/app-store.svg]
[dreamslms.dreamstechnologies.com/html/template/assets/img/icon/google-play.svg]
[dreamslms.dreamstechnologies.com/html/template/assets/plugins/ion-rangeslider/css/ion.rangeSlider.min.css]
[dreamslms.dreamstechnologies.com/html/template/assets/img/course/course-bg-1.svg]
[dreamslms.dreamstechnologies.com/html/template/assets/img/icons/category-icon1.svg]
[dreamslms.dreamstechnologies.com/html/template/assets/img/icons/category-icon2.svg]
[dreamslms.dreamstechnologies.com/html/template/assets/img/icons/category-icon3.svg]
[dreamslms.dreamstechnologies.com/html/template/assets/img/icons/category-icon4.svg]
[dreamslms.dreamstechnologies.com/html/template/assets/img/icons/category-icon5.svg]
[dreamslms.dreamstechnologies.com/html/template/assets/img/icons/category-icon6.svg]
[dreamslms.dreamstechnologies.com/html/template/assets/img/icons/category-icon7.svg]
[dreamslms.dreamstechnologies.com/html/template/assets/img/icons/category-icon8.svg]
[dreamslms.dreamstechnologies.com/html/template/assets/img/icons/category-icon9.svg]
[dreamslms.dreamstechnologies.com/html/template/assets/img/icons/category-icon11.svg]
[dreamslms.dreamstechnologies.com/html/template/assets/img/icons/category-icon12.svg]
[dreamslms.dreamstechnologies.com/html/template/assets/img/course/course-bg-3.svg]
[dreamslms.dreamstechnologies.com/html/template/assets/img/icons/book.svg]
[dreamslms.dreamstechnologies.com/html/template/assets/img/icons/timer-start.svg]
[dreamslms.dreamstechnologies.com/html/template/assets/img/icons/people.svg]
[dreamslms.dreamstechnologies.com/html/template/assets/img/icons/play.svg]
[dreamslms.dreamstechnologies.com/html/template/assets/img/icons/play2.svg]
[dreamslms.dreamstechnologies.com/html/template/assets/img/icons/book2.svg]
[dreamslms.dreamstechnologies.com/html/template/assets/img/icons/timer-start2.svg]
[dreamslms.dreamstechnologies.com/html/template/assets/img/icons/import.svg]
[dreamslms.dreamstechnologies.com/html/template/assets/img/icons/key.svg]
[dreamslms.dreamstechnologies.com/html/template/assets/img/icons/monitor-mobbile.svg]
[dreamslms.dreamstechnologies.com/html/template/assets/img/icons/cloud-lightning.svg]
[dreamslms.dreamstechnologies.com/html/template/assets/img/icons/teacher.svg]
[dreamslms.dreamstechnologies.com/html/template/assets/img/icons/people2.svg]
[dreamslms.dreamstechnologies.com/html/template/assets/img/icons/timer-start3.svg]
[dreamslms.dreamstechnologies.com/html/template/assets/img/icons/note.svg]
[dreamslms.dreamstechnologies.com/html/template/assets/img/icons/play3.svg]
[dreamslms.dreamstechnologies.com/html/template/assets/img/icons/chart.svg]
[dreamslms.dreamstechnologies.com/html/template/assets/img/icons/book3.svg]
[dreamslms.dreamstechnologies.com/html/template/assets/img/icons/people3.svg]
[dreamslms.dreamstechnologies.com/html/template/assets/img/icons/card.svg]
[dreamslms.dreamstechnologies.com/html/template/assets/img/icons/paypal-2.svg]
[dreamslms.dreamstechnologies.com/html/template/assets/img/icons/stripe.svg]
[dreamslms.dreamstechnologies.com/html/template/assets/plugins/bootstrap-tagsinput/bootstrap-tagsinput.css]
[dreamslms.dreamstechnologies.com/html/template/assets/fonts/Feather144f.svg]
[dreamslms.dreamstechnologies.com/html/template/assets/plugins/summernote/font/summernote.eot]
[dreamslms.dreamstechnologies.com/html/template/assets/plugins/summernote/font/summernoted41d.eot]
[dreamslms.dreamstechnologies.com/html/template/assets/plugins/summernote/font/summernote.woff2]
[dreamslms.dreamstechnologies.com/html/template/assets/plugins/summernote/font/summernote.woff]
[dreamslms.dreamstechnologies.com/html/template/assets/plugins/summernote/summernote-lite.min.css]
[dreamslms.dreamstechnologies.com/html/template/assets/plugins/daterangepicker/daterangepicker.css]
[dreamslms.dreamstechnologies.com/html/template/assets/img/icon/graduation.svg]
[dreamslms.dreamstechnologies.com/html/template/assets/img/icon/book.svg]
[dreamslms.dreamstechnologies.com/html/template/assets/img/icon/bookmark.svg]
[dreamslms.dreamstechnologies.com/html/template/assets/img/icon/user-octagon.svg]
[dreamslms.dreamstechnologies.com/html/template/assets/img/icon/book-2.svg]
[dreamslms.dreamstechnologies.com/html/template/assets/img/icon/money-add.svg]
[dreamslms.dreamstechnologies.com/html/template/assets/plugins/summernote/font/summernote.ttf]
[dreamslms.dreamstechnologies.com/html/template/assets/img/course/course-16.jpg]
[dreamslms.dreamstechnologies.com/html/template/assets/img/icon/book-3.svg]
[dreamslms.dreamstechnologies.com/html/template/assets/img/icon/timer-start.svg]
[dreamslms.dreamstechnologies.com/html/template/assets/img/course/course-17.jpg]
[dreamslms.dreamstechnologies.com/html/template/assets/img/course/course-18.jpg]
[dreamslms.dreamstechnologies.com/html/template/assets/img/course/course-19.jpg]
[dreamslms.dreamstechnologies.com/html/template/assets/img/course/course-20.jpg]
[dreamslms.dreamstechnologies.com/html/template/assets/img/course/course-21.jpg]
[dreamslms.dreamstechnologies.com/html/template/instructor-course-grid.html]
[dreamslms.dreamstechnologies.com/html/template/assets/css/bootstrap-datetimepicker.min.css]
[dreamslms.dreamstechnologies.com/html/template/assets/img/certificates/certificate-01.svg]
[dreamslms.dreamstechnologies.com/html/template/assets/img/certificates/certificate-02.svg]
[dreamslms.dreamstechnologies.com/html/template/assets/img/certificates/certificate-03.svg]
[dreamslms.dreamstechnologies.com/html/template/instructor-quiz-questions.html]
[dreamslms.dreamstechnologies.com/html/template/assets/img/icon/user-tick.svg]
[dreamslms.dreamstechnologies.com/html/template/assets/img/icon/document.svg]
[dreamslms.dreamstechnologies.com/html/template/assets/img/icon/clock.svg]
[dreamslms.dreamstechnologies.com/html/template/assets/img/icon/certificate.svg]
[dreamslms.dreamstechnologies.com/html/template/assets/img/shapes/withdraw-bg1.svg]
[dreamslms.dreamstechnologies.com/html/template/assets/img/shapes/withdraw-bg2.svg]
[dreamslms.dreamstechnologies.com/html/template/assets/img/icons/icon-2.svg]
[dreamslms.dreamstechnologies.com/html/template/assets/img/icons/paypal.svg]
[dreamslms.dreamstechnologies.com/html/template/assets/img/icon/qr.svg]
[dreamslms.dreamstechnologies.com/html/template/assets/img/icons/sign.svg]
[dreamslms.dreamstechnologies.com/html/template/instructor-change-password.html]
[dreamslms.dreamstechnologies.com/html/template/assets/img/icons/visa-logo.svg]
[dreamslms.dreamstechnologies.com/html/template/instructor-plans.html]
[dreamslms.dreamstechnologies.com/html/template/instructor-social-profiles.html]
[dreamslms.dreamstechnologies.com/html/template/assets/img/icons/Mastercard.svg]
[dreamslms.dreamstechnologies.com/html/template/assets/img/icon/fb-icon.svg]
[dreamslms.dreamstechnologies.com/html/template/assets/img/icon/google-icon.svg]
[dreamslms.dreamstechnologies.com/html/template/assets/img/icon/github-icon.svg]
[dreamslms.dreamstechnologies.com/html/template/instructor-linked-accounts.html]
[dreamslms.dreamstechnologies.com/html/template/instructor-notifications.html]
[dreamslms.dreamstechnologies.com/html/template/assets/img/icon/twitter-x-icon.svg]
[dreamslms.dreamstechnologies.com/html/template/assets/img/icons/meet-icon-1.svg]
[dreamslms.dreamstechnologies.com/html/template/instructor-integrations.html]
[dreamslms.dreamstechnologies.com/html/template/instructor-withdraw.html]
[dreamslms.dreamstechnologies.com/html/template/student-quiz-questions.html]
[dreamslms.dreamstechnologies.com/html/template/assets/img/icon/dollar-circle.svg]
[dreamslms.dreamstechnologies.com/html/template/assets/img/icon/wallet.svg]
[dreamslms.dreamstechnologies.com/html/template/assets/img/icons/emonji-02.html]
[dreamslms.dreamstechnologies.com/html/template/assets/img/icons/emonji-05.html]
[dreamslms.dreamstechnologies.com/html/template/assets/img/icons/emonji-06.html]
[dreamslms.dreamstechnologies.com/html/template/assets/img/icons/emonji-07.html]
[dreamslms.dreamstechnologies.com/html/template/assets/img/icons/emonji-08.html]
[dreamslms.dreamstechnologies.com/html/template/student-change-password.html]
[dreamslms.dreamstechnologies.com/html/template/student-social-profile.html]
[dreamslms.dreamstechnologies.com/html/template/student-linked-accounts.html]
[dreamslms.dreamstechnologies.com/html/template/student-notifications.html]
[dreamslms.dreamstechnologies.com/html/template/student-billing-address.html]
[dreamslms.dreamstechnologies.com/html/template/assets/img/shapes/shape-1.svg]
[dreamslms.dreamstechnologies.com/html/template/assets/img/shapes/shape-2.svg]
[dreamslms.dreamstechnologies.com/html/template/assets/img/icons/icon-1.svg]
[dreamslms.dreamstechnologies.com/html/template/assets/img/icons/meet-icon-2.svg]
[dreamslms.dreamstechnologies.com/html/template/assets/img/about/about-2.svg]
[dreamslms.dreamstechnologies.com/html/template/assets/img/icons/counter-icon1.svg]
[dreamslms.dreamstechnologies.com/html/template/assets/img/icons/counter-icon2.svg]
[dreamslms.dreamstechnologies.com/html/template/assets/img/icons/counter-icon3.svg]
[dreamslms.dreamstechnologies.com/html/template/assets/img/icons/counter-icon4.svg]
[dreamslms.dreamstechnologies.com/html/template/assets/img/icons/instructor-icon1.svg]
[dreamslms.dreamstechnologies.com/html/template/assets/img/icons/instructor-icon2.svg]
[dreamslms.dreamstechnologies.com/html/template/assets/img/icons/instructor-icon3.svg]
[dreamslms.dreamstechnologies.com/html/template/assets/img/icons/instructor-icon4.svg]
[dreamslms.dreamstechnologies.com/html/template/assets/img/icons/how-it-works-1.svg]
[dreamslms.dreamstechnologies.com/html/template/assets/img/icons/how-it-works-2.svg]
[dreamslms.dreamstechnologies.com/html/template/assets/img/icons/how-it-works-3.svg]
[dreamslms.dreamstechnologies.com/html/template/assets/img/auth/auth-1.svg]
[dreamslms.dreamstechnologies.com/html/template/assets/img/icons/google.svg]
[dreamslms.dreamstechnologies.com/html/template/assets/img/icons/facebook.svg]
[dreamslms.dreamstechnologies.com/html/template/assets/img/error/img-01.svg]
[dreamslms.dreamstechnologies.com/html/template/assets/img/error/img-02.svg]
[dreamslms.dreamstechnologies.com/html/template/assets/img/error/img-03.svg]
[dreamslms.dreamstechnologies.com/html/template/assets/img/error/img-04.svg]
[dreamslms.dreamstechnologies.com/html/template/assets/img/error/img-05.svg]
[dreamslms.dreamstechnologies.com/html/template/assets/img/error/img-06.svg]
[dreamslms.dreamstechnologies.com/html/template/assets/img/error/error-01.svg]
[dreamslms.dreamstechnologies.com/html/template/assets/img/error/error-02.svg]
[dreamslms.dreamstechnologies.com/html/template/assets/img/icons/save-10.svg]
[dreamslms.dreamstechnologies.com/html/template/assets/img/error/coming-soon.svg]
[dreamslms.dreamstechnologies.com/html/template/assets/img/error/error-03.svg]
[dreamslms.dreamstechnologies.com/html/template/assets/css/bootstrap.rtl.min.css]
[dreamslms.dreamstechnologies.com/html/template/assets/img/icons/calendar.svg]
[dreamslms.dreamstechnologies.com/html/template/assets/img/icons/tag.svg]
[dreamslms.dreamstechnologies.com/html/template/assets/img/icons/calendar2.svg]
[dreamslms.dreamstechnologies.com/html/template/assets/css/owl.video.play.html]
[dreamslms.dreamstechnologies.com/html/template/assets/fonts/Feather144f.svg]
[dreamslms.dreamstechnologies.com/html/template/assets/img/icon/book-3.svg]
[dreamslms.dreamstechnologies.com/html/template/assets/img/icon/timer-start.svg]
[dreamslms.dreamstechnologies.com/html/template/assets/img/icons/visa-logo.svg]
[dreamslms.dreamstechnologies.com/html/template/assets/img/icons/Mastercard.svg]
[dreamslms.dreamstechnologies.com/html/template/assets/img/icon/fb-icon.svg]
[dreamslms.dreamstechnologies.com/html/template/assets/img/icon/google-icon.svg]
[dreamslms.dreamstechnologies.com/html/template/assets/img/icon/github-icon.svg]
[dreamslms.dreamstechnologies.com/html/template/assets/img/icon/twitter-x-icon.svg]
[dreamslms.dreamstechnologies.com/html/template/assets/img/icons/meet-icon-1.svg]
[dreamslms.dreamstechnologies.com/html/template/assets/img/icons/meet-icon-2.svg]
