[adminuiux.com/adminuiux/investment-mobile-uiux/investment-dashboard.html]
[backblue.gif]
[fade.gif]
[index.html]
[adminuiux.com/adminuiux/investment-mobile-uiux/assets/img/favicon.png]
[adminuiux.com/adminuiux/investment-mobile-uiux/assets/js/app225d.js]
[adminuiux.com/adminuiux/investment-mobile-uiux/assets/img/modern-ai-image/user-6.jpg]
[adminuiux.com/adminuiux/investment-mobile-uiux/investment-myprofile.html]
[adminuiux.com/adminuiux/investment-mobile-uiux/assets/img/modern-ai-image/user-1.jpg]
[adminuiux.com/adminuiux/investment-mobile-uiux/assets/img/modern-ai-image/user-2.jpg]
[adminuiux.com/adminuiux/investment-mobile-uiux/assets/img/modern-ai-image/user-4.jpg]
[adminuiux.com/adminuiux/investment-mobile-uiux/investment-earning.html]
[adminuiux.com/adminuiux/investment-mobile-uiux/investment-mysubscription.html]
[adminuiux.com/adminuiux/investment-mobile-uiux/investment-settings.html]
[adminuiux.com/adminuiux/investment-mobile-uiux/investment-login.html]
[adminuiux.com/adminuiux/investment-mobile-uiux/investment-wallet.html]
[adminuiux.com/adminuiux/investment-mobile-uiux/investment-goals.html]
[adminuiux.com/adminuiux/investment-mobile-uiux/investment-loan-list.html]
[adminuiux.com/adminuiux/investment-mobile-uiux/investment-company-shares.html]
[adminuiux.com/adminuiux/investment-mobile-uiux/investment-mutual-funds.html]
[adminuiux.com/adminuiux/investment-mobile-uiux/investment-deposit.html]
[adminuiux.com/adminuiux/investment-mobile-uiux/investment-explore.html]
[adminuiux.com/adminuiux/investment-mobile-uiux/investment-statistics.html]
[adminuiux.com/adminuiux/investment-mobile-uiux/investment-calculator.html]
[adminuiux.com/adminuiux/investment-mobile-uiux/investment-pages.html]
[adminuiux.com/adminuiux/investment-mobile-uiux/investment-personalization.html]
[adminuiux.com/adminuiux/investment-mobile-uiux/components.html]
[adminuiux.com/adminuiux/investment-mobile-uiux/investment-search-mutual-funds.html]
[adminuiux.com/adminuiux/investment-mobile-uiux/investment-schedule.html]
[adminuiux.com/adminuiux/investment-mobile-uiux/investment-inbox.html]
[adminuiux.com/adminuiux/investment-mobile-uiux/investment-help-center.html]
[adminuiux.com/adminuiux/investment-mobile-uiux/investment-referral.html]
[adminuiux.com/adminuiux/investment-mobile-uiux/assets/img/modern-ai-image/flamingo-4.jpg]
[adminuiux.com/adminuiux/investment-mobile-uiux/investment-investment-plans.html]
[adminuiux.com/adminuiux/investment-mobile-uiux/assets/img/modern-ai-image/taxoi-1.jpg]
[adminuiux.com/adminuiux/investment-mobile-uiux/assets/js/investment/investment-dashboard.js]
[adminuiux.com/adminuiux/investment-mobile-uiux/investment-dashboard.html]
[adminuiux.com/adminuiux/investment-mobile-uiux/assets/img/logo-light.png]
[ibaslogic.github.io/hosted-assets/smile.png]
[adminuiux.com/adminuiux/investment-mobile-uiux/assets/css/app225d.css]
[adminuiux.com/adminuiux/investment-mobile-uiux/assets/img/logo.svg]
[adminuiux.com/adminuiux/investment-mobile-uiux/assets/img/logo-light.svg]
[adminuiux.com/adminuiux/investment-mobile-uiux/assets/img/modern-ai-image/modern-bg-3.jpg]
[adminuiux.com/adminuiux/investment-mobile-uiux/assets/img/modern-ai-image/kids-1.jpg]
[adminuiux.com/adminuiux/investment-mobile-uiux/assets/img/modern-ai-image/kids-2.jpg]
[adminuiux.com/adminuiux/investment-mobile-uiux/assets/img/modern-ai-image/lion-2.jpg]
[adminuiux.com/adminuiux/investment-mobile-uiux/investment-myprofile.html]
[adminuiux.com/adminuiux/investment-mobile-uiux/assets/img/modern-ai-image/user-7.jpg]
[adminuiux.com/adminuiux/investment-mobile-uiux/assets/img/modern-ai-image/user-8.jpg]
[adminuiux.com/adminuiux/investment-mobile-uiux/assets/img/logo-512.png]
[adminuiux.com/adminuiux/investment-mobile-uiux/assets/img/modern-ai-image/user-3.jpg]
[adminuiux.com/adminuiux/investment-mobile-uiux/assets/img/modern-ai-image/user-5.jpg]
[adminuiux.com/adminuiux/investment-mobile-uiux/assets/js/investment/investment-earning.js]
[adminuiux.com/adminuiux/investment-mobile-uiux/investment-earning.html]
[adminuiux.com/adminuiux/investment-mobile-uiux/investment-subscriptions.html]
[adminuiux.com/adminuiux/investment-mobile-uiux/investment-mysubscription.html]
[adminuiux.com/adminuiux/investment-mobile-uiux/assets/img/modern-ai-image/flamingo-3.jpg]
[adminuiux.com/adminuiux/investment-mobile-uiux/investment-settings-users.html]
[adminuiux.com/adminuiux/investment-mobile-uiux/investment-settings-timing.html]
[adminuiux.com/adminuiux/investment-mobile-uiux/investment-settings-payment.html]
[adminuiux.com/adminuiux/investment-mobile-uiux/investment-settings-contact.html]
[adminuiux.com/adminuiux/investment-mobile-uiux/investment-settings.html]
[adminuiux.com/adminuiux/investment-mobile-uiux/investment-forgot-password.html]
[adminuiux.com/adminuiux/investment-mobile-uiux/investment-signup.html]
[adminuiux.com/adminuiux/investment-mobile-uiux/assets/img/g-logo.png]
[adminuiux.com/adminuiux/investment-mobile-uiux/assets/img/f-logo.png]
[adminuiux.com/adminuiux/investment-mobile-uiux/assets/img/background-image/backgorund-image-8.jpg]
[adminuiux.com/adminuiux/investment-mobile-uiux/assets/img/investment/slider.png]
[adminuiux.com/adminuiux/investment-mobile-uiux/assets/js/investment/investment-auth.js]
[adminuiux.com/adminuiux/investment-mobile-uiux/investment-login.html]
[adminuiux.com/adminuiux/investment-mobile-uiux/assets/img/modern-ai-image/lion-3.jpg]
[adminuiux.com/adminuiux/investment-mobile-uiux/assets/img/modern-ai-image/tree-4.jpg]
[adminuiux.com/adminuiux/investment-mobile-uiux/assets/img/modern-ai-image/flamingo-2.jpg]
[adminuiux.com/adminuiux/investment-mobile-uiux/assets/img/adminuiux-qr.png]
[adminuiux.com/adminuiux/investment-mobile-uiux/assets/js/investment/investment-wallet.js]
[adminuiux.com/adminuiux/investment-mobile-uiux/investment-wallet.html]
[adminuiux.com/adminuiux/investment-mobile-uiux/investment-add-goal.html]
[adminuiux.com/adminuiux/investment-mobile-uiux/assets/img/modern-ai-image/tree-15.jpg]
[adminuiux.com/adminuiux/investment-mobile-uiux/assets/img/modern-ai-image/taxi-1.jpg]
[adminuiux.com/adminuiux/investment-mobile-uiux/assets/js/investment/investment-goals.js]
[adminuiux.com/adminuiux/investment-mobile-uiux/investment-goals.html]
[adminuiux.com/adminuiux/investment-mobile-uiux/investment-loan-request.html]
[adminuiux.com/adminuiux/investment-mobile-uiux/investment-loan-details.html]
[adminuiux.com/adminuiux/investment-mobile-uiux/investment-loan-under-process-details.html]
[adminuiux.com/adminuiux/investment-mobile-uiux/assets/js/investment/investment-loan-list.js]
[adminuiux.com/adminuiux/investment-mobile-uiux/investment-loan-list.html]
[adminuiux.com/adminuiux/investment-mobile-uiux/assets/js/investment/investment-company-shares.js]
[adminuiux.com/adminuiux/investment-mobile-uiux/investment-company-shares.html]
[adminuiux.com/adminuiux/investment-mobile-uiux/assets/js/investment/investment-mutual-funds.js]
[adminuiux.com/adminuiux/investment-mobile-uiux/investment-mutual-funds.html]
[adminuiux.com/adminuiux/investment-mobile-uiux/assets/img/modern-ai-image/shooping-5.jpg]
[adminuiux.com/adminuiux/investment-mobile-uiux/assets/img/modern-ai-image/shopping-1.jpg]
[adminuiux.com/adminuiux/investment-mobile-uiux/assets/img/modern-ai-image/shopping-2.jpg]
[adminuiux.com/adminuiux/investment-mobile-uiux/assets/img/modern-ai-image/shopping-3.jpg]
[adminuiux.com/adminuiux/investment-mobile-uiux/assets/img/modern-ai-image/tree-3.jpg]
[adminuiux.com/adminuiux/investment-mobile-uiux/assets/img/modern-ai-image/tree-1.jpg]
[adminuiux.com/adminuiux/investment-mobile-uiux/assets/img/modern-ai-image/tree-10.jpg]
[adminuiux.com/adminuiux/investment-mobile-uiux/assets/img/modern-ai-image/tree-21.jpg]
[adminuiux.com/adminuiux/investment-mobile-uiux/investment-deposit.html]
[adminuiux.com/adminuiux/investment-mobile-uiux/assets/img/modern-ai-image/flamingo-1.jpg]
[adminuiux.com/adminuiux/investment-mobile-uiux/investment-explore.html]
[adminuiux.com/adminuiux/investment-mobile-uiux/assets/js/investment/investment-statistics.js]
[adminuiux.com/adminuiux/investment-mobile-uiux/investment-statistics.html]
[adminuiux.com/adminuiux/investment-mobile-uiux/investment-calculator.html]
[adminuiux.com/adminuiux/investment-mobile-uiux/investment-mutual-fund-detail.html]
[adminuiux.com/adminuiux/investment-mobile-uiux/investment-portfolio.html]
[adminuiux.com/adminuiux/investment-mobile-uiux/investment-transaction.html]
[adminuiux.com/adminuiux/investment-mobile-uiux/investment-share-details.html]
[adminuiux.com/adminuiux/investment-mobile-uiux/investment-loan-request-success.html]
[adminuiux.com/adminuiux/investment-mobile-uiux/investment-aboutus.html]
[adminuiux.com/adminuiux/investment-mobile-uiux/investment-add-blog.html]
[adminuiux.com/adminuiux/investment-mobile-uiux/investment-add-invoice.html]
[adminuiux.com/adminuiux/investment-mobile-uiux/investment-add-ticket.html]
[adminuiux.com/adminuiux/investment-mobile-uiux/investment-billing.html]
[adminuiux.com/adminuiux/investment-mobile-uiux/investment-blog-details.html]
[adminuiux.com/adminuiux/investment-mobile-uiux/investment-blogs.html]
[adminuiux.com/adminuiux/investment-mobile-uiux/investment-change-password.html]
[adminuiux.com/adminuiux/investment-mobile-uiux/investment-chat-call.html]
[adminuiux.com/adminuiux/investment-mobile-uiux/investment-contactus.html]
[adminuiux.com/adminuiux/investment-mobile-uiux/investment-onboarding.html]
[adminuiux.com/adminuiux/investment-mobile-uiux/investment-profile-kyc-start.html]
[adminuiux.com/adminuiux/investment-mobile-uiux/investment-profile-kyc.html]
[adminuiux.com/adminuiux/investment-mobile-uiux/investment-search-result.html]
[adminuiux.com/adminuiux/investment-mobile-uiux/investment-profile.html]
[adminuiux.com/adminuiux/investment-mobile-uiux/investment-signup-success.html]
[adminuiux.com/adminuiux/investment-mobile-uiux/investment-ticket-list.html]
[adminuiux.com/adminuiux/investment-mobile-uiux/investment-users.html]
[adminuiux.com/adminuiux/investment-mobile-uiux/page-not-found.html]
[adminuiux.com/adminuiux/investment-mobile-uiux/page-not-found-2.html]
[adminuiux.com/adminuiux/investment-mobile-uiux/page-not-found-3.html]
[adminuiux.com/adminuiux/investment-mobile-uiux/under-construction.html]
[adminuiux.com/adminuiux/investment-mobile-uiux/coming-soon.html]
[adminuiux.com/adminuiux/investment-mobile-uiux/investment-pages.html]
[adminuiux.com/adminuiux/investment-mobile-uiux/assets/img/background-image/backgorund-image-1.jpg]
[adminuiux.com/adminuiux/investment-mobile-uiux/assets/img/background-image/backgorund-image-2.jpg]
[adminuiux.com/adminuiux/investment-mobile-uiux/assets/img/background-image/backgorund-image-3.jpg]
[adminuiux.com/adminuiux/investment-mobile-uiux/assets/img/background-image/backgorund-image-4.jpg]
[adminuiux.com/adminuiux/investment-mobile-uiux/assets/img/background-image/backgorund-image-5.jpg]
[adminuiux.com/adminuiux/investment-mobile-uiux/assets/img/background-image/backgorund-image-7.jpg]
[adminuiux.com/adminuiux/investment-mobile-uiux/assets/img/background-image/backgorund-image-9.jpg]
[adminuiux.com/adminuiux/investment-mobile-uiux/assets/img/background-image/backgorund-image-10.jpg]
[adminuiux.com/adminuiux/investment-mobile-uiux/assets/img/background-image/backgorund-image-11.jpg]
[adminuiux.com/adminuiux/investment-mobile-uiux/assets/img/background-image/backgorund-image-12.jpg]
[adminuiux.com/adminuiux/investment-mobile-uiux/investment-personalization.html]
[adminuiux.com/adminuiux/investment-mobile-uiux/documentation.html]
[adminuiux.com/adminuiux/investment-mobile-uiux/component-buttons.html]
[adminuiux.com/adminuiux/investment-mobile-uiux/assets/img/components/admin-ui-ux-bootstrap-html-template-buttons.png]
[adminuiux.com/adminuiux/investment-mobile-uiux/component-button-groups.html]
[adminuiux.com/adminuiux/investment-mobile-uiux/assets/img/components/admin-ui-ux-bootstrap-html-template-button-groups.png]
[adminuiux.com/adminuiux/investment-mobile-uiux/component-icon-buttons.html]
[adminuiux.com/adminuiux/investment-mobile-uiux/assets/img/components/admin-ui-ux-bootstrap-html-template-icon-buttons.png]
[adminuiux.com/adminuiux/investment-mobile-uiux/component-dropdowns.html]
[adminuiux.com/adminuiux/investment-mobile-uiux/assets/img/components/admin-ui-ux-bootstrap-html-template-dropdown.png]
[adminuiux.com/adminuiux/investment-mobile-uiux/component-pagination.html]
[adminuiux.com/adminuiux/investment-mobile-uiux/assets/img/components/admin-ui-ux-bootstrap-html-template-pagination.png]
[adminuiux.com/adminuiux/investment-mobile-uiux/component-alerts.html]
[adminuiux.com/adminuiux/investment-mobile-uiux/assets/img/components/admin-ui-ux-bootstrap-html-template-alert.png]
[adminuiux.com/adminuiux/investment-mobile-uiux/component-badges.html]
[adminuiux.com/adminuiux/investment-mobile-uiux/assets/img/components/admin-ui-ux-bootstrap-html-template-badge.png]
[adminuiux.com/adminuiux/investment-mobile-uiux/component-popovers.html]
[adminuiux.com/adminuiux/investment-mobile-uiux/assets/img/components/admin-ui-ux-bootstrap-html-template-popover.png]
[adminuiux.com/adminuiux/investment-mobile-uiux/component-progress.html]
[adminuiux.com/adminuiux/investment-mobile-uiux/assets/img/components/admin-ui-ux-bootstrap-html-template-progressbar.png]
[adminuiux.com/adminuiux/investment-mobile-uiux/component-toasts.html]
[adminuiux.com/adminuiux/investment-mobile-uiux/assets/img/components/admin-ui-ux-bootstrap-html-template-toast.png]
[adminuiux.com/adminuiux/investment-mobile-uiux/component-tooltips.html]
[adminuiux.com/adminuiux/investment-mobile-uiux/assets/img/components/admin-ui-ux-bootstrap-html-template-tooltip.png]
[adminuiux.com/adminuiux/investment-mobile-uiux/component-spinners-loaders.html]
[adminuiux.com/adminuiux/investment-mobile-uiux/assets/img/components/admin-ui-ux-bootstrap-html-template-loaders.png]
[adminuiux.com/adminuiux/investment-mobile-uiux/component-riskometer.html]
[adminuiux.com/adminuiux/investment-mobile-uiux/assets/img/components/admin-ui-ux-bootstrap-html-template-riskometer.png]
[adminuiux.com/adminuiux/investment-mobile-uiux/component-accordions.html]
[adminuiux.com/adminuiux/investment-mobile-uiux/assets/img/components/admin-ui-ux-bootstrap-html-template-accordion.png]
[adminuiux.com/adminuiux/investment-mobile-uiux/component-cards.html]
[adminuiux.com/adminuiux/investment-mobile-uiux/assets/img/components/admin-ui-ux-bootstrap-html-template-card.png]
[adminuiux.com/adminuiux/investment-mobile-uiux/component-collapse.html]
[adminuiux.com/adminuiux/investment-mobile-uiux/assets/img/components/admin-ui-ux-bootstrap-html-template-collapse.png]
[adminuiux.com/adminuiux/investment-mobile-uiux/component-list-groups.html]
[adminuiux.com/adminuiux/investment-mobile-uiux/assets/img/components/admin-ui-ux-bootstrap-html-template-list-group.png]
[adminuiux.com/adminuiux/investment-mobile-uiux/component-modal-dialogues.html]
[adminuiux.com/adminuiux/investment-mobile-uiux/assets/img/components/admin-ui-ux-bootstrap-html-template-modal.png]
[adminuiux.com/adminuiux/investment-mobile-uiux/component-off-canvas.html]
[adminuiux.com/adminuiux/investment-mobile-uiux/assets/img/components/admin-ui-ux-bootstrap-html-template-off-canvas.png]
[adminuiux.com/adminuiux/investment-mobile-uiux/component-tables.html]
[adminuiux.com/adminuiux/investment-mobile-uiux/assets/img/components/admin-ui-ux-bootstrap-html-template-tables.png]
[adminuiux.com/adminuiux/investment-mobile-uiux/component-pricing.html]
[adminuiux.com/adminuiux/investment-mobile-uiux/assets/img/components/admin-ui-ux-bootstrap-html-template-pricing.png]
[adminuiux.com/adminuiux/investment-mobile-uiux/component-header.html]
[adminuiux.com/adminuiux/investment-mobile-uiux/assets/img/components/admin-ui-ux-bootstrap-html-template-header.png]
[adminuiux.com/adminuiux/investment-mobile-uiux/component-nav.html]
[adminuiux.com/adminuiux/investment-mobile-uiux/assets/img/components/admin-ui-ux-bootstrap-html-template-navigation.png]
[adminuiux.com/adminuiux/investment-mobile-uiux/component-tabs.html]
[adminuiux.com/adminuiux/investment-mobile-uiux/assets/img/components/admin-ui-ux-bootstrap-html-template-tabs.png]
[adminuiux.com/adminuiux/investment-mobile-uiux/component-breadcrumbs.html]
[adminuiux.com/adminuiux/investment-mobile-uiux/assets/img/components/admin-ui-ux-bootstrap-html-template-breadcrumb.png]
[adminuiux.com/adminuiux/investment-mobile-uiux/component-scrollspy.html]
[adminuiux.com/adminuiux/investment-mobile-uiux/assets/img/components/admin-ui-ux-bootstrap-html-template-scrollspy.png]
[adminuiux.com/adminuiux/investment-mobile-uiux/component-sidebars.html]
[adminuiux.com/adminuiux/investment-mobile-uiux/assets/img/components/admin-ui-ux-bootstrap-html-template-sidebar.png]
[adminuiux.com/adminuiux/investment-mobile-uiux/component-radios.html]
[adminuiux.com/adminuiux/investment-mobile-uiux/assets/img/components/admin-ui-ux-bootstrap-html-template-radio.png]
[adminuiux.com/adminuiux/investment-mobile-uiux/component-checkboxes.html]
[adminuiux.com/adminuiux/investment-mobile-uiux/assets/img/components/admin-ui-ux-bootstrap-html-template-checkbox.png]
[adminuiux.com/adminuiux/investment-mobile-uiux/component-switches.html]
[adminuiux.com/adminuiux/investment-mobile-uiux/assets/img/components/admin-ui-ux-bootstrap-html-template-switch.png]
[adminuiux.com/adminuiux/investment-mobile-uiux/component-sliders.html]
[adminuiux.com/adminuiux/investment-mobile-uiux/assets/img/components/admin-ui-ux-bootstrap-html-template-range.png]
[adminuiux.com/adminuiux/investment-mobile-uiux/component-inputs.html]
[adminuiux.com/adminuiux/investment-mobile-uiux/assets/img/components/admin-ui-ux-bootstrap-html-template-inputs.png]
[adminuiux.com/adminuiux/investment-mobile-uiux/component-selects.html]
[adminuiux.com/adminuiux/investment-mobile-uiux/assets/img/components/admin-ui-ux-bootstrap-html-template-select.png]
[adminuiux.com/adminuiux/investment-mobile-uiux/component-input-groups.html]
[adminuiux.com/adminuiux/investment-mobile-uiux/assets/img/components/admin-ui-ux-bootstrap-html-template-input-groups.png]
[adminuiux.com/adminuiux/investment-mobile-uiux/component-floating-label.html]
[adminuiux.com/adminuiux/investment-mobile-uiux/assets/img/components/admin-ui-ux-bootstrap-html-template-floating-label.png]
[adminuiux.com/adminuiux/investment-mobile-uiux/component-validation.html]
[adminuiux.com/adminuiux/investment-mobile-uiux/assets/img/components/admin-ui-ux-bootstrap-html-template-validation.png]
[adminuiux.com/adminuiux/investment-mobile-uiux/component-bootstrap-icons.html]
[adminuiux.com/adminuiux/investment-mobile-uiux/assets/img/components/admin-ui-ux-bootstrap-html-template-bootstrap-icons.png]
[adminuiux.com/adminuiux/investment-mobile-uiux/component-feather-icons.html]
[adminuiux.com/adminuiux/investment-mobile-uiux/assets/img/components/admin-ui-ux-bootstrap-html-template-feather-icons.png]
[adminuiux.com/adminuiux/investment-mobile-uiux/component-chartjs.html]
[adminuiux.com/adminuiux/investment-mobile-uiux/assets/img/components/admin-ui-ux-bootstrap-html-template-chartjs.png]
[adminuiux.com/adminuiux/investment-mobile-uiux/component-datatable.html]
[adminuiux.com/adminuiux/investment-mobile-uiux/assets/img/components/admin-ui-ux-bootstrap-html-template-datatable.png]
[adminuiux.com/adminuiux/investment-mobile-uiux/component-daterangepicker.html]
[adminuiux.com/adminuiux/investment-mobile-uiux/assets/img/components/admin-ui-ux-bootstrap-html-template-daterangepicker.png]
[adminuiux.com/adminuiux/investment-mobile-uiux/component-dragula.html]
[adminuiux.com/adminuiux/investment-mobile-uiux/assets/img/components/admin-ui-ux-bootstrap-html-template-dragula.png]
[adminuiux.com/adminuiux/investment-mobile-uiux/component-full-calendar.html]
[adminuiux.com/adminuiux/investment-mobile-uiux/assets/img/components/admin-ui-ux-bootstrap-html-template-full-calendar.png]
[adminuiux.com/adminuiux/investment-mobile-uiux/component-dropzone.html]
[adminuiux.com/adminuiux/investment-mobile-uiux/assets/img/components/admin-ui-ux-bootstrap-html-template-dropzone.png]
[adminuiux.com/adminuiux/investment-mobile-uiux/component-progressbar-js.html]
[adminuiux.com/adminuiux/investment-mobile-uiux/assets/img/components/admin-ui-ux-bootstrap-html-template-progressbarjs.png]
[adminuiux.com/adminuiux/investment-mobile-uiux/component-smartwizard.html]
[adminuiux.com/adminuiux/investment-mobile-uiux/assets/img/components/admin-ui-ux-bootstrap-html-template-smartwizard.png]
[adminuiux.com/adminuiux/investment-mobile-uiux/component-swiper-carousel.html]
[adminuiux.com/adminuiux/investment-mobile-uiux/assets/img/components/admin-ui-ux-bootstrap-html-template-swiper-carousel.png]
[adminuiux.com/adminuiux/investment-mobile-uiux/component-avatar.html]
[adminuiux.com/adminuiux/investment-mobile-uiux/assets/img/components/admin-ui-ux-bootstrap-html-template-avatar.png]
[adminuiux.com/adminuiux/investment-mobile-uiux/component-colors.html]
[adminuiux.com/adminuiux/investment-mobile-uiux/assets/img/components/admin-ui-ux-bootstrap-html-template-color.png]
[adminuiux.com/adminuiux/investment-mobile-uiux/component-heights-widths.html]
[adminuiux.com/adminuiux/investment-mobile-uiux/assets/img/components/admin-ui-ux-bootstrap-html-template-heights.png]
[adminuiux.com/adminuiux/investment-mobile-uiux/component-margin-padding.html]
[adminuiux.com/adminuiux/investment-mobile-uiux/assets/img/components/admin-ui-ux-bootstrap-html-template-margin.png]
[adminuiux.com/adminuiux/investment-mobile-uiux/components.html]
[adminuiux.com/adminuiux/investment-mobile-uiux/investment-search-mutual-funds.html]
[adminuiux.com/adminuiux/investment-mobile-uiux/assets/js/investment/investment-schedule.js]
[adminuiux.com/adminuiux/investment-mobile-uiux/investment-schedule.html]
[adminuiux.com/adminuiux/investment-mobile-uiux/investment-inbox.html]
[adminuiux.com/adminuiux/investment-mobile-uiux/investment-help-center.html]
[adminuiux.com/adminuiux/investment-mobile-uiux/investment-referral.html]
[adminuiux.com/adminuiux/investment-mobile-uiux/investment-investment-plans.html]
[adminuiux.com/adminuiux/investment-mobile-uiux/investment-subscriptions.html]
[adminuiux.com/adminuiux/investment-mobile-uiux/investment-settings-users.html]
[adminuiux.com/adminuiux/investment-mobile-uiux/investment-settings-timing.html]
[adminuiux.com/adminuiux/investment-mobile-uiux/investment-settings-payment.html]
[adminuiux.com/adminuiux/investment-mobile-uiux/investment-settings-contact.html]
[adminuiux.com/adminuiux/investment-mobile-uiux/investment-forgot-password.html]
[adminuiux.com/adminuiux/investment-mobile-uiux/investment-signup.html]
[adminuiux.com/adminuiux/investment-mobile-uiux/assets/img/investment/regular-saving.jpg]
[adminuiux.com/adminuiux/investment-mobile-uiux/assets/img/investment/tax-saving.jpg]
[adminuiux.com/adminuiux/investment-mobile-uiux/assets/img/investment/retirement-saving.jpg]
[adminuiux.com/adminuiux/investment-mobile-uiux/assets/img/investment/emergency-saving.jpg]
[adminuiux.com/adminuiux/investment-mobile-uiux/assets/js/investment/investment-add-goal.js]
[adminuiux.com/adminuiux/investment-mobile-uiux/investment-add-goal.html]
[adminuiux.com/adminuiux/investment-mobile-uiux/investment-loan-request.html]
[adminuiux.com/adminuiux/investment-mobile-uiux/investment-loan-details.html]
[adminuiux.com/adminuiux/investment-mobile-uiux/investment-loan-under-process-details.html]
[adminuiux.com/adminuiux/investment-mobile-uiux/investment-mutual-fund-detail.html]
[adminuiux.com/adminuiux/investment-mobile-uiux/investment-portfolio.html]
[adminuiux.com/adminuiux/investment-mobile-uiux/investment-transaction.html]
[adminuiux.com/adminuiux/investment-mobile-uiux/investment-share-details.html]
[adminuiux.com/adminuiux/investment-mobile-uiux/assets/img/investment/loan-success.png]
[adminuiux.com/adminuiux/investment-mobile-uiux/investment-loan-request-success.html]
[adminuiux.com/adminuiux/investment-mobile-uiux/assets/img/investment/banner.png]
[adminuiux.com/adminuiux/investment-mobile-uiux/investment-aboutus.html]
[adminuiux.com/adminuiux/investment-mobile-uiux/investment-add-blog.html]
[adminuiux.com/adminuiux/investment-mobile-uiux/investment-add-invoice.html]
[adminuiux.com/adminuiux/investment-mobile-uiux/assets/img/modern-ai-image/modern-bg-1.jpg]
[adminuiux.com/adminuiux/investment-mobile-uiux/investment-add-ticket.html]
[adminuiux.com/adminuiux/investment-mobile-uiux/investment-billing.html]
[adminuiux.com/adminuiux/investment-mobile-uiux/assets/img/modern-ai-image/bus-7.jpg]
[adminuiux.com/adminuiux/investment-mobile-uiux/assets/img/modern-ai-image/tree-18.jpg]
[adminuiux.com/adminuiux/investment-mobile-uiux/assets/img/modern-ai-image/tree-5.jpg]
[adminuiux.com/adminuiux/investment-mobile-uiux/investment-blog-details.html]
[adminuiux.com/adminuiux/investment-mobile-uiux/assets/img/modern-ai-image/user-6-kid.jpg]
[adminuiux.com/adminuiux/investment-mobile-uiux/assets/img/modern-ai-image/pet-3.jpg]
[adminuiux.com/adminuiux/investment-mobile-uiux/assets/img/modern-ai-image/bus-2.jpg]
[adminuiux.com/adminuiux/investment-mobile-uiux/assets/img/modern-ai-image/tree-20.jpg]
[adminuiux.com/adminuiux/investment-mobile-uiux/investment-blogs.html]
[adminuiux.com/adminuiux/investment-mobile-uiux/investment-change-password.html]
[adminuiux.com/adminuiux/investment-mobile-uiux/assets/img/modern-ai-image/bus-1.jpg]
[adminuiux.com/adminuiux/investment-mobile-uiux/assets/img/modern-ai-image/pet-1.jpg]
[adminuiux.com/adminuiux/investment-mobile-uiux/assets/img/modern-ai-image/lion-5.jpg]
[adminuiux.com/adminuiux/investment-mobile-uiux/assets/img/modern-ai-image/tree-2.jpg]
[adminuiux.com/adminuiux/investment-mobile-uiux/assets/img/investment/7348064-sd_540_960_25fps.mp4]
[adminuiux.com/adminuiux/investment-mobile-uiux/assets/img/investment/7579573-sd_506_960_25fps.mp4]
[adminuiux.com/adminuiux/investment-mobile-uiux/assets/img/investment/7413783-sd_540_960_24fps.mp4]
[adminuiux.com/adminuiux/investment-mobile-uiux/investment-chat-call.html]
[adminuiux.com/adminuiux/investment-mobile-uiux/investment-contactus.html]
[adminuiux.com/adminuiux/investment-mobile-uiux/assets/js/investment/investment-onboarding.js]
[adminuiux.com/adminuiux/investment-mobile-uiux/investment-onboarding.html]
[adminuiux.com/adminuiux/investment-mobile-uiux/investment-profile-kyc-start.html]
[adminuiux.com/adminuiux/investment-mobile-uiux/investment-profile-kyc.html]
[unpkg.com/dropzone@5.9.3/dist/min/dropzone.min.js]
[adminuiux.com/adminuiux/investment-mobile-uiux/assets/img/modern-ai-image/bus-3.jpg]
[adminuiux.com/adminuiux/investment-mobile-uiux/investment-search-result.html]
[adminuiux.com/adminuiux/investment-mobile-uiux/assets/img/investment/company.jpg]
[adminuiux.com/adminuiux/investment-mobile-uiux/investment-profile.html]
[adminuiux.com/adminuiux/investment-mobile-uiux/investment-signup-success.html]
[adminuiux.com/adminuiux/investment-mobile-uiux/investment-ticket-list.html]
[adminuiux.com/adminuiux/investment-mobile-uiux/investment-users.html]
[adminuiux.com/adminuiux/investment-mobile-uiux/page-not-found.html]
[adminuiux.com/adminuiux/investment-mobile-uiux/page-not-found-2.html]
[adminuiux.com/adminuiux/investment-mobile-uiux/assets/img/background-image/error.jpg]
[adminuiux.com/adminuiux/investment-mobile-uiux/page-not-found-3.html]
[adminuiux.com/adminuiux/investment-mobile-uiux/assets/img/background-image/under-construction.jpg]
[adminuiux.com/adminuiux/investment-mobile-uiux/under-construction.html]
[adminuiux.com/adminuiux/investment-mobile-uiux/coming-soon.html]
[adminuiux.com/adminuiux/investment-mobile-uiux/assets/js/app.js]
[adminuiux.com/adminuiux/investment-mobile-uiux/documentation.html]
[adminuiux.com/adminuiux/investment-mobile-uiux/component-buttons.html]
[adminuiux.com/adminuiux/investment-mobile-uiux/component-button-groups.html]
[adminuiux.com/adminuiux/investment-mobile-uiux/component-icon-buttons.html]
[adminuiux.com/adminuiux/investment-mobile-uiux/component-dropdowns.html]
[adminuiux.com/adminuiux/investment-mobile-uiux/component-pagination.html]
[adminuiux.com/adminuiux/investment-mobile-uiux/component-alerts.html]
[adminuiux.com/adminuiux/investment-mobile-uiux/component-badges.html]
[adminuiux.com/adminuiux/investment-mobile-uiux/component-popovers.html]
[adminuiux.com/adminuiux/investment-mobile-uiux/component-progress.html]
[adminuiux.com/adminuiux/investment-mobile-uiux/assets/js/component/component-toasts.js]
[adminuiux.com/adminuiux/investment-mobile-uiux/component-toasts.html]
[adminuiux.com/adminuiux/investment-mobile-uiux/component-tooltips.html]
[adminuiux.com/adminuiux/investment-mobile-uiux/component-spinners-loaders.html]
[adminuiux.com/adminuiux/investment-mobile-uiux/component-riskometer.html]
[adminuiux.com/adminuiux/investment-mobile-uiux/component-accordions.html]
[adminuiux.com/adminuiux/investment-mobile-uiux/component-cards.html]
[adminuiux.com/adminuiux/investment-mobile-uiux/component-collapse.html]
[adminuiux.com/adminuiux/investment-mobile-uiux/component-list-groups.html]
[adminuiux.com/adminuiux/investment-mobile-uiux/component-modal-dialogues.html]
[adminuiux.com/adminuiux/investment-mobile-uiux/component-off-canvas.html]
[adminuiux.com/adminuiux/investment-mobile-uiux/component-tables.html]
[adminuiux.com/adminuiux/investment-mobile-uiux/component-pricing.html]
[adminuiux.com/adminuiux/investment-mobile-uiux/component-header.html]
[adminuiux.com/adminuiux/investment-mobile-uiux/component-nav.html]
[adminuiux.com/adminuiux/investment-mobile-uiux/component-tabs.html]
[adminuiux.com/adminuiux/investment-mobile-uiux/component-breadcrumbs.html]
[adminuiux.com/adminuiux/investment-mobile-uiux/component-scrollspy.html]
[adminuiux.com/adminuiux/investment-mobile-uiux/component-sidebars.html]
[adminuiux.com/adminuiux/investment-mobile-uiux/component-radios.html]
[adminuiux.com/adminuiux/investment-mobile-uiux/component-checkboxes.html]
[adminuiux.com/adminuiux/investment-mobile-uiux/component-switches.html]
[adminuiux.com/adminuiux/investment-mobile-uiux/assets/js/component/component-rangeslider.js]
[adminuiux.com/adminuiux/investment-mobile-uiux/component-sliders.html]
[adminuiux.com/adminuiux/investment-mobile-uiux/assets/js/component/component-inputs.js]
[adminuiux.com/adminuiux/investment-mobile-uiux/component-inputs.html]
[adminuiux.com/adminuiux/investment-mobile-uiux/component-selects.html]
[adminuiux.com/adminuiux/investment-mobile-uiux/component-input-groups.html]
[adminuiux.com/adminuiux/investment-mobile-uiux/component-floating-label.html]
[adminuiux.com/adminuiux/investment-mobile-uiux/component-validation.html]
[adminuiux.com/adminuiux/investment-mobile-uiux/component-bootstrap-icons.html]
[adminuiux.com/adminuiux/investment-mobile-uiux/component-feather-icons.html]
[adminuiux.com/adminuiux/investment-mobile-uiux/assets/js/component/component-chartjs.js]
[adminuiux.com/adminuiux/investment-mobile-uiux/component-chartjs.html]
[adminuiux.com/adminuiux/investment-mobile-uiux/assets/js/component/component-dataTable.js]
[adminuiux.com/adminuiux/investment-mobile-uiux/component-datatable.html]
[adminuiux.com/adminuiux/investment-mobile-uiux/component-daterangepicker.html]
[adminuiux.com/adminuiux/investment-mobile-uiux/assets/js/component/component-dragula.js]
[adminuiux.com/adminuiux/investment-mobile-uiux/component-dragula.html]
[adminuiux.com/adminuiux/investment-mobile-uiux/assets/js/component/component-fullcalendar.js]
[adminuiux.com/adminuiux/investment-mobile-uiux/component-full-calendar.html]
[adminuiux.com/adminuiux/investment-mobile-uiux/component-dropzone.html]
[adminuiux.com/adminuiux/investment-mobile-uiux/assets/js/component/component-progressbarjs.js]
[adminuiux.com/adminuiux/investment-mobile-uiux/component-progressbar-js.html]
[adminuiux.com/adminuiux/investment-mobile-uiux/assets/js/component/component-smartwizard.js]
[adminuiux.com/adminuiux/investment-mobile-uiux/component-smartwizard.html]
[adminuiux.com/adminuiux/investment-mobile-uiux/component-swiper-carousel.html]
[adminuiux.com/adminuiux/investment-mobile-uiux/component-avatar.html]
[adminuiux.com/adminuiux/investment-mobile-uiux/component-colors.html]
[adminuiux.com/adminuiux/investment-mobile-uiux/component-heights-widths.html]
[adminuiux.com/adminuiux/investment-mobile-uiux/component-margin-padding.html]
[www.adminuiux.com/adminuiux/investment-mobile-uiux/_assets/img/modern-ai-image/flamingo-3.html]
[www.adminuiux.com/adminuiux/investment-mobile-uiux/_assets/img/modern-ai-image/user-6.html]
[www.adminuiux.com/adminuiux/investment-mobile-uiux/_assets/img/modern-ai-image/tree-3.html]
[adminuiux.com/adminuiux/investment-mobile-uiux/assets/css/app.css]
[www.adminuiux.com/adminuiux/investment-mobile-uiux/_assets/img/modern-ai-image/flamingo-2.html]
