[html.aqlova.com/acadia-prev/acadia/index.html]
[backblue.gif]
[fade.gif]
[index.html]
[html.aqlova.com/acadia-prev/acadia/assets/img/logo/favicon.png]
[html.aqlova.com/acadia-prev/acadia/assets/css/bootstrap.css]
[html.aqlova.com/acadia-prev/acadia/assets/css/animate.css]
[html.aqlova.com/acadia-prev/acadia/assets/css/slick.css]
[html.aqlova.com/acadia-prev/acadia/assets/css/swiper-bundle.css]
[html.aqlova.com/acadia-prev/acadia/assets/css/hover-reveal.css]
[html.aqlova.com/acadia-prev/acadia/assets/css/magnific-popup.css]
[html.aqlova.com/acadia-prev/acadia/assets/css/font-awesome-pro.css]
[html.aqlova.com/acadia-prev/acadia/assets/css/spacing.css]
[html.aqlova.com/acadia-prev/acadia/assets/css/main.css]
[html.aqlova.com/acadia-prev/acadia/assets/img/logo/preloader/preloader-icon.png]
[html.aqlova.com/acadia-prev/acadia/course-details-2.html]
[html.aqlova.com/acadia-prev/acadia/assets/img/course/search/search-1.jpg]
[html.aqlova.com/acadia-prev/acadia/assets/img/course/search/search-2.jpg]
[html.aqlova.com/acadia-prev/acadia/assets/img/course/search/search-3.jpg]
[html.aqlova.com/acadia-prev/acadia/assets/img/course/search/search-4.jpg]
[html.aqlova.com/acadia-prev/acadia/assets/img/icon/calling.svg]
[html.aqlova.com/acadia-prev/acadia/assets/img/flag/flag-1.png]
[html.aqlova.com/acadia-prev/acadia/assets/img/logo/logo.png]
[html.aqlova.com/acadia-prev/acadia/assets/img/logo/logo-black-1.png]
[html.aqlova.com/acadia-prev/acadia/index-2.html]
[html.aqlova.com/acadia-prev/acadia/assets/img/menu/home-2.jpg]
[html.aqlova.com/acadia-prev/acadia/index-11.html]
[html.aqlova.com/acadia-prev/acadia/assets/img/hero/home-11/menu/home-11.jpg]
[html.aqlova.com/acadia-prev/acadia/index-12.html]
[html.aqlova.com/acadia-prev/acadia/assets/img/hero/home-11/menu/home-12.jpg]
[html.aqlova.com/acadia-prev/acadia/index-13.html]
[html.aqlova.com/acadia-prev/acadia/assets/img/hero/home-11/menu/home-13.jpg]
[html.aqlova.com/acadia-prev/acadia/index-8.html]
[html.aqlova.com/acadia-prev/acadia/assets/img/new-img/menu/yoga.jpg]
[html.aqlova.com/acadia-prev/acadia/index-10.html]
[html.aqlova.com/acadia-prev/acadia/assets/img/new-img/menu/quran.jpg]
[html.aqlova.com/acadia-prev/acadia/index-9.html]
[html.aqlova.com/acadia-prev/acadia/assets/img/new-img/menu/chef.jpg]
[html.aqlova.com/acadia-prev/acadia/index-6.html]
[html.aqlova.com/acadia-prev/acadia/assets/img/menu/home-6.jpg]
[html.aqlova.com/acadia-prev/acadia/index-7.html]
[html.aqlova.com/acadia-prev/acadia/assets/img/menu/home-7.jpg]
[html.aqlova.com/acadia-prev/acadia/assets/img/menu/home-1.jpg]
[html.aqlova.com/acadia-prev/acadia/index-3.html]
[html.aqlova.com/acadia-prev/acadia/assets/img/menu/home-3.jpg]
[html.aqlova.com/acadia-prev/acadia/index-5.html]
[html.aqlova.com/acadia-prev/acadia/assets/img/menu/home-4.jpg]
[html.aqlova.com/acadia-prev/acadia/index-4.html]
[html.aqlova.com/acadia-prev/acadia/assets/img/menu/home-5.jpg]
[html.aqlova.com/acadia-prev/acadia/shop.html]
[html.aqlova.com/acadia-prev/acadia/assets/img/menu/shop.jpg]
[html.aqlova.com/acadia-prev/acadia/about.html]
[html.aqlova.com/acadia-prev/acadia/university-admission-overview.html]
[html.aqlova.com/acadia-prev/acadia/university-program.html]
[html.aqlova.com/acadia-prev/acadia/course-with-filter.html]
[html.aqlova.com/acadia-prev/acadia/university-leadership.html]
[html.aqlova.com/acadia-prev/acadia/assets/img/cta/menu-cta-shape.png]
[html.aqlova.com/acadia-prev/acadia/university-application-form.html]
[html.aqlova.com/acadia-prev/acadia/university-apply.html]
[html.aqlova.com/acadia-prev/acadia/university-tuition-fees.html]
[html.aqlova.com/acadia-prev/acadia/university-financial.html]
[html.aqlova.com/acadia-prev/acadia/university-deadlines.html]
[html.aqlova.com/acadia-prev/acadia/university-schedule.html]
[html.aqlova.com/acadia-prev/acadia/university-about.html]
[html.aqlova.com/acadia-prev/acadia/index.html]
[html.aqlova.com/acadia-prev/acadia/assets/css/bootstrap.css]
[html.aqlova.com/acadia-prev/acadia/assets/css/animate.css]
[html.aqlova.com/acadia-prev/acadia/assets/css/slick.css]
[html.aqlova.com/acadia-prev/acadia/assets/css/swiper-bundle.css]
[html.aqlova.com/acadia-prev/acadia/assets/css/hover-reveal.css]
[html.aqlova.com/acadia-prev/acadia/assets/css/magnific-popup.css]
[html.aqlova.com/acadia-prev/acadia/assets/fonts/fa-duotone-900.woff2]
[html.aqlova.com/acadia-prev/acadia/assets/fonts/fa-duotone-900.ttf]
[html.aqlova.com/acadia-prev/acadia/assets/css/font-awesome-pro.css]
[html.aqlova.com/acadia-prev/acadia/assets/css/spacing.css]
[html.aqlova.com/acadia-prev/acadia/assets/css/images/ui-icons_444444_256x240.png]
[html.aqlova.com/acadia-prev/acadia/assets/css/images/ui-icons_555555_256x240.png]
[html.aqlova.com/acadia-prev/acadia/assets/css/images/ui-icons_ffffff_256x240.png]
[html.aqlova.com/acadia-prev/acadia/assets/css/images/ui-icons_777620_256x240.png]
[html.aqlova.com/acadia-prev/acadia/assets/css/images/ui-icons_cc0000_256x240.png]
[html.aqlova.com/acadia-prev/acadia/assets/css/images/ui-icons_777777_256x240.png]
[html.aqlova.com/acadia-prev/acadia/assets/css/main.css]
[html.aqlova.com/acadia-prev/acadia/assets/img/shop/empty-cart.png]
[html.aqlova.com/acadia-prev/acadia/assets/img/event/user.jpg]
[html.aqlova.com/acadia-prev/acadia/course-details-2.html]
[html.aqlova.com/acadia-prev/acadia/assets/img/icon/calling.svg]
[html.aqlova.com/acadia-prev/acadia/index-2.html]
[html.aqlova.com/acadia-prev/acadia/assets/img/new-img/brands/quran/logo-5.png]
[html.aqlova.com/acadia-prev/acadia/assets/img/new-img/brands/quran/logo-6.png]
[html.aqlova.com/acadia-prev/acadia/assets/img/new-img/brands/quran/logo-7.png]
[html.aqlova.com/acadia-prev/acadia/assets/img/testimonial/home-6/user-2.png]
[html.aqlova.com/acadia-prev/acadia/assets/js/parallax.js]
[html.aqlova.com/acadia-prev/acadia/index-11.html]
[html.aqlova.com/acadia-prev/acadia/assets/js/parallax-scrool.js]
[html.aqlova.com/acadia-prev/acadia/index-12.html]
[html.aqlova.com/acadia-prev/acadia/index-13.html]
[html.aqlova.com/acadia-prev/acadia/index-8.html]
[html.aqlova.com/acadia-prev/acadia/index-10.html]
[html.aqlova.com/acadia-prev/acadia/index-9.html]
[html.aqlova.com/acadia-prev/acadia/index-6.html]
[html.aqlova.com/acadia-prev/acadia/index-7.html]
[html.aqlova.com/acadia-prev/acadia/index-3.html]
[html.aqlova.com/acadia-prev/acadia/index-5.html]
[html.aqlova.com/acadia-prev/acadia/index-4.html]
[html.aqlova.com/acadia-prev/acadia/shop.html]
[html.aqlova.com/acadia-prev/acadia/about.html]
[html.aqlova.com/acadia-prev/acadia/university-admission-overview.html]
[html.aqlova.com/acadia-prev/acadia/apply.html]
[html.aqlova.com/acadia-prev/acadia/university-program.html]
[html.aqlova.com/acadia-prev/acadia/course-with-filter.html]
[html.aqlova.com/acadia-prev/acadia/university-leadership.html]
[html.aqlova.com/acadia-prev/acadia/university-application-form.html]
[html.aqlova.com/acadia-prev/acadia/university-apply.html]
[html.aqlova.com/acadia-prev/acadia/university-tuition-fees.html]
[html.aqlova.com/acadia-prev/acadia/university-financial.html]
[html.aqlova.com/acadia-prev/acadia/university-deadlines.html]
[html.aqlova.com/acadia-prev/acadia/university-schedule.html]
[html.aqlova.com/acadia-prev/acadia/university-about.html]
[html.aqlova.com/acadia-prev/acadia/university-campus.html]
[html.aqlova.com/acadia-prev/acadia/university-mission.html]
[html.aqlova.com/acadia-prev/acadia/university-history.html]
[html.aqlova.com/acadia-prev/acadia/event.html]
[html.aqlova.com/acadia-prev/acadia/event-details.html]
[html.aqlova.com/acadia-prev/acadia/instructor.html]
[html.aqlova.com/acadia-prev/acadia/my-profile.html]
[html.aqlova.com/acadia-prev/acadia/become-instructor.html]
[html.aqlova.com/acadia-prev/acadia/up-coming.html]
[html.aqlova.com/acadia-prev/acadia/contact.html]
[html.aqlova.com/acadia-prev/acadia/membership-plans.html]
[html.aqlova.com/acadia-prev/acadia/faq.html]
[html.aqlova.com/acadia-prev/acadia/privacy-policy.html]
[html.aqlova.com/acadia-prev/acadia/error.html]
[html.aqlova.com/acadia-prev/acadia/shop-grid.html]
[html.aqlova.com/acadia-prev/acadia/shop-details.html]
[html.aqlova.com/acadia-prev/acadia/cart.html]
[html.aqlova.com/acadia-prev/acadia/wishlist.html]
[html.aqlova.com/acadia-prev/acadia/my-account.html]
[html.aqlova.com/acadia-prev/acadia/login.html]
[html.aqlova.com/acadia-prev/acadia/assets/img/shape/menu-shape-1.html]
[html.aqlova.com/acadia-prev/acadia/assets/img/shape/menu-shape-2.html]
[html.aqlova.com/acadia-prev/acadia/blog-stories.html]
[html.aqlova.com/acadia-prev/acadia/blog-stories-sidebar.html]
[html.aqlova.com/acadia-prev/acadia/blog-list.html]
[html.aqlova.com/acadia-prev/acadia/blog-standard.html]
[html.aqlova.com/acadia-prev/acadia/blog-details.html]
[html.aqlova.com/acadia-prev/acadia/blog-full-width.html]
[html.aqlova.com/acadia-prev/acadia/assets/img/logo/logo-black.html]
[html.aqlova.com/acadia-prev/acadia/assets/img/menu/offcanvas/offcanvas-1.html]
[html.aqlova.com/acadia-prev/acadia/assets/img/menu/offcanvas/offcanvas-2.html]
[html.aqlova.com/acadia-prev/acadia/assets/img/menu/offcanvas/offcanvas-3.html]
[html.aqlova.com/acadia-prev/acadia/assets/img/menu/offcanvas/offcanvas-4.html]
[html.aqlova.com/acadia-prev/acadia/assets/img/hero/hero-bg-1.html]
[html.aqlova.com/acadia-prev/acadia/assets/img/hero/hero-bg-2.html]
[html.aqlova.com/acadia-prev/acadia/assets/img/hero/hero-bg-3.html]
[html.aqlova.com/acadia-prev/acadia/assets/img/bg/services-bg.html]
[html.aqlova.com/acadia-prev/acadia/assets/img/icon/service/service-icon-1.html]
[html.aqlova.com/acadia-prev/acadia/assets/img/icon/service/service-icon-2.html]
[html.aqlova.com/acadia-prev/acadia/university-requirements.html]
[html.aqlova.com/acadia-prev/acadia/assets/img/icon/service/service-icon-3.html]
[html.aqlova.com/acadia-prev/acadia/assets/img/icon/service/service-icon-4.html]
[html.aqlova.com/acadia-prev/acadia/assets/img/shape/service/services-shape-1.html]
[html.aqlova.com/acadia-prev/acadia/assets/img/about/about-thumb-1.html]
[html.aqlova.com/acadia-prev/acadia/assets/img/about/about-thumb-2.html]
[html.aqlova.com/acadia-prev/acadia/assets/img/about/about-shape-1.html]
[html.aqlova.com/acadia-prev/acadia/assets/img/about/about-shape-2.html]
[html.aqlova.com/acadia-prev/acadia/assets/img/icon/about/about-icon-1.html]
[html.aqlova.com/acadia-prev/acadia/assets/img/icon/about/about-icon-2.html]
[html.aqlova.com/acadia-prev/acadia/assets/img/bg/counter-bg.html]
[html.aqlova.com/acadia-prev/acadia/assets/img/unlerline/program-1-svg-1.html]
[html.aqlova.com/acadia-prev/acadia/assets/img/program/program-thumb-1.html]
[html.aqlova.com/acadia-prev/acadia/assets/img/icon/program-tag-1.html]
[html.aqlova.com/acadia-prev/acadia/assets/img/program/program-thumb-2.html]
[html.aqlova.com/acadia-prev/acadia/assets/img/program/program-thumb-3.html]
[html.aqlova.com/acadia-prev/acadia/assets/img/unlerline/event-1-svg-1.html]
[html.aqlova.com/acadia-prev/acadia/assets/img/bg/testimonial-bg-2.html]
[html.aqlova.com/acadia-prev/acadia/assets/img/testimonial/testimonial-shape-1.html]
[html.aqlova.com/acadia-prev/acadia/assets/img/testimonial/testimonial-shape-2.html]
[html.aqlova.com/acadia-prev/acadia/assets/img/testimonial/testimonial-shape-3.html]
[html.aqlova.com/acadia-prev/acadia/assets/img/testimonial/testimonial-avatar-1.html]
[html.aqlova.com/acadia-prev/acadia/assets/img/testimonial/test-2-avatar-4.html]
[html.aqlova.com/acadia-prev/acadia/assets/img/blog/blog-thumb-1.html]
[html.aqlova.com/acadia-prev/acadia/assets/img/blog/blog-thumb-2.html]
[html.aqlova.com/acadia-prev/acadia/assets/img/instagram/instagram-thumb-1.html]
[html.aqlova.com/acadia-prev/acadia/assets/img/instagram/instagram-shape.html]
[html.aqlova.com/acadia-prev/acadia/assets/img/instagram/instagram-thumb-2.html]
[html.aqlova.com/acadia-prev/acadia/assets/img/instagram/instagram-thumb-3.html]
[html.aqlova.com/acadia-prev/acadia/assets/img/instagram/instagram-thumb-4.html]
[html.aqlova.com/acadia-prev/acadia/assets/img/instagram/instagram-thumb-5.html]
[html.aqlova.com/acadia-prev/acadia/assets/img/cta/cta-bg-1.html]
[html.aqlova.com/acadia-prev/acadia/assets/img/cta/cta-logo-1.html]
[html.aqlova.com/acadia-prev/acadia/assets/img/cta/cta-shape-1.html]
[html.aqlova.com/acadia-prev/acadia/assets/img/logo/logo-red.html]
[html.aqlova.com/acadia-prev/acadia/assets/js/vendor/jquery.html]
[html.aqlova.com/acadia-prev/acadia/assets/js/vendor/waypoints.html]
[html.aqlova.com/acadia-prev/acadia/assets/js/bootstrap-bundle.html]
[html.aqlova.com/acadia-prev/acadia/assets/js/swiper-bundle.html]
[html.aqlova.com/acadia-prev/acadia/assets/js/slick.html]
[html.aqlova.com/acadia-prev/acadia/assets/js/magnific-popup.html]
[html.aqlova.com/acadia-prev/acadia/assets/js/nice-select.html]
[html.aqlova.com/acadia-prev/acadia/assets/js/purecounter.html]
[html.aqlova.com/acadia-prev/acadia/assets/js/wow.html]
[html.aqlova.com/acadia-prev/acadia/assets/js/isotope-pkgd.html]
[html.aqlova.com/acadia-prev/acadia/assets/js/hover-reveal.html]
[html.aqlova.com/acadia-prev/acadia/assets/js/tween-max.html]
[html.aqlova.com/acadia-prev/acadia/assets/js/imagesloaded-pkgd.html]
[html.aqlova.com/acadia-prev/acadia/assets/js/flatpickr.html]
[html.aqlova.com/acadia-prev/acadia/assets/js/ajax-form.html]
[html.aqlova.com/acadia-prev/acadia/assets/js/main.html]
[html.aqlova.com/acadia-prev/acadia/assets/fonts/fa-brands-400.html]
[html.aqlova.com/acadia-prev/acadia/assets/fonts/fa-brands-401.html]
[html.aqlova.com/acadia-prev/acadia/assets/fonts/fa-duotone-900.html]
[html.aqlova.com/acadia-prev/acadia/assets/fonts/fa-duotone-901.html]
[html.aqlova.com/acadia-prev/acadia/assets/fonts/fa-light-300.html]
[html.aqlova.com/acadia-prev/acadia/assets/fonts/fa-light-301.html]
[html.aqlova.com/acadia-prev/acadia/assets/fonts/fa-regular-400.html]
[html.aqlova.com/acadia-prev/acadia/assets/fonts/fa-regular-401.html]
[html.aqlova.com/acadia-prev/acadia/assets/fonts/fa-solid-900.html]
[html.aqlova.com/acadia-prev/acadia/assets/fonts/fa-solid-901.html]
[html.aqlova.com/acadia-prev/acadia/assets/fonts/fa-thin-100.html]
[html.aqlova.com/acadia-prev/acadia/assets/fonts/fa-thin-101.html]
[html.aqlova.com/acadia-prev/acadia/assets/fonts/fa-v4compatibility.html]
[html.aqlova.com/acadia-prev/acadia/assets/fonts/fa-v4compatibility-2.html]
[html.aqlova.com/acadia-prev/acadia/assets/fonts/Tropiline-Bold.html]
[html.aqlova.com/acadia-prev/acadia/assets/fonts/Tropiline-Bold-2.html]
[html.aqlova.com/acadia-prev/acadia/assets/fonts/Tropiline-Regular.html]
[html.aqlova.com/acadia-prev/acadia/assets/fonts/Tropiline-Regular-2.html]
[html.aqlova.com/acadia-prev/acadia/assets/fonts/Tropiline-ExtraBold.html]
[html.aqlova.com/acadia-prev/acadia/assets/fonts/Tropiline-ExtraBold-2.html]
[html.aqlova.com/acadia-prev/acadia/assets/img/icon/cross-out.html]
[html.aqlova.com/acadia-prev/acadia/assets/css/images/ui-icons_444444_256x240.html]
[html.aqlova.com/acadia-prev/acadia/assets/css/images/ui-icons_555555_256x240.html]
[html.aqlova.com/acadia-prev/acadia/assets/css/images/ui-icons_ffffff_256x240.html]
[html.aqlova.com/acadia-prev/acadia/assets/css/images/ui-icons_777620_256x240.html]
[html.aqlova.com/acadia-prev/acadia/assets/css/images/ui-icons_cc0000_256x240.html]
[html.aqlova.com/acadia-prev/acadia/assets/css/images/ui-icons_777777_256x240.html]
[html.aqlova.com/acadia-prev/acadia/assets/img/about/about/about-thumb-1.html]
[html.aqlova.com/acadia-prev/acadia/assets/img/live/check.html]
[html.aqlova.com/acadia-prev/acadia/assets/img/course/tution/arrow-dwon.html]
[html.aqlova.com/acadia-prev/acadia/assets/img/live/upcoming-bg.html]
[html.aqlova.com/acadia-prev/acadia/assets/img/our-mission/mission-item-1-mask.html]
[html.aqlova.com/acadia-prev/acadia/assets/img/our-mission/mission-item-2-mask.html]
[html.aqlova.com/acadia-prev/acadia/assets/img/our-mission/mission-item-3-mask.html]
[html.aqlova.com/acadia-prev/acadia/assets/img/history/ankor.html]
[html.aqlova.com/acadia-prev/acadia/assets/img/live/halp-check.html]
[html.aqlova.com/acadia-prev/acadia/assets/img/shop/check.html]
[html.aqlova.com/acadia-prev/acadia/assets/img/shop/product/shop-product-1.html]
[html.aqlova.com/acadia-prev/acadia/checkout.html]
[html.aqlova.com/acadia-prev/acadia/course-with-sidebar.html]
[html.aqlova.com/acadia-prev/acadia/assets/img/menu/menu-shape-2.html]
[html.aqlova.com/acadia-prev/acadia/assets/img/menu/menu-shape.html]
[html.aqlova.com/acadia-prev/acadia/university-request-info.html]
[html.aqlova.com/acadia-prev/acadia/course-categories.html]
[html.aqlova.com/acadia-prev/acadia/course-open-filter.html]
[html.aqlova.com/acadia-prev/acadia/course-with-tab.html]
[html.aqlova.com/acadia-prev/acadia/course-with-tab-list.html]
[html.aqlova.com/acadia-prev/acadia/course-column-2.html]
[html.aqlova.com/acadia-prev/acadia/course-details-3.html]
[html.aqlova.com/acadia-prev/acadia/instructor-about-learning.html]
[html.aqlova.com/acadia-prev/acadia/instructor-create-new-course.html]
[html.aqlova.com/acadia-prev/acadia/assets/img/menu/menu-shape-3.html]
[html.aqlova.com/acadia-prev/acadia/instructor-dashboard.html]
[html.aqlova.com/acadia-prev/acadia/instructor-profile.html]
[html.aqlova.com/acadia-prev/acadia/instructor-enroll-course.html]
[html.aqlova.com/acadia-prev/acadia/instructor-wishlist.html]
[html.aqlova.com/acadia-prev/acadia/instructor-reviews.html]
[html.aqlova.com/acadia-prev/acadia/instructor-quiz-attempts.html]
[html.aqlova.com/acadia-prev/acadia/instructor-order.html]
[html.aqlova.com/acadia-prev/acadia/instructor-my-course.html]
[html.aqlova.com/acadia-prev/acadia/instructor-announcements.html]
[html.aqlova.com/acadia-prev/acadia/instructor-quiz.html]
[html.aqlova.com/acadia-prev/acadia/instructor-assignment.html]
[html.aqlova.com/acadia-prev/acadia/instructor-setting-profile.html]
[html.aqlova.com/acadia-prev/acadia/student-dashboard.html]
[html.aqlova.com/acadia-prev/acadia/student-profile.html]
[html.aqlova.com/acadia-prev/acadia/student-enroll-course.html]
[html.aqlova.com/acadia-prev/acadia/student-wishlist.html]
[html.aqlova.com/acadia-prev/acadia/student-reviews.html]
[html.aqlova.com/acadia-prev/acadia/student-my-quiz.html]
[html.aqlova.com/acadia-prev/acadia/student-setting-profile.html]
[html.aqlova.com/acadia-prev/acadia/instructor-q&a.html]
[html.aqlova.com/acadia-prev/acadia/assets/img/breadcrumb/breadcrumb-bg-2.html]
[html.aqlova.com/acadia-prev/acadia/assets/img/course/course-5-teacher-1.html]
[html.aqlova.com/acadia-prev/acadia/assets/img/course/details/user.html]
[html.aqlova.com/acadia-prev/acadia/assets/img/course/details/user-2.html]
[html.aqlova.com/acadia-prev/acadia/assets/img/course/details/user-3.html]
[html.aqlova.com/acadia-prev/acadia/assets/img/course/details/course.html]
[html.aqlova.com/acadia-prev/acadia/assets/img/teacher/teacher-5.html]
[html.aqlova.com/acadia-prev/acadia/assets/img/course/course-thumb-5.html]
[html.aqlova.com/acadia-prev/acadia/assets/img/teacher/teacher-4.html]
[html.aqlova.com/acadia-prev/acadia/assets/img/course/course-thumb-4.html]
[html.aqlova.com/acadia-prev/acadia/assets/img/teacher/teacher-6.html]
[html.aqlova.com/acadia-prev/acadia/assets/img/course/course-thumb-6.html]
[html.aqlova.com/acadia-prev/acadia/assets/img/logo/logo-black-2.html]
[html.aqlova.com/acadia-prev/acadia/assets/js/range-slider.html]
[html.aqlova.com/acadia-prev/acadia/assets/js/select2.min.html]
[html.aqlova.com/acadia-prev/acadia/assets/js/countdown.html]
[html.aqlova.com/acadia-prev/acadia/assets/js/jquery-one-page-nav.html]
[html.aqlova.com/acadia-prev/acadia/assets/img/unlerline/hero-2-svg-1.html]
[html.aqlova.com/acadia-prev/acadia/assets/img/course/course-thumb-1.html]
[html.aqlova.com/acadia-prev/acadia/assets/img/hero/hero-2-thumb-1.html]
[html.aqlova.com/acadia-prev/acadia/assets/img/hero/hero-2-shape-2.html]
[html.aqlova.com/acadia-prev/acadia/assets/img/hero/hero-2-shape-3.html]
[html.aqlova.com/acadia-prev/acadia/assets/img/hero/hero-2-shape-4.html]
[html.aqlova.com/acadia-prev/acadia/assets/img/shape/bottom-line/line-2-category.html]
[html.aqlova.com/acadia-prev/acadia/assets/img/icon/category/cat-2-icon-1.html]
[html.aqlova.com/acadia-prev/acadia/assets/img/icon/category/cat-2-icon-2.html]
[html.aqlova.com/acadia-prev/acadia/assets/img/icon/category/cat-2-icon-3.html]
[html.aqlova.com/acadia-prev/acadia/assets/img/icon/category/cat-2-icon-4.html]
[html.aqlova.com/acadia-prev/acadia/assets/img/icon/category/cat-2-icon-5.html]
[html.aqlova.com/acadia-prev/acadia/assets/img/icon/category/cat-2-icon-6.html]
[html.aqlova.com/acadia-prev/acadia/assets/img/icon/category/cat-2-icon-7.html]
[html.aqlova.com/acadia-prev/acadia/assets/img/icon/category/cat-2-icon-8.html]
[html.aqlova.com/acadia-prev/acadia/assets/img/bg/category-bg.html]
[html.aqlova.com/acadia-prev/acadia/assets/img/shape/category-2-shape-1.html]
[html.aqlova.com/acadia-prev/acadia/assets/img/bg/funfact-2-bg-1.html]
[html.aqlova.com/acadia-prev/acadia/assets/img/icon/funfact/funfact-2-icon-1.html]
[html.aqlova.com/acadia-prev/acadia/assets/img/icon/funfact/funfact-2-icon-2.html]
[html.aqlova.com/acadia-prev/acadia/assets/img/icon/funfact/funfact-2-icon-3.html]
[html.aqlova.com/acadia-prev/acadia/assets/img/icon/funfact/funfact-2-icon-4.html]
[html.aqlova.com/acadia-prev/acadia/assets/img/unlerline/course-2-svg-1.html]
[html.aqlova.com/acadia-prev/acadia/assets/img/course/course-2-shape-1.html]
[html.aqlova.com/acadia-prev/acadia/assets/img/teacher/teacher-1.html]
[html.aqlova.com/acadia-prev/acadia/assets/img/teacher/teacher-2.html]
[html.aqlova.com/acadia-prev/acadia/assets/img/teacher/teacher-3.html]
[html.aqlova.com/acadia-prev/acadia/assets/img/course/course-thumb-2.html]
[html.aqlova.com/acadia-prev/acadia/assets/img/course/course-thumb-3.html]
[html.aqlova.com/acadia-prev/acadia/assets/img/unlerline/live-2-svg-1.html]
[html.aqlova.com/acadia-prev/acadia/assets/img/live/live-thumb-1.html]
[html.aqlova.com/acadia-prev/acadia/assets/img/teacher/live-2-video.html]
[html.aqlova.com/acadia-prev/acadia/assets/img/teacher/live-2-teacher-1.html]
[html.aqlova.com/acadia-prev/acadia/assets/img/teacher/live-2-teacher-2.html]
[html.aqlova.com/acadia-prev/acadia/assets/img/unlerline/testimonial-2-svg-1.html]
[html.aqlova.com/acadia-prev/acadia/assets/img/testimonial/test-2-avatar-3.html]
[html.aqlova.com/acadia-prev/acadia/assets/img/testimonial/test-2-avatar-1.html]
[html.aqlova.com/acadia-prev/acadia/assets/img/testimonial/test-2-avatar-2.html]
[html.aqlova.com/acadia-prev/acadia/assets/img/testimonial/test-2-avatar-5.html]
[html.aqlova.com/acadia-prev/acadia/assets/img/testimonial/testimonial-shape-4.html]
[html.aqlova.com/acadia-prev/acadia/assets/img/unlerline/team-2-svg-1.html]
[html.aqlova.com/acadia-prev/acadia/assets/img/team/team-2-thumb-1.html]
[html.aqlova.com/acadia-prev/acadia/assets/img/team/team-2-thumb-2.html]
[html.aqlova.com/acadia-prev/acadia/assets/img/team/team-2-thumb-3.html]
[html.aqlova.com/acadia-prev/acadia/assets/img/team/team-2-thumb-4.html]
[html.aqlova.com/acadia-prev/acadia/assets/img/unlerline/brand-2-svg-1.html]
[html.aqlova.com/acadia-prev/acadia/assets/img/brand/brand-2-logo-1.html]
[html.aqlova.com/acadia-prev/acadia/assets/img/brand/brand-2-logo-2.html]
[html.aqlova.com/acadia-prev/acadia/assets/img/brand/brand-2-logo-3.html]
[html.aqlova.com/acadia-prev/acadia/assets/img/brand/brand-2-logo-4.html]
[html.aqlova.com/acadia-prev/acadia/assets/img/brand/brand-2-logo-5.html]
[html.aqlova.com/acadia-prev/acadia/assets/img/brand/brand-2-logo-6.html]
[html.aqlova.com/acadia-prev/acadia/assets/img/brand/brand-2-logo-7.html]
[html.aqlova.com/acadia-prev/acadia/assets/img/brand/brand-2-logo-8.html]
[html.aqlova.com/acadia-prev/acadia/assets/img/brand/brand-2-logo-9.html]
[html.aqlova.com/acadia-prev/acadia/assets/img/unlerline/banner-2-svg-1.html]
[html.aqlova.com/acadia-prev/acadia/assets/img/banner/banner-2-thumb-1.html]
[html.aqlova.com/acadia-prev/acadia/assets/img/unlerline/banner-2-svg-2.html]
[html.aqlova.com/acadia-prev/acadia/assets/img/banner/banner-2-thumb-2.html]
[html.aqlova.com/acadia-prev/acadia/assets/img/unlerline/cta-2-svg-1.html]
[html.aqlova.com/acadia-prev/acadia/assets/img/footer/google-play.html]
[html.aqlova.com/acadia-prev/acadia/assets/img/footer/apple-store.html]
[html.aqlova.com/acadia-prev/acadia/assets/img/hero/home-11/hero-11-bg.html]
[html.aqlova.com/acadia-prev/acadia/assets/img/hero/home-11/shape-1.html]
[html.aqlova.com/acadia-prev/acadia/assets/img/hero/home-11/shape-2.html]
[html.aqlova.com/acadia-prev/acadia/assets/img/hero/home-11/shape-3.html]
[html.aqlova.com/acadia-prev/acadia/assets/img/hero/home-11/world-shape.html]
[html.aqlova.com/acadia-prev/acadia/assets/img/hero/home-11/flag/flag-1.html]
[html.aqlova.com/acadia-prev/acadia/assets/img/hero/home-11/flag/flag-2.html]
[html.aqlova.com/acadia-prev/acadia/assets/img/hero/home-11/flag/flag-3.html]
[html.aqlova.com/acadia-prev/acadia/assets/img/hero/home-11/flag/flag-4.html]
[html.aqlova.com/acadia-prev/acadia/assets/img/hero/home-11/flag/flag-5.html]
[html.aqlova.com/acadia-prev/acadia/assets/img/hero/home-11/flag/flag-6.html]
[html.aqlova.com/acadia-prev/acadia/assets/img/hero/home-11/flag/flag-7.html]
[html.aqlova.com/acadia-prev/acadia/assets/img/hero/home-11/flag/flag-8.html]
[html.aqlova.com/acadia-prev/acadia/assets/img/hero/home-11/flag/flag-9.html]
[html.aqlova.com/acadia-prev/acadia/assets/img/hero/home-11/world.html]
[html.aqlova.com/acadia-prev/acadia/assets/img/hero/home-11/about/about-shape-3.html]
[html.aqlova.com/acadia-prev/acadia/assets/img/hero/home-11/about/about-thumb-1.html]
[html.aqlova.com/acadia-prev/acadia/assets/img/hero/home-11/about/about-thumb-2.html]
[html.aqlova.com/acadia-prev/acadia/assets/img/hero/home-11/about/about-thumb-3.html]
[html.aqlova.com/acadia-prev/acadia/assets/img/hero/home-11/course/course-bg.html]
[html.aqlova.com/acadia-prev/acadia/assets/img/hero/home-11/course/course-thumb-1.html]
[html.aqlova.com/acadia-prev/acadia/assets/img/hero/home-11/course/course-thumb-5.html]
[html.aqlova.com/acadia-prev/acadia/assets/img/hero/home-11/course/course-thumb-2.html]
[html.aqlova.com/acadia-prev/acadia/assets/img/hero/home-11/course/course-thumb-4.html]
[html.aqlova.com/acadia-prev/acadia/assets/img/hero/home-11/course/course-thumb-3.html]
[html.aqlova.com/acadia-prev/acadia/assets/img/hero/home-11/course/course-thumb-6.html]
[html.aqlova.com/acadia-prev/acadia/assets/img/hero/home-11/shape-5.html]
[html.aqlova.com/acadia-prev/acadia/assets/img/leadership/leadership-thumb-1.html]
[html.aqlova.com/acadia-prev/acadia/assets/img/leadership/leadership-thumb-2.html]
[html.aqlova.com/acadia-prev/acadia/assets/img/leadership/leadership-thumb-3.html]
[html.aqlova.com/acadia-prev/acadia/assets/img/leadership/leadership-thumb-4.html]
[html.aqlova.com/acadia-prev/acadia/assets/img/new-img/brands/quran/logo.html]
[html.aqlova.com/acadia-prev/acadia/assets/img/new-img/brands/quran/logo-2.html]
[html.aqlova.com/acadia-prev/acadia/assets/img/new-img/brands/quran/logo-3.html]
[html.aqlova.com/acadia-prev/acadia/assets/img/new-img/brands/quran/logo-4.html]
[html.aqlova.com/acadia-prev/acadia/assets/img/testimonial/home-6/queto.html]
[html.aqlova.com/acadia-prev/acadia/assets/img/testimonial/home-6/user-1.html]
[html.aqlova.com/acadia-prev/acadia/assets/img/testimonial/home-6/user-3.html]
[html.aqlova.com/acadia-prev/acadia/assets/img/testimonial/home-6/user-4.html]
[html.aqlova.com/acadia-prev/acadia/assets/img/hero/home-11/shape-4.html]
[html.aqlova.com/acadia-prev/acadia/assets/img/blog/blog-stories/blog-stories-thumb-1.html]
[html.aqlova.com/acadia-prev/acadia/assets/img/blog/blog-stories/blog-stories-user-1.html]
[html.aqlova.com/acadia-prev/acadia/assets/img/blog/blog-stories/blog-stories-thumb-2.html]
[html.aqlova.com/acadia-prev/acadia/assets/img/blog/blog-stories/blog-stories-user-2.html]
[html.aqlova.com/acadia-prev/acadia/assets/img/blog/blog-stories/blog-stories-thumb-3.html]
[html.aqlova.com/acadia-prev/acadia/assets/img/blog/blog-stories/blog-stories-user-3.html]
[html.aqlova.com/acadia-prev/acadia/assets/img/hero/home-11/cta/cta-bg.html]
[html.aqlova.com/acadia-prev/acadia/assets/img/hero/home-11/cta/cta-thumb.html]
[html.aqlova.com/acadia-prev/acadia/assets/js/parallax.js]
[html.aqlova.com/acadia-prev/acadia/assets/js/parallax-scrool.js]
[html.aqlova.com/acadia-prev/acadia/assets/img/hero/home-12/hero-bg.html]
[html.aqlova.com/acadia-prev/acadia/assets/img/hero/home-12/hero-shape-1.html]
[html.aqlova.com/acadia-prev/acadia/assets/img/hero/home-12/hero-shape-2.html]
[html.aqlova.com/acadia-prev/acadia/assets/img/hero/home-12/hero-thumb-1.html]
[html.aqlova.com/acadia-prev/acadia/assets/img/hero/home-12/hero-thumb-2.html]
[html.aqlova.com/acadia-prev/acadia/assets/img/hero/home-12/hero-text-shape.html]
[html.aqlova.com/acadia-prev/acadia/assets/img/hero/home-12/about/about-art.html]
[html.aqlova.com/acadia-prev/acadia/assets/img/hero/home-12/about/butter-fly.html]
[html.aqlova.com/acadia-prev/acadia/assets/img/hero/home-12/about/thumb-1.html]
[html.aqlova.com/acadia-prev/acadia/assets/img/hero/home-12/about/thumb-2.html]
[html.aqlova.com/acadia-prev/acadia/assets/img/hero/home-12/about/thumb-3.html]
[html.aqlova.com/acadia-prev/acadia/assets/img/hero/home-12/course/course-bg.html]
[html.aqlova.com/acadia-prev/acadia/assets/img/hero/home-12/course/course-shape.html]
[html.aqlova.com/acadia-prev/acadia/assets/img/hero/home-12/course/course-thumb-1.html]
[html.aqlova.com/acadia-prev/acadia/assets/img/hero/home-12/course/course-thumb-5.html]
[html.aqlova.com/acadia-prev/acadia/assets/img/hero/home-12/course/course-thumb-2.html]
[html.aqlova.com/acadia-prev/acadia/assets/img/hero/home-12/course/course-thumb-4.html]
[html.aqlova.com/acadia-prev/acadia/assets/img/hero/home-12/course/course-thumb-3.html]
[html.aqlova.com/acadia-prev/acadia/assets/img/hero/home-12/course/course-thumb-6.html]
[html.aqlova.com/acadia-prev/acadia/assets/img/hero/home-12/process/process-thumb-1.html]
[html.aqlova.com/acadia-prev/acadia/assets/img/hero/home-12/process/process-thumb-2.html]
[html.aqlova.com/acadia-prev/acadia/assets/img/hero/home-12/process/process-thumb-3.html]
[html.aqlova.com/acadia-prev/acadia/assets/img/shape/process/process-3-ground.html]
[html.aqlova.com/acadia-prev/acadia/assets/img/shape/process/process-3-leaf-1.html]
[html.aqlova.com/acadia-prev/acadia/assets/img/shape/process/process-3-leaf-2.html]
[html.aqlova.com/acadia-prev/acadia/assets/img/shape/process/process-3-leaf-3.html]
[html.aqlova.com/acadia-prev/acadia/assets/img/shape/process/process-3-leaf-4.html]
[html.aqlova.com/acadia-prev/acadia/assets/img/shape/process/process-3-leaf-5.html]
[html.aqlova.com/acadia-prev/acadia/assets/img/hero/home-12/process/process-shape-1.html]
[html.aqlova.com/acadia-prev/acadia/assets/img/hero/home-12/process/process-shape-2.html]
[html.aqlova.com/acadia-prev/acadia/assets/img/hero/home-12/course/course-shape-2.html]
[html.aqlova.com/acadia-prev/acadia/assets/img/hero/home-12/testimonial/testimonial-bg.html]
[html.aqlova.com/acadia-prev/acadia/assets/img/hero/home-12/blog/blog-shape-1.html]
[html.aqlova.com/acadia-prev/acadia/assets/img/hero/home-12/blog/blog-shape-2.html]
[html.aqlova.com/acadia-prev/acadia/assets/img/hero/home-12/blog/blog-thumb-1.html]
[html.aqlova.com/acadia-prev/acadia/assets/img/hero/home-12/blog/blog-thumb-2.html]
[html.aqlova.com/acadia-prev/acadia/assets/img/hero/home-12/blog/blog-thumb-3.html]
[html.aqlova.com/acadia-prev/acadia/assets/img/hero/home-12/blog/blog-thumb-4.html]
[html.aqlova.com/acadia-prev/acadia/assets/img/hero/home-12/instagram/instagram-thumb-1.html]
[html.aqlova.com/acadia-prev/acadia/assets/img/hero/home-12/instagram/instagram-thumb-2.html]
[html.aqlova.com/acadia-prev/acadia/assets/img/hero/home-12/instagram/instagram-thumb-3.html]
[html.aqlova.com/acadia-prev/acadia/assets/img/hero/home-12/instagram/instagram-thumb-4.html]
[html.aqlova.com/acadia-prev/acadia/assets/img/hero/home-12/instagram/instagram-thumb-5.html]
[html.aqlova.com/acadia-prev/acadia/assets/img/hero/home-12/instagram/footer-shape-1.html]
[html.aqlova.com/acadia-prev/acadia/assets/img/hero/home-12/instagram/footer-shape-2.html]
[html.aqlova.com/acadia-prev/acadia/assets/img/hero/home-13/hero/hero-background.html]
[html.aqlova.com/acadia-prev/acadia/assets/img/hero/home-13/hero/hero-thumb-1.html]
[html.aqlova.com/acadia-prev/acadia/assets/img/hero/home-13/hero/hero-thumb-2.html]
[html.aqlova.com/acadia-prev/acadia/assets/img/hero/home-13/hero/hero-thumb-3.html]
[html.aqlova.com/acadia-prev/acadia/assets/img/hero/home-13/about/about-shape.html]
[html.aqlova.com/acadia-prev/acadia/assets/img/hero/home-13/about/about-shape-2.html]
[html.aqlova.com/acadia-prev/acadia/assets/img/hero/home-13/course/course-thumb-1.html]
[html.aqlova.com/acadia-prev/acadia/assets/img/hero/home-13/course/course-thumb-2.html]
[html.aqlova.com/acadia-prev/acadia/assets/img/hero/home-13/course/course-thumb-3.html]
[html.aqlova.com/acadia-prev/acadia/assets/img/hero/home-13/course/course-thumb-4.html]
[html.aqlova.com/acadia-prev/acadia/assets/img/hero/home-13/team/team-thumb-1.html]
[html.aqlova.com/acadia-prev/acadia/assets/img/hero/home-13/team/team-thumb-2.html]
[html.aqlova.com/acadia-prev/acadia/assets/img/hero/home-13/team/team-thumb-3.html]
[html.aqlova.com/acadia-prev/acadia/assets/img/hero/home-13/team/team-thumb-4.html]
[html.aqlova.com/acadia-prev/acadia/assets/img/hero/home-13/brand/brand-1.html]
[html.aqlova.com/acadia-prev/acadia/assets/img/hero/home-13/brand/brand-2.html]
[html.aqlova.com/acadia-prev/acadia/assets/img/hero/home-13/brand/brand-3.html]
[html.aqlova.com/acadia-prev/acadia/assets/img/hero/home-13/brand/brand-4.html]
[html.aqlova.com/acadia-prev/acadia/assets/img/hero/home-13/brand/brand-5.html]
[html.aqlova.com/acadia-prev/acadia/assets/img/hero/home-13/brand/brand-6.html]
[html.aqlova.com/acadia-prev/acadia/assets/img/hero/home-13/faq/faq-thumb-1.html]
[html.aqlova.com/acadia-prev/acadia/assets/img/hero/home-13/faq/faq-shape-1.html]
[html.aqlova.com/acadia-prev/acadia/assets/img/hero/home-13/faq/faq-shape-2.html]
[html.aqlova.com/acadia-prev/acadia/assets/img/hero/home-13/cta/cta-background.html]
[html.aqlova.com/acadia-prev/acadia/assets/img/hero/home-13/cta/cta-thumb-1.html]
[html.aqlova.com/acadia-prev/acadia/assets/img/new-img/cursor.html]
[html.aqlova.com/acadia-prev/acadia/assets/img/new-img/logo/yoga-logo.html]
[html.aqlova.com/acadia-prev/acadia/assets/img/new-img/logo/logo-red.html]
[html.aqlova.com/acadia-prev/acadia/assets/img/new-img/hero/yoga-hero/bg.html]
[html.aqlova.com/acadia-prev/acadia/assets/img/new-img/hero/yoga-hero/flower.html]
[html.aqlova.com/acadia-prev/acadia/assets/img/new-img/hero/yoga-hero/woman-2.html]
[html.aqlova.com/acadia-prev/acadia/assets/img/new-img/hero/yoga-hero/woman.html]
[html.aqlova.com/acadia-prev/acadia/assets/img/new-img/about/shape.html]
[html.aqlova.com/acadia-prev/acadia/assets/img/new-img/about/shape-2.html]
[html.aqlova.com/acadia-prev/acadia/assets/img/new-img/about/thumb.html]
[html.aqlova.com/acadia-prev/acadia/assets/img/new-img/classes/thumb.html]
[html.aqlova.com/acadia-prev/acadia/assets/img/new-img/classes/thumb-2.html]
[html.aqlova.com/acadia-prev/acadia/assets/img/new-img/classes/thumb-3.html]
[html.aqlova.com/acadia-prev/acadia/assets/img/new-img/classes/thumb-4.html]
[html.aqlova.com/acadia-prev/acadia/assets/img/new-img/chose/shape.html]
[html.aqlova.com/acadia-prev/acadia/assets/img/new-img/chose/thumb.html]
[html.aqlova.com/acadia-prev/acadia/assets/img/new-img/chose/thumb-2.html]
[html.aqlova.com/acadia-prev/acadia/assets/img/new-img/testimonial/shape-2.html]
[html.aqlova.com/acadia-prev/acadia/assets/img/new-img/testimonial/shape.html]
[html.aqlova.com/acadia-prev/acadia/assets/img/new-img/testimonial/text.html]
[html.aqlova.com/acadia-prev/acadia/assets/img/new-img/practice/women.html]
[html.aqlova.com/acadia-prev/acadia/assets/img/new-img/team/thumb.html]
[html.aqlova.com/acadia-prev/acadia/assets/img/new-img/team/thumb-2.html]
[html.aqlova.com/acadia-prev/acadia/assets/img/new-img/team/thumb-3.html]
[html.aqlova.com/acadia-prev/acadia/assets/img/new-img/team/thumb-4.html]
[html.aqlova.com/acadia-prev/acadia/assets/img/new-img/counter/bg.html]
[html.aqlova.com/acadia-prev/acadia/assets/img/new-img/blog/yoga/thumb.html]
[html.aqlova.com/acadia-prev/acadia/assets/img/new-img/blog/yoga/thumb-2.html]
[html.aqlova.com/acadia-prev/acadia/assets/img/new-img/blog/yoga/thumb-3.html]
[html.aqlova.com/acadia-prev/acadia/assets/img/new-img/instagram/thumb.html]
[html.aqlova.com/acadia-prev/acadia/assets/img/new-img/instagram/thumb-2.html]
[html.aqlova.com/acadia-prev/acadia/assets/img/new-img/instagram/thumb-3.html]
[html.aqlova.com/acadia-prev/acadia/assets/img/new-img/instagram/thumb-4.html]
[html.aqlova.com/acadia-prev/acadia/assets/img/new-img/instagram/thumb-5.html]
[html.aqlova.com/acadia-prev/acadia/assets/img/new-img/logo/quran/logo.html]
[html.aqlova.com/acadia-prev/acadia/assets/img/new-img/logo/quran/logo-black.html]
[html.aqlova.com/acadia-prev/acadia/assets/img/new-img/hero/quran/bg.html]
[html.aqlova.com/acadia-prev/acadia/assets/img/new-img/hero/quran/shape-2.html]
[html.aqlova.com/acadia-prev/acadia/assets/img/new-img/hero/quran/shape-3.html]
[html.aqlova.com/acadia-prev/acadia/assets/img/new-img/hero/quran/shape.html]
[html.aqlova.com/acadia-prev/acadia/assets/img/new-img/hero/quran/bg-shape.html]
[html.aqlova.com/acadia-prev/acadia/assets/img/new-img/hero/quran/thumb.html]
[html.aqlova.com/acadia-prev/acadia/assets/img/new-img/feature/quran/shape-3.html]
[html.aqlova.com/acadia-prev/acadia/assets/img/new-img/feature/quran/shape-2.html]
[html.aqlova.com/acadia-prev/acadia/assets/img/new-img/feature/quran/shape.html]
[html.aqlova.com/acadia-prev/acadia/assets/img/new-img/about/quran/shape.html]
[html.aqlova.com/acadia-prev/acadia/assets/img/new-img/about/quran/thumb.html]
[html.aqlova.com/acadia-prev/acadia/assets/img/new-img/about/quran/thumb-2.html]
[html.aqlova.com/acadia-prev/acadia/assets/img/new-img/courses/quran/shape.html]
[html.aqlova.com/acadia-prev/acadia/assets/img/new-img/courses/quran/shape-2.html]
[html.aqlova.com/acadia-prev/acadia/assets/img/new-img/courses/quran/thumb.html]
[html.aqlova.com/acadia-prev/acadia/assets/img/new-img/courses/quran/thumb-2.html]
[html.aqlova.com/acadia-prev/acadia/assets/img/new-img/courses/quran/thumb-3.html]
[html.aqlova.com/acadia-prev/acadia/assets/img/new-img/courses/shape-3.html]
[html.aqlova.com/acadia-prev/acadia/assets/img/new-img/video/bg.html]
[html.aqlova.com/acadia-prev/acadia/assets/img/new-img/video/btn.html]
[html.aqlova.com/acadia-prev/acadia/assets/img/new-img/shop/thumb.html]
[html.aqlova.com/acadia-prev/acadia/assets/img/new-img/shop/thumb-2.html]
[html.aqlova.com/acadia-prev/acadia/assets/img/new-img/shop/thumb-3.html]
[html.aqlova.com/acadia-prev/acadia/assets/img/new-img/shop/thumb-4.html]
[html.aqlova.com/acadia-prev/acadia/assets/img/new-img/faq/thumb.html]
[html.aqlova.com/acadia-prev/acadia/assets/img/new-img/faq/thumb-2.html]
[html.aqlova.com/acadia-prev/acadia/assets/img/new-img/team/quran/thumb.html]
[html.aqlova.com/acadia-prev/acadia/assets/img/new-img/team/quran/thumb-2.html]
[html.aqlova.com/acadia-prev/acadia/assets/img/new-img/team/quran/thumb-3.html]
[html.aqlova.com/acadia-prev/acadia/assets/img/new-img/team/quran/thumb-4.html]
[html.aqlova.com/acadia-prev/acadia/assets/img/new-img/blog/quran/thumb.html]
[html.aqlova.com/acadia-prev/acadia/assets/img/new-img/blog/chef/avatar.html]
[html.aqlova.com/acadia-prev/acadia/assets/img/new-img/blog/quran/thumb-2.html]
[html.aqlova.com/acadia-prev/acadia/assets/img/new-img/blog/chef/avatar-2.html]
[html.aqlova.com/acadia-prev/acadia/assets/img/new-img/blog/quran/thumb-3.html]
[html.aqlova.com/acadia-prev/acadia/assets/img/new-img/blog/chef/avatar-3.html]
[html.aqlova.com/acadia-prev/acadia/assets/img/new-img/footer/bg.html]
[html.aqlova.com/acadia-prev/acadia/assets/img/logo/logo-white.html]
[html.aqlova.com/acadia-prev/acadia/assets/img/new-img/logo/chef/logo.html]
[html.aqlova.com/acadia-prev/acadia/assets/img/new-img/hero/chef/shape-2.html]
[html.aqlova.com/acadia-prev/acadia/assets/img/new-img/hero/chef/shape.html]
[html.aqlova.com/acadia-prev/acadia/assets/img/new-img/hero/chef/round-dark.html]
[html.aqlova.com/acadia-prev/acadia/assets/img/new-img/hero/chef/thumb-2.html]
[html.aqlova.com/acadia-prev/acadia/assets/img/new-img/hero/chef/thumb.html]
[html.aqlova.com/acadia-prev/acadia/assets/img/new-img/hero/chef/shape-3.html]
[html.aqlova.com/acadia-prev/acadia/assets/img/new-img/feature/background.html]
[html.aqlova.com/acadia-prev/acadia/assets/img/new-img/feature/icon.html]
[html.aqlova.com/acadia-prev/acadia/assets/img/new-img/feature/icon-2.html]
[html.aqlova.com/acadia-prev/acadia/assets/img/new-img/feature/icon-3.html]
[html.aqlova.com/acadia-prev/acadia/assets/img/new-img/skill/shape.html]
[html.aqlova.com/acadia-prev/acadia/assets/img/new-img/skill/skill-bg.html]
[html.aqlova.com/acadia-prev/acadia/assets/img/new-img/skill/thumb.html]
[html.aqlova.com/acadia-prev/acadia/assets/img/new-img/skill/thumb-2.html]
[html.aqlova.com/acadia-prev/acadia/assets/img/new-img/brands/logo.html]
[html.aqlova.com/acadia-prev/acadia/assets/img/new-img/brands/logo-2.html]
[html.aqlova.com/acadia-prev/acadia/assets/img/new-img/brands/logo-3.html]
[html.aqlova.com/acadia-prev/acadia/assets/img/new-img/brands/logo-4.html]
[html.aqlova.com/acadia-prev/acadia/assets/img/new-img/brands/logo-5.html]
[html.aqlova.com/acadia-prev/acadia/assets/img/new-img/brands/logo-6.html]
[html.aqlova.com/acadia-prev/acadia/assets/img/new-img/courses/shape.html]
[html.aqlova.com/acadia-prev/acadia/assets/img/new-img/courses/shape-2.html]
[html.aqlova.com/acadia-prev/acadia/assets/img/new-img/courses/thumb.html]
[html.aqlova.com/acadia-prev/acadia/assets/img/new-img/courses/thumb-2.html]
[html.aqlova.com/acadia-prev/acadia/assets/img/new-img/courses/thumb-3.html]
[html.aqlova.com/acadia-prev/acadia/assets/img/new-img/feature/icon-4.html]
[html.aqlova.com/acadia-prev/acadia/assets/img/new-img/feature/icon-5.html]
[html.aqlova.com/acadia-prev/acadia/assets/img/new-img/banner/shape.html]
[html.aqlova.com/acadia-prev/acadia/assets/img/new-img/banner/shape-2.html]
[html.aqlova.com/acadia-prev/acadia/assets/img/new-img/banner/shape-3.html]
[html.aqlova.com/acadia-prev/acadia/assets/img/new-img/banner/shape-4.html]
[html.aqlova.com/acadia-prev/acadia/assets/img/new-img/banner/books.html]
[html.aqlova.com/acadia-prev/acadia/assets/img/new-img/events/thumb.html]
[html.aqlova.com/acadia-prev/acadia/assets/img/new-img/events/avatar.html]
[html.aqlova.com/acadia-prev/acadia/assets/img/new-img/events/thumb-2.html]
[html.aqlova.com/acadia-prev/acadia/assets/img/new-img/events/thumb-3.html]
[html.aqlova.com/acadia-prev/acadia/assets/img/new-img/testimonial/chef/shape.html]
[html.aqlova.com/acadia-prev/acadia/assets/img/new-img/testimonial/chef/shape-2.html]
[html.aqlova.com/acadia-prev/acadia/assets/img/new-img/testimonial/chef/thumb-2.html]
[html.aqlova.com/acadia-prev/acadia/assets/img/new-img/testimonial/chef/thumb.html]
[html.aqlova.com/acadia-prev/acadia/assets/img/new-img/testimonial/chef/thumb-3.html]
[html.aqlova.com/acadia-prev/acadia/assets/img/new-img/testimonial/chef/thumb-4.html]
[html.aqlova.com/acadia-prev/acadia/assets/img/new-img/blog/chef/shape.html]
[html.aqlova.com/acadia-prev/acadia/assets/img/new-img/blog/chef/thumb.html]
[html.aqlova.com/acadia-prev/acadia/assets/img/new-img/blog/chef/thumb-2.html]
[html.aqlova.com/acadia-prev/acadia/assets/img/new-img/blog/chef/thumb-3.html]
[html.aqlova.com/acadia-prev/acadia/assets/img/new-img/cta/shape.html]
[html.aqlova.com/acadia-prev/acadia/assets/img/new-img/cta/ghure.html]
[html.aqlova.com/acadia-prev/acadia/assets/img/new-img/instagram/chef/thumb.html]
[html.aqlova.com/acadia-prev/acadia/assets/img/new-img/instagram/chef/thumb-2.html]
[html.aqlova.com/acadia-prev/acadia/assets/img/new-img/instagram/chef/thumb-3.html]
[html.aqlova.com/acadia-prev/acadia/assets/img/new-img/instagram/chef/thumb-4.html]
[html.aqlova.com/acadia-prev/acadia/assets/img/new-img/instagram/chef/thumb-5.html]
[html.aqlova.com/acadia-prev/acadia/assets/img/new-img/instagram/chef/thumb-6.html]
[html.aqlova.com/acadia-prev/acadia/assets/img/hero/home-6/title-vector.html]
[html.aqlova.com/acadia-prev/acadia/assets/img/hero/home-6/hero-6-thumb-shape-1.html]
[html.aqlova.com/acadia-prev/acadia/assets/img/hero/home-6/hero-6-thumb-shape-2.html]
[html.aqlova.com/acadia-prev/acadia/assets/img/hero/home-6/hero-6-thumb-shape-3.html]
[html.aqlova.com/acadia-prev/acadia/assets/img/hero/home-6/hero-6-user-1.html]
[html.aqlova.com/acadia-prev/acadia/assets/img/hero/home-6/hero-6-user-2.html]
[html.aqlova.com/acadia-prev/acadia/assets/img/hero/home-6/hero-6-user-3.html]
[html.aqlova.com/acadia-prev/acadia/assets/img/hero/home-6/hero-6-user-4.html]
[html.aqlova.com/acadia-prev/acadia/assets/img/hero/home-6/hero-6-thumb.html]
[html.aqlova.com/acadia-prev/acadia/assets/img/hero/hero-6-shape-2.html]
[html.aqlova.com/acadia-prev/acadia/assets/img/shape/bottom-line/line-2-category-2.html]
[html.aqlova.com/acadia-prev/acadia/assets/img/category/home-6/category-6-1.html]
[html.aqlova.com/acadia-prev/acadia/assets/img/category/home-6/category-6-2.html]
[html.aqlova.com/acadia-prev/acadia/assets/img/category/home-6/category-6-3.html]
[html.aqlova.com/acadia-prev/acadia/assets/img/category/home-6/category-6-4.html]
[html.aqlova.com/acadia-prev/acadia/assets/img/course/course-col/course-col-1.html]
[html.aqlova.com/acadia-prev/acadia/assets/img/course/course-col/course-col-2.html]
[html.aqlova.com/acadia-prev/acadia/assets/img/course/course-col/course-col-3.html]
[html.aqlova.com/acadia-prev/acadia/assets/img/course/course-col/course-col-5.html]
[html.aqlova.com/acadia-prev/acadia/assets/img/bg/category-shape-bg.html]
[html.aqlova.com/acadia-prev/acadia/assets/img/team/home-6/team-6-1.html]
[html.aqlova.com/acadia-prev/acadia/assets/img/team/home-6/team-6-2.html]
[html.aqlova.com/acadia-prev/acadia/assets/img/team/home-6/team-6-3.html]
[html.aqlova.com/acadia-prev/acadia/assets/img/hero/home-7/hero-7-bg.html]
[html.aqlova.com/acadia-prev/acadia/assets/img/hero/home-7/hero-7-shape-1.html]
[html.aqlova.com/acadia-prev/acadia/assets/img/hero/home-7/hero-7-shape-2.html]
[html.aqlova.com/acadia-prev/acadia/assets/img/hero/home-7/hero-7-shape-3.html]
[html.aqlova.com/acadia-prev/acadia/assets/img/hero/home-7/hero-7-thumb-1.html]
[html.aqlova.com/acadia-prev/acadia/assets/img/hero/home-7/hero-7-thumb-2.html]
[html.aqlova.com/acadia-prev/acadia/assets/img/hero/home-7/hero-7-icon-1.html]
[html.aqlova.com/acadia-prev/acadia/assets/img/hero/home-7/hero-7-icon-2.html]
[html.aqlova.com/acadia-prev/acadia/assets/img/course/course-list/course-thumb-2.html]
[html.aqlova.com/acadia-prev/acadia/assets/img/course/course-list/course-thumb-3.html]
[html.aqlova.com/acadia-prev/acadia/assets/img/live/live-thumb-2.html]
[html.aqlova.com/acadia-prev/acadia/assets/img/event/event/youtube.html]
[html.aqlova.com/acadia-prev/acadia/assets/img/cta/cta-7-bg.html]
[html.aqlova.com/acadia-prev/acadia/assets/img/bg/banner-3-bg-1.html]
[html.aqlova.com/acadia-prev/acadia/assets/img/hero/hero-3/banner-3-shape-3.html]
[html.aqlova.com/acadia-prev/acadia/assets/img/hero/hero-3/banner-3-book.html]
[html.aqlova.com/acadia-prev/acadia/assets/img/hero/hero-3/hero-3-heading-shape.html]
[html.aqlova.com/acadia-prev/acadia/assets/img/hero/hero-3/banner-3-thumb-1.html]
[html.aqlova.com/acadia-prev/acadia/assets/img/hero/hero-3/a-letter.html]
[html.aqlova.com/acadia-prev/acadia/assets/img/hero/hero-3/b-letter.html]
[html.aqlova.com/acadia-prev/acadia/assets/img/hero/hero-3/c-letter.html]
[html.aqlova.com/acadia-prev/acadia/assets/img/hero/hero-3/apply-btn-shape.html]
[html.aqlova.com/acadia-prev/acadia/assets/img/hero/hero-3/banner-3-shape-1.html]
[html.aqlova.com/acadia-prev/acadia/assets/img/hero/hero-3/banner-3-shape-2.html]
[html.aqlova.com/acadia-prev/acadia/assets/img/bg/services-3-bg.html]
[html.aqlova.com/acadia-prev/acadia/assets/img/shape/service/services-shape-2.html]
[html.aqlova.com/acadia-prev/acadia/assets/img/icon/service/services-3-icon-1.html]
[html.aqlova.com/acadia-prev/acadia/assets/img/icon/service/services-3-hover-1.html]
[html.aqlova.com/acadia-prev/acadia/assets/img/icon/service/services-3-icon-2.html]
[html.aqlova.com/acadia-prev/acadia/assets/img/icon/service/services-3-hover-2.html]
[html.aqlova.com/acadia-prev/acadia/assets/img/icon/service/services-3-icon-3.html]
[html.aqlova.com/acadia-prev/acadia/assets/img/icon/service/services-3-hover-3.html]
[html.aqlova.com/acadia-prev/acadia/assets/img/icon/service/services-3-icon-4.html]
[html.aqlova.com/acadia-prev/acadia/assets/img/icon/service/services-3-hover-4.html]
[html.aqlova.com/acadia-prev/acadia/assets/img/shape/service/services-3-shape-1.html]
[html.aqlova.com/acadia-prev/acadia/assets/img/shape/service/services-3-shape-2.html]
[html.aqlova.com/acadia-prev/acadia/assets/img/shape/service/services-3-shape-3.html]
[html.aqlova.com/acadia-prev/acadia/assets/img/shape/service/services-3-shape-4.html]
[html.aqlova.com/acadia-prev/acadia/assets/img/shape/service/services-3-shape-5.html]
[html.aqlova.com/acadia-prev/acadia/assets/img/icon/process/process-icon-1.html]
[html.aqlova.com/acadia-prev/acadia/assets/img/icon/process/process-icon-2.html]
[html.aqlova.com/acadia-prev/acadia/assets/img/icon/process/process-icon-3.html]
[html.aqlova.com/acadia-prev/acadia/assets/img/shape/process/process-3-baby-1.html]
[html.aqlova.com/acadia-prev/acadia/assets/img/shape/process/process-3-baby-2.html]
[html.aqlova.com/acadia-prev/acadia/assets/img/shape/process/process-3-heart-1.html]
[html.aqlova.com/acadia-prev/acadia/assets/img/shape/process/process-3-football-1.html]
[html.aqlova.com/acadia-prev/acadia/assets/img/program/program-3-thumb-1.html]
[html.aqlova.com/acadia-prev/acadia/assets/img/program/program-3-thumb-2.html]
[html.aqlova.com/acadia-prev/acadia/assets/img/program/program-3-thumb-3.html]
[html.aqlova.com/acadia-prev/acadia/assets/img/program/program-3-shape-1.html]
[html.aqlova.com/acadia-prev/acadia/assets/img/gallary/gallary-thumb-1.html]
[html.aqlova.com/acadia-prev/acadia/assets/img/gallary/gallary-thumb-2.html]
[html.aqlova.com/acadia-prev/acadia/assets/img/gallary/gallary-thumb-3.html]
[html.aqlova.com/acadia-prev/acadia/assets/img/gallary/gallary-thumb-4.html]
[html.aqlova.com/acadia-prev/acadia/assets/img/bg/subject-bg-bg.html]
[html.aqlova.com/acadia-prev/acadia/assets/img/icon/subject/subject-icon-1.html]
[html.aqlova.com/acadia-prev/acadia/assets/img/icon/subject/subject-icon-2.html]
[html.aqlova.com/acadia-prev/acadia/assets/img/icon/subject/subject-icon-3.html]
[html.aqlova.com/acadia-prev/acadia/assets/img/icon/subject/subject-icon-4.html]
[html.aqlova.com/acadia-prev/acadia/assets/img/icon/subject/subject-icon-5.html]
[html.aqlova.com/acadia-prev/acadia/assets/img/icon/subject/subject-icon-6.html]
[html.aqlova.com/acadia-prev/acadia/assets/img/event/event-3-thumb-1.html]
[html.aqlova.com/acadia-prev/acadia/assets/img/icon/location.html]
[html.aqlova.com/acadia-prev/acadia/assets/img/event/event-3-thumb-2.html]
[html.aqlova.com/acadia-prev/acadia/assets/img/event/event-3-thumb-3.html]
[html.aqlova.com/acadia-prev/acadia/assets/img/cta/cta-3-shape-1.html]
[html.aqlova.com/acadia-prev/acadia/assets/img/cta/cta-3-shape-2.html]
[html.aqlova.com/acadia-prev/acadia/assets/img/cta/cta-3-shape-3.html]
[html.aqlova.com/acadia-prev/acadia/assets/img/bg/footer-3-bg.html]
[html.aqlova.com/acadia-prev/acadia/assets/img/shape/footer/fw-3-tree-1.html]
[html.aqlova.com/acadia-prev/acadia/assets/img/shape/footer/fw-3-tree-2.html]
[html.aqlova.com/acadia-prev/acadia/assets/img/shape/footer/fw-3-star-3.html]
[html.aqlova.com/acadia-prev/acadia/assets/img/shape/footer/fw-3-cartoon-4.html]
[html.aqlova.com/acadia-prev/acadia/assets/img/shape/footer/fw-3-cartoon-5.html]
[html.aqlova.com/acadia-prev/acadia/assets/img/slider/slider-5-bg-1.html]
[html.aqlova.com/acadia-prev/acadia/assets/img/shape/bottom-line/slider-5-line-1.html]
[html.aqlova.com/acadia-prev/acadia/assets/img/slider/slider-5-bg-2.html]
[html.aqlova.com/acadia-prev/acadia/assets/img/slider/slider-5-bg-3.html]
[html.aqlova.com/acadia-prev/acadia/assets/img/slider/slider-5-sm-1.html]
[html.aqlova.com/acadia-prev/acadia/assets/img/slider/slider-5-sm-2.html]
[html.aqlova.com/acadia-prev/acadia/assets/img/slider/slider-5-sm-3.html]
[html.aqlova.com/acadia-prev/acadia/assets/img/icon/service/service-5-icon-1.html]
[html.aqlova.com/acadia-prev/acadia/assets/img/icon/service/service-5-icon-2.html]
[html.aqlova.com/acadia-prev/acadia/assets/img/icon/service/service-5-icon-3.html]
[html.aqlova.com/acadia-prev/acadia/assets/img/category/category-5-thumb-1.html]
[html.aqlova.com/acadia-prev/acadia/assets/img/category/category-5-thumb-2.html]
[html.aqlova.com/acadia-prev/acadia/assets/img/category/category-5-thumb-3.html]
[html.aqlova.com/acadia-prev/acadia/assets/img/category/category-5-thumb-4.html]
[html.aqlova.com/acadia-prev/acadia/assets/img/category/category-5-thumb-5.html]
[html.aqlova.com/acadia-prev/acadia/assets/img/category/category-5-thumb-6.html]
[html.aqlova.com/acadia-prev/acadia/assets/img/category/category-5-thumb-7.html]
[html.aqlova.com/acadia-prev/acadia/assets/img/category/category-5-thumb-8.html]
[html.aqlova.com/acadia-prev/acadia/assets/img/brand/brand-5-logo-1.html]
[html.aqlova.com/acadia-prev/acadia/assets/img/brand/brand-5-logo-2.html]
[html.aqlova.com/acadia-prev/acadia/assets/img/brand/brand-5-logo-3.html]
[html.aqlova.com/acadia-prev/acadia/assets/img/brand/brand-5-logo-4.html]
[html.aqlova.com/acadia-prev/acadia/assets/img/brand/brand-5-logo-5.html]
[html.aqlova.com/acadia-prev/acadia/assets/img/brand/brand-5-logo-6.html]
[html.aqlova.com/acadia-prev/acadia/assets/img/course/course-5-thumb-1.html]
[html.aqlova.com/acadia-prev/acadia/assets/img/course/course-5-avatar-1.html]
[html.aqlova.com/acadia-prev/acadia/assets/img/course/course-5-thumb-2.html]
[html.aqlova.com/acadia-prev/acadia/assets/img/course/course-5-thumb-3.html]
[html.aqlova.com/acadia-prev/acadia/assets/img/course/course-5-thumb-4.html]
[html.aqlova.com/acadia-prev/acadia/assets/img/course/course-5-thumb-5.html]
[html.aqlova.com/acadia-prev/acadia/assets/img/course/course-5-thumb-6.html]
[html.aqlova.com/acadia-prev/acadia/assets/img/bg/video-5-bg-1.html]
[html.aqlova.com/acadia-prev/acadia/assets/img/teacher/trainer-5-thumb-1.html]
[html.aqlova.com/acadia-prev/acadia/assets/img/teacher/trainer-5-thumb-2.html]
[html.aqlova.com/acadia-prev/acadia/assets/img/teacher/trainer-5-thumb-3.html]
[html.aqlova.com/acadia-prev/acadia/assets/img/banner/banner-5-bg-1.html]
[html.aqlova.com/acadia-prev/acadia/assets/img/banner/banner-5-bg-2.html]
[html.aqlova.com/acadia-prev/acadia/assets/css/flatpickr.min.html]
[html.aqlova.com/acadia-prev/acadia/assets/img/hero/hero-4/hero-bg-1.html]
[html.aqlova.com/acadia-prev/acadia/assets/img/about/4/about-thumb-1.html]
[html.aqlova.com/acadia-prev/acadia/assets/img/about/4/about-thumb-2.html]
[html.aqlova.com/acadia-prev/acadia/assets/img/about/4/about-thumb-3.html]
[html.aqlova.com/acadia-prev/acadia/assets/img/about/4/about-thumb-4.html]
[html.aqlova.com/acadia-prev/acadia/assets/img/icon/counter/counter-4-icon-1.html]
[html.aqlova.com/acadia-prev/acadia/assets/img/icon/counter/counter-4-icon-2.html]
[html.aqlova.com/acadia-prev/acadia/assets/img/icon/counter/counter-4-icon-3.html]
[html.aqlova.com/acadia-prev/acadia/assets/img/icon/counter/counter-4-icon-4.html]
[html.aqlova.com/acadia-prev/acadia/assets/img/program/4/program-thumb-1.html]
[html.aqlova.com/acadia-prev/acadia/university-course-details.html]
[html.aqlova.com/acadia-prev/acadia/assets/img/program/4/program-thumb-2.html]
[html.aqlova.com/acadia-prev/acadia/assets/img/program/4/program-thumb-3.html]
[html.aqlova.com/acadia-prev/acadia/assets/img/program/4/program-thumb-4.html]
[html.aqlova.com/acadia-prev/acadia/assets/img/course/course-4-thumb-1.html]
[html.aqlova.com/acadia-prev/acadia/assets/img/course/course-4-teacher-1.html]
[html.aqlova.com/acadia-prev/acadia/assets/img/course/course-4-thumb-2.html]
[html.aqlova.com/acadia-prev/acadia/assets/img/bg/school-4-bg-1.html]
[html.aqlova.com/acadia-prev/acadia/assets/img/bg/school-4-bg-2.html]
[html.aqlova.com/acadia-prev/acadia/assets/img/bg/school-4-thumb-1.html]
[html.aqlova.com/acadia-prev/acadia/assets/img/event/event-4-thumb-1.html]
[html.aqlova.com/acadia-prev/acadia/assets/img/event/event-4-shape-1.html]
[html.aqlova.com/acadia-prev/acadia/assets/img/event/event-4-thumb-2.html]
[html.aqlova.com/acadia-prev/acadia/assets/img/event/event-4-thumb-3.html]
[html.aqlova.com/acadia-prev/acadia/assets/img/icon/tutor/tutor-icon-1.html]
[html.aqlova.com/acadia-prev/acadia/assets/img/bg/plan/plan-4-bg-1.html]
[html.aqlova.com/acadia-prev/acadia/assets/img/bg/plan/plan-4-bg-2.html]
[html.aqlova.com/acadia-prev/acadia/assets/img/bg/plan/plan-4-bg-3.html]
[html.aqlova.com/acadia-prev/acadia/assets/img/shop/shop-bg.html]
[html.aqlova.com/acadia-prev/acadia/assets/img/shop/shop-thumb-bg.html]
[html.aqlova.com/acadia-prev/acadia/assets/img/shop/shop-thumb-1.html]
[html.aqlova.com/acadia-prev/acadia/assets/img/shop/shop-thumb-2.html]
[html.aqlova.com/acadia-prev/acadia/assets/img/shop/shop-thumb-3.html]
[html.aqlova.com/acadia-prev/acadia/assets/img/shop/feature/shop-feature-1.html]
[html.aqlova.com/acadia-prev/acadia/assets/img/shop/feature/shop-feature-2.html]
[html.aqlova.com/acadia-prev/acadia/assets/img/shop/feature/shop-feature-3.html]
[html.aqlova.com/acadia-prev/acadia/assets/img/shop/feature/shop-feature-4.html]
[html.aqlova.com/acadia-prev/acadia/assets/img/shop/shop-shape.html]
[html.aqlova.com/acadia-prev/acadia/assets/img/shop/product/shop-product-3.html]
[html.aqlova.com/acadia-prev/acadia/assets/img/shop/product/shop-product-4.html]
[html.aqlova.com/acadia-prev/acadia/assets/img/shop/product/shop-product-2.html]
[html.aqlova.com/acadia-prev/acadia/assets/img/shop/product/shop-product-5.html]
[html.aqlova.com/acadia-prev/acadia/assets/img/shop/product/shop-product-6.html]
[html.aqlova.com/acadia-prev/acadia/assets/img/shop/product/shop-product-7.html]
[html.aqlova.com/acadia-prev/acadia/assets/img/shop/product/shop-product-8.html]
[html.aqlova.com/acadia-prev/acadia/assets/img/shop/product/shop-product-10.html]
[html.aqlova.com/acadia-prev/acadia/assets/img/shop/product/shop-product-9.html]
[html.aqlova.com/acadia-prev/acadia/assets/img/shop/author/shop-author-1.html]
[html.aqlova.com/acadia-prev/acadia/assets/img/shop/author/shop-author-2.html]
[html.aqlova.com/acadia-prev/acadia/assets/img/shop/author/shop-author-3.html]
[html.aqlova.com/acadia-prev/acadia/assets/img/shop/author/shop-author-4.html]
[html.aqlova.com/acadia-prev/acadia/assets/img/shop/product/shop-service-shape.html]
[html.aqlova.com/acadia-prev/acadia/assets/img/shop/author/shop-icon-1.html]
[html.aqlova.com/acadia-prev/acadia/assets/img/shop/author/shop-icon-2.html]
[html.aqlova.com/acadia-prev/acadia/assets/img/shop/author/shop-icon-3.html]
[html.aqlova.com/acadia-prev/acadia/assets/img/footer/pay_brand.html]
[html.aqlova.com/acadia-prev/acadia/assets/img/about/about/about-bg.html]
[html.aqlova.com/acadia-prev/acadia/assets/img/instructor/instructor-bg.html]
[html.aqlova.com/acadia-prev/acadia/assets/img/our-mission/thumb-1.html]
[html.aqlova.com/acadia-prev/acadia/assets/img/our-mission/mission-item-1.html]
[html.aqlova.com/acadia-prev/acadia/assets/img/our-mission/mission-item-2.html]
[html.aqlova.com/acadia-prev/acadia/assets/img/our-mission/mission-item-3.html]
[html.aqlova.com/acadia-prev/acadia/assets/img/logo/logo-breadcrumb.html]
[html.aqlova.com/acadia-prev/acadia/assets/img/breadcrumb/campus-breadcrumb.html]
[html.aqlova.com/acadia-prev/acadia/assets/img/course/details/admisson-overview-1.html]
[html.aqlova.com/acadia-prev/acadia/assets/img/course/details/admisson-overview-2.html]
[html.aqlova.com/acadia-prev/acadia/assets/img/history/undergraduate/heading-bg.html]
[html.aqlova.com/acadia-prev/acadia/assets/img/cta/cta-bg-2.html]
[html.aqlova.com/acadia-prev/acadia/apply.html]
[html.aqlova.com/acadia-prev/acadia/assets/img/course/course-list/course-thumb-1.html]
[html.aqlova.com/acadia-prev/acadia/assets/img/course/course-list/course-thumb-4.html]
[html.aqlova.com/acadia-prev/acadia/assets/img/course/course-list/course-thumb-5.html]
[html.aqlova.com/acadia-prev/acadia/assets/img/course/course-list/course-thumb-6.html]
[html.aqlova.com/acadia-prev/acadia/assets/img/leadership/leadership-thumb-5.html]
[html.aqlova.com/acadia-prev/acadia/assets/img/leadership/leadership-thumb-6.html]
[html.aqlova.com/acadia-prev/acadia/assets/img/leadership/leadership-thumb-7.html]
[html.aqlova.com/acadia-prev/acadia/assets/img/leadership/leadership-thumb-8.html]
[html.aqlova.com/acadia-prev/acadia/assets/img/leadership/leadership-thumb-9.html]
[html.aqlova.com/acadia-prev/acadia/assets/img/leadership/leadership-thumb-10.html]
[html.aqlova.com/acadia-prev/acadia/assets/img/leadership/leadership-thumb-11.html]
[html.aqlova.com/acadia-prev/acadia/assets/img/leadership/leadership-thumb-12.html]
[html.aqlova.com/acadia-prev/acadia/assets/img/course/details/apply-thumb.html]
[html.aqlova.com/acadia-prev/acadia/assets/img/course/details/financial-thumb-1.html]
[html.aqlova.com/acadia-prev/acadia/assets/img/course/details/financial-thumb-2.html]
[html.aqlova.com/acadia-prev/acadia/assets/img/course/details/financial-thumb-3.html]
[html.aqlova.com/acadia-prev/acadia/assets/img/breadcrumb/about-breadcrumb.html]
[html.aqlova.com/acadia-prev/acadia/assets/img/bg/counter-bg-2.html]
[html.aqlova.com/acadia-prev/acadia/assets/img/our-mission/star.html]
[html.aqlova.com/acadia-prev/acadia/assets/img/our-mission/thumb-2-shape.html]
[html.aqlova.com/acadia-prev/acadia/assets/img/our-mission/thumb-2.html]
[html.aqlova.com/acadia-prev/acadia/assets/img/our-mission/thumb-3.html]
[html.aqlova.com/acadia-prev/acadia/assets/img/our-mission/thumb-4.html]
[html.aqlova.com/acadia-prev/acadia/assets/img/team/about-team/team-shape.html]
[html.aqlova.com/acadia-prev/acadia/assets/img/team/about-team/about-team-1.html]
[html.aqlova.com/acadia-prev/acadia/assets/img/team/about-team/about-team-2.html]
[html.aqlova.com/acadia-prev/acadia/assets/img/team/about-team/about-team-3.html]
[html.aqlova.com/acadia-prev/acadia/assets/img/team/about-team/about-team-4.html]
[html.aqlova.com/acadia-prev/acadia/assets/img/campus/campuses-shape-1.html]
[html.aqlova.com/acadia-prev/acadia/assets/img/campus/campuses-shape-2.html]
[html.aqlova.com/acadia-prev/acadia/assets/img/campus/campuses-thumb.html]
