[live.themewild.com/autore/index.html]
[backblue.gif]
[fade.gif]
[index.html]
[live.themewild.com/autore/assets/img/logo/favicon.png]
[live.themewild.com/autore/assets/css/bootstrap.min.css]
[live.themewild.com/autore/assets/css/animate.min.css]
[live.themewild.com/autore/assets/css/all-fontawesome.min.css]
[live.themewild.com/autore/assets/css/magnific-popup.min.css]
[live.themewild.com/autore/assets/css/owl.carousel.min.css]
[live.themewild.com/autore/assets/css/slimselect.min.css]
[live.themewild.com/autore/assets/css/style.css]
[live.themewild.com/autore/login.html]
[live.themewild.com/autore/assets/img/logo/logo-full-light.png]
[live.themewild.com/autore/shop-cart.html]
[live.themewild.com/autore/assets/img/logo/logo.png]
[live.themewild.com/autore/index-2.html]
[live.themewild.com/autore/index-3.html]
[live.themewild.com/autore/about.html]
[live.themewild.com/autore/service.html]
[live.themewild.com/autore/service-2.html]
[live.themewild.com/autore/service-single.html]
[live.themewild.com/autore/team.html]
[live.themewild.com/autore/portfolio.html]
[live.themewild.com/autore/portfolio-2.html]
[live.themewild.com/autore/portfolio-single.html]
[live.themewild.com/autore/pricing.html]
[live.themewild.com/autore/register.html]
[live.themewild.com/autore/forgot-password.html]
[live.themewild.com/autore/coming-soon.html]
[live.themewild.com/autore/return-policy.html]
[live.themewild.com/autore/terms.html]
[live.themewild.com/autore/privacy.html]
[live.themewild.com/autore/mail-success.html]
[live.themewild.com/autore/contact.html]
[live.themewild.com/autore/gallery.html]
[live.themewild.com/autore/faq.html]
[live.themewild.com/autore/testimonial.html]
[live.themewild.com/autore/404.html]
[live.themewild.com/autore/shop.html]
[live.themewild.com/autore/shop-checkout.html]
[live.themewild.com/autore/shop-single.html]
[live.themewild.com/autore/blog.html]
[live.themewild.com/autore/blog-single.html]
[live.themewild.com/autore/assets/img/shape/03.jpg]
[live.themewild.com/autore/assets/img/hero/01.png]
[live.themewild.com/autore/assets/img/icon/technician.svg]
[live.themewild.com/autore/assets/img/icon/car-repair.svg]
[live.themewild.com/autore/assets/img/icon/equipment.svg]
[live.themewild.com/autore/assets/img/icon/money.svg]
[live.themewild.com/autore/assets/img/about/01.jpg]
[live.themewild.com/autore/assets/img/about/03.jpg]
[live.themewild.com/autore/assets/img/about/02.jpg]
[live.themewild.com/autore/assets/img/icon/car-clean.svg]
[live.themewild.com/autore/assets/img/icon/diagnose.svg]
[live.themewild.com/autore/assets/img/icon/check.svg]
[live.themewild.com/autore/assets/img/icon/car-repair-2.svg]
[live.themewild.com/autore/assets/img/service/01.jpg]
[live.themewild.com/autore/assets/img/icon/oil-change.svg]
[live.themewild.com/autore/assets/img/service/02.jpg]
[live.themewild.com/autore/assets/img/icon/car-engine.svg]
[live.themewild.com/autore/assets/img/service/03.jpg]
[live.themewild.com/autore/assets/img/icon/car-fuel.svg]
[live.themewild.com/autore/assets/img/service/04.jpg]
[live.themewild.com/autore/assets/img/icon/car-paint.svg]
[live.themewild.com/autore/assets/img/service/05.jpg]
[live.themewild.com/autore/assets/img/service/06.jpg]
[live.themewild.com/autore/assets/img/icon/car-glass.svg]
[live.themewild.com/autore/assets/img/service/07.jpg]
[live.themewild.com/autore/assets/img/icon/car-break.svg]
[live.themewild.com/autore/assets/img/service/08.jpg]
[live.themewild.com/autore/assets/img/cta/01.jpg]
[live.themewild.com/autore/assets/img/portfolio/01.jpg]
[live.themewild.com/autore/assets/img/portfolio/02.jpg]
[live.themewild.com/autore/assets/img/portfolio/03.jpg]
[live.themewild.com/autore/assets/img/portfolio/04.jpg]
[live.themewild.com/autore/assets/img/portfolio/05.jpg]
[live.themewild.com/autore/assets/img/portfolio/06.jpg]
[live.themewild.com/autore/assets/img/icon/car-issue.svg]
[live.themewild.com/autore/assets/img/icon/find-issue.svg]
[live.themewild.com/autore/assets/img/icon/fix-car.svg]
[live.themewild.com/autore/assets/img/icon/car-deliver.svg]
[live.themewild.com/autore/assets/img/icon/happy.svg]
[live.themewild.com/autore/assets/img/icon/worker.svg]
[live.themewild.com/autore/assets/img/icon/experience.svg]
[live.themewild.com/autore/assets/img/shape/06.png]
[live.themewild.com/autore/assets/img/shape/07.png]
[live.themewild.com/autore/assets/img/choose/01.png]
[live.themewild.com/autore/assets/img/team/01.jpg]
[live.themewild.com/autore/assets/img/team/02.jpg]
[live.themewild.com/autore/assets/img/team/03.jpg]
[live.themewild.com/autore/assets/img/team/04.jpg]
[live.themewild.com/autore/assets/img/quote/01.jpg]
[live.themewild.com/autore/assets/img/faq/01.jpg]
[live.themewild.com/autore/_assets/img/video/02.jpg_]
[live.themewild.com/autore/assets/img/icon/quote.svg]
[live.themewild.com/autore/assets/img/testimonial/01.jpg]
[live.themewild.com/autore/assets/img/testimonial/02.jpg]
[live.themewild.com/autore/assets/img/testimonial/03.jpg]
[live.themewild.com/autore/assets/img/testimonial/04.jpg]
[live.themewild.com/autore/assets/img/testimonial/05.jpg]
[live.themewild.com/autore/assets/img/blog/01.jpg]
[live.themewild.com/autore/assets/img/blog/02.jpg]
[live.themewild.com/autore/assets/img/blog/03.jpg]
[live.themewild.com/autore/assets/img/partner/01.png]
[live.themewild.com/autore/assets/img/partner/02.png]
[live.themewild.com/autore/assets/img/partner/03.png]
[live.themewild.com/autore/assets/img/partner/04.png]
[live.themewild.com/autore/assets/img/partner/05.png]
[live.themewild.com/autore/assets/img/partner/06.png]
[live.themewild.com/autore/assets/img/shape/08.png]
[live.themewild.com/autore/assets/img/logo/logo-light.png]
[live.themewild.com/cdn-cgi/scripts/5c5dd728/cloudflare-static/email-decode.min.js]
[live.themewild.com/autore/assets/js/jquery-3.7.1.min.js]
[live.themewild.com/autore/assets/js/bootstrap.bundle.min.js]
[live.themewild.com/autore/assets/js/jquery.magnific-popup.min.js]
[live.themewild.com/autore/assets/js/isotope.pkgd.min.js]
[live.themewild.com/autore/assets/js/jquery.appear.min.js]
[live.themewild.com/autore/assets/js/owl.carousel.min.js]
[live.themewild.com/autore/assets/js/counter-up.js]
[live.themewild.com/autore/assets/js/wow.min.js]
[live.themewild.com/autore/assets/js/slimselect.min.js]
[live.themewild.com/autore/index.html]
[live.themewild.com/autore/assets/css/bootstrap.min.css]
[live.themewild.com/autore/assets/js/main.js]
[live.themewild.com/autore/assets/fonts/fa-brands-400.woff2]
[live.themewild.com/autore/assets/fonts/fa-brands-400.ttf]
[live.themewild.com/autore/assets/fonts/fa-duotone-900.woff2]
[live.themewild.com/autore/assets/fonts/fa-duotone-900.ttf]
[live.themewild.com/autore/assets/fonts/fa-light-300.woff2]
[live.themewild.com/autore/assets/fonts/fa-light-300.ttf]
[live.themewild.com/autore/assets/fonts/fa-regular-400.woff2]
[live.themewild.com/autore/assets/fonts/fa-regular-400.ttf]
[live.themewild.com/autore/assets/fonts/fa-solid-900.woff2]
[live.themewild.com/autore/assets/fonts/fa-solid-900.ttf]
[live.themewild.com/autore/assets/fonts/fa-thin-100.woff2]
[live.themewild.com/autore/assets/fonts/fa-thin-100.ttf]
[live.themewild.com/autore/assets/fonts/fa-v4compatibility.woff2]
[live.themewild.com/autore/assets/fonts/fa-v4compatibility.ttf]
[live.themewild.com/autore/assets/fonts/fa-sharp-light-300.woff2]
[live.themewild.com/autore/assets/fonts/fa-sharp-light-300.ttf]
[live.themewild.com/autore/assets/fonts/fa-sharp-regular-400.woff2]
[live.themewild.com/autore/assets/fonts/fa-sharp-regular-400.ttf]
[live.themewild.com/autore/assets/fonts/fa-sharp-solid-900.woff2]
[live.themewild.com/autore/assets/fonts/fa-sharp-solid-900.ttf]
[live.themewild.com/autore/assets/css/all-fontawesome.min.css]
[live.themewild.com/autore/assets/css/animate.min.css]
[live.themewild.com/autore/assets/css/magnific-popup.min.css]
[live.themewild.com/autore/assets/css/owl.video.play.png]
[live.themewild.com/autore/assets/css/owl.carousel.min.css]
[live.themewild.com/autore/assets/css/slimselect.min.css]
[live.themewild.com/autore/assets/img/shape/01.png]
[live.themewild.com/autore/assets/img/shape/02.png]
[live.themewild.com/autore/assets/img/shape/05.png]
[live.themewild.com/autore/assets/img/shape/04.png]
[live.themewild.com/autore/assets/img/shape/10.png]
[live.themewild.com/autore/assets/css/style.css]
[live.themewild.com/autore/assets/img/breadcrumb/01.jpg]
[live.themewild.com/autore/login.html]
[live.themewild.com/autore/assets/img/shop/01.jpg]
[live.themewild.com/autore/assets/img/shop/02.jpg]
[live.themewild.com/autore/assets/img/shop/03.jpg]
[live.themewild.com/autore/shop-cart.html]
[live.themewild.com/autore/assets/img/hero/slider-1.jpg]
[live.themewild.com/autore/assets/img/hero/slider-2.jpg]
[live.themewild.com/autore/assets/img/hero/slider-3.jpg]
[live.themewild.com/autore/index-2.html]
[live.themewild.com/autore/assets/img/shape/09.png]
[live.themewild.com/autore/index-3.html]
[live.themewild.com/autore/about.html]
[live.themewild.com/autore/service.html]
[live.themewild.com/autore/service-2.html]
[live.themewild.com/autore/assets/img/service/single.jpg]
[live.themewild.com/autore/service-single.html]
[live.themewild.com/autore/team.html]
[live.themewild.com/autore/portfolio.html]
[live.themewild.com/autore/portfolio-2.html]
[live.themewild.com/autore/assets/img/portfolio/single.jpg]
[live.themewild.com/autore/portfolio-single.html]
[live.themewild.com/autore/pricing.html]
[live.themewild.com/autore/register.html]
[live.themewild.com/autore/forgot-password.html]
[live.themewild.com/autore/assets/img/coming-soon/01.jpg]
[live.themewild.com/autore/coming-soon.html]
[live.themewild.com/autore/return-policy.html]
[live.themewild.com/autore/terms.html]
[live.themewild.com/autore/privacy.html]
[live.themewild.com/autore/mail-success.html]
[live.themewild.com/autore/assets/img/icon/address.svg]
[live.themewild.com/autore/assets/img/icon/call.svg]
[live.themewild.com/autore/assets/img/icon/email.svg]
[live.themewild.com/autore/assets/img/icon/clock.svg]
[live.themewild.com/autore/assets/img/contact/01.jpg]
[live.themewild.com/autore/contact.html]
[live.themewild.com/autore/assets/js/countdown.min.js]
[live.themewild.com/autore/assets/img/gallery/01.jpg]
[live.themewild.com/autore/assets/img/gallery/02.jpg]
[live.themewild.com/autore/gallery.html]
[live.themewild.com/autore/faq.html]
[live.themewild.com/autore/testimonial.html]
[live.themewild.com/autore/404.html]
[live.themewild.com/autore/shop.html]
[live.themewild.com/autore/shop-checkout.html]
[live.themewild.com/autore/shop-single.html]
[live.themewild.com/autore/blog.html]
[live.themewild.com/autore/blog-single.html]
[live.themewild.com/autore/assets/img/icon/technician.svg]
[live.themewild.com/autore/assets/img/icon/car-repair.svg]
[live.themewild.com/autore/assets/img/icon/equipment.svg]
[live.themewild.com/autore/assets/img/icon/money.svg]
[live.themewild.com/autore/assets/img/icon/car-clean.svg]
[live.themewild.com/autore/assets/img/icon/diagnose.svg]
[live.themewild.com/autore/assets/img/icon/check.svg]
[live.themewild.com/autore/assets/img/icon/car-repair-2.svg]
[live.themewild.com/autore/assets/img/icon/oil-change.svg]
[live.themewild.com/autore/assets/img/icon/car-engine.svg]
[live.themewild.com/autore/assets/img/icon/car-fuel.svg]
[live.themewild.com/autore/assets/img/icon/car-paint.svg]
[live.themewild.com/autore/assets/img/icon/car-glass.svg]
[live.themewild.com/autore/assets/img/icon/car-break.svg]
[live.themewild.com/autore/assets/img/icon/car-issue.svg]
[live.themewild.com/autore/assets/img/icon/find-issue.svg]
[live.themewild.com/autore/assets/img/icon/fix-car.svg]
[live.themewild.com/autore/assets/img/icon/car-deliver.svg]
[live.themewild.com/autore/assets/img/icon/happy.svg]
[live.themewild.com/autore/assets/img/icon/worker.svg]
[live.themewild.com/autore/assets/img/icon/experience.svg]
[live.themewild.com/autore/_assets/img/video/02.html]
[live.themewild.com/autore/assets/img/icon/quote.svg]
[live.themewild.com/autore/assets/js/jquery-3.7.1.min.js]
[live.themewild.com/autore/assets/js/bootstrap.bundle.min.js]
[live.themewild.com/autore/assets/js/jquery.magnific-popup.min.js]
[live.themewild.com/autore/assets/js/isotope.pkgd.min.js]
[live.themewild.com/autore/assets/js/jquery.appear.min.js]
[live.themewild.com/autore/assets/js/owl.carousel.min.js]
[live.themewild.com/autore/assets/js/counter-up.js]
[live.themewild.com/autore/assets/js/wow.min.js]
[live.themewild.com/autore/assets/js/slimselect.min.js]
[live.themewild.com/autore/assets/js/main.js]
[live.themewild.com/autore/assets/css/owl.video.play.html]
[live.themewild.com/autore/assets/img/icon/address.svg]
[live.themewild.com/autore/assets/img/icon/call.svg]
[live.themewild.com/autore/assets/img/icon/email.svg]
[live.themewild.com/autore/assets/img/icon/clock.svg]
[live.themewild.com/autore/assets/js/countdown.min.js]
[live.themewild.com/autore/assets/img/gallery/03.html]
[live.themewild.com/autore/assets/img/gallery/04.html]
[live.themewild.com/autore/assets/img/gallery/05.html]
[live.themewild.com/autore/assets/img/gallery/06.html]
[live.themewild.com/autore/assets/img/gallery/07.html]
[live.themewild.com/autore/assets/img/gallery/08.html]
[live.themewild.com/autore/assets/img/error/404.html]
[live.themewild.com/autore/assets/css/jquery-ui.min.html]
[live.themewild.com/autore/assets/img/shop/banner.html]
[live.themewild.com/autore/assets/img/shop/04.html]
[live.themewild.com/autore/assets/js/jquery-ui.min.html]
[live.themewild.com/autore/assets/img/payment/master-card.html]
[live.themewild.com/autore/assets/img/payment/visa.html]
[live.themewild.com/autore/assets/img/payment/american-express.html]
[live.themewild.com/autore/assets/img/payment/discover.html]
[live.themewild.com/autore/assets/img/payment/paypal.html]
[live.themewild.com/autore/assets/css/flex-slider.min.html]
[live.themewild.com/autore/assets/img/blog/com-1.html]
[live.themewild.com/autore/assets/img/blog/com-2.html]
[live.themewild.com/autore/assets/img/blog/com-3.html]
[live.themewild.com/autore/assets/js/flex-slider.html]
[live.themewild.com/autore/assets/img/blog/single.html]
[live.themewild.com/autore/assets/img/blog/author.html]
[live.themewild.com/autore/assets/img/blog/bs-1.html]
[live.themewild.com/autore/assets/img/blog/bs-2.html]
[live.themewild.com/autore/assets/img/blog/bs-3.html]
