[html.themehour.net/builda/demo/index.html]
[backblue.gif]
[fade.gif]
[index.html]
[html.themehour.net/builda/demo/assets/img/favicons/apple-icon-57x57.png]
[html.themehour.net/builda/demo/assets/img/favicons/apple-icon-60x60.png]
[html.themehour.net/builda/demo/assets/img/favicons/apple-icon-72x72.png]
[html.themehour.net/builda/demo/assets/img/favicons/apple-icon-76x76.png]
[html.themehour.net/builda/demo/assets/img/favicons/apple-icon-114x114.png]
[html.themehour.net/builda/demo/assets/img/favicons/apple-icon-120x120.png]
[html.themehour.net/builda/demo/assets/img/favicons/apple-icon-144x144.png]
[html.themehour.net/builda/demo/assets/img/favicons/apple-icon-152x152.png]
[html.themehour.net/builda/demo/assets/img/favicons/apple-icon-180x180.png]
[html.themehour.net/builda/demo/assets/img/favicons/android-icon-192x192.png]
[html.themehour.net/builda/demo/assets/img/favicons/favicon-32x32.png]
[html.themehour.net/builda/demo/assets/img/favicons/favicon-96x96.png]
[html.themehour.net/builda/demo/assets/img/favicons/favicon-16x16.png]
[html.themehour.net/builda/demo/assets/img/favicons/manifest.json]
[html.themehour.net/builda/demo/assets/img/favicons/ms-icon-144x144.png]
[html.themehour.net/builda/demo/assets/css/bootstrap.min.css]
[html.themehour.net/builda/demo/assets/css/fontawesome.min.css]
[html.themehour.net/builda/demo/assets/css/app.min.css]
[html.themehour.net/builda/demo/assets/css/style.css]
[html.themehour.net/builda/demo/assets/img/logo-icon.svg]
[html.themehour.net/builda/demo/assets/img/logo-white.svg]
[html.themehour.net/builda/demo/home-2.html]
[html.themehour.net/builda/demo/home-3.html]
[html.themehour.net/builda/demo/home-4.html]
[html.themehour.net/builda/demo/home-5.html]
[html.themehour.net/builda/demo/home-6.html]
[html.themehour.net/builda/demo/home-7.html]
[html.themehour.net/builda/demo/home-8.html]
[html.themehour.net/builda/demo/home-9.html]
[html.themehour.net/builda/demo/home-10.html]
[html.themehour.net/builda/demo/home-1-op.html]
[html.themehour.net/builda/demo/home-2-op.html]
[html.themehour.net/builda/demo/home-3-op.html]
[html.themehour.net/builda/demo/home-4-op.html]
[html.themehour.net/builda/demo/home-5-op.html]
[html.themehour.net/builda/demo/home-6-op.html]
[html.themehour.net/builda/demo/home-7-op.html]
[html.themehour.net/builda/demo/home-8-op.html]
[html.themehour.net/builda/demo/home-9-op.html]
[html.themehour.net/builda/demo/home-10-op.html]
[html.themehour.net/builda/demo/about.html]
[html.themehour.net/builda/demo/service.html]
[html.themehour.net/builda/demo/service-details.html]
[html.themehour.net/builda/demo/project.html]
[html.themehour.net/builda/demo/project-details.html]
[html.themehour.net/builda/demo/team.html]
[html.themehour.net/builda/demo/team-details.html]
[html.themehour.net/builda/demo/pricing.html]
[html.themehour.net/builda/demo/shop.html]
[html.themehour.net/builda/demo/shop-details.html]
[html.themehour.net/builda/demo/cart.html]
[html.themehour.net/builda/demo/checkout.html]
[html.themehour.net/builda/demo/wishlist.html]
[html.themehour.net/builda/demo/appointment.html]
[html.themehour.net/builda/demo/faq.html]
[html.themehour.net/builda/demo/testimonial.html]
[html.themehour.net/builda/demo/error.html]
[html.themehour.net/builda/demo/blog.html]
[html.themehour.net/builda/demo/blog-details.html]
[html.themehour.net/builda/demo/contact.html]
[html.themehour.net/builda/demo/assets/img/logo.svg]
[html.themehour.net/builda/demo/assets/img/icon/location-dot.svg]
[html.themehour.net/builda/demo/assets/img/icon/phone.svg]
[html.themehour.net/builda/demo/assets/img/icon/envelope.svg]
[html.themehour.net/builda/demo/assets/img/pages/home-5.jpg]
[html.themehour.net/builda/demo/assets/img/pages/home-4.jpg]
[html.themehour.net/builda/demo/assets/img/pages/home-7.jpg]
[html.themehour.net/builda/demo/assets/img/pages/home-3.jpg]
[html.themehour.net/builda/demo/assets/img/pages/index.jpg]
[html.themehour.net/builda/demo/assets/img/pages/home-2.jpg]
[html.themehour.net/builda/demo/assets/img/pages/home-6.jpg]
[html.themehour.net/builda/demo/assets/img/pages/home-8.jpg]
[html.themehour.net/builda/demo/assets/img/pages/home-9.jpg]
[html.themehour.net/builda/demo/assets/img/pages/home-10.jpg]
[html.themehour.net/builda/demo/assets/img/hero/hero_10_bg_mask.png]
[html.themehour.net/builda/demo/assets/img/hero/hero_bg_overlay10_1.png]
[html.themehour.net/builda/demo/assets/img/normal/about_10_1.png]
[html.themehour.net/builda/demo/assets/img/normal/about_10_2.png]
[html.themehour.net/builda/demo/assets/img/normal/about_10_3.png]
[html.themehour.net/builda/demo/assets/img/normal/author_5_1.png]
[html.themehour.net/builda/demo/assets/img/normal/sign_1_1.png]
[html.themehour.net/builda/demo/assets/img/shape/section_shape_2_3.jpg]
[html.themehour.net/builda/demo/assets/img/icon/service-icon3-1.svg]
[html.themehour.net/builda/demo/assets/img/service/3-1.png]
[html.themehour.net/builda/demo/assets/img/icon/arrow-right.svg]
[html.themehour.net/builda/demo/assets/img/icon/service-icon3-2.svg]
[html.themehour.net/builda/demo/assets/img/service/3-2.png]
[html.themehour.net/builda/demo/assets/img/icon/service-icon3-3.svg]
[html.themehour.net/builda/demo/assets/img/service/3-3.png]
[html.themehour.net/builda/demo/assets/img/normal/why_2_1.png]
[html.themehour.net/builda/demo/assets/img/shape/section_shape_2_1.jpg]
[html.themehour.net/builda/demo/assets/img/property/property2-1.png]
[html.themehour.net/builda/demo/assets/img/property/property2-2.png]
[html.themehour.net/builda/demo/assets/img/property/property2-3.png]
[html.themehour.net/builda/demo/assets/img/property/property2-4.png]
[html.themehour.net/builda/demo/assets/img/icon/star.svg]
[html.themehour.net/builda/demo/assets/img/pricing/2-1.jpg]
[html.themehour.net/builda/demo/assets/img/pricing/2-2.jpg]
[html.themehour.net/builda/demo/assets/img/pricing/2-3.jpg]
[html.themehour.net/builda/demo/assets/img/pricing/2-4.jpg]
[html.themehour.net/builda/demo/assets/img/pricing/2-5.jpg]
[html.themehour.net/builda/demo/assets/img/pricing/2-6.jpg]
[html.themehour.net/builda/demo/assets/img/normal/video_4_1.png]
[html.themehour.net/builda/demo/assets/img/team/team_8_1.png]
[html.themehour.net/builda/demo/assets/img/team/team_8_2.png]
[html.themehour.net/builda/demo/assets/img/team/team_8_3.png]
[html.themehour.net/builda/demo/assets/img/icon/arrow-left.svg]
[html.themehour.net/builda/demo/assets/img/testimonial/testi_thumb_7_1.png]
[html.themehour.net/builda/demo/assets/img/testimonial/testi_thumb_2_1.png]
[html.themehour.net/builda/demo/assets/img/icon/qoute2.svg]
[html.themehour.net/builda/demo/assets/img/testimonial/testi_2_1.png]
[html.themehour.net/builda/demo/assets/img/testimonial/testi_thumb_2_2.png]
[html.themehour.net/builda/demo/assets/img/testimonial/testi_2_2.png]
[html.themehour.net/builda/demo/assets/img/brand/brand_4_1.svg]
[html.themehour.net/builda/demo/assets/img/brand/brand_4_2.svg]
[html.themehour.net/builda/demo/assets/img/brand/brand_4_3.svg]
[html.themehour.net/builda/demo/assets/img/brand/brand_4_4.svg]
[html.themehour.net/builda/demo/assets/img/brand/brand_4_5.svg]
[html.themehour.net/builda/demo/assets/img/brand/brand_4_6.svg]
[html.themehour.net/builda/demo/assets/img/blog/blog_3_1.jpg]
[html.themehour.net/builda/demo/assets/img/blog/blog_3_2.jpg]
[html.themehour.net/builda/demo/assets/img/blog/blog_3_3.jpg]
[html.themehour.net/builda/demo/assets/img/blog/blog_3_4.jpg]
[html.themehour.net/builda/demo/assets/js/vendor/jquery-3.7.1.min.js]
[html.themehour.net/builda/demo/assets/js/app.min.js]
[html.themehour.net/builda/demo/assets/js/main.js]
[html.themehour.net/builda/demo/index.html]
[html.themehour.net/builda/demo/assets/css/bootstrap.min.css]
[html.themehour.net/builda/demo/assets/fonts/fontawesome/fa-brands-400.woff2]
[html.themehour.net/builda/demo/assets/fonts/fontawesome/fa-brands-400.ttf]
[html.themehour.net/builda/demo/assets/fonts/fontawesome/fa-duotone-900.woff2]
[html.themehour.net/builda/demo/assets/fonts/fontawesome/fa-light-300.woff2]
[html.themehour.net/builda/demo/assets/fonts/fontawesome/fa-regular-400.woff2]
[html.themehour.net/builda/demo/assets/fonts/fontawesome/fa-light-300.ttf]
[html.themehour.net/builda/demo/assets/fonts/fontawesome/fa-solid-900.woff2]
[html.themehour.net/builda/demo/assets/fonts/fontawesome/fa-regular-400.ttf]
[html.themehour.net/builda/demo/assets/fonts/fontawesome/fa-solid-900.ttf]
[html.themehour.net/builda/demo/assets/fonts/fontawesome/fa-thin-100.woff2]
[html.themehour.net/builda/demo/assets/css/fontawesome.min.css]
[html.themehour.net/builda/demo/assets/css/app.min.css]
[html.themehour.net/builda/demo/assets/fonts/fontawesome/fa-duotone-900.ttf]
[html.themehour.net/builda/demo/assets/fonts/fontawesome/fa-thin-100.ttf]
[html.themehour.net/builda/demo/assets/img/theme-img/btn-shape.png]
[html.themehour.net/builda/demo/assets/img/theme-img/btn-shape2.png]
[html.themehour.net/builda/demo/assets/img/theme-img/input-border.png]
[html.themehour.net/builda/demo/assets/img/shape/about-1-mask.png]
[html.themehour.net/builda/demo/assets/img/theme-img/team-shape1-2.png]
[html.themehour.net/builda/demo/assets/img/theme-img/team-shape1.png]
[html.themehour.net/builda/demo/assets/img/icon/checkmark.svg]
[html.themehour.net/builda/demo/assets/img/icon/360deg-cursor.png]
[html.themehour.net/builda/demo/assets/css/style.css]
[html.themehour.net/builda/demo/assets/img/logo-icon.svg]
[html.themehour.net/builda/demo/assets/img/logo-white.svg]
[html.themehour.net/builda/demo/assets/img/product/product_thumb_1_1.png]
[html.themehour.net/builda/demo/assets/img/product/product_thumb_1_2.png]
[html.themehour.net/builda/demo/assets/img/product/product_thumb_1_3.png]
[html.themehour.net/builda/demo/assets/img/product/product_thumb_1_4.png]
[html.themehour.net/builda/demo/assets/img/product/product_thumb_1_5.png]
[html.themehour.net/builda/demo/assets/img/hero/hero_bg_overlay13_1.png]
[html.themehour.net/builda/demo/assets/img/bg/award-bg-1-1.png]
[html.themehour.net/builda/demo/assets/img/brand/brand_1_1.svg]
[html.themehour.net/builda/demo/assets/img/brand/brand_1_2.svg]
[html.themehour.net/builda/demo/assets/img/brand/brand_1_3.svg]
[html.themehour.net/builda/demo/assets/img/brand/brand_1_4.svg]
[html.themehour.net/builda/demo/assets/img/brand/brand_1_5.svg]
[html.themehour.net/builda/demo/assets/img/brand/brand_1_6.svg]
[html.themehour.net/builda/demo/assets/img/normal/about_13_1.jpg]
[html.themehour.net/builda/demo/assets/img/normal/about_13_2.jpg]
[html.themehour.net/builda/demo/assets/img/normal/about_13_3.jpg]
[html.themehour.net/builda/demo/assets/img/property/property10-1.jpg]
[html.themehour.net/builda/demo/assets/img/icon/property-single-icon10-1.svg]
[html.themehour.net/builda/demo/assets/img/property/property10-2.jpg]
[html.themehour.net/builda/demo/assets/img/icon/property-single-icon10-2.svg]
[html.themehour.net/builda/demo/assets/img/property/property10-3.jpg]
[html.themehour.net/builda/demo/assets/img/icon/property-single-icon10-3.svg]
[html.themehour.net/builda/demo/assets/img/property/property10-4.jpg]
[html.themehour.net/builda/demo/assets/img/icon/property-single-icon10-4.svg]
[html.themehour.net/builda/demo/assets/img/aminities/aminities1-1.png]
[html.themehour.net/builda/demo/assets/img/icon/aminities-icon2-1.svg]
[html.themehour.net/builda/demo/assets/img/aminities/aminities1-2.png]
[html.themehour.net/builda/demo/assets/img/icon/aminities-icon2-2.svg]
[html.themehour.net/builda/demo/assets/img/aminities/aminities2-1.png]
[html.themehour.net/builda/demo/assets/img/icon/aminities-icon2-3.svg]
[html.themehour.net/builda/demo/assets/img/aminities/aminities1-4.png]
[html.themehour.net/builda/demo/assets/img/icon/aminities-icon2-4.svg]
[html.themehour.net/builda/demo/assets/img/aminities/aminities1-5.png]
[html.themehour.net/builda/demo/assets/img/icon/aminities-icon2-5.svg]
[html.themehour.net/builda/demo/assets/img/aminities/aminities2-2.png]
[html.themehour.net/builda/demo/assets/img/icon/aminities-icon2-6.svg]
[html.themehour.net/builda/demo/assets/img/icon/why-icon4-1.svg]
[html.themehour.net/builda/demo/assets/img/icon/why-icon4-2.svg]
[html.themehour.net/builda/demo/assets/img/project/project_7_1.jpg]
[html.themehour.net/builda/demo/assets/img/project/project_7_2.jpg]
[html.themehour.net/builda/demo/assets/img/project/project_7_3.jpg]
[html.themehour.net/builda/demo/assets/img/award/award-thumb1-2.png]
[html.themehour.net/builda/demo/assets/img/award/award-thumb1-1.png]
[html.themehour.net/builda/demo/assets/img/award/award2-1.png]
[html.themehour.net/builda/demo/assets/img/award/award2-2.png]
[html.themehour.net/builda/demo/assets/img/award/award2-3.png]
[html.themehour.net/builda/demo/assets/img/award/award2-4.png]
[html.themehour.net/builda/demo/assets/img/award/award2-5.png]
[html.themehour.net/builda/demo/assets/img/normal/about_7_1.png]
[html.themehour.net/builda/demo/assets/img/icon/counter-4-1.svg]
[html.themehour.net/builda/demo/assets/img/icon/counter-4-2.svg]
[html.themehour.net/builda/demo/assets/img/icon/counter-4-3.svg]
[html.themehour.net/builda/demo/assets/img/icon/counter-4-4.svg]
[html.themehour.net/builda/demo/assets/img/blog/blog_4_5.jpg]
[html.themehour.net/builda/demo/assets/img/blog/blog-author4-1.png]
[html.themehour.net/builda/demo/assets/img/blog/blog_4_6.jpg]
[html.themehour.net/builda/demo/assets/img/blog/blog-author4-2.png]
[html.themehour.net/builda/demo/assets/img/blog/blog_4_7.jpg]
[html.themehour.net/builda/demo/assets/img/blog/blog-author4-3.png]
[html.themehour.net/builda/demo/assets/img/blog/blog_4_8.jpg]
[html.themehour.net/builda/demo/assets/img/blog/blog-author4-4.png]
[html.themehour.net/builda/demo/assets/img/icon/paper-plane.svg]
[html.themehour.net/builda/demo/assets/img/normal/contact_thumb_4_2.png]
[html.themehour.net/builda/demo/assets/img/instagram/insta_1_1.jpg]
[html.themehour.net/builda/demo/assets/img/instagram/insta_1_2.jpg]
[html.themehour.net/builda/demo/assets/img/instagram/insta_1_3.jpg]
[html.themehour.net/builda/demo/assets/img/instagram/insta_1_4.jpg]
[html.themehour.net/builda/demo/home-2.html]
[html.themehour.net/builda/demo/assets/img/instagram/insta_1_5.jpg]
[html.themehour.net/builda/demo/assets/img/hero/hero_bg_12_1.jpg]
[html.themehour.net/builda/demo/assets/img/hero/hero_bg_overlay12_1.png]
[html.themehour.net/builda/demo/assets/img/hero/hero_bg_12_2.jpg]
[html.themehour.net/builda/demo/assets/img/normal/about_17_1.jpg]
[html.themehour.net/builda/demo/assets/img/normal/about_17_2.jpg]
[html.themehour.net/builda/demo/assets/img/shape/about-shape-17-1.png]
[html.themehour.net/builda/demo/assets/img/shape/about-shape-17-2.png]
[html.themehour.net/builda/demo/assets/img/icon/service-icon3-4.svg]
[html.themehour.net/builda/demo/assets/img/service/3-4.png]
[html.themehour.net/builda/demo/assets/img/icon/service-icon3-5.svg]
[html.themehour.net/builda/demo/assets/img/service/3-5.png]
[html.themehour.net/builda/demo/assets/img/icon/service-icon3-6.svg]
[html.themehour.net/builda/demo/assets/img/service/3-6.png]
[html.themehour.net/builda/demo/assets/img/icon/service-icon3-7.svg]
[html.themehour.net/builda/demo/assets/img/service/3-7.png]
[html.themehour.net/builda/demo/assets/img/shape/section_shape_2_2.jpg]
[html.themehour.net/builda/demo/assets/img/icon/checkmark3.svg]
[html.themehour.net/builda/demo/assets/img/gallery/3-1.png]
[html.themehour.net/builda/demo/assets/img/gallery/3-2.png]
[html.themehour.net/builda/demo/assets/img/gallery/3-3.png]
[html.themehour.net/builda/demo/assets/img/gallery/3-4.png]
[html.themehour.net/builda/demo/assets/img/gallery/3-5.png]
[html.themehour.net/builda/demo/assets/img/project/project_3_1.png]
[html.themehour.net/builda/demo/assets/img/project/project_3_2.png]
[html.themehour.net/builda/demo/assets/img/project/project_3_3.png]
[html.themehour.net/builda/demo/assets/img/project/project_3_4.png]
[html.themehour.net/builda/demo/assets/img/property/property_inner_1.jpg]
[html.themehour.net/builda/demo/assets/img/icon/qoute.svg]
[html.themehour.net/builda/demo/assets/img/testimonial/testi_1_2.png]
[html.themehour.net/builda/demo/assets/img/testimonial/testi_1_1.png]
[html.themehour.net/builda/demo/assets/img/team/team_2_1.png]
[html.themehour.net/builda/demo/assets/img/team/team_2_2.png]
[html.themehour.net/builda/demo/assets/img/team/team_2_3.png]
[html.themehour.net/builda/demo/assets/img/team/team_2_4.png]
[html.themehour.net/builda/demo/assets/img/bg/footer-bg-3-1.png]
[html.themehour.net/builda/demo/home-3.html]
[html.themehour.net/builda/demo/assets/img/hero/hero_thumb_8_1_mask.png]
[html.themehour.net/builda/demo/assets/img/hero/hero_thumb_8_1.jpg]
[html.themehour.net/builda/demo/assets/img/icon/arrow-long-top2.svg]
[html.themehour.net/builda/demo/assets/img/hero/hero_thumb_8_2.jpg]
[html.themehour.net/builda/demo/assets/img/hero/hero_thumb_8_3.jpg]
[html.themehour.net/builda/demo/assets/img/icon/service-icon5-1.svg]
[html.themehour.net/builda/demo/assets/img/icon/service-icon5-2.svg]
[html.themehour.net/builda/demo/assets/img/icon/service-icon5-3.svg]
[html.themehour.net/builda/demo/assets/img/icon/service-icon5-4.svg]
[html.themehour.net/builda/demo/assets/img/icon/service-icon5-5.svg]
[html.themehour.net/builda/demo/assets/img/icon/service-icon5-6.svg]
[html.themehour.net/builda/demo/assets/img/normal/about_8_1.png]
[html.themehour.net/builda/demo/assets/img/normal/sign_2_1.png]
[html.themehour.net/builda/demo/assets/img/bg/property-bg-5.png]
[html.themehour.net/builda/demo/assets/img/project/project_10_1.jpg]
[html.themehour.net/builda/demo/assets/img/project/project_10_2.jpg]
[html.themehour.net/builda/demo/assets/img/project/project_10_3.jpg]
[html.themehour.net/builda/demo/assets/img/icon/counter-6-1.svg]
[html.themehour.net/builda/demo/assets/img/icon/counter-6-2.svg]
[html.themehour.net/builda/demo/assets/img/icon/counter-6-3.svg]
[html.themehour.net/builda/demo/assets/img/icon/counter-6-4.svg]
[html.themehour.net/builda/demo/assets/img/bg/property-plan-bg-1.png]
[html.themehour.net/builda/demo/assets/img/normal/faq_3_1.jpg]
[html.themehour.net/builda/demo/assets/img/normal/faq_3_2.jpg]
[html.themehour.net/builda/demo/assets/img/normal/faq_3_3.jpg]
[html.themehour.net/builda/demo/assets/img/normal/faq_3_4.jpg]
[html.themehour.net/builda/demo/assets/img/testimonial/testi_5_1.png]
[html.themehour.net/builda/demo/assets/img/testimonial/testi_5_2.png]
[html.themehour.net/builda/demo/assets/img/testimonial/testi_5_3.png]
[html.themehour.net/builda/demo/assets/img/award/award1-1.png]
[html.themehour.net/builda/demo/assets/img/award/award1-2.png]
[html.themehour.net/builda/demo/assets/img/award/award1-3.png]
[html.themehour.net/builda/demo/assets/img/award/award1-4.png]
[html.themehour.net/builda/demo/assets/img/award/award1-5.png]
[html.themehour.net/builda/demo/assets/img/shape/section_shape_8_1.png]
[html.themehour.net/builda/demo/assets/img/normal/video_3_1.png]
[html.themehour.net/builda/demo/assets/img/shape/section_shape_8_2.png]
[html.themehour.net/builda/demo/assets/img/team/team_7_1.png]
[html.themehour.net/builda/demo/assets/img/team/team_7_2.png]
[html.themehour.net/builda/demo/assets/img/team/team_7_3.png]
[html.themehour.net/builda/demo/assets/img/normal/contact_thumb_5_1.png]
[html.themehour.net/builda/demo/assets/img/blog/blog_5_1.jpg]
[html.themehour.net/builda/demo/assets/img/blog/blog_5_2.jpg]
[html.themehour.net/builda/demo/assets/img/logo2.svg]
[html.themehour.net/builda/demo/home-4.html]
[html.themehour.net/builda/demo/assets/img/hero/hero_1_bg_mask.png]
[html.themehour.net/builda/demo/assets/img/hero/hero_bg_1_1.jpg]
[html.themehour.net/builda/demo/assets/img/hero/hero_bg_1_2.jpg]
[html.themehour.net/builda/demo/assets/img/hero/hero_bg_1_3.jpg]
[html.themehour.net/builda/demo/assets/img/normal/about_1_1.png]
[html.themehour.net/builda/demo/assets/img/normal/about_1_2.png]
[html.themehour.net/builda/demo/assets/img/normal/about_1_3.png]
[html.themehour.net/builda/demo/assets/img/icon/service-icon1-1.png]
[html.themehour.net/builda/demo/assets/img/icon/service-icon1-2.png]
[html.themehour.net/builda/demo/assets/img/icon/service-icon1-3.png]
[html.themehour.net/builda/demo/assets/img/project/project_1_1.png]
[html.themehour.net/builda/demo/assets/img/shape/project-card1-img-mask.png]
[html.themehour.net/builda/demo/assets/img/project/project_shape1_1.png]
[html.themehour.net/builda/demo/assets/img/project/project_1_2.png]
[html.themehour.net/builda/demo/assets/img/project/project_1_3.png]
[html.themehour.net/builda/demo/assets/img/shape/property-card1-img-mask.png]
[html.themehour.net/builda/demo/assets/img/property/property1-1.png]
[html.themehour.net/builda/demo/assets/img/property/property1-2.png]
[html.themehour.net/builda/demo/assets/img/property/property1-3.png]
[html.themehour.net/builda/demo/assets/img/property/property1-4.png]
[html.themehour.net/builda/demo/assets/img/theme-img/aminities-shape1.png]
[html.themehour.net/builda/demo/assets/img/icon/aminities-icon1-1.svg]
[html.themehour.net/builda/demo/assets/img/icon/aminities-icon1-2.svg]
[html.themehour.net/builda/demo/assets/img/aminities/aminities1-3.png]
[html.themehour.net/builda/demo/assets/img/icon/aminities-icon1-3.svg]
[html.themehour.net/builda/demo/assets/img/icon/aminities-icon1-4.svg]
[html.themehour.net/builda/demo/assets/img/icon/aminities-icon1-5.svg]
[html.themehour.net/builda/demo/assets/img/aminities/aminities1-6.png]
[html.themehour.net/builda/demo/assets/img/icon/aminities-icon1-6.svg]
[html.themehour.net/builda/demo/assets/img/shape/video_1_1_mask.png]
[html.themehour.net/builda/demo/assets/img/normal/video_1_1.png]
[html.themehour.net/builda/demo/assets/img/icon/checkmark2.svg]
[html.themehour.net/builda/demo/assets/img/team/team_1_1.png]
[html.themehour.net/builda/demo/assets/img/team/team_1_2.png]
[html.themehour.net/builda/demo/assets/img/team/team_1_3.png]
[html.themehour.net/builda/demo/assets/img/shape/cta_1_1-img-mask.png]
[html.themehour.net/builda/demo/assets/img/normal/cta_1_1.png]
[html.themehour.net/builda/demo/assets/img/testimonial/testi_thumb_1_1.png]
[html.themehour.net/builda/demo/assets/img/testimonial/testi_thumb_1_2.png]
[html.themehour.net/builda/demo/assets/img/shape/testi_1_1-mask.png]
[html.themehour.net/builda/demo/assets/img/testimonial/testi_1_3.png]
[html.themehour.net/builda/demo/assets/img/normal/download_1_1.png]
[html.themehour.net/builda/demo/assets/img/shape/blog-card1-img-mask.png]
[html.themehour.net/builda/demo/assets/img/blog/blog_1_1.jpg]
[html.themehour.net/builda/demo/assets/img/blog/avatar_1.png]
[html.themehour.net/builda/demo/assets/img/blog/blog_1_2.jpg]
[html.themehour.net/builda/demo/assets/img/blog/avatar_2.png]
[html.themehour.net/builda/demo/assets/img/project/project_pop1_1.png]
[html.themehour.net/builda/demo/assets/img/project/project_pop2_1.png]
[html.themehour.net/builda/demo/home-5.html]
[html.themehour.net/builda/demo/assets/img/bg/footer-bg-mask.png]
[html.themehour.net/builda/demo/assets/img/hero/hero_bg_4_1.jpg]
[html.themehour.net/builda/demo/assets/img/hero/hero_thumb_4_1.jpg]
[html.themehour.net/builda/demo/assets/img/brand/brand_3_1.svg]
[html.themehour.net/builda/demo/assets/img/brand/brand_3_2.svg]
[html.themehour.net/builda/demo/assets/img/brand/brand_3_3.svg]
[html.themehour.net/builda/demo/assets/img/brand/brand_3_4.svg]
[html.themehour.net/builda/demo/assets/img/brand/brand_3_5.svg]
[html.themehour.net/builda/demo/assets/img/brand/brand_3_6.svg]
[html.themehour.net/builda/demo/assets/img/property/property3-1.png]
[html.themehour.net/builda/demo/assets/img/property/property3-2.png]
[html.themehour.net/builda/demo/assets/img/property/property3-3.png]
[html.themehour.net/builda/demo/assets/img/property/property3-4.png]
[html.themehour.net/builda/demo/assets/img/property/property3-5.png]
[html.themehour.net/builda/demo/assets/img/property/property3-6.png]
[html.themehour.net/builda/demo/assets/img/normal/about_5_1.png]
[html.themehour.net/builda/demo/assets/img/normal/client_group_5_1.png]
[html.themehour.net/builda/demo/assets/img/project/project_4_1.png]
[html.themehour.net/builda/demo/assets/img/project/project_4_2.png]
[html.themehour.net/builda/demo/assets/img/project/project_4_3.png]
[html.themehour.net/builda/demo/assets/img/normal/contact_thumb_4_1.png]
[html.themehour.net/builda/demo/assets/img/blog/blog_4_1.jpg]
[html.themehour.net/builda/demo/assets/img/blog/blog_4_2.jpg]
[html.themehour.net/builda/demo/assets/img/blog/blog_4_3.jpg]
[html.themehour.net/builda/demo/home-6.html]
[html.themehour.net/builda/demo/assets/img/hero/hero_thumb_9_1.jpg]
[html.themehour.net/builda/demo/assets/img/feature/2-1.jpg]
[html.themehour.net/builda/demo/assets/img/feature/2-2.jpg]
[html.themehour.net/builda/demo/assets/img/feature/2-3.jpg]
[html.themehour.net/builda/demo/assets/img/normal/about_9_1.png]
[html.themehour.net/builda/demo/assets/img/normal/about_9_2.png]
[html.themehour.net/builda/demo/assets/img/normal/about_9_3.png]
[html.themehour.net/builda/demo/assets/img/project/project_9_1.jpg]
[html.themehour.net/builda/demo/assets/img/project/project_9_2.jpg]
[html.themehour.net/builda/demo/assets/img/project/project_9_3.jpg]
[html.themehour.net/builda/demo/assets/img/property/property6-1.png]
[html.themehour.net/builda/demo/assets/img/property/property6-2.png]
[html.themehour.net/builda/demo/assets/img/property/property6-3.png]
[html.themehour.net/builda/demo/assets/img/property/property6-4.png]
[html.themehour.net/builda/demo/assets/img/property/property6-5.png]
[html.themehour.net/builda/demo/assets/img/property/property6-6.png]
[html.themehour.net/builda/demo/assets/img/testimonial/testi_thumb_6_1.png]
[html.themehour.net/builda/demo/assets/img/testimonial/testi_6_1.png]
[html.themehour.net/builda/demo/assets/img/testimonial/testi_6_2.png]
[html.themehour.net/builda/demo/assets/img/testimonial/testi_6_3.png]
[html.themehour.net/builda/demo/assets/img/blog/blog_6_1.jpg]
[html.themehour.net/builda/demo/assets/img/blog/blog_6_2.jpg]
[html.themehour.net/builda/demo/home-7.html]
[html.themehour.net/builda/demo/assets/img/blog/blog_6_3.jpg]
[html.themehour.net/builda/demo/assets/img/logo-white2.svg]
[html.themehour.net/builda/demo/assets/img/hero/hero_bg_5_1.jpg]
[html.themehour.net/builda/demo/assets/img/hero/hero_bg_5_2.jpg]
[html.themehour.net/builda/demo/assets/img/hero/hero_bg_5_3.jpg]
[html.themehour.net/builda/demo/assets/img/normal/about_6_1.png]
[html.themehour.net/builda/demo/assets/img/normal/about_6_2.png]
[html.themehour.net/builda/demo/assets/img/bg/process-card2-bg.png]
[html.themehour.net/builda/demo/assets/img/icon/process_card_2_1.svg]
[html.themehour.net/builda/demo/assets/img/icon/process_card_2_2.svg]
[html.themehour.net/builda/demo/assets/img/icon/process_card_2_3.svg]
[html.themehour.net/builda/demo/assets/img/normal/contact_thumb_4_3.png]
[html.themehour.net/builda/demo/assets/img/project/project_4_4.png]
[html.themehour.net/builda/demo/assets/img/project/project_4_5.png]
[html.themehour.net/builda/demo/assets/img/project/project_4_6.png]
[html.themehour.net/builda/demo/assets/img/blog/blog_2_1.jpg]
[html.themehour.net/builda/demo/home-8.html]
[html.themehour.net/builda/demo/assets/img/blog/blog_2_2.jpg]
[html.themehour.net/builda/demo/assets/img/hero/hero_thumb_2_1.jpg]
[html.themehour.net/builda/demo/assets/img/hero/hero_thumb_2_2.jpg]
[html.themehour.net/builda/demo/assets/img/hero/hero_thumb_2_3.jpg]
[html.themehour.net/builda/demo/assets/img/normal/about_2_1.png]
[html.themehour.net/builda/demo/assets/img/normal/about_2_2.png]
[html.themehour.net/builda/demo/assets/img/normal/about_2_3.png]
[html.themehour.net/builda/demo/assets/img/icon/service-icon2-1.svg]
[html.themehour.net/builda/demo/assets/img/service/1-1.png]
[html.themehour.net/builda/demo/assets/img/icon/service-icon2-2.svg]
[html.themehour.net/builda/demo/assets/img/service/1-2.png]
[html.themehour.net/builda/demo/assets/img/icon/service-icon2-3.svg]
[html.themehour.net/builda/demo/assets/img/service/1-3.png]
[html.themehour.net/builda/demo/assets/img/project/project_2_1.png]
[html.themehour.net/builda/demo/assets/img/project/project_2_2.png]
[html.themehour.net/builda/demo/assets/img/project/project_2_3.png]
[html.themehour.net/builda/demo/assets/img/gallery/2-1.png]
[html.themehour.net/builda/demo/assets/img/gallery/2-2.png]
[html.themehour.net/builda/demo/assets/img/gallery/2-3.png]
[html.themehour.net/builda/demo/assets/img/gallery/2-4.png]
[html.themehour.net/builda/demo/assets/img/gallery/2-5.png]
[html.themehour.net/builda/demo/assets/img/gallery/2-6.png]
[html.themehour.net/builda/demo/assets/img/team/team_2_7.png]
[html.themehour.net/builda/demo/assets/img/team/team_2_8.png]
[html.themehour.net/builda/demo/assets/img/team/team_2_9.png]
[html.themehour.net/builda/demo/assets/img/normal/booking_1_1.png]
[html.themehour.net/builda/demo/home-9.html]
[html.themehour.net/builda/demo/assets/img/logo-white3.svg]
[html.themehour.net/builda/demo/assets/img/hero/hero-bg-11.png]
[html.themehour.net/builda/demo/assets/img/hero/hero_bg_border11_1.png]
[html.themehour.net/builda/demo/assets/img/hero/hero_thumb_11_1.jpg]
[html.themehour.net/builda/demo/assets/img/hero/hero_thumb_11_2.jpg]
[html.themehour.net/builda/demo/assets/img/hero/hero_thumb_11_3.jpg]
[html.themehour.net/builda/demo/assets/img/brand/brand_5_1.svg]
[html.themehour.net/builda/demo/assets/img/brand/brand_5_2.svg]
[html.themehour.net/builda/demo/assets/img/brand/brand_5_3.svg]
[html.themehour.net/builda/demo/assets/img/brand/brand_5_4.svg]
[html.themehour.net/builda/demo/assets/img/brand/brand_5_5.svg]
[html.themehour.net/builda/demo/assets/img/brand/brand_5_6.svg]
[html.themehour.net/builda/demo/assets/img/shape/section_shape_3_1.jpg]
[html.themehour.net/builda/demo/assets/img/service/6-1.png]
[html.themehour.net/builda/demo/assets/img/icon/service-icon6-1.svg]
[html.themehour.net/builda/demo/assets/img/service/6-2.png]
[html.themehour.net/builda/demo/assets/img/icon/service-icon6-2.svg]
[html.themehour.net/builda/demo/assets/img/service/6-3.png]
[html.themehour.net/builda/demo/assets/img/icon/service-icon6-3.svg]
[html.themehour.net/builda/demo/assets/img/service/6-4.png]
[html.themehour.net/builda/demo/assets/img/shape/section_shape_3_2.jpg]
[html.themehour.net/builda/demo/assets/img/shape/section_shape_3_3.jpg]
[html.themehour.net/builda/demo/assets/img/normal/about_11_1.png]
[html.themehour.net/builda/demo/assets/img/normal/about_11_2.png]
[html.themehour.net/builda/demo/assets/img/normal/about_11_3.png]
[html.themehour.net/builda/demo/assets/img/project/project_5_1.png]
[html.themehour.net/builda/demo/assets/img/project/project_5_2.png]
[html.themehour.net/builda/demo/assets/img/project/project_5_3.png]
[html.themehour.net/builda/demo/assets/img/property/property2-5.png]
[html.themehour.net/builda/demo/assets/img/property/property2-6.png]
[html.themehour.net/builda/demo/assets/img/property/property2-7.png]
[html.themehour.net/builda/demo/assets/img/property/property2-8.png]
[html.themehour.net/builda/demo/assets/img/normal/video_4_2.png]
[html.themehour.net/builda/demo/assets/img/testimonial/testi_8_1.png]
[html.themehour.net/builda/demo/assets/img/testimonial/testi_8_2.png]
[html.themehour.net/builda/demo/assets/img/testimonial/testi_8_3.png]
[html.themehour.net/builda/demo/assets/img/normal/contact_thumb_6_2.png]
[html.themehour.net/builda/demo/assets/img/icon/star2.svg]
[html.themehour.net/builda/demo/assets/img/team/team_8_5.png]
[html.themehour.net/builda/demo/assets/img/team/team_8_6.png]
[html.themehour.net/builda/demo/assets/img/team/team_8_7.png]
[html.themehour.net/builda/demo/assets/img/team/team_8_8.png]
[html.themehour.net/builda/demo/home-10.html]
[html.themehour.net/builda/demo/home-1-op.html]
[html.themehour.net/builda/demo/home-2-op.html]
[html.themehour.net/builda/demo/home-3-op.html]
[html.themehour.net/builda/demo/home-4-op.html]
[html.themehour.net/builda/demo/home-5-op.html]
[html.themehour.net/builda/demo/home-6-op.html]
[html.themehour.net/builda/demo/home-7-op.html]
[html.themehour.net/builda/demo/home-8-op.html]
[html.themehour.net/builda/demo/home-9-op.html]
[html.themehour.net/builda/demo/home-10-op.html]
[html.themehour.net/builda/demo/assets/img/bg/breadcumb-bg.jpg]
[html.themehour.net/builda/demo/assets/img/bg/breadcumb-bg-overlay.png]
[html.themehour.net/builda/demo/assets/img/icon/service-icon1-4.png]
[html.themehour.net/builda/demo/assets/img/icon/service-icon1-5.png]
[html.themehour.net/builda/demo/assets/img/icon/service-icon1-6.png]
[html.themehour.net/builda/demo/assets/img/normal/video_1_2.png]
[html.themehour.net/builda/demo/about.html]
[html.themehour.net/builda/demo/service.html]
[html.themehour.net/builda/demo/assets/img/service/service-details-1-1.jpg]
[html.themehour.net/builda/demo/assets/img/service/service-details-1-2.jpg]
[html.themehour.net/builda/demo/service-details.html]
[html.themehour.net/builda/demo/assets/img/project/project_grid_1_1.jpg]
[html.themehour.net/builda/demo/assets/img/project/project_grid_1_2.jpg]
[html.themehour.net/builda/demo/assets/img/project/project_grid_1_3.jpg]
[html.themehour.net/builda/demo/assets/img/project/project_grid_1_4.jpg]
[html.themehour.net/builda/demo/assets/img/project/project_grid_1_5.jpg]
[html.themehour.net/builda/demo/assets/img/project/project_grid_1_6.jpg]
[html.themehour.net/builda/demo/project.html]
[html.themehour.net/builda/demo/assets/img/project/project_inner_1.jpg]
[html.themehour.net/builda/demo/assets/img/project/project_inner_2.jpg]
[html.themehour.net/builda/demo/assets/img/project/project_inner_3.jpg]
[html.themehour.net/builda/demo/project-details.html]
[html.themehour.net/builda/demo/team.html]
[html.themehour.net/builda/demo/assets/img/team/team-details.png]
[html.themehour.net/builda/demo/team-details.html]
[html.themehour.net/builda/demo/pricing.html]
[html.themehour.net/builda/demo/assets/img/product/product_details_1_1.png]
[html.themehour.net/builda/demo/assets/img/product/product_1_1.png]
[html.themehour.net/builda/demo/assets/img/product/product_1_2.png]
[html.themehour.net/builda/demo/assets/img/product/product_1_3.png]
[html.themehour.net/builda/demo/assets/img/product/product_1_4.png]
[html.themehour.net/builda/demo/assets/img/product/product_1_5.png]
[html.themehour.net/builda/demo/assets/img/product/product_1_6.png]
[html.themehour.net/builda/demo/assets/img/product/product_1_7.png]
[html.themehour.net/builda/demo/assets/img/product/product_1_8.png]
[html.themehour.net/builda/demo/assets/img/product/product_1_9.png]
[html.themehour.net/builda/demo/assets/img/product/product_1_10.png]
[html.themehour.net/builda/demo/assets/img/product/product_1_11.png]
[html.themehour.net/builda/demo/assets/img/product/product_1_12.png]
[html.themehour.net/builda/demo/shop.html]
[html.themehour.net/builda/demo/assets/img/blog/comment-author-1.jpg]
[html.themehour.net/builda/demo/assets/img/blog/comment-author-2.jpg]
[html.themehour.net/builda/demo/assets/img/blog/comment-author-3.jpg]
[html.themehour.net/builda/demo/assets/img/blog/comment-author-4.jpg]
[html.themehour.net/builda/demo/shop-details.html]
[html.themehour.net/builda/demo/cart.html]
[html.themehour.net/builda/demo/checkout.html]
[html.themehour.net/builda/demo/wishlist.html]
[html.themehour.net/builda/demo/appointment.html]
[html.themehour.net/builda/demo/assets/img/normal/faq_2_1.jpg]
[html.themehour.net/builda/demo/faq.html]
[html.themehour.net/builda/demo/testimonial.html]
[html.themehour.net/builda/demo/assets/img/normal/error_1_1.svg]
[html.themehour.net/builda/demo/error.html]
[html.themehour.net/builda/demo/assets/img/blog/blog-s-1-1.jpg]
[html.themehour.net/builda/demo/assets/img/blog/blog-s-1-2.jpg]
[html.themehour.net/builda/demo/assets/img/blog/blog-s-1-3.jpg]
[html.themehour.net/builda/demo/assets/img/blog/recent-post-1-1.jpg]
[html.themehour.net/builda/demo/assets/img/blog/recent-post-1-2.jpg]
[html.themehour.net/builda/demo/assets/img/blog/recent-post-1-3.jpg]
[html.themehour.net/builda/demo/blog.html]
[html.themehour.net/builda/demo/assets/img/widget/widget-banner.png]
[html.themehour.net/builda/demo/assets/img/blog/blog_inner_1.jpg]
[html.themehour.net/builda/demo/assets/img/blog/blog_inner_2.jpg]
[html.themehour.net/builda/demo/blog-details.html]
[html.themehour.net/builda/demo/assets/img/normal/contact_thumb_6_1.png]
[html.themehour.net/builda/demo/contact.html]
[html.themehour.net/builda/demo/assets/img/logo.svg]
[html.themehour.net/builda/demo/assets/img/icon/location-dot.svg]
[html.themehour.net/builda/demo/assets/img/icon/phone.svg]
[html.themehour.net/builda/demo/assets/img/icon/envelope.svg]
[html.themehour.net/builda/demo/assets/img/icon/service-icon3-1.svg]
[html.themehour.net/builda/demo/assets/img/icon/arrow-right.svg]
[html.themehour.net/builda/demo/assets/img/icon/service-icon3-2.svg]
[html.themehour.net/builda/demo/assets/img/icon/service-icon3-3.svg]
[html.themehour.net/builda/demo/assets/img/icon/star.svg]
[html.themehour.net/builda/demo/assets/img/icon/arrow-left.svg]
[html.themehour.net/builda/demo/assets/img/icon/qoute2.svg]
[html.themehour.net/builda/demo/assets/img/brand/brand_4_1.svg]
[html.themehour.net/builda/demo/assets/img/brand/brand_4_2.svg]
[html.themehour.net/builda/demo/assets/img/brand/brand_4_3.svg]
[html.themehour.net/builda/demo/assets/img/brand/brand_4_4.svg]
[html.themehour.net/builda/demo/assets/img/brand/brand_4_5.svg]
[html.themehour.net/builda/demo/assets/img/brand/brand_4_6.svg]
[html.themehour.net/builda/demo/assets/img/property-card1-img-mask.html]
[html.themehour.net/builda/demo/assets/img/shape/star.html]
[html.themehour.net/builda/demo/assets/img/icon/checkmark.svg]
[html.themehour.net/builda/demo/assets/img/brand/brand_1_1.svg]
[html.themehour.net/builda/demo/assets/img/brand/brand_1_2.svg]
[html.themehour.net/builda/demo/assets/img/brand/brand_1_3.svg]
[html.themehour.net/builda/demo/assets/img/brand/brand_1_4.svg]
[html.themehour.net/builda/demo/assets/img/brand/brand_1_5.svg]
[html.themehour.net/builda/demo/assets/img/brand/brand_1_6.svg]
[html.themehour.net/builda/demo/assets/img/icon/property-single-icon10-1.svg]
[html.themehour.net/builda/demo/assets/img/icon/property-single-icon10-2.svg]
[html.themehour.net/builda/demo/assets/img/icon/property-single-icon10-3.svg]
[html.themehour.net/builda/demo/assets/img/icon/property-single-icon10-4.svg]
[html.themehour.net/builda/demo/assets/img/icon/aminities-icon2-1.svg]
[html.themehour.net/builda/demo/assets/img/icon/aminities-icon2-2.svg]
[html.themehour.net/builda/demo/assets/img/icon/aminities-icon2-3.svg]
[html.themehour.net/builda/demo/assets/img/icon/aminities-icon2-4.svg]
[html.themehour.net/builda/demo/assets/img/icon/aminities-icon2-5.svg]
[html.themehour.net/builda/demo/assets/img/icon/aminities-icon2-6.svg]
[html.themehour.net/builda/demo/assets/img/icon/why-icon4-1.svg]
[html.themehour.net/builda/demo/assets/img/icon/why-icon4-2.svg]
[html.themehour.net/builda/demo/assets/img/icon/counter-4-1.svg]
[html.themehour.net/builda/demo/assets/img/icon/counter-4-2.svg]
[html.themehour.net/builda/demo/assets/img/icon/counter-4-3.svg]
[html.themehour.net/builda/demo/assets/img/icon/counter-4-4.svg]
[html.themehour.net/builda/demo/assets/img/icon/paper-plane.svg]
[html.themehour.net/builda/demo/assets/img/icon/service-icon3-4.svg]
[html.themehour.net/builda/demo/assets/img/icon/service-icon3-5.svg]
[html.themehour.net/builda/demo/assets/img/icon/service-icon3-6.svg]
[html.themehour.net/builda/demo/assets/img/icon/service-icon3-7.svg]
[html.themehour.net/builda/demo/assets/img/icon/checkmark3.svg]
[html.themehour.net/builda/demo/assets/img/icon/qoute.svg]
[html.themehour.net/builda/demo/assets/img/icon/arrow-long-top2.svg]
[html.themehour.net/builda/demo/assets/img/icon/service-icon5-1.svg]
[html.themehour.net/builda/demo/assets/img/icon/service-icon5-2.svg]
[html.themehour.net/builda/demo/assets/img/icon/service-icon5-3.svg]
[html.themehour.net/builda/demo/assets/img/icon/service-icon5-4.svg]
[html.themehour.net/builda/demo/assets/img/icon/service-icon5-5.svg]
[html.themehour.net/builda/demo/assets/img/icon/service-icon5-6.svg]
[html.themehour.net/builda/demo/assets/img/icon/counter-6-1.svg]
[html.themehour.net/builda/demo/assets/img/icon/counter-6-2.svg]
[html.themehour.net/builda/demo/assets/img/icon/counter-6-3.svg]
[html.themehour.net/builda/demo/assets/img/icon/counter-6-4.svg]
[html.themehour.net/builda/demo/assets/img/logo2.svg]
[html.themehour.net/builda/demo/assets/img/icon/aminities-icon1-1.svg]
[html.themehour.net/builda/demo/assets/img/icon/aminities-icon1-2.svg]
[html.themehour.net/builda/demo/assets/img/icon/aminities-icon1-3.svg]
[html.themehour.net/builda/demo/assets/img/icon/aminities-icon1-4.svg]
[html.themehour.net/builda/demo/assets/img/icon/aminities-icon1-5.svg]
[html.themehour.net/builda/demo/assets/img/icon/aminities-icon1-6.svg]
[html.themehour.net/builda/demo/assets/img/icon/checkmark2.svg]
[html.themehour.net/builda/demo/assets/img/brand/brand_3_1.svg]
[html.themehour.net/builda/demo/assets/img/brand/brand_3_2.svg]
[html.themehour.net/builda/demo/assets/img/brand/brand_3_3.svg]
[html.themehour.net/builda/demo/assets/img/brand/brand_3_4.svg]
[html.themehour.net/builda/demo/assets/img/brand/brand_3_5.svg]
[html.themehour.net/builda/demo/assets/img/brand/brand_3_6.svg]
[html.themehour.net/builda/demo/assets/img/logo-white2.svg]
[html.themehour.net/builda/demo/assets/img/icon/process_card_2_1.svg]
[html.themehour.net/builda/demo/assets/img/icon/process_card_2_2.svg]
[html.themehour.net/builda/demo/assets/img/icon/process_card_2_3.svg]
[html.themehour.net/builda/demo/assets/img/icon/service-icon2-1.svg]
[html.themehour.net/builda/demo/assets/img/icon/service-icon2-2.svg]
[html.themehour.net/builda/demo/assets/img/icon/service-icon2-3.svg]
[html.themehour.net/builda/demo/assets/img/logo-white3.svg]
[html.themehour.net/builda/demo/assets/img/brand/brand_5_1.svg]
[html.themehour.net/builda/demo/assets/img/brand/brand_5_2.svg]
[html.themehour.net/builda/demo/assets/img/brand/brand_5_3.svg]
[html.themehour.net/builda/demo/assets/img/brand/brand_5_4.svg]
[html.themehour.net/builda/demo/assets/img/brand/brand_5_5.svg]
[html.themehour.net/builda/demo/assets/img/brand/brand_5_6.svg]
[html.themehour.net/builda/demo/assets/img/icon/service-icon6-1.svg]
[html.themehour.net/builda/demo/assets/img/icon/service-icon6-2.svg]
[html.themehour.net/builda/demo/assets/img/icon/service-icon6-3.svg]
[html.themehour.net/builda/demo/assets/img/icon/star2.svg]
[html.themehour.net/builda/demo/+25669872564.html]
[html.themehour.net/builda/demo/assets/img/normal/error_1_1.svg]
