[inspirothemes.com/polo/index.html]
[backblue.gif]
[fade.gif]
[index.html]
[inspirothemes.com/polo/images/favicon.png]
[inspirothemes.com/polo/css/plugins.css]
[inspirothemes.com/polo/css/style.css]
[inspirothemes.com/polo/header-topbar.html]
[inspirothemes.com/polo/header-topbar-dark.html]
[inspirothemes.com/polo/header-topbar-transparent.html]
[inspirothemes.com/polo/header-topbar-colored.html]
[inspirothemes.com/polo/header-topbar-fullwidth.html]
[inspirothemes.com/polo/header.html]
[inspirothemes.com/polo/header-dark.html]
[inspirothemes.com/polo/header-transparent.html]
[inspirothemes.com/polo/header-fullwidth.html]
[inspirothemes.com/polo/header-modern.html]
[inspirothemes.com/polo/header-modern-dark.html]
[inspirothemes.com/polo/header-modern-transparent.html]
[inspirothemes.com/polo/header-mini.html]
[inspirothemes.com/polo/header-alternative.html]
[inspirothemes.com/polo/header-always-fixed.html]
[inspirothemes.com/polo/header-disable-fixed.html]
[inspirothemes.com/polo/header-responsive-fixed.html]
[inspirothemes.com/polo/header-logo.html]
[inspirothemes.com/polo/header-logo-right.html]
[inspirothemes.com/polo/header-logo-center.html]
[inspirothemes.com/polo/header-logo-fixed-header.html]
[inspirothemes.com/polo/header-logo-responsive.html]
[inspirothemes.com/polo/header-menu-left.html]
[inspirothemes.com/polo/header-menu-right.html]
[inspirothemes.com/polo/header-menu-center.html]
[inspirothemes.com/polo/menu.html]
[inspirothemes.com/polo/menu-lowercase.html]
[inspirothemes.com/polo/menu-split.html]
[inspirothemes.com/polo/menu-sub-title.html]
[inspirothemes.com/polo/menu-overlay.html]
[inspirothemes.com/polo/menu-creative.html]
[inspirothemes.com/polo/menu-lines.html]
[inspirothemes.com/polo/menu-outline.html]
[inspirothemes.com/polo/menu-outline-dark.html]
[inspirothemes.com/polo/menu-outline-light.html]
[inspirothemes.com/polo/menu-rounded.html]
[inspirothemes.com/polo/menu-rounded-dark.html]
[inspirothemes.com/polo/menu-rounded-light.html]
[inspirothemes.com/polo/menu-left.html]
[inspirothemes.com/polo/menu-center.html]
[inspirothemes.com/polo/menu-right.html]
[inspirothemes.com/polo/menu-dots.html]
[inspirothemes.com/polo/menu-one-page.html]
[inspirothemes.com/polo/menu-hover-background.html]
[inspirothemes.com/polo/menu-button.html]
[inspirothemes.com/polo/menu-social-icons.html]
[inspirothemes.com/polo/menu-onclick.html]
[inspirothemes.com/polo/menu-rounded-dropdown.html]
[inspirothemes.com/polo/page-title.html]
[inspirothemes.com/polo/page-title-image.html]
[inspirothemes.com/polo/page-title-video.html]
[inspirothemes.com/polo/page-title-pattern.html]
[inspirothemes.com/polo/page-title-background-color.html]
[inspirothemes.com/polo/page-title-parallax.html]
[inspirothemes.com/polo/page-title-animated.html]
[inspirothemes.com/polo/page-title-right.html]
[inspirothemes.com/polo/page-title-left.html]
[inspirothemes.com/polo/page-menu.html]
[inspirothemes.com/polo/page-menu-rounded.html]
[inspirothemes.com/polo/images/slider/notgeneric_bg3.jpg]
[inspirothemes.com/polo/images/other/responsive-1.jpg]
[inspirothemes.com/polo/images/portfolio/64.jpg]
[inspirothemes.com/polo/images/portfolio/70.jpg]
[inspirothemes.com/polo/images/portfolio/60.jpg]
[inspirothemes.com/polo/images/portfolio/61.jpg]
[inspirothemes.com/polo/images/portfolio/65.jpg]
[inspirothemes.com/polo/images/portfolio/80l.jpg]
[inspirothemes.com/polo/images/portfolio/81l.jpg]
[inspirothemes.com/polo/images/portfolio/82l.jpg]
[inspirothemes.com/polo/images/portfolio/66.jpg]
[inspirothemes.com/polo/images/portfolio/67.jpg]
[inspirothemes.com/polo/images/portfolio/68.jpg]
[inspirothemes.com/polo/images/portfolio/71.jpg]
[inspirothemes.com/polo/images/portfolio/69.jpg]
[inspirothemes.com/polo/images/parallax/12.jpg]
[inspirothemes.com/polo/images/blog/12.jpg]
[inspirothemes.com/polo/images/blog/17.jpg]
[inspirothemes.com/polo/images/blog/18.jpg]
[inspirothemes.com/polo/images/clients/1.png]
[inspirothemes.com/polo/images/clients/2.png]
[inspirothemes.com/polo/images/clients/3.png]
[inspirothemes.com/polo/images/clients/4.png]
[inspirothemes.com/polo/images/clients/5.png]
[inspirothemes.com/polo/images/clients/6.png]
[inspirothemes.com/polo/images/clients/7.png]
[inspirothemes.com/polo/images/clients/8.png]
[inspirothemes.com/polo/images/clients/9.png]
[inspirothemes.com/polo/images/team/6.jpg]
[inspirothemes.com/polo/images/team/7.jpg]
[inspirothemes.com/polo/images/team/8.jpg]
[inspirothemes.com/polo/images/team/9.jpg]
[inspirothemes.com/cdn-cgi/scripts/5c5dd728/cloudflare-static/email-decode.min.js]
[inspirothemes.com/polo/js/jquery.js]
[inspirothemes.com/polo/js/plugins.js]
[inspirothemes.com/polo/index.html]
[inspirothemes.com/polo/js/functions.js]
[inspirothemes.com/polo/webfonts/fa-brands-400.woff2]
[inspirothemes.com/polo/webfonts/fa-regular-400.woff2]
[inspirothemes.com/polo/webfonts/fa-solid-900.woff2]
[inspirothemes.com/polo/css/plugins.css]
[inspirothemes.com/images/overlay-pattern/gplay.png]
[inspirothemes.com/images/overlay-pattern/3px-tile.png]
[inspirothemes.com/polo/webfonts/inspiro-icons92ed.ttf]
[inspirothemes.com/polo/images/triangle-divider-down.png]
[inspirothemes.com/polo/images/triangle-divider-top.png]
[inspirothemes.com/polo/images/dropdown-arrow.png]
[inspirothemes.com/polo/css/style.css]
[inspirothemes.com/polo/header-topbar.html]
[inspirothemes.com/polo/header-topbar-dark.html]
[inspirothemes.com/polo/header-topbar-transparent.html]
[inspirothemes.com/polo/header-topbar-colored.html]
[inspirothemes.com/polo/header-topbar-fullwidth.html]
[inspirothemes.com/polo/header.html]
[inspirothemes.com/polo/header-dark.html]
[inspirothemes.com/polo/header-transparent.html]
[inspirothemes.com/polo/images/parallax/16.jpg]
[inspirothemes.com/polo/header-fullwidth.html]
[inspirothemes.com/polo/header-modern.html]
[inspirothemes.com/polo/header-modern-dark.html]
[inspirothemes.com/polo/header-modern-transparent.html]
[inspirothemes.com/polo/header-mini.html]
[inspirothemes.com/polo/header-alternative.html]
[inspirothemes.com/polo/header-always-fixed.html]
[inspirothemes.com/polo/header-disable-fixed.html]
[inspirothemes.com/polo/header-responsive-fixed.html]
[inspirothemes.com/polo/header-logo.html]
[inspirothemes.com/polo/header-logo-right.html]
[inspirothemes.com/polo/images/parallax/4.jpg]
[inspirothemes.com/polo/header-logo-center.html]
[inspirothemes.com/polo/header-logo-fixed-header.html]
[inspirothemes.com/polo/header-logo-responsive.html]
[inspirothemes.com/polo/header-menu-left.html]
[inspirothemes.com/polo/header-menu-right.html]
[inspirothemes.com/polo/header-menu-center.html]
[inspirothemes.com/polo/menu.html]
[inspirothemes.com/polo/menu-lowercase.html]
[inspirothemes.com/polo/menu-split.html]
[inspirothemes.com/polo/menu-sub-title.html]
[inspirothemes.com/polo/menu-overlay.html]
[inspirothemes.com/polo/menu-creative.html]
[inspirothemes.com/polo/menu-lines.html]
[inspirothemes.com/polo/menu-outline.html]
[inspirothemes.com/polo/menu-outline-dark.html]
[inspirothemes.com/polo/menu-outline-light.html]
[inspirothemes.com/polo/menu-rounded.html]
[inspirothemes.com/polo/menu-rounded-dark.html]
[inspirothemes.com/polo/menu-rounded-light.html]
[inspirothemes.com/polo/menu-left.html]
[inspirothemes.com/polo/menu-center.html]
[inspirothemes.com/polo/menu-right.html]
[inspirothemes.com/polo/images/blog/thumbnail/6.jpg]
[inspirothemes.com/polo/images/blog/thumbnail/7.jpg]
[inspirothemes.com/polo/images/blog/thumbnail/8.jpg]
[inspirothemes.com/polo/homepages/branding/images/background-4.png]
[inspirothemes.com/polo/menu-dots.html]
[inspirothemes.com/polo/menu-one-page.html]
[inspirothemes.com/polo/menu-hover-background.html]
[inspirothemes.com/polo/menu-button.html]
[inspirothemes.com/polo/menu-social-icons.html]
[inspirothemes.com/polo/menu-onclick.html]
[inspirothemes.com/polo/menu-rounded-dropdown.html]
[inspirothemes.com/polo/page-title.html]
[inspirothemes.com/polo/page-title-image.html]
[inspirothemes.com/polo/page-title-video.html]
[inspirothemes.com/polo/page-title-pattern.html]
[inspirothemes.com/polo/page-title-background-color.html]
[inspirothemes.com/polo/page-title-parallax.html]
[inspirothemes.com/polo/page-title-animated.html]
[inspirothemes.com/polo/page-title-right.html]
[inspirothemes.com/polo/page-title-left.html]
[inspirothemes.com/polo/page-menu.html]
[inspirothemes.com/polo/page-menu-rounded.html]
[inspirothemes.com/polo/page-menu-outline.html]
[inspirothemes.com/polo/page-menu-lines.html]
[inspirothemes.com/polo/page-menu-solid.html]
[inspirothemes.com/polo/page-menu-light.html]
[inspirothemes.com/polo/page-menu-dark.html]
[inspirothemes.com/polo/page-menu-creative.html]
[inspirothemes.com/polo/sidebar-sticky.html]
[inspirothemes.com/polo/sidebar.html]
[inspirothemes.com/polo/sidebar-right.html]
[inspirothemes.com/polo/sidebar-both.html]
[inspirothemes.com/polo/sidebar-modern.html]
[inspirothemes.com/polo/sidebar-modern-right.html]
[inspirothemes.com/polo/sidebar-modern-both.html]
[inspirothemes.com/polo/footer.html]
[inspirothemes.com/polo/footer-dark.html]
[inspirothemes.com/polo/footer-1.html]
[inspirothemes.com/polo/footer-2.html]
[inspirothemes.com/polo/footer-3.html]
[inspirothemes.com/polo/footer-4.html]
[inspirothemes.com/polo/footer-5.html]
[inspirothemes.com/polo/footer-6.html]
[inspirothemes.com/polo/layout-boxed.html]
[inspirothemes.com/polo/layout-modern.html]
[inspirothemes.com/polo/layout-frame.html]
[inspirothemes.com/polo/layout-wide.html]
[inspirothemes.com/polo/preview/index.html]
[inspirothemes.com/polo/slider-revolution-slider.html]
[inspirothemes.com/polo/slider-inspiro-slider.html]
[inspirothemes.com/polo/slider-static-media-image.html]
[inspirothemes.com/polo/slider-static-media-parallax.html]
[inspirothemes.com/polo/slider-static-media-text-rotator.html]
[inspirothemes.com/polo/slider-static-media-video.html]
[inspirothemes.com/polo/widgets.html]
[inspirothemes.com/polo/page-loaders.html]
[inspirothemes.com/polo/modal-auto-open-subscription.html]
[inspirothemes.com/polo/modal-auto-open-shop.html]
[inspirothemes.com/polo/modal-auto-open-login.html]
[inspirothemes.com/polo/modal-auto-open-audio.html]
[inspirothemes.com/polo/modal-auto-open-video.html]
[inspirothemes.com/polo/modal-auto-open-youtube.html]
[inspirothemes.com/polo/modal-auto-open-vimeo.html]
[inspirothemes.com/polo/modal-auto-open-iframe.html]
[inspirothemes.com/polo/modal-auto-open.html]
[inspirothemes.com/polo/cookie-notify.html]
[inspirothemes.com/polo/cookie-notify-bottom.html]
[inspirothemes.com/polo/shape-dividers.html]
[inspirothemes.com/polo/shortcode-according.html]
[inspirothemes.com/polo/shortcode-alerts.html]
[inspirothemes.com/polo/shortcode-animations.html]
[inspirothemes.com/polo/shortcode-avatar.html]
[inspirothemes.com/polo/shortcode-audio-video.html]
[inspirothemes.com/polo/shortcode-blockquotes.html]
[inspirothemes.com/polo/component-bootstrap-switch.html]
[inspirothemes.com/polo/component-bootstrap-notify.html]
[inspirothemes.com/polo/shortcode-breadcrumbs.html]
[inspirothemes.com/polo/shortcode-buttons.html]
[inspirothemes.com/polo/shortcode-background-image.html]
[inspirothemes.com/polo/shortcode-background-overlays.html]
[inspirothemes.com/polo/component-charts-chartjs.html]
[inspirothemes.com/polo/component-calendar.html]
[inspirothemes.com/polo/shortcode-client-logo.html]
[inspirothemes.com/polo/shortcode-calltoaction.html]
[inspirothemes.com/polo/shortcode-carousel.html]
[inspirothemes.com/polo/shortcode-code.html]
[inspirothemes.com/polo/shortcode-countdown-timer.html]
[inspirothemes.com/polo/shortcode-countdown.html]
[inspirothemes.com/polo/shortcode-counters.html]
[inspirothemes.com/polo/component-clipboard.html]
[inspirothemes.com/polo/component-datatable.html]
[inspirothemes.com/polo/component-daterangepicker.html]
[inspirothemes.com/polo/shortcode-dropcat-highlight.html]
[inspirothemes.com/polo/shortcode-dropdowns.html]
[inspirothemes.com/polo/shortcode-team-members.html]
[inspirothemes.com/polo/shortcode-forms.html]
[inspirothemes.com/polo/shortcode-form-validation.html]
[inspirothemes.com/polo/shortcode-form-layouts.html]
[inspirothemes.com/polo/shortcode-file-upload.html]
[inspirothemes.com/polo/shortcode-grid.html]
[inspirothemes.com/polo/shortcode-heading-styles.html]
[inspirothemes.com/polo/shortcode-icon-boxes.html]
[inspirothemes.com/polo/shortcode-icon-lists.html]
[inspirothemes.com/polo/shortcode-images.html]
[inspirothemes.com/polo/shortcode-lightbox.html]
[inspirothemes.com/polo/shortcode-lists.html]
[inspirothemes.com/polo/shortcode-labels-badgets.html]
[inspirothemes.com/polo/shortcode-maps.html]
[inspirothemes.com/polo/shortcode-modal.html]
[inspirothemes.com/polo/shortcode-modal-strip.html]
[inspirothemes.com/polo/shortcode-navs.html]
[inspirothemes.com/polo/shortcode-paginations.html]
[inspirothemes.com/polo/shortcode-panels.html]
[inspirothemes.com/polo/shortcode-pie-chart.html]
[inspirothemes.com/polo/shortcode-popover.html]
[inspirothemes.com/polo/shortcode-milestone-stats.html]
[inspirothemes.com/polo/shortcode-pricing-table.html]
[inspirothemes.com/polo/shortcode-progress-bar.html]
[inspirothemes.com/polo/shortcode-parallax.html]
[inspirothemes.com/polo/shortcode-particles.html]
[inspirothemes.com/polo/shortcode-responsive-utilities.html]
[inspirothemes.com/polo/component-ion-range-slider.html]
[inspirothemes.com/polo/shortcode-sections.html]
[inspirothemes.com/polo/shortcode-smooth-scrolling.html]
[inspirothemes.com/polo/shortcode-social-icons.html]
[inspirothemes.com/polo/shortcode-spinners.html]
[inspirothemes.com/polo/component-toggles-radio-checkboxes.html]
[inspirothemes.com/polo/shortcode-shape-dividers.html]
[inspirothemes.com/polo/shortcode-ratings.html]
[inspirothemes.com/polo/shortcode-tables.html]
[inspirothemes.com/polo/shortcode-textbox.html]
[inspirothemes.com/polo/shortcode-tabs.html]
[inspirothemes.com/polo/shortcode-testimonial.html]
[inspirothemes.com/polo/shortcode-toggles.html]
[inspirothemes.com/polo/shortcode-tooltips.html]
[inspirothemes.com/polo/shortcode-typography.html]
[inspirothemes.com/polo/shortcode-text-rotator.html]
[inspirothemes.com/polo/shortcode-timeline.html]
[inspirothemes.com/polo/shortcode-video-background.html]
[inspirothemes.com/polo/shortcode-wizard.html]
[inspirothemes.com/polo/page-about-basic.html]
[inspirothemes.com/polo/page-about-extended.html]
[inspirothemes.com/polo/page-about-me-creative.html]
[inspirothemes.com/polo/page-about-me-basic.html]
[inspirothemes.com/polo/page-about-me-extended.html]
[inspirothemes.com/polo/page-contact-classic.html]
[inspirothemes.com/polo/page-contact-fullwidth-map.html]
[inspirothemes.com/polo/page-contact-fullscreen-map.html]
[inspirothemes.com/polo/page-contact-map-bottom.html]
[inspirothemes.com/polo/page-contact-sidebar-left.html]
[inspirothemes.com/polo/page-contact-sidebar-right.html]
[inspirothemes.com/polo/page-gallery-2.html]
[inspirothemes.com/polo/page-gallery-3.html]
[inspirothemes.com/polo/page-gallery-4.html]
[inspirothemes.com/polo/page-gallery-5.html]
[inspirothemes.com/polo/page-gallery-6.html]
[inspirothemes.com/polo/page-gallery-sidebar.html]
[inspirothemes.com/polo/page-gallery-wide.html]
[inspirothemes.com/polo/page-gallery-load-more.html]
[inspirothemes.com/polo/page-gallery-infinite-scroll.html]
[inspirothemes.com/polo/page-user-login.html]
[inspirothemes.com/polo/page-user-login-classic.html]
[inspirothemes.com/polo/page-user-register.html]
[inspirothemes.com/polo/page-user-register-classic.html]
[inspirothemes.com/polo/page-user-password-recovery.html]
[inspirothemes.com/polo/page-services.html]
[inspirothemes.com/polo/page-our-team.html]
[inspirothemes.com/polo/page-our-clients.html]
[inspirothemes.com/polo/page-maintenance.html]
[inspirothemes.com/polo/page-404.html]
[inspirothemes.com/polo/page-404-parallax.html]
[inspirothemes.com/polo/page-500.html]
[inspirothemes.com/polo/page-fullwidth.html]
[inspirothemes.com/polo/page-fullwidth-wide.html]
[inspirothemes.com/polo/page-sidebar.html]
[inspirothemes.com/polo/page-sidebar-right.html]
[inspirothemes.com/polo/page-sidebar-both.html]
[inspirothemes.com/polo/page-site-map.html]
[inspirothemes.com/polo/page-faq.html]
[inspirothemes.com/polo/portfolio-2.html]
[inspirothemes.com/polo/portfolio-3.html]
[inspirothemes.com/polo/portfolio-4.html]
[inspirothemes.com/polo/portfolio-5.html]
[inspirothemes.com/polo/portfolio-6.html]
[inspirothemes.com/polo/portfolio-sidebar.html]
[inspirothemes.com/polo/portfolio-wide-3.html]
[inspirothemes.com/polo/portfolio-masonry-2.html]
[inspirothemes.com/polo/portfolio-masonry-3.html]
[inspirothemes.com/polo/portfolio-masonry-4.html]
[inspirothemes.com/polo/portfolio-masonry-5.html]
[inspirothemes.com/polo/portfolio-masonry-6.html]
[inspirothemes.com/polo/portfolio-masonry-sidebar.html]
[inspirothemes.com/polo/portfolio-masonry-wide-3.html]
[inspirothemes.com/polo/portfolio-filter-styles.html]
[inspirothemes.com/polo/portfolio-load-more.html]
[inspirothemes.com/polo/portfolio-load-more-sidebar.html]
[inspirothemes.com/polo/portfolio-infinite-scroll.html]
[inspirothemes.com/polo/portfolio-ajax.html]
[inspirothemes.com/polo/portfolio-gallery-modal.html]
[inspirothemes.com/polo/portfolio-video-modal.html]
[inspirothemes.com/polo/portfolio-sidebar-left.html]
[inspirothemes.com/polo/portfolio-sidebar-right.html]
[inspirothemes.com/polo/portfolio-sidebar-both.html]
[inspirothemes.com/polo/portfolio-slider-3.html]
[inspirothemes.com/polo/portfolio-no-page-title.html]
[inspirothemes.com/polo/portfolio-no-page-title-sidebar.html]
[inspirothemes.com/polo/portfolio-hover-styles.html]
[inspirothemes.com/polo/portfolio-page-grid-gallery.html]
[inspirothemes.com/polo/portfolio-page-particles.html]
[inspirothemes.com/polo/portfolio-page-floating-sidebar.html]
[inspirothemes.com/polo/portfolio-page-slider.html]
[inspirothemes.com/polo/portfolio-page-background-image.html]
[inspirothemes.com/polo/portfolio-page-background-video.html]
[inspirothemes.com/polo/blog-masonry-2.html]
[inspirothemes.com/polo/blog-masonry-3.html]
[inspirothemes.com/polo/blog-masonry-4.html]
[inspirothemes.com/polo/blog-masonry-sidebar.html]
[inspirothemes.com/polo/blog-masonry-no-page-title.html]
[inspirothemes.com/polo/blog-masonry-wide.html]
[inspirothemes.com/polo/blog-masonry-load-more.html]
[inspirothemes.com/polo/blog-masonry-infinite-scroll.html]
[inspirothemes.com/polo/blog-masonry-filter.html]
[inspirothemes.com/polo/blog-1.html]
[inspirothemes.com/polo/blog-2.html]
[inspirothemes.com/polo/blog-3.html]
[inspirothemes.com/polo/blog-4.html]
[inspirothemes.com/polo/blog-no-page-title.html]
[inspirothemes.com/polo/blog-wide.html]
[inspirothemes.com/polo/blog-load-more.html]
[inspirothemes.com/polo/blog-infinite-scroll.html]
[inspirothemes.com/polo/blog-filter.html]
[inspirothemes.com/polo/blog-left-image-sidebar-right.html]
[inspirothemes.com/polo/blog-left-image-sidebar-left.html]
[inspirothemes.com/polo/blog-left-image-sidebar-both.html]
[inspirothemes.com/polo/blog-left-image-no-sidebar.html]
[inspirothemes.com/polo/blog-left-image-no-page-title.html]
[inspirothemes.com/polo/blog-left-image-load-more.html]
[inspirothemes.com/polo/blog-left-image-infinite-scroll.html]
[inspirothemes.com/polo/blog-left-image-author-info.html]
[inspirothemes.com/polo/blog-left-image-filter.html]
[inspirothemes.com/polo/blog-sidebar-left.html]
[inspirothemes.com/polo/blog-sidebar-right.html]
[inspirothemes.com/polo/blog-sidebar-both.html]
[inspirothemes.com/polo/blog-fullwidth.html]
[inspirothemes.com/polo/blog-style-shadow.html]
[inspirothemes.com/polo/blog-style-textual.html]
[inspirothemes.com/polo/blog-style-grey-bg.html]
[inspirothemes.com/polo/blog-style-author-info.html]
[inspirothemes.com/polo/blog-single.html]
[inspirothemes.com/polo/blog-single-slider.html]
[inspirothemes.com/polo/blog-single-video.html]
[inspirothemes.com/polo/blog-single-audio.html]
[inspirothemes.com/polo/blog-single-creative.html]
[inspirothemes.com/polo/blog-comments.html]
[inspirothemes.com/polo/blog-comments-disqus.html]
[inspirothemes.com/polo/blog-comments-facebook.html]
[inspirothemes.com/polo/shop-columns-2.html]
[inspirothemes.com/polo/shop-columns-3.html]
[inspirothemes.com/polo/shop-columns-4.html]
[inspirothemes.com/polo/shop-columns-5.html]
[inspirothemes.com/polo/shop-columns-6.html]
[inspirothemes.com/polo/shop-sidebar-sticky.html]
[inspirothemes.com/polo/shop-wide.html]
[inspirothemes.com/polo/shop-no-page-title.html]
[inspirothemes.com/polo/shop-sidebar-left.html]
[inspirothemes.com/polo/shop-sidebar-right.html]
[inspirothemes.com/polo/shop-sidebar-both.html]
[inspirothemes.com/polo/shop-fullwidth.html]
[inspirothemes.com/polo/shop-load-more.html]
[inspirothemes.com/polo/shop-load-more-sidebar.html]
[inspirothemes.com/polo/shop-infinite-scroll.html]
[inspirothemes.com/polo/shop-cart.html]
[inspirothemes.com/polo/shop-cart-empty.html]
[inspirothemes.com/polo/shop-checkout.html]
[inspirothemes.com/polo/shop-checkout-completed.html]
[inspirothemes.com/polo/shop-wishlist.html]
[inspirothemes.com/polo/shop-wishlist-empty.html]
[inspirothemes.com/polo/shop-single-product.html]
[inspirothemes.com/polo/shop-single-product-sidebar-left.html]
[inspirothemes.com/polo/shop-single-product-sidebar-right.html]
[inspirothemes.com/polo/shop-single-product-sidebar-both.html]
[inspirothemes.com/polo/images/portfolio/83l.html]
[inspirothemes.com/polo/js/jquery.js]
[inspirothemes.com/polo/js/plugins.js]
[inspirothemes.com/polo/js/functions.js]
[inspirothemes.com/polo/webfonts/fa-brands-400.html]
[inspirothemes.com/polo/webfonts/fa-brands-400d41d.html]
[inspirothemes.com/polo/webfonts/fa-brands-401.html]
[inspirothemes.com/polo/webfonts/fa-brands-402.html]
[inspirothemes.com/polo/webfonts/fa-brands-403.html]
[inspirothemes.com/polo/webfonts/fa-regular-400.html]
[inspirothemes.com/polo/webfonts/fa-regular-400d41d.html]
[inspirothemes.com/polo/webfonts/fa-regular-401.html]
[inspirothemes.com/polo/webfonts/fa-regular-402.html]
[inspirothemes.com/polo/webfonts/fa-regular-403.html]
[inspirothemes.com/polo/webfonts/fa-solid-900.html]
[inspirothemes.com/polo/webfonts/fa-solid-900d41d.html]
[inspirothemes.com/polo/webfonts/fa-solid-901.html]
[inspirothemes.com/polo/webfonts/fa-solid-902.html]
[inspirothemes.com/polo/webfonts/fa-solid-903.html]
[inspirothemes.com/polo/images/expand.html]
[inspirothemes.com/polo/preview/images/new-badge.html]
[inspirothemes.com/images/overlay-pattern/gplay.html]
[inspirothemes.com/images/overlay-pattern/3px-tile.html]
[inspirothemes.com/images/overlay-pattern/asfalt-dark.html]
[inspirothemes.com/images/overlay-pattern/axiom-pattern.html]
[inspirothemes.com/polo/webfonts/inspiro-icons92ed.html]
[inspirothemes.com/polo/images/logo.html]
[inspirothemes.com/polo/images/logo-sticky.html]
[inspirothemes.com/polo/images/parallax/3.html]
[inspirothemes.com/polo/images/logo-circle.html]
[inspirothemes.com/polo/images/logo-circle-dark.html]
[inspirothemes.com/polo/images/parallax/1.html]
[inspirothemes.com/polo/side-panel.html]
[inspirothemes.com/polo/side-panel-reval.html]
[inspirothemes.com/polo/side-panel-slide-in.html]
[inspirothemes.com/polo/side-panel-static.html]
[inspirothemes.com/polo/side-panel-dark.html]
[inspirothemes.com/polo/side-panel-right.html]
[inspirothemes.com/polo/side-panel-reval-right.html]
[inspirothemes.com/polo/side-panel-slide-in-right.html]
[inspirothemes.com/polo/side-panel-static-right.html]
[inspirothemes.com/polo/images/blog/thumbnail/5.html]
[inspirothemes.com/polo/images/team/10.html]
[inspirothemes.com/polo/images/team/11.html]
[inspirothemes.com/polo/header-modern-colored.html]
[inspirothemes.com/polo/images/parallax/5.html]
[inspirothemes.com/polo/images/pattern/pattern10.html]
[inspirothemes.com/polo/images/logo-dark.html]
[inspirothemes.com/polo/^http_/index.html]
