[charitics.temptics.com/index.html]
[backblue.gif]
[fade.gif]
[index.html]
[charitics.temptics.com/assets/icon/flaticon_charitics.css]
[charitics.temptics.com/assets/vendor/bootstrap/bootstrap.min.css]
[charitics.temptics.com/assets/vendor/splide/splide.min.css]
[charitics.temptics.com/assets/vendor/swiper/swiper-bundle.min.css]
[charitics.temptics.com/assets/vendor/slim-select/slimselect.css]
[charitics.temptics.com/assets/vendor/animate-wow/animate.min.css]
[charitics.temptics.com/assets/vendor/flatpickr/flatpickr.min.css]
[charitics.temptics.com/assets/css/style.css]
[charitics.temptics.com/assets/img/logo.svg]
[charitics.temptics.com/index-2.html]
[charitics.temptics.com/about.html]
[charitics.temptics.com/services.html]
[charitics.temptics.com/service-details.html]
[charitics.temptics.com/projects.html]
[charitics.temptics.com/project-details.html]
[charitics.temptics.com/team.html]
[charitics.temptics.com/team-details.html]
[charitics.temptics.com/pricing.html]
[charitics.temptics.com/faq.html]
[charitics.temptics.com/404.html]
[charitics.temptics.com/donations.html]
[charitics.temptics.com/donation-details.html]
[charitics.temptics.com/events.html]
[charitics.temptics.com/event-details.html]
[charitics.temptics.com/blog.html]
[charitics.temptics.com/blog-2.html]
[charitics.temptics.com/blog-details.html]
[charitics.temptics.com/contact.html]
[charitics.temptics.com/assets/img/user-1.png]
[charitics.temptics.com/assets/img/user-3.png]
[charitics.temptics.com/assets/img/user-2.png]
[charitics.temptics.com/assets/img/vector-img.png]
[charitics.temptics.com/assets/img/banner-img.png]
[charitics.temptics.com/assets/img/banner-img-vector-1.png]
[charitics.temptics.com/assets/img/banner-img-vector-2.png]
[charitics.temptics.com/assets/img/about-img.png]
[charitics.temptics.com/assets/img/about-img-vector-1.svg]
[charitics.temptics.com/assets/img/about-img-vector-2.svg]
[charitics.temptics.com/assets/img/about-block-img.jpg]
[charitics.temptics.com/assets/img/about-vector-1.png]
[charitics.temptics.com/assets/img/donation-1.jpg]
[charitics.temptics.com/assets/img/donation-2.jpg]
[charitics.temptics.com/assets/img/donation-3.jpg]
[charitics.temptics.com/assets/img/donation-4.jpg]
[charitics.temptics.com/assets/img/donate-form-vector.svg]
[charitics.temptics.com/assets/img/event-img.jpg]
[charitics.temptics.com/assets/img/blog-b-1.jpg]
[charitics.temptics.com/assets/img/blog-2.jpg]
[charitics.temptics.com/assets/img/blog-b-3.jpg]
[charitics.temptics.com/assets/img/events-vector-1.png]
[charitics.temptics.com/assets/img/events-vector-2.svg]
[charitics.temptics.com/assets/img/why-join.jpg]
[charitics.temptics.com/assets/img/member-1.jpg]
[charitics.temptics.com/assets/img/member-2.jpg]
[charitics.temptics.com/assets/img/member-3.jpg]
[charitics.temptics.com/assets/img/member-4.jpg]
[charitics.temptics.com/assets/img/blog-1.jpg]
[charitics.temptics.com/assets/img/blog-3.jpg]
[charitics.temptics.com/assets/img/gallery-item-1.png]
[charitics.temptics.com/assets/img/gallery-item-2.png]
[charitics.temptics.com/assets/img/gallery-item-3.png]
[charitics.temptics.com/assets/img/gallery-item-4.png]
[charitics.temptics.com/assets/img/gallery-item-5.png]
[charitics.temptics.com/assets/img/gallery-item-6.png]
[charitics.temptics.com/assets/img/logo-white.svg]
[charitics.temptics.com/assets/img/footer-vector-img.png]
[charitics.temptics.com/assets/vendor/bootstrap/bootstrap.bundle.min.js]
[charitics.temptics.com/assets/vendor/splide/splide.min.js]
[charitics.temptics.com/assets/vendor/splide/splide-extension-auto-scroll.min.js]
[charitics.temptics.com/assets/vendor/swiper/swiper-bundle.min.js]
[charitics.temptics.com/assets/vendor/slim-select/slimselect.min.js]
[charitics.temptics.com/assets/vendor/animate-wow/wow.min.js]
[charitics.temptics.com/assets/vendor/splittype/index.min.js]
[charitics.temptics.com/assets/vendor/mixitup/mixitup.min.js]
[charitics.temptics.com/assets/vendor/fslightbox/fslightbox.js]
[charitics.temptics.com/assets/vendor/flatpickr/flatpickr.js]
[charitics.temptics.com/assets/js/main.js]
[charitics.temptics.com/assets/js/tab.js]
[charitics.temptics.com/assets/js/accordion.js]
[charitics.temptics.com/assets/js/progressbar.js]
[charitics.temptics.com/assets/js/donate-form.js]
[charitics.temptics.com/index.html]
[charitics.temptics.com/assets/icon/flaticon_chariticsc795.woff2]
[charitics.temptics.com/assets/icon/flaticon_chariticsc795.woff]
[charitics.temptics.com/assets/icon/flaticon_chariticsc795.eot]
[charitics.temptics.com/assets/icon/flaticon_chariticsc795.ttf]
[charitics.temptics.com/assets/icon/flaticon_charitics.css]
[charitics.temptics.com/assets/vendor/bootstrap/bootstrap.min.css]
[charitics.temptics.com/assets/vendor/splide/splide.min.css]
[charitics.temptics.com/assets/vendor/swiper/swiper-bundle.min.css]
[charitics.temptics.com/assets/vendor/slim-select/slimselect.css]
[charitics.temptics.com/assets/vendor/animate-wow/animate.min.css]
[charitics.temptics.com/assets/vendor/flatpickr/flatpickr.min.css]
[charitics.temptics.com/index-3.html]
[charitics.temptics.com/assets/icon/flaticon_chariticsc795.svg]
[charitics.temptics.com/assets/img/breadcrumb-bg.jpg]
[charitics.temptics.com/assets/img/about-block-icon-bg.svg]
[charitics.temptics.com/assets/img/donations-bg.png]
[charitics.temptics.com/assets/img/banner-bg-shape.svg]
[charitics.temptics.com/assets/img/donations-bg-img.jpg]
[charitics.temptics.com/assets/img/donate-form-wrapper-bg.png]
[charitics.temptics.com/assets/img/donate-form-bg.jpg]
[charitics.temptics.com/assets/img/stat-bg.png]
[charitics.temptics.com/assets/img/stats-events-bg-shape.svg]
[charitics.temptics.com/assets/img/cta-bg.jpg]
[charitics.temptics.com/assets/img/volunteer-bg-1.jpg]
[charitics.temptics.com/assets/img/donate-form-2-bg.jpg]
[charitics.temptics.com/assets/img/service-bg.png]
[charitics.temptics.com/assets/img/quote-icon.svg]
[charitics.temptics.com/assets/img/quote-icon-white.svg]
[charitics.temptics.com/assets/css/style.css]
[charitics.temptics.com/assets/img/logo.svg]
[charitics.temptics.com/assets/img/banner-2-slide-1.jpg]
[charitics.temptics.com/assets/img/banner-2-slide-2.jpg]
[charitics.temptics.com/assets/img/banner-2-slide-3.jpg]
[charitics.temptics.com/assets/img/left-arrow.svg]
[charitics.temptics.com/assets/img/right-arrow.svg]
[charitics.temptics.com/assets/img/about-2-img.jpg]
[charitics.temptics.com/assets/img/mission.svg]
[charitics.temptics.com/assets/img/vision.svg]
[charitics.temptics.com/assets/img/service-1.jpg]
[charitics.temptics.com/assets/img/service-2.jpg]
[charitics.temptics.com/assets/img/service-3.jpg]
[charitics.temptics.com/assets/img/service-4.jpg]
[charitics.temptics.com/assets/img/project-1.jpg]
[charitics.temptics.com/assets/img/project-2.jpg]
[charitics.temptics.com/assets/img/project-3.jpg]
[charitics.temptics.com/assets/img/project-4.jpg]
[charitics.temptics.com/assets/img/cta-vector.svg]
[charitics.temptics.com/assets/img/reviewer-1.png]
[charitics.temptics.com/assets/img/reviewer-2.png]
[charitics.temptics.com/assets/img/reviewer-3.png]
[charitics.temptics.com/assets/img/reviewer-4.png]
[charitics.temptics.com/assets/img/contact-img.jpg]
[charitics.temptics.com/index-2.html]
[charitics.temptics.com/assets/img/mission-img.jpg]
[charitics.temptics.com/about.html]
[charitics.temptics.com/services.html]
[charitics.temptics.com/assets/img/service-details-1.jpg]
[charitics.temptics.com/assets/img/service-details-video-cover.jpg]
[charitics.temptics.com/service-details.html]
[charitics.temptics.com/projects.html]
[charitics.temptics.com/assets/img/project-details-img-1.jpg]
[charitics.temptics.com/project-details.html]
[charitics.temptics.com/assets/img/member-5.jpg]
[charitics.temptics.com/assets/img/member-6.jpg]
[charitics.temptics.com/assets/img/member-7.jpg]
[charitics.temptics.com/assets/img/member-8.jpg]
[charitics.temptics.com/team.html]
[charitics.temptics.com/assets/img/team-details-img.jpg]
[charitics.temptics.com/team-details.html]
[charitics.temptics.com/pricing.html]
[charitics.temptics.com/faq.html]
[charitics.temptics.com/assets/img/404-img.png]
[charitics.temptics.com/404.html]
[charitics.temptics.com/donations.html]
[charitics.temptics.com/assets/img/donation-details-img.jpg]
[charitics.temptics.com/assets/img/donation-details-inner-1.jpg]
[charitics.temptics.com/assets/img/donation-details-inner-2.jpg]
[charitics.temptics.com/donation-details.html]
[charitics.temptics.com/assets/img/blog-b-2.jpg]
[charitics.temptics.com/events.html]
[charitics.temptics.com/assets/img/event-details.jpg]
[charitics.temptics.com/event-details.html]
[charitics.temptics.com/blog.html]
[charitics.temptics.com/blog-2.html]
[charitics.temptics.com/assets/img/commenter-1.jpg]
[charitics.temptics.com/assets/img/commenter-2.jpg]
[charitics.temptics.com/blog-details.html]
[charitics.temptics.com/contact.html]
[charitics.temptics.com/assets/img/about-img-vector-1.svg]
[charitics.temptics.com/assets/img/about-img-vector-2.svg]
[charitics.temptics.com/assets/img/donate-form-vector.svg]
[charitics.temptics.com/assets/img/events-vector-2.svg]
[charitics.temptics.com/assets/img/logo-white.svg]
[charitics.temptics.com/assets/icon/flaticon_chariticsc795.svg]
[charitics.temptics.com/index-3.html]
[charitics.temptics.com/assets/img/banner-bg-shape.svg]
[charitics.temptics.com/assets/img/about-block-icon-bg.svg]
[charitics.temptics.com/assets/img/stats-events-bg-shape.svg]
[charitics.temptics.com/assets/img/quote-icon.svg]
[charitics.temptics.com/assets/img/quote-icon-white.svg]
[charitics.temptics.com/assets/img/left-arrow.svg]
[charitics.temptics.com/assets/img/right-arrow.svg]
[charitics.temptics.com/assets/img/mission.svg]
[charitics.temptics.com/assets/img/vision.svg]
[charitics.temptics.com/assets/img/cta-vector.svg]
