[peacefulqode.co.in/themes/textica/html/index.html]
[backblue.gif]
[fade.gif]
[index.html]
[peacefulqode.co.in/themes/textica/html/images/favicon.png]
[peacefulqode.co.in/themes/textica/html/css/bootstrap.min.css]
[peacefulqode.co.in/themes/textica/html/rev/fonts/pe-icon-7-stroke/css/pe-icon-7-stroke.css]
[peacefulqode.co.in/themes/textica/html/rev/fonts/font-awesome/css/font-awesome.css]
[peacefulqode.co.in/themes/textica/html/rev/css/rs6.css]
[peacefulqode.co.in/themes/textica/html/css/owl.carousel.min.css]
[peacefulqode.co.in/themes/textica/html/css/slick.css]
[peacefulqode.co.in/themes/textica/html/css/simplebar.min.css]
[peacefulqode.co.in/themes/textica/html/css/animations.min.css]
[peacefulqode.co.in/themes/textica/html/css/magnific-popup.min.css]
[peacefulqode.co.in/themes/textica/html/fonts/font-awesome/css/all.min.css]
[peacefulqode.co.in/themes/textica/html/fonts/flaticon/flaticon.css]
[peacefulqode.co.in/themes/textica/html/css/ionicons.min.css]
[peacefulqode.co.in/themes/textica/html/fonts/themify-icons/themify-icons.css]
[peacefulqode.co.in/themes/textica/html/css/style.css]
[peacefulqode.co.in/themes/textica/html/css/responsive.css]
[peacefulqode.co.in/themes/textica/html/images/logos/loader.png]
[peacefulqode.co.in/themes/textica/html/images/logos/sidebar-logo.png]
[peacefulqode.co.in/themes/textica/html/strategies-for-reducing-environmental.html]
[peacefulqode.co.in/themes/textica/html/images/recent-posts/1.jpg]
[peacefulqode.co.in/themes/textica/html/images/recent-posts/2.jpg]
[peacefulqode.co.in/themes/textica/html/images/recent-posts/3.jpg]
[peacefulqode.co.in/themes/textica/html/index-2.html]
[peacefulqode.co.in/themes/textica/html/index-3.html]
[peacefulqode.co.in/themes/textica/html/about-us.html]
[peacefulqode.co.in/themes/textica/html/our-services.html]
[peacefulqode.co.in/themes/textica/html/our-pricing.html]
[peacefulqode.co.in/themes/textica/html/our-team.html]
[peacefulqode.co.in/themes/textica/html/2-column-shop.html]
[peacefulqode.co.in/themes/textica/html/3-column-shop.html]
[peacefulqode.co.in/themes/textica/html/4-column-shop.html]
[peacefulqode.co.in/themes/textica/html/5-column-shop.html]
[peacefulqode.co.in/themes/textica/html/6-column-shop.html]
[peacefulqode.co.in/themes/textica/html/on-sale-product.html]
[peacefulqode.co.in/themes/textica/html/best-selling-products.html]
[peacefulqode.co.in/themes/textica/html/faqs.html]
[peacefulqode.co.in/themes/textica/html/404.html]
[peacefulqode.co.in/themes/textica/html/fabric-printing.html]
[peacefulqode.co.in/themes/textica/html/fabric-dyeing.html]
[peacefulqode.co.in/themes/textica/html/manufacture.html]
[peacefulqode.co.in/themes/textica/html/engineering.html]
[peacefulqode.co.in/themes/textica/html/stich-fabric.html]
[peacefulqode.co.in/themes/textica/html/we-design-fabric.html]
[peacefulqode.co.in/themes/textica/html/2-column.html]
[peacefulqode.co.in/themes/textica/html/3-column.html]
[peacefulqode.co.in/themes/textica/html/3-column-wide.html]
[peacefulqode.co.in/themes/textica/html/4-column.html]
[peacefulqode.co.in/themes/textica/html/4-column-wide.html]
[peacefulqode.co.in/themes/textica/html/standard.html]
[peacefulqode.co.in/themes/textica/html/standard-wide.html]
[peacefulqode.co.in/themes/textica/html/masonry.html]
[peacefulqode.co.in/themes/textica/html/masonry-wide.html]
[peacefulqode.co.in/themes/textica/html/2-column-slider.html]
[peacefulqode.co.in/themes/textica/html/3-column-slider.html]
[peacefulqode.co.in/themes/textica/html/3-column-slider-wide.html]
[peacefulqode.co.in/themes/textica/html/4-column-slider.html]
[peacefulqode.co.in/themes/textica/html/4-column-slider-wide.html]
[peacefulqode.co.in/themes/textica/html/textiles-and-fashion.html]
[peacefulqode.co.in/themes/textica/html/1-column-blog.html]
[peacefulqode.co.in/themes/textica/html/2-column-blog.html]
[peacefulqode.co.in/themes/textica/html/3-column-blog.html]
[peacefulqode.co.in/themes/textica/html/left-sidebar.html]
[peacefulqode.co.in/themes/textica/html/right-sidebar.html]
[peacefulqode.co.in/themes/textica/html/contact.html]
[peacefulqode.co.in/themes/textica/html/images/logos/header-logo.png]
[peacefulqode.co.in/themes/textica/html/rev/assets/index/dummy.png]
[peacefulqode.co.in/themes/textica/html/images/service/fancy-box-style-1/1.jpg]
[peacefulqode.co.in/themes/textica/html/images/service/fancy-box-style-1/2.jpg]
[peacefulqode.co.in/themes/textica/html/images/service/fancy-box-style-1/3.jpg]
[peacefulqode.co.in/themes/textica/html/images/section-title/title-icon-white.png]
[peacefulqode.co.in/themes/textica/html/images/service/vertical-slider/1.jpg]
[peacefulqode.co.in/themes/textica/html/images/service/vertical-slider/2.jpg]
[peacefulqode.co.in/themes/textica/html/images/service/vertical-slider/3.jpg]
[peacefulqode.co.in/themes/textica/html/images/service/vertical-slider/4.jpg]
[peacefulqode.co.in/themes/textica/html/images/service/vertical-slider/5.jpg]
[peacefulqode.co.in/themes/textica/html/images/service/vertical-slider/6.jpg]
[peacefulqode.co.in/themes/textica/html/images/section-title/title-icon-primary.png]
[peacefulqode.co.in/themes/textica/html/images/about-us/1.jpg]
[peacefulqode.co.in/themes/textica/html/images/portfolio/slider/1.jpg]
[peacefulqode.co.in/themes/textica/html/images/portfolio/slider/2.jpg]
[peacefulqode.co.in/themes/textica/html/images/portfolio/slider/3.jpg]
[peacefulqode.co.in/themes/textica/html/images/portfolio/slider/4.jpg]
[peacefulqode.co.in/themes/textica/html/images/portfolio/slider/5.jpg]
[peacefulqode.co.in/themes/textica/html/images/portfolio/slider/7.jpg]
[peacefulqode.co.in/themes/textica/html/images/portfolio/slider/8.jpg]
[peacefulqode.co.in/themes/textica/html/images/portfolio/slider/9.jpg]
[peacefulqode.co.in/themes/textica/html/images/portfolio/slider/6.jpg]
[peacefulqode.co.in/themes/textica/html/images/about-us/2.jpg]
[peacefulqode.co.in/themes/textica/html/images/pricebox/1.png]
[peacefulqode.co.in/themes/textica/html/images/pricebox/2.png]
[peacefulqode.co.in/themes/textica/html/images/pricebox/3.png]
[peacefulqode.co.in/themes/textica/html/images/testimonial/slider/testimonial-style-1/1.jpg]
[peacefulqode.co.in/themes/textica/html/images/testimonial/slider/testimonial-style-1/review-from/1.png]
[peacefulqode.co.in/themes/textica/html/images/testimonial/slider/testimonial-style-1/2.jpg]
[peacefulqode.co.in/themes/textica/html/images/testimonial/slider/testimonial-style-1/3.jpg]
[peacefulqode.co.in/themes/textica/html/images/testimonial/slider/testimonial-style-1/4.jpg]
[peacefulqode.co.in/themes/textica/html/images/logos/footer-logo.png]
[peacefulqode.co.in/themes/textica/html/js/jquery.min.js]
[peacefulqode.co.in/themes/textica/html/js/bootstrap.min.js]
[peacefulqode.co.in/themes/textica/html/js/owl.carousel.min.js]
[peacefulqode.co.in/themes/textica/html/js/progressbar.js]
[peacefulqode.co.in/themes/textica/html/js/isotope.pkgd.min.js]
[peacefulqode.co.in/themes/textica/html/js/jquery.countTo.min.js]
[peacefulqode.co.in/themes/textica/html/js/jquery.magnific-popup.min.js]
[peacefulqode.co.in/themes/textica/html/js/wow.min.js]
[peacefulqode.co.in/themes/textica/html/js/simplebar.min.js]
[peacefulqode.co.in/themes/textica/html/js/slick.js]
[peacefulqode.co.in/themes/textica/html/rev/js/rbtools.min.js]
[peacefulqode.co.in/themes/textica/html/rev/js/rs6.min.js]
[peacefulqode.co.in/themes/textica/html/js/rev-custom.js]
[peacefulqode.co.in/themes/textica/html/js/custom.js]
[peacefulqode.co.in/themes/textica/html/index.html]
[img1.wsimg.com/signals/js/clients/scc-c2/scc-c2.min.js]
[peacefulqode.co.in/themes/textica/html/css/bootstrap.min.css]
[peacefulqode.co.in/themes/textica/html/rev/fonts/pe-icon-7-stroke/fonts/Pe-icon-7-strokebb1d.woff]
[peacefulqode.co.in/themes/textica/html/rev/fonts/pe-icon-7-stroke/css/pe-icon-7-stroke.css]
[peacefulqode.co.in/themes/textica/html/rev/fonts/font-awesome/fonts/fontawesome-webfont3e6e.woff2]
[peacefulqode.co.in/themes/textica/html/rev/fonts/font-awesome/fonts/fontawesome-webfont3e6e.woff]
[peacefulqode.co.in/themes/textica/html/rev/fonts/font-awesome/css/font-awesome.css]
[peacefulqode.co.in/themes/textica/html/rev/fonts/revicons/revicons90c6.woff]
[peacefulqode.co.in/themes/textica/html/rev/css/rs6.css]
[peacefulqode.co.in/themes/textica/html/css/owl.carousel.min.css]
[peacefulqode.co.in/themes/textica/html/css/slick.css]
[peacefulqode.co.in/themes/textica/html/css/simplebar.min.css]
[peacefulqode.co.in/themes/textica/html/css/animations.min.css]
[peacefulqode.co.in/themes/textica/html/css/magnific-popup.min.css]
[peacefulqode.co.in/themes/textica/html/fonts/font-awesome/webfonts/fa-brands-400.woff2]
[peacefulqode.co.in/themes/textica/html/fonts/font-awesome/webfonts/fa-regular-400.woff2]
[peacefulqode.co.in/themes/textica/html/fonts/font-awesome/webfonts/fa-solid-900.woff2]
[peacefulqode.co.in/themes/textica/html/fonts/font-awesome/webfonts/fa-v4compatibility.woff2]
[peacefulqode.co.in/themes/textica/html/fonts/font-awesome/css/all.min.css]
[peacefulqode.co.in/themes/textica/html/fonts/flaticon/flaticon73a0.ttf]
[peacefulqode.co.in/themes/textica/html/fonts/flaticon/flaticon73a0.woff]
[peacefulqode.co.in/themes/textica/html/fonts/flaticon/flaticon73a0.woff2]
[peacefulqode.co.in/themes/textica/html/fonts/flaticon/flaticon73a0.eot]
[peacefulqode.co.in/themes/textica/html/fonts/flaticon/flaticon.css]
[peacefulqode.co.in/themes/textica/html/fonts/ionicons/ionicons28b5.eot]
[peacefulqode.co.in/themes/textica/html/fonts/ionicons/ionicons28b5.ttf]
[peacefulqode.co.in/themes/textica/html/fonts/ionicons/ionicons28b5.woff]
[peacefulqode.co.in/themes/textica/html/css/ionicons.min.css]
[peacefulqode.co.in/themes/textica/html/fonts/themify-icons/themify9f24.woff]
[peacefulqode.co.in/themes/textica/html/fonts/themify-icons/themify-icons.css]
[peacefulqode.co.in/themes/textica/html/images/breadcrumb/1.jpg]
[peacefulqode.co.in/themes/textica/html/images/background-images/footer-bg.jpg]
[peacefulqode.co.in/themes/textica/html/images/background-images/1.png]
[peacefulqode.co.in/themes/textica/html/images/background-images/2.jpg]
[peacefulqode.co.in/themes/textica/html/images/background-images/3.png]
[peacefulqode.co.in/themes/textica/html/images/background-images/4.jpg]
[peacefulqode.co.in/themes/textica/html/images/background-images/5.png]
[peacefulqode.co.in/themes/textica/html/images/background-images/6.jpg]
[peacefulqode.co.in/themes/textica/html/images/background-images/7.jpg]
[peacefulqode.co.in/themes/textica/html/images/background-images/8.jpg]
[peacefulqode.co.in/themes/textica/html/images/background-images/9.png]
[peacefulqode.co.in/themes/textica/html/images/background-images/10.jpg]
[peacefulqode.co.in/themes/textica/html/images/background-images/11.png]
[peacefulqode.co.in/themes/textica/html/images/background-images/process-bg-img.png]
[peacefulqode.co.in/themes/textica/html/images/video-popup/1.jpg]
[peacefulqode.co.in/themes/textica/html/css/style.css]
[peacefulqode.co.in/themes/textica/html/css/responsive.css]
[peacefulqode.co.in/themes/textica/html/images/blog-single/1.jpg]
[peacefulqode.co.in/themes/textica/html/images/blog-single/gallery/1.jpg]
[peacefulqode.co.in/themes/textica/html/images/blog-single/gallery/2.jpg]
[peacefulqode.co.in/themes/textica/html/images/blog-single/gallery/3.jpg]
[peacefulqode.co.in/themes/textica/html/images/blog-single/gallery/4.jpg]
[peacefulqode.co.in/themes/textica/html/images/blog-single/gallery/5.jpg]
[peacefulqode.co.in/themes/textica/html/images/blog-single/gallery/6.jpg]
[peacefulqode.co.in/themes/textica/html/images/blog-single/gallery/7.jpg]
[peacefulqode.co.in/themes/textica/html/images/blog-single/gallery/8.jpg]
[peacefulqode.co.in/themes/textica/html/images/blog-single/gallery/9.jpg]
[peacefulqode.co.in/themes/textica/html/images/blog-single/gallery/10.jpg]
[peacefulqode.co.in/themes/textica/html/images/blog-single/user.png]
[peacefulqode.co.in/themes/textica/html/images/blog-single/slider/1.jpg]
[peacefulqode.co.in/themes/textica/html/images/blog-single/slider/2.jpg]
[peacefulqode.co.in/themes/textica/html/images/blog-single/slider/3.jpg]
[peacefulqode.co.in/themes/textica/html/images/blog-single/slider/4.jpg]
[peacefulqode.co.in/themes/textica/html/images/blog-single/slider/5.jpg]
[peacefulqode.co.in/themes/textica/html/images/blog-single/slider/6.jpg]
[peacefulqode.co.in/themes/textica/html/images/blog-single/slider/7.jpg]
[peacefulqode.co.in/themes/textica/html/images/blog-single/slider/8.jpg]
[peacefulqode.co.in/themes/textica/html/images/blog-single/slider/9.jpg]
[peacefulqode.co.in/themes/textica/html/images/blog-single/slider/10.jpg]
[peacefulqode.co.in/themes/textica/html/strategies-for-reducing-environmental.html]
[peacefulqode.co.in/themes/textica/html/rev/assets/index-2/dummy.png]
[peacefulqode.co.in/themes/textica/html/images/about-us/3.jpg]
[peacefulqode.co.in/themes/textica/html/images/about-us/4.jpg]
[peacefulqode.co.in/themes/textica/html/images/service/slick-horizontal/1.jpg]
[peacefulqode.co.in/themes/textica/html/images/client/slider/1.png]
[peacefulqode.co.in/themes/textica/html/images/client/slider/h1.png]
[peacefulqode.co.in/themes/textica/html/images/client/slider/2.png]
[peacefulqode.co.in/themes/textica/html/images/client/slider/h2.png]
[peacefulqode.co.in/themes/textica/html/images/client/slider/3.png]
[peacefulqode.co.in/themes/textica/html/images/client/slider/h3.png]
[peacefulqode.co.in/themes/textica/html/images/client/slider/4.png]
[peacefulqode.co.in/themes/textica/html/images/client/slider/h4.png]
[peacefulqode.co.in/themes/textica/html/images/client/slider/5.png]
[peacefulqode.co.in/themes/textica/html/images/client/slider/h5.png]
[peacefulqode.co.in/themes/textica/html/images/client/slider/6.png]
[peacefulqode.co.in/themes/textica/html/images/client/slider/h6.png]
[peacefulqode.co.in/themes/textica/html/images/gallery/1.jpg]
[peacefulqode.co.in/themes/textica/html/images/gallery/2.jpg]
[peacefulqode.co.in/themes/textica/html/images/gallery/3.jpg]
[peacefulqode.co.in/themes/textica/html/images/gallery/4.jpg]
[peacefulqode.co.in/themes/textica/html/images/gallery/5.jpg]
[peacefulqode.co.in/themes/textica/html/images/gallery/6.jpg]
[peacefulqode.co.in/themes/textica/html/images/timeline/1.jpg]
[peacefulqode.co.in/themes/textica/html/images/timeline/2.jpg]
[peacefulqode.co.in/themes/textica/html/images/timeline/3.jpg]
[peacefulqode.co.in/themes/textica/html/images/team/slider/1.jpg]
[peacefulqode.co.in/themes/textica/html/images/team/slider/2.jpg]
[peacefulqode.co.in/themes/textica/html/images/team/slider/3.jpg]
[peacefulqode.co.in/themes/textica/html/images/team/slider/4.jpg]
[peacefulqode.co.in/themes/textica/html/images/testimonial/1.jpg]
[peacefulqode.co.in/themes/textica/html/images/testimonial/slider/testimonial-style-2/1.jpg]
[peacefulqode.co.in/themes/textica/html/images/testimonial/slider/testimonial-style-2/2.jpg]
[peacefulqode.co.in/themes/textica/html/images/testimonial/slider/testimonial-style-2/3.jpg]
[peacefulqode.co.in/themes/textica/html/images/testimonial/slider/testimonial-style-2/4.jpg]
[peacefulqode.co.in/themes/textica/html/images/blog/list/1.jpg]
[peacefulqode.co.in/themes/textica/html/images/blog/list/2.jpg]
[peacefulqode.co.in/themes/textica/html/images/blog/list/3.jpg]
[peacefulqode.co.in/themes/textica/html/js/circle-progress.min.js]
[peacefulqode.co.in/themes/textica/html/index-2.html]
[peacefulqode.co.in/themes/textica/html/rev/assets/index-3/dummy.png]
[peacefulqode.co.in/themes/textica/html/images/about-us/5.png]
[peacefulqode.co.in/themes/textica/html/images/why-us/1.jpg]
[peacefulqode.co.in/themes/textica/html/images/process-step/1.jpg]
[peacefulqode.co.in/themes/textica/html/images/process-step/2.jpg]
[peacefulqode.co.in/themes/textica/html/images/process-step/3.jpg]
[peacefulqode.co.in/themes/textica/html/images/slides/1.png]
[peacefulqode.co.in/themes/textica/html/images/slides/2.jpg]
[peacefulqode.co.in/themes/textica/html/images/homepage-3-product/1.jpg]
[peacefulqode.co.in/themes/textica/html/images/homepage-3-product/2.jpg]
[peacefulqode.co.in/themes/textica/html/images/homepage-3-product/3.jpg]
[peacefulqode.co.in/themes/textica/html/images/homepage-3-product/4.jpg]
[peacefulqode.co.in/themes/textica/html/images/testimonial/slider/testimonial-style-3/1.jpg]
[peacefulqode.co.in/themes/textica/html/images/testimonial/slider/testimonial-style-3/2.jpg]
[peacefulqode.co.in/themes/textica/html/images/testimonial/slider/testimonial-style-3/3.jpg]
[peacefulqode.co.in/themes/textica/html/images/testimonial/slider/testimonial-style-3/4.jpg]
[peacefulqode.co.in/themes/textica/html/images/contact-box/map.png]
[peacefulqode.co.in/themes/textica/html/images/contact-box/1.png]
[peacefulqode.co.in/themes/textica/html/images/contact-box/2.png]
[peacefulqode.co.in/themes/textica/html/images/contact-box/3.png]
[peacefulqode.co.in/themes/textica/html/images/contact-box/4.png]
[peacefulqode.co.in/themes/textica/html/images/contact-box/5.png]
[peacefulqode.co.in/themes/textica/html/index-3.html]
[peacefulqode.co.in/themes/textica/html/about-us.html]
[peacefulqode.co.in/themes/textica/html/our-services.html]
[peacefulqode.co.in/themes/textica/html/our-pricing.html]
[peacefulqode.co.in/themes/textica/html/our-team.html]
[peacefulqode.co.in/themes/textica/html/images/shop/2-column-shop/1.jpg]
[peacefulqode.co.in/themes/textica/html/images/shop/2-column-shop/2.jpg]
[peacefulqode.co.in/themes/textica/html/images/shop/2-column-shop/3.jpg]
[peacefulqode.co.in/themes/textica/html/images/shop/2-column-shop/4.jpg]
[peacefulqode.co.in/themes/textica/html/images/shop/2-column-shop/5.jpg]
[peacefulqode.co.in/themes/textica/html/images/shop/2-column-shop/6.jpg]
[peacefulqode.co.in/themes/textica/html/images/shop/2-column-shop/7.jpg]
[peacefulqode.co.in/themes/textica/html/images/shop/2-column-shop/8.jpg]
[peacefulqode.co.in/themes/textica/html/2-column-shop.html]
[peacefulqode.co.in/themes/textica/html/images/shop/3-column-shop/1.jpg]
[peacefulqode.co.in/themes/textica/html/images/shop/3-column-shop/2.jpg]
[peacefulqode.co.in/themes/textica/html/images/shop/3-column-shop/3.jpg]
[peacefulqode.co.in/themes/textica/html/images/shop/3-column-shop/4.jpg]
[peacefulqode.co.in/themes/textica/html/images/shop/3-column-shop/5.jpg]
[peacefulqode.co.in/themes/textica/html/images/shop/3-column-shop/6.jpg]
[peacefulqode.co.in/themes/textica/html/images/shop/3-column-shop/7.jpg]
[peacefulqode.co.in/themes/textica/html/images/shop/3-column-shop/8.jpg]
[peacefulqode.co.in/themes/textica/html/images/shop/3-column-shop/9.jpg]
[peacefulqode.co.in/themes/textica/html/3-column-shop.html]
[peacefulqode.co.in/themes/textica/html/images/shop/4-column-shop/1.jpg]
[peacefulqode.co.in/themes/textica/html/images/shop/4-column-shop/2.jpg]
[peacefulqode.co.in/themes/textica/html/images/shop/4-column-shop/3.jpg]
[peacefulqode.co.in/themes/textica/html/images/shop/4-column-shop/4.jpg]
[peacefulqode.co.in/themes/textica/html/images/shop/4-column-shop/5.jpg]
[peacefulqode.co.in/themes/textica/html/images/shop/4-column-shop/6.jpg]
[peacefulqode.co.in/themes/textica/html/images/shop/4-column-shop/7.jpg]
[peacefulqode.co.in/themes/textica/html/images/shop/4-column-shop/8.jpg]
[peacefulqode.co.in/themes/textica/html/images/shop/4-column-shop/9.jpg]
[peacefulqode.co.in/themes/textica/html/images/shop/4-column-shop/10.jpg]
[peacefulqode.co.in/themes/textica/html/images/shop/4-column-shop/11.jpg]
[peacefulqode.co.in/themes/textica/html/images/shop/4-column-shop/12.jpg]
[peacefulqode.co.in/themes/textica/html/4-column-shop.html]
[peacefulqode.co.in/themes/textica/html/images/shop/5-column-shop/1.jpg]
[peacefulqode.co.in/themes/textica/html/images/shop/5-column-shop/2.jpg]
[peacefulqode.co.in/themes/textica/html/images/shop/5-column-shop/3.jpg]
[peacefulqode.co.in/themes/textica/html/images/shop/5-column-shop/4.jpg]
[peacefulqode.co.in/themes/textica/html/images/shop/5-column-shop/5.jpg]
[peacefulqode.co.in/themes/textica/html/images/shop/5-column-shop/6.jpg]
[peacefulqode.co.in/themes/textica/html/images/shop/5-column-shop/7.jpg]
[peacefulqode.co.in/themes/textica/html/images/shop/5-column-shop/8.jpg]
[peacefulqode.co.in/themes/textica/html/images/shop/5-column-shop/9.jpg]
[peacefulqode.co.in/themes/textica/html/images/shop/5-column-shop/10.jpg]
[peacefulqode.co.in/themes/textica/html/5-column-shop.html]
[peacefulqode.co.in/themes/textica/html/images/shop/6-column-shop/1.jpg]
[peacefulqode.co.in/themes/textica/html/images/shop/6-column-shop/2.jpg]
[peacefulqode.co.in/themes/textica/html/images/shop/6-column-shop/3.jpg]
[peacefulqode.co.in/themes/textica/html/images/shop/6-column-shop/4.jpg]
[peacefulqode.co.in/themes/textica/html/images/shop/6-column-shop/5.jpg]
[peacefulqode.co.in/themes/textica/html/images/shop/6-column-shop/6.jpg]
[peacefulqode.co.in/themes/textica/html/images/shop/6-column-shop/7.jpg]
[peacefulqode.co.in/themes/textica/html/images/shop/6-column-shop/8.jpg]
[peacefulqode.co.in/themes/textica/html/images/shop/6-column-shop/9.jpg]
[peacefulqode.co.in/themes/textica/html/images/shop/6-column-shop/10.jpg]
[peacefulqode.co.in/themes/textica/html/images/shop/6-column-shop/11.jpg]
[peacefulqode.co.in/themes/textica/html/images/shop/6-column-shop/12.jpg]
[peacefulqode.co.in/themes/textica/html/6-column-shop.html]
[peacefulqode.co.in/themes/textica/html/images/shop/on-sale-product/1.jpg]
[peacefulqode.co.in/themes/textica/html/images/shop/on-sale-product/2.jpg]
[peacefulqode.co.in/themes/textica/html/images/shop/on-sale-product/3.jpg]
[peacefulqode.co.in/themes/textica/html/images/shop/on-sale-product/4.jpg]
[peacefulqode.co.in/themes/textica/html/images/shop/on-sale-product/5.jpg]
[peacefulqode.co.in/themes/textica/html/images/shop/on-sale-product/6.jpg]
[peacefulqode.co.in/themes/textica/html/images/shop/on-sale-product/7.jpg]
[peacefulqode.co.in/themes/textica/html/images/shop/on-sale-product/8.jpg]
[peacefulqode.co.in/themes/textica/html/on-sale-product.html]
[peacefulqode.co.in/themes/textica/html/images/shop/best-selling-product/1.jpg]
[peacefulqode.co.in/themes/textica/html/images/shop/best-selling-product/2.jpg]
[peacefulqode.co.in/themes/textica/html/images/shop/best-selling-product/3.jpg]
[peacefulqode.co.in/themes/textica/html/images/shop/best-selling-product/4.jpg]
[peacefulqode.co.in/themes/textica/html/images/shop/best-selling-product/5.jpg]
[peacefulqode.co.in/themes/textica/html/images/shop/best-selling-product/6.jpg]
[peacefulqode.co.in/themes/textica/html/images/shop/best-selling-product/7.jpg]
[peacefulqode.co.in/themes/textica/html/images/shop/best-selling-product/8.jpg]
[peacefulqode.co.in/themes/textica/html/best-selling-products.html]
[peacefulqode.co.in/themes/textica/html/images/faq/1.jpg]
[peacefulqode.co.in/themes/textica/html/faqs.html]
[peacefulqode.co.in/themes/textica/html/404.html]
[peacefulqode.co.in/themes/textica/html/images/service-single/contact.jpg]
[peacefulqode.co.in/themes/textica/html/images/service-single/1.jpg]
[peacefulqode.co.in/themes/textica/html/images/service-single/2.jpg]
[peacefulqode.co.in/themes/textica/html/fabric-printing.html]
[peacefulqode.co.in/themes/textica/html/fabric-dyeing.html]
[peacefulqode.co.in/themes/textica/html/manufacture.html]
[peacefulqode.co.in/themes/textica/html/engineering.html]
[peacefulqode.co.in/themes/textica/html/stich-fabric.html]
[peacefulqode.co.in/themes/textica/html/we-design-fabric.html]
[peacefulqode.co.in/themes/textica/html/images/portfolio/grid/1.jpg]
[peacefulqode.co.in/themes/textica/html/images/portfolio/grid/2.jpg]
[peacefulqode.co.in/themes/textica/html/images/portfolio/grid/3.jpg]
[peacefulqode.co.in/themes/textica/html/images/portfolio/grid/4.jpg]
[peacefulqode.co.in/themes/textica/html/images/portfolio/grid/5.jpg]
[peacefulqode.co.in/themes/textica/html/images/portfolio/grid/7.jpg]
[peacefulqode.co.in/themes/textica/html/images/portfolio/grid/8.jpg]
[peacefulqode.co.in/themes/textica/html/images/portfolio/grid/9.jpg]
[peacefulqode.co.in/themes/textica/html/images/portfolio/grid/6.jpg]
[peacefulqode.co.in/themes/textica/html/js/load-more.js]
[peacefulqode.co.in/themes/textica/html/2-column.html]
[peacefulqode.co.in/themes/textica/html/3-column.html]
[peacefulqode.co.in/themes/textica/html/3-column-wide.html]
[peacefulqode.co.in/themes/textica/html/4-column.html]
[peacefulqode.co.in/themes/textica/html/4-column-wide.html]
[peacefulqode.co.in/themes/textica/html/images/portfolio/standard/1.jpg]
[peacefulqode.co.in/themes/textica/html/images/portfolio/standard/2.jpg]
[peacefulqode.co.in/themes/textica/html/images/portfolio/standard/3.jpg]
[peacefulqode.co.in/themes/textica/html/images/portfolio/standard/4.jpg]
[peacefulqode.co.in/themes/textica/html/images/portfolio/standard/5.jpg]
[peacefulqode.co.in/themes/textica/html/images/portfolio/standard/6.jpg]
[peacefulqode.co.in/themes/textica/html/images/portfolio/standard/7.jpg]
[peacefulqode.co.in/themes/textica/html/images/portfolio/standard/8.jpg]
[peacefulqode.co.in/themes/textica/html/images/portfolio/standard/9.jpg]
[peacefulqode.co.in/themes/textica/html/images/portfolio/standard/10.jpg]
[peacefulqode.co.in/themes/textica/html/standard.html]
[peacefulqode.co.in/themes/textica/html/images/portfolio/standard-wide/1.jpg]
[peacefulqode.co.in/themes/textica/html/images/portfolio/standard-wide/2.jpg]
[peacefulqode.co.in/themes/textica/html/images/portfolio/standard-wide/3.jpg]
[peacefulqode.co.in/themes/textica/html/images/portfolio/standard-wide/4.jpg]
[peacefulqode.co.in/themes/textica/html/images/portfolio/standard-wide/5.jpg]
[peacefulqode.co.in/themes/textica/html/images/portfolio/standard-wide/6.jpg]
[peacefulqode.co.in/themes/textica/html/images/portfolio/standard-wide/7.jpg]
[peacefulqode.co.in/themes/textica/html/images/portfolio/standard-wide/8.jpg]
[peacefulqode.co.in/themes/textica/html/images/portfolio/standard-wide/9.jpg]
[peacefulqode.co.in/themes/textica/html/standard-wide.html]
[peacefulqode.co.in/themes/textica/html/images/portfolio/standard-wide/10.jpg]
[peacefulqode.co.in/themes/textica/html/images/portfolio/masonry/1.jpg]
[peacefulqode.co.in/themes/textica/html/images/portfolio/masonry/2.jpg]
[peacefulqode.co.in/themes/textica/html/images/portfolio/masonry/3.jpg]
[peacefulqode.co.in/themes/textica/html/images/portfolio/masonry/4.jpg]
[peacefulqode.co.in/themes/textica/html/images/portfolio/masonry/5.jpg]
[peacefulqode.co.in/themes/textica/html/images/portfolio/masonry/6.jpg]
[peacefulqode.co.in/themes/textica/html/images/portfolio/masonry/7.jpg]
[peacefulqode.co.in/themes/textica/html/images/portfolio/masonry/8.jpg]
[peacefulqode.co.in/themes/textica/html/images/portfolio/masonry/9.jpg]
[peacefulqode.co.in/themes/textica/html/images/portfolio/masonry/10.jpg]
[peacefulqode.co.in/themes/textica/html/masonry.html]
[peacefulqode.co.in/themes/textica/html/masonry-wide.html]
[peacefulqode.co.in/themes/textica/html/2-column-slider.html]
[peacefulqode.co.in/themes/textica/html/3-column-slider.html]
[peacefulqode.co.in/themes/textica/html/3-column-slider-wide.html]
[peacefulqode.co.in/themes/textica/html/4-column-slider.html]
[peacefulqode.co.in/themes/textica/html/4-column-slider-wide.html]
[peacefulqode.co.in/themes/textica/html/images/portfolio-single/1.jpg]
[peacefulqode.co.in/themes/textica/html/images/portfolio-single/2.jpg]
[peacefulqode.co.in/themes/textica/html/images/portfolio-single/3.jpg]
[peacefulqode.co.in/themes/textica/html/images/portfolio-single/4.jpg]
[peacefulqode.co.in/themes/textica/html/textiles-and-fashion.html]
[peacefulqode.co.in/themes/textica/html/images/blog/column/1.jpg]
[peacefulqode.co.in/themes/textica/html/images/blog/column/2.jpg]
[peacefulqode.co.in/themes/textica/html/images/blog/column/3.jpg]
[peacefulqode.co.in/themes/textica/html/images/blog/column/4.jpg]
[peacefulqode.co.in/themes/textica/html/images/blog/column/5.jpg]
[peacefulqode.co.in/themes/textica/html/images/blog/column/6.jpg]
[peacefulqode.co.in/themes/textica/html/images/blog/column/7.jpg]
[peacefulqode.co.in/themes/textica/html/images/blog/column/8.jpg]
[peacefulqode.co.in/themes/textica/html/images/blog/column/9.jpg]
[peacefulqode.co.in/themes/textica/html/images/blog/column/10.jpg]
[peacefulqode.co.in/themes/textica/html/1-column-blog.html]
[peacefulqode.co.in/themes/textica/html/2-column-blog.html]
[peacefulqode.co.in/themes/textica/html/3-column-blog.html]
[peacefulqode.co.in/themes/textica/html/left-sidebar.html]
[peacefulqode.co.in/themes/textica/html/right-sidebar.html]
[peacefulqode.co.in/themes/textica/html/contact.html]
[peacefulqode.co.in/themes/textica/html/rev/fonts/pe-icon-7-stroke/fonts/Pe-icon-7-strokebb1d.html]
[peacefulqode.co.in/themes/textica/html/rev/fonts/pe-icon-7-stroke/fonts/Pe-icon-7-stroked41d.html]
[peacefulqode.co.in/themes/textica/html/rev/fonts/pe-icon-7-stroke/fonts/Pe-icon-7-strokebb1d-2.html]
[peacefulqode.co.in/themes/textica/html/rev/fonts/pe-icon-7-stroke/fonts/Pe-icon-7-strokebb1d.svg]
[peacefulqode.co.in/themes/textica/html/rev/fonts/font-awesome/fonts/fontawesome-webfont3e6e.html]
[peacefulqode.co.in/themes/textica/html/rev/fonts/font-awesome/fonts/fontawesome-webfontd41d.html]
[peacefulqode.co.in/themes/textica/html/rev/fonts/font-awesome/fonts/fontawesome-webfont3e6e-2.html]
[peacefulqode.co.in/themes/textica/html/rev/fonts/font-awesome/fonts/fontawesome-webfont3e6e.svg]
[peacefulqode.co.in/themes/textica/html/rev/fonts/revicons/revicons90c6.html]
[peacefulqode.co.in/themes/textica/html/rev/fonts/revicons/revicons90c6-2.html]
[peacefulqode.co.in/themes/textica/html/rev/fonts/revicons/revicons90c6.svg]
[peacefulqode.co.in/themes/textica/html/rev/css/openhand.html]
[peacefulqode.co.in/themes/textica/html/rev/css/closedhand.html]
[peacefulqode.co.in/themes/textica/html/rev/assets/gridtile.html]
[peacefulqode.co.in/themes/textica/html/rev/assets/gridtile_white.html]
[peacefulqode.co.in/themes/textica/html/rev/assets/gridtile_3x3.html]
[peacefulqode.co.in/themes/textica/html/rev/assets/gridtile_3x3_white.html]
[peacefulqode.co.in/themes/textica/html/rev/assets/coloredbg.html]
[peacefulqode.co.in/themes/textica/html/rev/assets/loader.html]
[peacefulqode.co.in/themes/textica/html/css/owl.video.play.html]
[peacefulqode.co.in/themes/textica/html/fonts/font-awesome/webfonts/fa-brands-400.html]
[peacefulqode.co.in/themes/textica/html/fonts/font-awesome/webfonts/fa-regular-400.html]
[peacefulqode.co.in/themes/textica/html/fonts/font-awesome/webfonts/fa-solid-900.html]
[peacefulqode.co.in/themes/textica/html/fonts/font-awesome/webfonts/fa-v4compatibility.html]
[peacefulqode.co.in/themes/textica/html/fonts/flaticon/flaticon73a0.svg]
[peacefulqode.co.in/themes/textica/html/fonts/ionicons/ionicons28b5.svg]
[peacefulqode.co.in/themes/textica/html/fonts/themify-icons/themify9f24.html]
[peacefulqode.co.in/themes/textica/html/fonts/themify-icons/themifyd41d.html]
[peacefulqode.co.in/themes/textica/html/fonts/themify-icons/themify9f24-2.html]
[peacefulqode.co.in/themes/textica/html/fonts/themify-icons/themify9f24.svg]
[peacefulqode.co.in/themes/textica/html/images/blog-single/slider/btn.svg]
[peacefulqode.co.in/themes/textica/html/pq-price-currency-symbol.html]
[peacefulqode.co.in/themes/textica/html/contact-us.html]
