[world5.commonsupport.com/html2/brighton/index.html]
[backblue.gif]
[fade.gif]
[index.html]
[world5.commonsupport.com/html2/brighton/css/bootstrap.css]
[world5.commonsupport.com/html2/brighton/css/revolution-slider.css]
[world5.commonsupport.com/html2/brighton/css/style.css]
[world5.commonsupport.com/html2/brighton/images/favicon.ico]
[world5.commonsupport.com/html2/brighton/css/responsive.css]
[world5.commonsupport.com/html2/brighton/images/logo.png]
[world5.commonsupport.com/html2/brighton/index-2.html]
[world5.commonsupport.com/html2/brighton/index-3.html]
[world5.commonsupport.com/html2/brighton/about-us.html]
[world5.commonsupport.com/html2/brighton/services.html]
[world5.commonsupport.com/html2/brighton/services-details.html]
[world5.commonsupport.com/html2/brighton/blog.html]
[world5.commonsupport.com/html2/brighton/blog-grid.html]
[world5.commonsupport.com/html2/brighton/blog-details.html]
[world5.commonsupport.com/html2/brighton/portfolio-masonary.html]
[world5.commonsupport.com/html2/brighton/portfolio-three-column.html]
[world5.commonsupport.com/html2/brighton/portfolio-details.html]
[world5.commonsupport.com/html2/brighton/shop.html]
[world5.commonsupport.com/html2/brighton/shop-single.html]
[world5.commonsupport.com/html2/brighton/shopping-cart.html]
[world5.commonsupport.com/html2/brighton/checkout.html]
[world5.commonsupport.com/html2/brighton/contact.html]
[world5.commonsupport.com/html2/brighton/images/logo-small.png]
[world5.commonsupport.com/html2/brighton/images/main-slider/1.jpg]
[world5.commonsupport.com/html2/brighton/images/main-slider/2.jpg]
[world5.commonsupport.com/html2/brighton/images/main-slider/3.jpg]
[world5.commonsupport.com/html2/brighton/images/background/call-toaction-one-bg.png]
[world5.commonsupport.com/html2/brighton/images/resource/service-image-1.jpg]
[world5.commonsupport.com/html2/brighton/images/resource/service-image-2.jpg]
[world5.commonsupport.com/html2/brighton/images/resource/service-image-3.jpg]
[world5.commonsupport.com/html2/brighton/images/resource/service-image-4.jpg]
[world5.commonsupport.com/html2/brighton/images/resource/service-image-5.jpg]
[world5.commonsupport.com/html2/brighton/images/resource/service-image-6.jpg]
[world5.commonsupport.com/html2/brighton/images/gallery/1.jpg]
[world5.commonsupport.com/html2/brighton/images/gallery/2.jpg]
[world5.commonsupport.com/html2/brighton/images/gallery/3.jpg]
[world5.commonsupport.com/html2/brighton/images/gallery/4.jpg]
[world5.commonsupport.com/html2/brighton/images/resource/featured-image-1.jpg]
[world5.commonsupport.com/html2/brighton/images/resource/featured-image-2.jpg]
[world5.commonsupport.com/html2/brighton/images/resource/featured-image-3.jpg]
[world5.commonsupport.com/html2/brighton/images/resource/featured-thumb-1.jpg]
[world5.commonsupport.com/html2/brighton/images/resource/author-thumb-1.jpg]
[world5.commonsupport.com/html2/brighton/images/background/newsletter-bg.png]
[world5.commonsupport.com/html2/brighton/images/logo-2.png]
[world5.commonsupport.com/html2/brighton/images/resource/footer-gallery-1.jpg]
[world5.commonsupport.com/html2/brighton/images/resource/footer-gallery-2.jpg]
[world5.commonsupport.com/html2/brighton/images/resource/footer-gallery-3.jpg]
[world5.commonsupport.com/html2/brighton/images/resource/footer-gallery-4.jpg]
[world5.commonsupport.com/html2/brighton/images/resource/footer-gallery-5.jpg]
[world5.commonsupport.com/html2/brighton/images/resource/footer-gallery-6.jpg]
[world5.commonsupport.com/html2/brighton/js/jquery.js]
[world5.commonsupport.com/html2/brighton/js/bootstrap.min.js]
[world5.commonsupport.com/html2/brighton/js/jquery.fancybox.pack.js]
[world5.commonsupport.com/html2/brighton/js/revolution.min.js]
[world5.commonsupport.com/html2/brighton/js/jquery.fancybox-media.js]
[world5.commonsupport.com/html2/brighton/js/owl.js]
[world5.commonsupport.com/html2/brighton/js/wow.js]
[world5.commonsupport.com/html2/brighton/index.html]
[world5.commonsupport.com/html2/brighton/js/script.js]
[world5.commonsupport.com/html2/brighton/fonts/glyphicons-halflings-regular.eot]
[world5.commonsupport.com/html2/brighton/fonts/glyphicons-halflings-regulard41d.eot]
[world5.commonsupport.com/html2/brighton/fonts/glyphicons-halflings-regular.woff2]
[world5.commonsupport.com/html2/brighton/fonts/glyphicons-halflings-regular.woff]
[world5.commonsupport.com/html2/brighton/fonts/glyphicons-halflings-regular.ttf]
[world5.commonsupport.com/html2/brighton/css/bootstrap.css]
[world5.commonsupport.com/html2/brighton/fonts/glyphicons-halflings-regular.svg]
[world5.commonsupport.com/html2/brighton/css/assets/shadow1.png]
[world5.commonsupport.com/html2/brighton/css/assets/shadow2.png]
[world5.commonsupport.com/html2/brighton/css/assets/shadow3.png]
[world5.commonsupport.com/html2/brighton/css/assets/gridtile.png]
[world5.commonsupport.com/html2/brighton/css/assets/gridtile_white.png]
[world5.commonsupport.com/html2/brighton/css/assets/gridtile_3x3.png]
[world5.commonsupport.com/html2/brighton/css/assets/gridtile_3x3_white.png]
[world5.commonsupport.com/html2/brighton/css/assets/boxed_bgtile.png]
[world5.commonsupport.com/html2/brighton/css/assets/navigdots_bgtile.png]
[world5.commonsupport.com/html2/brighton/css/assets/bullet.png]
[world5.commonsupport.com/html2/brighton/css/assets/bullets.png]
[world5.commonsupport.com/html2/brighton/css/assets/bullets2.png]
[world5.commonsupport.com/html2/brighton/css/assets/bullet_boxed.png]
[world5.commonsupport.com/html2/brighton/css/assets/navigdots.png]
[world5.commonsupport.com/html2/brighton/css/assets/large_left.png]
[world5.commonsupport.com/html2/brighton/css/assets/large_right.png]
[world5.commonsupport.com/html2/brighton/css/assets/small_left.png]
[world5.commonsupport.com/html2/brighton/css/assets/small_right.png]
[world5.commonsupport.com/html2/brighton/css/assets/arrow_left.png]
[world5.commonsupport.com/html2/brighton/css/assets/arrow_right.png]
[world5.commonsupport.com/html2/brighton/css/assets/small_left_boxed.png]
[world5.commonsupport.com/html2/brighton/css/assets/small_right_boxed.png]
[world5.commonsupport.com/html2/brighton/css/assets/arrowleft.png]
[world5.commonsupport.com/html2/brighton/css/assets/arrowright.png]
[world5.commonsupport.com/html2/brighton/css/assets/arrow_left2.png]
[world5.commonsupport.com/html2/brighton/css/assets/arrow_right2.png]
[world5.commonsupport.com/html2/brighton/css/assets/timer.png]
[world5.commonsupport.com/html2/brighton/css/assets/coloredbg.png]
[world5.commonsupport.com/html2/brighton/css/assets/loader.gif]
[world5.commonsupport.com/html2/brighton/fonts/revicons90c690c6.eot]
[world5.commonsupport.com/html2/brighton/fonts/revicons90c690c6.woff]
[world5.commonsupport.com/html2/brighton/fonts/revicons90c690c6.ttf]
[world5.commonsupport.com/html2/brighton/fonts/revicons90c690c6.svg]
[world5.commonsupport.com/html2/brighton/css/revolution-slider.css]
[world5.commonsupport.com/html2/brighton/css/font-awesome.css]
[world5.commonsupport.com/html2/brighton/css/flaticon.css]
[world5.commonsupport.com/html2/brighton/css/animate.css]
[world5.commonsupport.com/html2/brighton/css/owl.css]
[world5.commonsupport.com/html2/brighton/css/jquery.fancybox.css]
[world5.commonsupport.com/html2/brighton/css/hover.css]
[world5.commonsupport.com/html2/brighton/images/icons/menu-separater.png]
[world5.commonsupport.com/html2/brighton/images/icons/menu-separater-2.png]
[world5.commonsupport.com/html2/brighton/images/icons/service-icon-1.png]
[world5.commonsupport.com/html2/brighton/images/icons/service-icon-1-bg.png]
[world5.commonsupport.com/html2/brighton/images/background/footer-style-three.jpg]
[world5.commonsupport.com/html2/brighton/images/icons/icon-select.png]
[world5.commonsupport.com/html2/brighton/images/resource/sold-overlay.png]
[world5.commonsupport.com/html2/brighton/images/resource/conatct-info.jpg]
[world5.commonsupport.com/html2/brighton/css/style.css]
[world5.commonsupport.com/html2/brighton/css/responsive.css]
[world5.commonsupport.com/html2/brighton/images/resource/service-image-7.jpg]
[world5.commonsupport.com/html2/brighton/images/resource/service-image-8.jpg]
[world5.commonsupport.com/html2/brighton/images/resource/service-image-9.jpg]
[world5.commonsupport.com/html2/brighton/images/resource/service-image-10.jpg]
[world5.commonsupport.com/html2/brighton/images/background/masonary-1-bg.jpg]
[world5.commonsupport.com/html2/brighton/images/gallery/5.jpg]
[world5.commonsupport.com/html2/brighton/images/gallery/6.jpg]
[world5.commonsupport.com/html2/brighton/images/gallery/7.jpg]
[world5.commonsupport.com/html2/brighton/images/gallery/8.jpg]
[world5.commonsupport.com/html2/brighton/images/resource/team-image-1.jpg]
[world5.commonsupport.com/html2/brighton/images/resource/team-image-2.jpg]
[world5.commonsupport.com/html2/brighton/images/resource/team-image-3.jpg]
[world5.commonsupport.com/html2/brighton/images/background/call-toaction-two-bg.png]
[world5.commonsupport.com/html2/brighton/images/resource/news-image-1.jpg]
[world5.commonsupport.com/html2/brighton/images/resource/news-image-2.jpg]
[world5.commonsupport.com/html2/brighton/images/clients/1.jpg]
[world5.commonsupport.com/html2/brighton/images/clients/2.jpg]
[world5.commonsupport.com/html2/brighton/images/clients/3.jpg]
[world5.commonsupport.com/html2/brighton/images/clients/4.jpg]
[world5.commonsupport.com/html2/brighton/images/clients/5.jpg]
[world5.commonsupport.com/html2/brighton/images/background/footer-style-two.jpg]
[world5.commonsupport.com/html2/brighton/index-2.html]
[world5.commonsupport.com/html2/brighton/js/isotope.js]
[world5.commonsupport.com/html2/brighton/images/resource/video-image-1.jpg]
[world5.commonsupport.com/html2/brighton/images/background/featured-2-bg.jpg]
[world5.commonsupport.com/html2/brighton/images/resource/testi-image-1.jpg]
[world5.commonsupport.com/html2/brighton/images/resource/testi-image-2.jpg]
[world5.commonsupport.com/html2/brighton/images/resource/testi-image-3.jpg]
[world5.commonsupport.com/html2/brighton/images/background/call-toaction-three-bg.png]
[world5.commonsupport.com/html2/brighton/images/resource/service-image-11.jpg]
[world5.commonsupport.com/html2/brighton/images/resource/service-image-12.jpg]
[world5.commonsupport.com/html2/brighton/images/resource/service-image-13.jpg]
[world5.commonsupport.com/html2/brighton/images/background/sponser-style-two.jpg]
[world5.commonsupport.com/html2/brighton/images/clients/6.png]
[world5.commonsupport.com/html2/brighton/images/clients/7.png]
[world5.commonsupport.com/html2/brighton/images/clients/8.png]
[world5.commonsupport.com/html2/brighton/images/clients/9.png]
[world5.commonsupport.com/html2/brighton/images/clients/10.png]
[world5.commonsupport.com/html2/brighton/images/resource/post-thumb-1.jpg]
[world5.commonsupport.com/html2/brighton/images/resource/post-thumb-2.jpg]
[world5.commonsupport.com/html2/brighton/index-3.html]
[world5.commonsupport.com/html2/brighton/images/resource/tab-image.jpg]
[world5.commonsupport.com/html2/brighton/about-us.html]
[world5.commonsupport.com/html2/brighton/services.html]
[world5.commonsupport.com/html2/brighton/images/resource/service-detail-1.jpg]
[world5.commonsupport.com/html2/brighton/images/resource/featured-image-4.jpg]
[world5.commonsupport.com/html2/brighton/images/resource/featured-image-5.jpg]
[world5.commonsupport.com/html2/brighton/images/resource/featured-image-6.jpg]
[world5.commonsupport.com/html2/brighton/images/resource/tab-image-1.jpg]
[world5.commonsupport.com/html2/brighton/images/resource/quote-widget.jpg]
[world5.commonsupport.com/html2/brighton/services-details.html]
[world5.commonsupport.com/html2/brighton/images/resource/service-image-22.jpg]
[world5.commonsupport.com/html2/brighton/images/resource/service-image-23.jpg]
[world5.commonsupport.com/html2/brighton/images/resource/service-image-24.jpg]
[world5.commonsupport.com/html2/brighton/images/resource/service-image-25.jpg]
[world5.commonsupport.com/html2/brighton/images/resource/service-image-26.jpg]
[world5.commonsupport.com/html2/brighton/images/resource/post-thumb-3.jpg]
[world5.commonsupport.com/html2/brighton/images/resource/post-thumb-4.jpg]
[world5.commonsupport.com/html2/brighton/images/resource/post-thumb-5.jpg]
[world5.commonsupport.com/html2/brighton/blog.html]
[world5.commonsupport.com/html2/brighton/images/resource/service-image-14.jpg]
[world5.commonsupport.com/html2/brighton/images/resource/service-image-15.jpg]
[world5.commonsupport.com/html2/brighton/images/resource/service-image-16.jpg]
[world5.commonsupport.com/html2/brighton/images/resource/service-image-17.jpg]
[world5.commonsupport.com/html2/brighton/images/resource/service-image-18.jpg]
[world5.commonsupport.com/html2/brighton/images/resource/service-image-19.jpg]
[world5.commonsupport.com/html2/brighton/images/resource/service-image-20.jpg]
[world5.commonsupport.com/html2/brighton/images/resource/service-image-21.jpg]
[world5.commonsupport.com/html2/brighton/blog-grid.html]
[world5.commonsupport.com/html2/brighton/images/resource/blog-image-17.jpg]
[world5.commonsupport.com/html2/brighton/images/resource/author-thumb-2.jpg]
[world5.commonsupport.com/html2/brighton/images/resource/author-thumb-3.jpg]
[world5.commonsupport.com/html2/brighton/images/resource/author-thumb-4.jpg]
[world5.commonsupport.com/html2/brighton/blog-details.html]
[world5.commonsupport.com/html2/brighton/images/gallery/9.jpg]
[world5.commonsupport.com/html2/brighton/images/gallery/10.jpg]
[world5.commonsupport.com/html2/brighton/images/gallery/12.jpg]
[world5.commonsupport.com/html2/brighton/images/gallery/11.jpg]
[world5.commonsupport.com/html2/brighton/portfolio-masonary.html]
[world5.commonsupport.com/html2/brighton/images/gallery/13.jpg]
[world5.commonsupport.com/html2/brighton/images/gallery/14.jpg]
[world5.commonsupport.com/html2/brighton/images/gallery/15.jpg]
[world5.commonsupport.com/html2/brighton/images/gallery/16.jpg]
[world5.commonsupport.com/html2/brighton/images/gallery/17.jpg]
[world5.commonsupport.com/html2/brighton/images/gallery/18.jpg]
[world5.commonsupport.com/html2/brighton/images/gallery/19.jpg]
[world5.commonsupport.com/html2/brighton/images/gallery/20.jpg]
[world5.commonsupport.com/html2/brighton/images/gallery/21.jpg]
[world5.commonsupport.com/html2/brighton/portfolio-three-column.html]
[world5.commonsupport.com/html2/brighton/images/resource/project-big-image-1.jpg]
[world5.commonsupport.com/html2/brighton/images/resource/project-image-1.jpg]
[world5.commonsupport.com/html2/brighton/images/resource/project-image-2.jpg]
[world5.commonsupport.com/html2/brighton/images/resource/project-image-3.jpg]
[world5.commonsupport.com/html2/brighton/images/resource/project-image-4.jpg]
[world5.commonsupport.com/html2/brighton/images/resource/result-1.jpg]
[world5.commonsupport.com/html2/brighton/images/resource/result-2.jpg]
[world5.commonsupport.com/html2/brighton/portfolio-details.html]
[world5.commonsupport.com/html2/brighton/css/nouislider.css]
[world5.commonsupport.com/html2/brighton/css/nouislider.pips.css]
[world5.commonsupport.com/html2/brighton/images/resource/products/image-1.jpg]
[world5.commonsupport.com/html2/brighton/images/resource/products/image-2.jpg]
[world5.commonsupport.com/html2/brighton/images/resource/products/image-3.jpg]
[world5.commonsupport.com/html2/brighton/images/resource/products/image-4.jpg]
[world5.commonsupport.com/html2/brighton/images/resource/products/image-5.jpg]
[world5.commonsupport.com/html2/brighton/images/resource/products/image-6.jpg]
[world5.commonsupport.com/html2/brighton/images/resource/products/image-7.jpg]
[world5.commonsupport.com/html2/brighton/images/resource/products/image-8.jpg]
[world5.commonsupport.com/html2/brighton/images/resource/products/image-9.jpg]
[world5.commonsupport.com/html2/brighton/images/resource/products/image-10.jpg]
[world5.commonsupport.com/html2/brighton/images/resource/products/image-11.jpg]
[world5.commonsupport.com/html2/brighton/images/resource/products/image-12.jpg]
[world5.commonsupport.com/html2/brighton/images/resource/best-seller-1.jpg]
[world5.commonsupport.com/html2/brighton/images/resource/best-seller-2.jpg]
[world5.commonsupport.com/html2/brighton/images/resource/best-seller-3.jpg]
[world5.commonsupport.com/html2/brighton/shop.html]
[world5.commonsupport.com/html2/brighton/js/nouislider.js]
[world5.commonsupport.com/html2/brighton/css/jquery.bootstrap-touchspin.css]
[world5.commonsupport.com/html2/brighton/images/resource/products/image-14.jpg]
[world5.commonsupport.com/html2/brighton/images/resource/products/image-15.jpg]
[world5.commonsupport.com/html2/brighton/images/resource/products/image-13.jpg]
[world5.commonsupport.com/html2/brighton/shop-single.html]
[world5.commonsupport.com/html2/brighton/js/jquery.bootstrap-touchspin.js]
[world5.commonsupport.com/html2/brighton/images/resource/products/cart-thumb-1.jpg]
[world5.commonsupport.com/html2/brighton/images/resource/products/cart-thumb-2.jpg]
[world5.commonsupport.com/html2/brighton/images/resource/products/cart-thumb-3.jpg]
[world5.commonsupport.com/html2/brighton/shopping-cart.html]
[world5.commonsupport.com/html2/brighton/images/resource/cards.jpg]
[world5.commonsupport.com/html2/brighton/checkout.html]
[world5.commonsupport.com/html2/brighton/js/validate.js]
[world5.commonsupport.com/html2/brighton/contact.html]
[world5.commonsupport.com/html2/brighton/fonts/glyphicons-halflings-regular.svg]
[world5.commonsupport.com/html2/brighton/images/gradient/g30.html]
[world5.commonsupport.com/html2/brighton/images/gradient/g40.html]
[world5.commonsupport.com/html2/brighton/fonts/revicons90c690c6.svg]
[world5.commonsupport.com/revolution.themepunch.com/wp-content/uploads/2014/05/wave21.html]
[world5.commonsupport.com/html2/brighton/js/map-script.js]
[sliderrevolution.com/index2840.html]
[world5.commonsupport.com/html2/brighton/fonts/fontawesome-webfont914c.eot]
[world5.commonsupport.com/html2/brighton/fonts/fontawesome-webfontd41d.eot]
[www.sliderrevolution.com/index9a87.html]
[world5.commonsupport.com/html2/brighton/fonts/fontawesome-webfont914c.woff2]
[world5.commonsupport.com/html2/brighton/fonts/fontawesome-webfont914c.woff]
[world5.commonsupport.com/html2/brighton/fonts/fontawesome-webfont914c.ttf]
[world5.commonsupport.com/html2/brighton/css/font-awesome.css]
[world5.commonsupport.com/html2/brighton/fonts/flaticon.eot]
[world5.commonsupport.com/html2/brighton/fonts/flaticond41d.eot]
[world5.commonsupport.com/html2/brighton/fonts/fontawesome-webfont914c.svg]
[world5.commonsupport.com/html2/brighton/fonts/flaticon.woff]
[world5.commonsupport.com/html2/brighton/fonts/flaticon.ttf]
[world5.commonsupport.com/html2/brighton/css/flaticon.css]
[world5.commonsupport.com/html2/brighton/css/animate.css]
[world5.commonsupport.com/html2/brighton/fonts/flaticon.svg]
[world5.commonsupport.com/html2/brighton/css/owl.css]
[world5.commonsupport.com/html2/brighton/images/fancybox/fancybox_sprite.png]
[world5.commonsupport.com/html2/brighton/images/fancybox/fancybox_loading.gif]
[world5.commonsupport.com/html2/brighton/images/fancybox/blank.gif]
[world5.commonsupport.com/html2/brighton/images/fancybox/fancybox_overlay.png]
[world5.commonsupport.com/html2/brighton/images/fancybox/fancybox_sprite@2x.png]
[world5.commonsupport.com/html2/brighton/images/fancybox/fancybox_loading@2x.gif]
[world5.commonsupport.com/html2/brighton/css/jquery.fancybox.css]
[world5.commonsupport.com/html2/brighton/css/hover.css]
[world5.commonsupport.com/html2/brighton/images/ink.html]
[world5.commonsupport.com/html2/brighton/portfolio-standard.html]
[world5.commonsupport.com/html2/brighton/css/nouislider.css]
[world5.commonsupport.com/html2/brighton/css/nouislider.pips.css]
[world5.commonsupport.com/html2/brighton/css/jquery.bootstrap-touchspin.css]
[www.sliderrevolution.com/cf-fonts/s/raleway/5.0.16/latin-ext/100/normal.woff2]
[www.sliderrevolution.com/cf-fonts/s/raleway/5.0.16/latin/100/normal.woff2]
[www.sliderrevolution.com/cf-fonts/s/raleway/5.0.16/cyrillic/100/normal.woff2]
[www.sliderrevolution.com/cf-fonts/s/raleway/5.0.16/vietnamese/100/normal.woff2]
[www.sliderrevolution.com/cf-fonts/s/raleway/5.0.16/cyrillic-ext/100/normal.woff2]
[www.sliderrevolution.com/cf-fonts/s/raleway/5.0.16/vietnamese/200/normal.woff2]
[www.sliderrevolution.com/cf-fonts/s/raleway/5.0.16/cyrillic/200/normal.woff2]
[www.sliderrevolution.com/cf-fonts/s/raleway/5.0.16/latin/200/normal.woff2]
[www.sliderrevolution.com/cf-fonts/s/raleway/5.0.16/latin-ext/200/normal.woff2]
[www.sliderrevolution.com/cf-fonts/s/raleway/5.0.16/cyrillic-ext/200/normal.woff2]
[www.sliderrevolution.com/cf-fonts/s/raleway/5.0.16/cyrillic/300/normal.woff2]
[www.sliderrevolution.com/cf-fonts/s/raleway/5.0.16/latin/300/normal.woff2]
[www.sliderrevolution.com/cf-fonts/s/raleway/5.0.16/cyrillic-ext/300/normal.woff2]
[www.sliderrevolution.com/cf-fonts/s/raleway/5.0.16/latin-ext/300/normal.woff2]
[www.sliderrevolution.com/cf-fonts/s/raleway/5.0.16/vietnamese/300/normal.woff2]
[www.sliderrevolution.com/cf-fonts/s/raleway/5.0.16/cyrillic-ext/400/normal.woff2]
[www.sliderrevolution.com/cf-fonts/s/raleway/5.0.16/latin-ext/400/normal.woff2]
[www.sliderrevolution.com/cf-fonts/s/raleway/5.0.16/latin/400/normal.woff2]
[www.sliderrevolution.com/cf-fonts/s/raleway/5.0.16/cyrillic/400/normal.woff2]
[www.sliderrevolution.com/cf-fonts/s/raleway/5.0.16/vietnamese/400/normal.woff2]
[www.sliderrevolution.com/cf-fonts/s/raleway/5.0.16/vietnamese/500/normal.woff2]
[www.sliderrevolution.com/cf-fonts/s/raleway/5.0.16/cyrillic/500/normal.woff2]
[www.sliderrevolution.com/cf-fonts/s/raleway/5.0.16/cyrillic-ext/500/normal.woff2]
[www.sliderrevolution.com/cf-fonts/s/raleway/5.0.16/latin-ext/500/normal.woff2]
[www.sliderrevolution.com/cf-fonts/s/raleway/5.0.16/latin/500/normal.woff2]
[www.sliderrevolution.com/cf-fonts/s/raleway/5.0.16/vietnamese/600/normal.woff2]
[www.sliderrevolution.com/cf-fonts/s/raleway/5.0.16/latin-ext/600/normal.woff2]
[www.sliderrevolution.com/cf-fonts/s/raleway/5.0.16/cyrillic-ext/600/normal.woff2]
[www.sliderrevolution.com/cf-fonts/s/raleway/5.0.16/cyrillic/600/normal.woff2]
[www.sliderrevolution.com/cf-fonts/s/raleway/5.0.16/latin/600/normal.woff2]
[www.sliderrevolution.com/cf-fonts/s/raleway/5.0.16/cyrillic-ext/700/normal.woff2]
[www.sliderrevolution.com/cf-fonts/s/raleway/5.0.16/latin/700/normal.woff2]
[www.sliderrevolution.com/cf-fonts/s/raleway/5.0.16/latin-ext/700/normal.woff2]
[www.sliderrevolution.com/cf-fonts/s/raleway/5.0.16/vietnamese/700/normal.woff2]
[www.sliderrevolution.com/cf-fonts/s/raleway/5.0.16/cyrillic/700/normal.woff2]
[www.sliderrevolution.com/cf-fonts/s/raleway/5.0.16/latin-ext/800/normal.woff2]
[www.sliderrevolution.com/cf-fonts/s/raleway/5.0.16/vietnamese/800/normal.woff2]
[www.sliderrevolution.com/cf-fonts/s/raleway/5.0.16/latin/800/normal.woff2]
[www.sliderrevolution.com/cf-fonts/s/raleway/5.0.16/cyrillic/800/normal.woff2]
[www.sliderrevolution.com/cf-fonts/s/raleway/5.0.16/cyrillic-ext/800/normal.woff2]
[www.sliderrevolution.com/cf-fonts/s/raleway/5.0.16/cyrillic/900/normal.woff2]
[www.sliderrevolution.com/cf-fonts/s/raleway/5.0.16/latin/900/normal.woff2]
[www.sliderrevolution.com/cf-fonts/s/raleway/5.0.16/cyrillic-ext/900/normal.woff2]
[www.sliderrevolution.com/cf-fonts/s/raleway/5.0.16/vietnamese/900/normal.woff2]
[www.sliderrevolution.com/cf-fonts/s/raleway/5.0.16/latin-ext/900/normal.woff2]
[www.sliderrevolution.com/cf-fonts/s/sora/5.0.16/latin/300/normal.woff2]
[www.sliderrevolution.com/cf-fonts/s/sora/5.0.16/latin-ext/300/normal.woff2]
[www.sliderrevolution.com/cf-fonts/s/sora/5.0.16/latin-ext/400/normal.woff2]
[www.sliderrevolution.com/cf-fonts/s/sora/5.0.16/latin/400/normal.woff2]
[www.sliderrevolution.com/cf-fonts/s/sora/5.0.16/latin/700/normal.woff2]
[www.sliderrevolution.com/cf-fonts/s/sora/5.0.16/latin-ext/700/normal.woff2]
[www.sliderrevolution.com/wp-includes/css/dist/block-library/style.min6c2d.css]
[www.sliderrevolution.com/wp-content/cache/min/1/wp-includes/css/dashicons.minb3e7.css]
[www.sliderrevolution.com/wp-content/cache/min/1/wp-content/plugins/essential-grid/admin/includes/builders/gutenberg/build/indexb3e7.css]
[www.sliderrevolution.com/wp-content/plugins/lordicon-interactive-icons/dist/element8a54.css]
[www.sliderrevolution.com/wp-content/cache/min/1/wp-content/plugins/revslider/public/css/sr7b3e7.css]
[www.sliderrevolution.com/wp-content/cache/min/1/wp-content/plugins/themepunch-beta-tester/assets/css/styleb3e7.css]
[www.sliderrevolution.com/wp-content/cache/min/1/wp-content/themes/zakra/styleb3e7.css]
[www.sliderrevolution.com/wp-content/cache/min/1/wp-content/themes/SliderRevolution/styleb3e7.css]
[www.sliderrevolution.com/wp-content/cache/min/1/wp-content/themes/zakra/assets/lib/font-awesome/css/font-awesome.minb3e7.css]
[www.sliderrevolution.com/wp-content/cache/min/1/wp-content/plugins/wp-pagenavi/pagenavi-cssb3e7.css]
[www.sliderrevolution.com/wp-content/cache/min/1/wp-content/plugins/essential-grid/public/assets/font/fontello/css/fontellob3e7.css]
[www.sliderrevolution.com/wp-content/cache/min/1/wp-content/plugins/essential-grid/public/assets/css/settingsb3e7.css]
[www.sliderrevolution.com/wp-content/plugins/essential-grid/public/assets/css/jquery.esgbox.minaf32.css]
[www.sliderrevolution.com/wp-content/cache/min/1/wp-content/plugins/sr-documentation/sr-documentation-stylesb3e7.css]
[www.sliderrevolution.com/wp-content/plugins/webtoffee-cookie-consent/lite/frontend/js/script.mincd45.js]
[www.sliderrevolution.com/wp-content/plugins/webtoffee-cookie-consent/lite/frontend/js/gcm.mincd45.js]
[www.sliderrevolution.com/wp-content/cache/min/1/wp-content/plugins/lordicon-interactive-icons/dist/elementb3e7.js]
[www.sliderrevolution.com/wp-content/plugins/essential-grid/index.html]
[www.sliderrevolution.com/wp-content/cache/min/1/wp-content/plugins/revslider/public/js/libs/tptoolsb3e7.js]
[www.sliderrevolution.com/wp-content/cache/min/1/wp-content/plugins/revslider/public/js/sr7b3e7.js]
[www.sliderrevolution.com/wp-includes/js/jquery/jquery.minf43b.js]
[www.sliderrevolution.com/wp-includes/js/jquery/jquery-migrate.min5589.js]
[d.impactradius-event.com/A2559068-91e7-45ee-a82f-39239d736b041.js]
[www.sliderrevolution.com/wp-content/uploads/2020/05/cropped-rsicon-32x32.png]
[www.sliderrevolution.com/wp-content/uploads/2020/05/cropped-rsicon-192x192.png]
[www.sliderrevolution.com/wp-content/uploads/2020/05/cropped-rsicon-180x180.png]
[www.sliderrevolution.com/revslider/revslider.php]
[www.sliderrevolution.com/wp-json/index.html]
[www.sliderrevolution.com/wp-content/plugins/revslider/index.html]
[www.sliderrevolution.com/wp-content/plugins/index.html]
[www.sliderrevolution.com/${_1d2c]
[www.sliderrevolution.com/wp-content/uploads/2020/02/srlogo.png]
[www.sliderrevolution.com/wp-content/plugins/themepunch-lordicons/icons/117-vector-design-pen-outline.json]
[www.sliderrevolution.com/sr7-velocity-frontend-engine-update/index.html]
[www.sliderrevolution.com/documentation/changelog/index.html]
[www.sliderrevolution.com/wordpress-templates/index.html]
[www.sliderrevolution.com/wordpress-sliders/index.html]
[www.sliderrevolution.com/website-carousels/index.html]
[www.sliderrevolution.com/one-page-websites/index.html]
[www.sliderrevolution.com/website-hero-sections/index.html]
[www.sliderrevolution.com/dynamic-content/index.html]
[www.sliderrevolution.com/the-ultimate-wordpress-visual-editor/index.html]
[www.sliderrevolution.com/expand-possibilities-with-website-addons/index.html]
[www.sliderrevolution.com/website-animation-effects/index.html]
[www.sliderrevolution.com/web-page-transitions/index.html]
[www.sliderrevolution.com/web-designers/index.html]
[www.sliderrevolution.com/particle-animation/index.html]
[www.sliderrevolution.com/marketers/index.html]
[www.sliderrevolution.com/web-developers/index.html]
[www.sliderrevolution.com/business-owners/index.html]
[www.sliderrevolution.com/wp-content/plugins/themepunch-lordicons/icons/12-layers-outline.json]
[www.sliderrevolution.com/manual/index.html]
[www.sliderrevolution.com/help-center/index.html]
[www.sliderrevolution.com/blog/index.html]
[www.sliderrevolution.com/wp-content/plugins/themepunch-lordicons/icons/137-crop-outline.json]
[www.sliderrevolution.com/wp-content/plugins/themepunch-lordicons/icons/262-emoji-wow-outline.json]
[www.sliderrevolution.com/wp-content/plugins/themepunch-lordicons/icons/489-rocket-space-outline.json]
[www.sliderrevolution.com/wp-content/plugins/themepunch-lordicons/icons/270-two-male-avatars-outline.json]
[www.sliderrevolution.com/wp-content/plugins/themepunch-lordicons/icons/80-document-doc-outline.json]
[www.sliderrevolution.com/wp-content/plugins/themepunch-lordicons/icons/112-book-outline.json]
[www.sliderrevolution.com/wp-content/plugins/themepunch-lordicons/icons/62-film-outline.json]
[www.sliderrevolution.com/wp-content/uploads/2024/08/Designer2-1024x573.jpg]
[www.sliderrevolution.com/wp-content/uploads/2024/08/Developer-1024x577.jpg]
[www.sliderrevolution.com/wp-content/uploads/2024/08/Marketer-1024x606.jpg]
[www.sliderrevolution.com/wp-content/uploads/2024/08/Small-Businesss-Owner-1024x558.jpg]
[www.sliderrevolution.com/wp-content/uploads/2025/09/sticky-header-200x113.jpg]
[www.sliderrevolution.com/wp-content/uploads/2025/09/ux-button-best-practices-200x113.jpg]
[www.sliderrevolution.com/wp-content/uploads/2020/10/video-background-200x113.jpg]
[www.sliderrevolution.com/wp-content/uploads/2021/08/0FF9E966-12BD-4870-B6C8-3D3145364428-200x113.jpg]
[www.sliderrevolution.com/wp-content/uploads/2020/05/ThumbQuickSetupSR-200x113.jpg]
[www.sliderrevolution.com/wp-content/uploads/2022/01/maxresdefault-200x113.jpg]
[www.sliderrevolution.com/wp-content/uploads/2020/06/getprod_featuredimage-200x113.jpg]
[www.sliderrevolution.com/wp-content/uploads/2020/02/mailicon-1.png]
[www.sliderrevolution.com/design/sticky-header/index.html]
[www.sliderrevolution.com/design/wordpress-video-background/index.html]
[www.sliderrevolution.com/design/ux-button-best-practices/index.html]
[www.sliderrevolution.com/faq/optimizing-load-speed-and-performance/index.html]
[public.profitwell.com/js/profitwell.js]
[www.sliderrevolution.com/wordpress-hosting/index.html]
[www.sliderrevolution.com/faq/index.html]
[www.sliderrevolution.com/contact/index.html]
[www.sliderrevolution.com/dmca/index.html]
[www.sliderrevolution.com/terms/index.html]
[www.sliderrevolution.com/complaints/index.html]
[www.sliderrevolution.com/terms/site-notice/index.html]
[www.sliderrevolution.com/terms/privacy/index.html]
[www.sliderrevolution.com/terms/license/index.html]
[www.sliderrevolution.com/sitemap/index.html]
[www.sliderrevolution.com/wp-content/cache/min/1/uxu4kzpb3e7.css]
[www.sliderrevolution.com/wp-content/plugins/blog-newsletter-gutenberg-block/front/dist/js/tp-newsletter-block.min4c56.js]
[www.sliderrevolution.com/wp-content/cache/min/1/wp-content/plugins/themepunch-beta-tester/assets/js/validationb3e7.js]
[www.sliderrevolution.com/wp-content/cache/min/1/wp-content/themes/SliderRevolution/screenb3e7.js]
[www.sliderrevolution.com/wp-content/themes/zakra/assets/js/navigation.min4a7d.js]
[www.sliderrevolution.com/wp-content/themes/zakra/assets/js/skip-link-focus-fix.min4a7d.js]
[www.sliderrevolution.com/wp-content/themes/zakra/assets/js/zakra-custom.min6c2d.js]
[www.sliderrevolution.com/wp-content/cache/asp/asp-c65f18e5.min720e.js]
[www.sliderrevolution.com/wp-content/plugins/lazy-loading-responsive-images/js/lazysizes.min87f2.js]
[www.sliderrevolution.com/wp-content/plugins/lazy-loading-responsive-images/js/ls.unveilhooks.min87f2.js]
[www.sliderrevolution.com/wp-content/cache/min/1/wp-content/plugins/sr-documentation/sr-documentation-tooltipb3e7.js]
[www.sliderrevolution.com/index9a87.html]
[world5.commonsupport.com/html2/brighton/fonts/fontawesome-webfont914c.svg]
[world5.commonsupport.com/html2/brighton/fonts/flaticon.svg]
[world5.commonsupport.com/html2/brighton/css/owl.video.play.html]
[www.sliderrevolution.com/wp-includes/css/dist/block-library/style.min6c2d.css]
[www.sliderrevolution.com/wp-content/cache/min/1/wp-includes/css/dashicons.minb3e7.css]
[www.sliderrevolution.com/wp-content/cache/min/1/wp-content/plugins/essential-grid/admin/includes/builders/gutenberg/build/indexb3e7.css]
[www.sliderrevolution.com/wp-content/plugins/lordicon-interactive-icons/dist/element8a54.css]
[www.sliderrevolution.com/wp-content/cache/min/1/wp-content/plugins/revslider/public/css/sr7b3e7.css]
[www.sliderrevolution.com/wp-content/cache/min/1/wp-content/plugins/themepunch-beta-tester/assets/css/styleb3e7.css]
[www.sliderrevolution.com/wp-content/cache/min/1/wp-content/themes/zakra/styleb3e7.css]
[www.sliderrevolution.com/wp-content/cache/min/1/wp-content/themes/SliderRevolution/styleb3e7.css]
[www.sliderrevolution.com/wp-content/cache/min/1/wp-content/themes/zakra/assets/lib/font-awesome/css/font-awesome.minb3e7.css]
[www.sliderrevolution.com/wp-content/cache/min/1/wp-content/plugins/wp-pagenavi/pagenavi-cssb3e7.css]
[www.sliderrevolution.com/wp-content/cache/min/1/wp-content/plugins/essential-grid/public/assets/font/fontello/css/fontellob3e7.css]
[www.sliderrevolution.com/wp-content/cache/min/1/wp-content/plugins/essential-grid/public/assets/css/settingsb3e7.css]
[www.sliderrevolution.com/wp-content/plugins/essential-grid/public/assets/css/jquery.esgbox.minaf32.css]
[www.sliderrevolution.com/wp-content/cache/min/1/wp-content/plugins/sr-documentation/sr-documentation-stylesb3e7.css]
[www.sliderrevolution.com/wp-content/plugins/essential-grid/index.html]
[www.sliderrevolution.com/wp-admin/admin-ajax.html]
[www.sliderrevolution.com/revslider/revslider.html]
[www.sliderrevolution.com/wp-content/plugins/revslider/index.html]
[www.sliderrevolution.com/wp-content/plugins/index.html]
[www.sliderrevolution.com/${_1d2c.html]
[www.sliderrevolution.com/sr7-velocity-frontend-engine-update/index.html]
[www.sliderrevolution.com/documentation/changelog/index.html]
[www.sliderrevolution.com/wordpress-templates/index.html]
[www.sliderrevolution.com/wordpress-sliders/index.html]
[a.plerdy.com/public/js/click/mainec92.html]
[www.sliderrevolution.com/website-carousels/index.html]
[www.sliderrevolution.com/one-page-websites/index.html]
[www.sliderrevolution.com/website-hero-sections/index.html]
[www.sliderrevolution.com/dynamic-content/index.html]
