[php.kodesolution.com/2025/arotech-php/index-3.html]
[backblue.gif]
[fade.gif]
[index.html]
[php.kodesolution.com/2025/arotech-php/css/responsive.css]
[php.kodesolution.com/2025/arotech-php/images/favicon.png]
[php.kodesolution.com/2025/arotech-php/index.html]
[php.kodesolution.com/2025/arotech-php/images/logo.png]
[php.kodesolution.com/2025/arotech-php/index-2.html]
[php.kodesolution.com/2025/arotech-php/index-4.html]
[php.kodesolution.com/2025/arotech-php/index-6.html]
[php.kodesolution.com/2025/arotech-php/index-7.html]
[php.kodesolution.com/2025/arotech-php/index-8.html]
[php.kodesolution.com/2025/arotech-php/index-9.html]
[php.kodesolution.com/2025/arotech-php/index-10.html]
[php.kodesolution.com/2025/arotech-php/index-11.html]
[php.kodesolution.com/2025/arotech-php/index-5.html]
[php.kodesolution.com/2025/arotech-php/index-12.html]
[php.kodesolution.com/2025/arotech-php/index-14.html]
[php.kodesolution.com/2025/arotech-php/index-15.html]
[php.kodesolution.com/2025/arotech-php/index-16.html]
[php.kodesolution.com/2025/arotech-php/index-17.html]
[php.kodesolution.com/2025/arotech-php/index-1-single.html]
[php.kodesolution.com/2025/arotech-php/index-2-single.html]
[php.kodesolution.com/2025/arotech-php/css/style.css]
[php.kodesolution.com/2025/arotech-php/index-3-single.html]
[php.kodesolution.com/2025/arotech-php/index-5-single.html]
[php.kodesolution.com/2025/arotech-php/index-4-single.html]
[php.kodesolution.com/2025/arotech-php/index-6-single.html]
[php.kodesolution.com/2025/arotech-php/index-7-single.html]
[php.kodesolution.com/2025/arotech-php/index-8-single.html]
[php.kodesolution.com/2025/arotech-php/index-9-single.html]
[php.kodesolution.com/2025/arotech-php/index-10-single.html]
[php.kodesolution.com/2025/arotech-php/index-13.html]
[php.kodesolution.com/2025/arotech-php/index-11-single.html]
[php.kodesolution.com/2025/arotech-php/index-12-single.html]
[php.kodesolution.com/2025/arotech-php/index-13-single.html]
[php.kodesolution.com/2025/arotech-php/index-14-single.html]
[php.kodesolution.com/2025/arotech-php/index-15-single.html]
[php.kodesolution.com/2025/arotech-php/index-16-single.html]
[php.kodesolution.com/2025/arotech-php/index-17-single.html]
[php.kodesolution.com/2025/arotech-php/index-1-dark.html]
[php.kodesolution.com/2025/arotech-php/index-2-dark.html]
[php.kodesolution.com/2025/arotech-php/index-3-dark.html]
[php.kodesolution.com/2025/arotech-php/index-4-dark.html]
[php.kodesolution.com/2025/arotech-php/index-6-dark.html]
[php.kodesolution.com/2025/arotech-php/index-5-dark.html]
[php.kodesolution.com/2025/arotech-php/index-7-dark.html]
[php.kodesolution.com/2025/arotech-php/index-9-dark.html]
[php.kodesolution.com/2025/arotech-php/index-10-dark.html]
[php.kodesolution.com/2025/arotech-php/index-8-dark.html]
[php.kodesolution.com/2025/arotech-php/index-11-dark.html]
[php.kodesolution.com/2025/arotech-php/index-12-dark.html]
[php.kodesolution.com/2025/arotech-php/index-13-dark.html]
[php.kodesolution.com/2025/arotech-php/index-14-dark.html]
[php.kodesolution.com/2025/arotech-php/index-15-dark.html]
[php.kodesolution.com/2025/arotech-php/index-16-dark.html]
[php.kodesolution.com/2025/arotech-php/index-17-dark.html]
[php.kodesolution.com/2025/arotech-php/index-1-rtl.html]
[php.kodesolution.com/2025/arotech-php/page-about.html]
[php.kodesolution.com/2025/arotech-php/page-projects.html]
[php.kodesolution.com/2025/arotech-php/page-project-details.html]
[php.kodesolution.com/2025/arotech-php/page-team.html]
[php.kodesolution.com/2025/arotech-php/page-team-details.html]
[php.kodesolution.com/2025/arotech-php/page-testimonial.html]
[php.kodesolution.com/2025/arotech-php/page-pricing.html]
[php.kodesolution.com/2025/arotech-php/page-pricing-switcher.html]
[php.kodesolution.com/2025/arotech-php/page-faq.html]
[php.kodesolution.com/2025/arotech-php/page-404.html]
[php.kodesolution.com/2025/arotech-php/page-services.html]
[php.kodesolution.com/2025/arotech-php/page-service-details.html]
[php.kodesolution.com/2025/arotech-php/shop-products.html]
[php.kodesolution.com/2025/arotech-php/shop-products-sidebar.html]
[php.kodesolution.com/2025/arotech-php/shop-product-details.html]
[php.kodesolution.com/2025/arotech-php/shop-cart.html]
[php.kodesolution.com/2025/arotech-php/shop-checkout.html]
[php.kodesolution.com/2025/arotech-php/news-grid.html]
[php.kodesolution.com/2025/arotech-php/news-details.html]
[php.kodesolution.com/2025/arotech-php/page-contact.html]
[php.kodesolution.com/2025/arotech-php/images/logo-2.png]
[php.kodesolution.com/2025/arotech-php/images/main-slider/slider3.jpg]
[php.kodesolution.com/2025/arotech-php/images/main-slider/home3-shape1.png]
[php.kodesolution.com/2025/arotech-php/images/main-slider/home3-shape2.png]
[php.kodesolution.com/2025/arotech-php/images/resource/about3-1.png]
[php.kodesolution.com/2025/arotech-php/images/resource/about3-2.png]
[php.kodesolution.com/2025/arotech-php/images/resource/project3-1.jpg]
[php.kodesolution.com/2025/arotech-php/images/resource/project3-2.jpg]
[php.kodesolution.com/2025/arotech-php/images/resource/project3-3.jpg]
[php.kodesolution.com/2025/arotech-php/images/resource/project3-4.jpg]
[php.kodesolution.com/2025/arotech-php/images/resource/image-5.png]
[php.kodesolution.com/2025/arotech-php/images/icons/pattern-27.png]
[php.kodesolution.com/2025/arotech-php/images/resource/about9-1.png]
[php.kodesolution.com/2025/arotech-php/images/resource/testimonial6-1.jpg]
[php.kodesolution.com/2025/arotech-php/images/resource/testimonial6-2.jpg]
[php.kodesolution.com/2025/arotech-php/images/resource/team2-1.jpg]
[php.kodesolution.com/2025/arotech-php/images/resource/team2-2.jpg]
[php.kodesolution.com/2025/arotech-php/images/resource/team2-3.jpg]
[php.kodesolution.com/2025/arotech-php/images/resource/team2-4.jpg]
[php.kodesolution.com/2025/arotech-php/images/resource/client-2.png]
[php.kodesolution.com/2025/arotech-php/images/resource/client-3.png]
[php.kodesolution.com/2025/arotech-php/images/resource/client-4.png]
[php.kodesolution.com/2025/arotech-php/images/resource/client-5.png]
[php.kodesolution.com/2025/arotech-php/images/resource/client-6.png]
[php.kodesolution.com/2025/arotech-php/js/jquery.js]
[php.kodesolution.com/2025/arotech-php/js/popper.min.js]
[php.kodesolution.com/2025/arotech-php/js/bootstrap.min.js]
[php.kodesolution.com/2025/arotech-php/js/jquery.fancybox.js]
[php.kodesolution.com/2025/arotech-php/js/wow.js]
[php.kodesolution.com/2025/arotech-php/js/jquery-ui.js]
[php.kodesolution.com/2025/arotech-php/js/appear.js]
[php.kodesolution.com/2025/arotech-php/js/knob.js]
[php.kodesolution.com/2025/arotech-php/js/mixitup.js]
[php.kodesolution.com/2025/arotech-php/js/bxslider.js]
[php.kodesolution.com/2025/arotech-php/js/select2.min.js]
[php.kodesolution.com/2025/arotech-php/js/swiper.min.js]
[php.kodesolution.com/2025/arotech-php/js/owl.js]
[php.kodesolution.com/2025/arotech-php/js/script.js]
[php.kodesolution.com/2025/arotech-php/js/jquery.validate.min.js]
[php.kodesolution.com/2025/arotech-php/index-3.html]
[php.kodesolution.com/2025/arotech-php/js/jquery.form.min.js]
[php.kodesolution.com/2025/arotech-php/css/animate.css]
[php.kodesolution.com/2025/arotech-php/css/owl.css]
[php.kodesolution.com/2025/arotech-php/css/bootstrap.min.css]
[php.kodesolution.com/2025/arotech-php/css/swiper.min.css]
[php.kodesolution.com/2025/arotech-php/css/jquery.fancybox.min.css]
[php.kodesolution.com/2025/arotech-php/css/jquery-ui.css]
[php.kodesolution.com/2025/arotech-php/css/linear.css]
[php.kodesolution.com/2025/arotech-php/css/select2.min.css]
[php.kodesolution.com/2025/arotech-php/css/fontawesome-free.css]
[php.kodesolution.com/2025/arotech-php/css/flaticon.css]
[php.kodesolution.com/2025/arotech-php/css/fontawesome.css]
[php.kodesolution.com/2025/arotech-php/css/flaticon-set-business.css]
[php.kodesolution.com/2025/arotech-php/css/tm-bs-mp.css]
[php.kodesolution.com/2025/arotech-php/css/tm-utility-classes.css]
[php.kodesolution.com/2025/arotech-php/images/icons/icon-dots.png]
[php.kodesolution.com/2025/arotech-php/images/icons/icon-dots2.png]
[php.kodesolution.com/2025/arotech-php/images/icons/quote-icon-2.png]
[php.kodesolution.com/2025/arotech-php/images/icons/icon-arrow1.png]
[php.kodesolution.com/2025/arotech-php/images/icons/icon-arrow2.png]
[php.kodesolution.com/2025/arotech-php/images/icons/icon-circle.png]
[php.kodesolution.com/2025/arotech-php/images/icons/icon-lines.png]
[php.kodesolution.com/2025/arotech-php/images/icons/icon-quote.png]
[php.kodesolution.com/2025/arotech-php/images/icons/icon-circle2.png]
[php.kodesolution.com/2025/arotech-php/images/icons/icon-circle3.png]
[php.kodesolution.com/2025/arotech-php/images/main-slider/slider4-line-effect.png]
[php.kodesolution.com/2025/arotech-php/images/main-slider/shape-3.png]
[php.kodesolution.com/2025/arotech-php/images/main-slider/slider11-line-effect.png]
[php.kodesolution.com/2025/arotech-php/images/main-slider/slider17-shape3.png]
[php.kodesolution.com/2025/arotech-php/images/icons/shape-1.jpg]
[php.kodesolution.com/2025/arotech-php/images/icons/pattern-6.jpg]
[php.kodesolution.com/2025/arotech-php/images/icons/pattern-22.jpg]
[php.kodesolution.com/2025/arotech-php/images/icons/shape-7.jpg]
[php.kodesolution.com/2025/arotech-php/images/icons/icon-lines-2.png]
[php.kodesolution.com/2025/arotech-php/images/resource/feature-bg.jpg]
[php.kodesolution.com/2025/arotech-php/images/icons/pattern-30.png]
[php.kodesolution.com/2025/arotech-php/images/icons/pattern-26.png]
[php.kodesolution.com/2025/arotech-php/images/icons/pattern-4.png]
[php.kodesolution.com/2025/arotech-php/images/icons/pattern-7.png]
[php.kodesolution.com/2025/arotech-php/images/icons/shape-4.jpg]
[php.kodesolution.com/2025/arotech-php/images/icons/icon-dots-2.png]
[php.kodesolution.com/2025/arotech-php/images/icons/shape2.png]
[php.kodesolution.com/2025/arotech-php/images/icons/pattern-28.png]
[php.kodesolution.com/2025/arotech-php/images/icons/shape-vector1.png]
[php.kodesolution.com/2025/arotech-php/images/icons/shape-17.png]
[php.kodesolution.com/2025/arotech-php/images/icons/line-2.png]
[php.kodesolution.com/2025/arotech-php/images/icons/shape-tm-17.png]
[php.kodesolution.com/2025/arotech-php/images/icons/bg-shape-tm-6.png]
[php.kodesolution.com/2025/arotech-php/images/icons/pattern-41.png]
[php.kodesolution.com/2025/arotech-php/images/icons/icon-lines-3.png]
[php.kodesolution.com/2025/arotech-php/images/icons/shape-11.png]
[php.kodesolution.com/2025/arotech-php/images/icons/pattern-29.png]
[php.kodesolution.com/2025/arotech-php/images/icons/line-1.png]
[php.kodesolution.com/2025/arotech-php/images/icons/shape-3.png]
[php.kodesolution.com/2025/arotech-php/images/icons/icon-shpae.png]
[php.kodesolution.com/2025/arotech-php/images/icons/shape-9.png]
[php.kodesolution.com/2025/arotech-php/images/icons/shape-8.png]
[php.kodesolution.com/2025/arotech-php/images/icons/shape-14.png]
[php.kodesolution.com/2025/arotech-php/images/icons/pattern-8.png]
[php.kodesolution.com/2025/arotech-php/images/icons/pattern-21.png]
[php.kodesolution.com/2025/arotech-php/images/icons/icon-lines-5.png]
[php.kodesolution.com/2025/arotech-php/images/icons/shape-5.png]
[php.kodesolution.com/2025/arotech-php/images/icons/shape-15.png]
[php.kodesolution.com/2025/arotech-php/images/icons/shape-10.png]
[php.kodesolution.com/2025/arotech-php/images/icons/icon-arrow-2.png]
[php.kodesolution.com/2025/arotech-php/images/icons/process-arrow.png]
[php.kodesolution.com/2025/arotech-php/images/icons/pattern-1.png]
[php.kodesolution.com/2025/arotech-php/images/icons/pattern-9.jpg]
[php.kodesolution.com/2025/arotech-php/images/icons/pattern-14.jpg]
[php.kodesolution.com/2025/arotech-php/images/icons/pattern-12.jpg]
[php.kodesolution.com/2025/arotech-php/images/icons/pattern-43.png]
[php.kodesolution.com/2025/arotech-php/images/icons/pattern-5.jpg]
[php.kodesolution.com/2025/arotech-php/images/icons/pattern-13.png]
[php.kodesolution.com/2025/arotech-php/images/icons/pattern-15.jpg]
[php.kodesolution.com/2025/arotech-php/images/icons/icon-lines-4.png]
[php.kodesolution.com/2025/arotech-php/images/icons/shape-12.png]
[php.kodesolution.com/2025/arotech-php/images/icons/quote-icon.png]
[php.kodesolution.com/2025/arotech-php/images/icons/pattern-11.png]
[php.kodesolution.com/2025/arotech-php/images/icons/pattern-19.png]
[php.kodesolution.com/2025/arotech-php/images/icons/shape-13.png]
[php.kodesolution.com/2025/arotech-php/images/icons/dotted-map-3.png]
[php.kodesolution.com/2025/arotech-php/images/icons/shape-18.png]
[php.kodesolution.com/2025/arotech-php/images/icons/pattern-20.png]
[php.kodesolution.com/2025/arotech-php/images/resource/image-7.png]
[php.kodesolution.com/2025/arotech-php/images/icons/dotted-map-2.png]
[php.kodesolution.com/2025/arotech-php/images/icons/pattern-17.jpg]
[php.kodesolution.com/2025/arotech-php/images/icons/pattern-23.jpg]
[php.kodesolution.com/2025/arotech-php/images/icons/shape-22.png]
[php.kodesolution.com/2025/arotech-php/images/icons/shape-6.jpg]
[php.kodesolution.com/2025/arotech-php/images/icons/pattern-24.jpg]
[php.kodesolution.com/2025/arotech-php/images/icons/pattern-18.png]
[php.kodesolution.com/2025/arotech-php/images/icons/bg_shape_2.png]
[php.kodesolution.com/2025/arotech-php/css/style.css]
[php.kodesolution.com/2025/arotech-php/css/responsive.css]
[php.kodesolution.com/2025/arotech-php/images/main-slider/slider1.jpg]
[php.kodesolution.com/2025/arotech-php/images/main-slider/home1-shape1.png]
[php.kodesolution.com/2025/arotech-php/images/main-slider/home1-shape2.png]
[php.kodesolution.com/2025/arotech-php/images/main-slider/home1-shape3.png]
[php.kodesolution.com/2025/arotech-php/images/main-slider/home1-shape4.png]
[php.kodesolution.com/2025/arotech-php/images/main-slider/home1-shape5.png]
[php.kodesolution.com/2025/arotech-php/images/main-slider/home1-shape6.png]
[php.kodesolution.com/2025/arotech-php/images/resource/thumb-1.jpg]
[php.kodesolution.com/2025/arotech-php/images/resource/about-9.jpg]
[php.kodesolution.com/2025/arotech-php/images/resource/about-10.jpg]
[php.kodesolution.com/2025/arotech-php/images/resource/image-4.png]
[php.kodesolution.com/2025/arotech-php/images/resource/project2-1.jpg]
[php.kodesolution.com/2025/arotech-php/images/resource/project2-2.jpg]
[php.kodesolution.com/2025/arotech-php/images/resource/project2-3.jpg]
[php.kodesolution.com/2025/arotech-php/images/resource/project2-4.jpg]
[php.kodesolution.com/2025/arotech-php/images/icons/bg-shape2.png]
[php.kodesolution.com/2025/arotech-php/images/resource/testi-thumb-2.jpg]
[php.kodesolution.com/2025/arotech-php/images/resource/testi-thumb-3.jpg]
[php.kodesolution.com/2025/arotech-php/images/resource/testi-thumb-1.jpg]
[php.kodesolution.com/2025/arotech-php/images/background/1.jpg]
[php.kodesolution.com/2025/arotech-php/images/resource/icon-logo.png]
[php.kodesolution.com/2025/arotech-php/images/resource/why-us4-1.png]
[php.kodesolution.com/2025/arotech-php/images/resource/why-us4-2.png]
[php.kodesolution.com/2025/arotech-php/images/resource/why-us4-3.jpg]
[php.kodesolution.com/2025/arotech-php/images/icons/pattern-2.jpg]
[php.kodesolution.com/2025/arotech-php/images/background/6.jpg]
[php.kodesolution.com/2025/arotech-php/images/resource/news-1.jpg]
[php.kodesolution.com/2025/arotech-php/images/resource/news-2.jpg]
[php.kodesolution.com/2025/arotech-php/images/resource/news-3.jpg]
[php.kodesolution.com/2025/arotech-php/images/resource/image-2.jpg]
[php.kodesolution.com/2025/arotech-php/index.html]
[php.kodesolution.com/2025/arotech-php/plugins/revolution/css/settings.css]
[php.kodesolution.com/2025/arotech-php/plugins/revolution/css/layers.css]
[php.kodesolution.com/2025/arotech-php/plugins/revolution/css/navigation.css]
[php.kodesolution.com/2025/arotech-php/images/main-slider/home2-shape1.png]
[php.kodesolution.com/2025/arotech-php/images/main-slider/slider2.png]
[php.kodesolution.com/2025/arotech-php/images/resource/avatar.jpg]
[php.kodesolution.com/2025/arotech-php/images/resource/about-14.png]
[php.kodesolution.com/2025/arotech-php/images/resource/about-15.png]
[php.kodesolution.com/2025/arotech-php/images/background/video-bg1.jpg]
[php.kodesolution.com/2025/arotech-php/images/resource/why-us-6.jpg]
[php.kodesolution.com/2025/arotech-php/images/icons/pattern-25.png]
[php.kodesolution.com/2025/arotech-php/images/resource/testi-thumb-4.jpg]
[php.kodesolution.com/2025/arotech-php/images/resource/news2-1.jpg]
[php.kodesolution.com/2025/arotech-php/images/resource/news2-2.jpg]
[php.kodesolution.com/2025/arotech-php/images/resource/news2-3.jpg]
[php.kodesolution.com/2025/arotech-php/plugins/revolution/js/jquery.themepunch.revolution.min.js]
[php.kodesolution.com/2025/arotech-php/plugins/revolution/js/jquery.themepunch.tools.min.js]
[php.kodesolution.com/2025/arotech-php/plugins/revolution/js/extensions/revolution.extension.actions.min.js]
[php.kodesolution.com/2025/arotech-php/plugins/revolution/js/extensions/revolution.extension.carousel.min.js]
[php.kodesolution.com/2025/arotech-php/plugins/revolution/js/extensions/revolution.extension.kenburn.min.js]
[php.kodesolution.com/2025/arotech-php/plugins/revolution/js/extensions/revolution.extension.layeranimation.min.js]
[php.kodesolution.com/2025/arotech-php/plugins/revolution/js/extensions/revolution.extension.migration.min.js]
[php.kodesolution.com/2025/arotech-php/plugins/revolution/js/extensions/revolution.extension.navigation.min.js]
[php.kodesolution.com/2025/arotech-php/plugins/revolution/js/extensions/revolution.extension.parallax.min.js]
[php.kodesolution.com/2025/arotech-php/plugins/revolution/js/extensions/revolution.extension.slideanims.min.js]
[php.kodesolution.com/2025/arotech-php/plugins/revolution/js/extensions/revolution.extension.video.min.js]
[php.kodesolution.com/2025/arotech-php/js/main-slider-script.js]
[php.kodesolution.com/2025/arotech-php/index-2.html]
[php.kodesolution.com/2025/arotech-php/images/main-slider/slider4.jpg]
[php.kodesolution.com/2025/arotech-php/images/main-slider/slider4-doted-2.png]
[php.kodesolution.com/2025/arotech-php/images/main-slider/slider4-shape2.png]
[php.kodesolution.com/2025/arotech-php/images/icons/icon-arrow-shape1.png]
[php.kodesolution.com/2025/arotech-php/images/icons/icon-dots-3.png]
[php.kodesolution.com/2025/arotech-php/images/resource/about10-2.jpg]
[php.kodesolution.com/2025/arotech-php/images/resource/about10-1.jpg]
[php.kodesolution.com/2025/arotech-php/images/resource/project4-1.jpg]
[php.kodesolution.com/2025/arotech-php/images/resource/project4-2.jpg]
[php.kodesolution.com/2025/arotech-php/images/resource/project4-3.jpg]
[php.kodesolution.com/2025/arotech-php/images/resource/project4-4.jpg]
[php.kodesolution.com/2025/arotech-php/images/icons/pattern-31.jpg]
[php.kodesolution.com/2025/arotech-php/images/resource/girl.png]
[php.kodesolution.com/2025/arotech-php/index-4.html]
[php.kodesolution.com/2025/arotech-php/images/logo-3.png]
[php.kodesolution.com/2025/arotech-php/images/main-slider/slider5.png]
[php.kodesolution.com/2025/arotech-php/images/main-slider/home5-shape1.png]
[php.kodesolution.com/2025/arotech-php/images/main-slider/home5-shape2.png]
[php.kodesolution.com/2025/arotech-php/images/resource/about11-1.png]
[php.kodesolution.com/2025/arotech-php/images/resource/about11-2.png]
[php.kodesolution.com/2025/arotech-php/images/icons/shape-16.png]
[php.kodesolution.com/2025/arotech-php/images/icons/pattern-32.png]
[php.kodesolution.com/2025/arotech-php/images/resource/service8-1.jpg]
[php.kodesolution.com/2025/arotech-php/images/resource/service8-2.jpg]
[php.kodesolution.com/2025/arotech-php/images/resource/service8-3.jpg]
[php.kodesolution.com/2025/arotech-php/images/resource/service8-4.jpg]
[php.kodesolution.com/2025/arotech-php/images/background/7.png]
[php.kodesolution.com/2025/arotech-php/images/resource/image-8.png]
[php.kodesolution.com/2025/arotech-php/images/icons/pattern-33.jpg]
[php.kodesolution.com/2025/arotech-php/images/icons/pattern-34.jpg]
[php.kodesolution.com/2025/arotech-php/images/resource/service-bg1.png]
[php.kodesolution.com/2025/arotech-php/images/resource/news-bg02.jpg]
[php.kodesolution.com/2025/arotech-php/index-5.html]
[php.kodesolution.com/2025/arotech-php/images/main-slider/slider6.jpg]
[php.kodesolution.com/2025/arotech-php/images/main-slider/home6-shape1.png]
[php.kodesolution.com/2025/arotech-php/images/main-slider/home6-shape2.png]
[php.kodesolution.com/2025/arotech-php/images/resource/about12-1.jpg]
[php.kodesolution.com/2025/arotech-php/images/resource/about12-2.jpg]
[php.kodesolution.com/2025/arotech-php/images/resource/about13-1.png]
[php.kodesolution.com/2025/arotech-php/images/icons/pattern-35.png]
[php.kodesolution.com/2025/arotech-php/images/resource/project5-1.jpg]
[php.kodesolution.com/2025/arotech-php/images/resource/project5-2.jpg]
[php.kodesolution.com/2025/arotech-php/images/resource/project5-3.jpg]
[php.kodesolution.com/2025/arotech-php/images/resource/project5-4.jpg]
[php.kodesolution.com/2025/arotech-php/images/resource/project5-5.jpg]
[php.kodesolution.com/2025/arotech-php/images/icons/pattern-36.jpg]
[php.kodesolution.com/2025/arotech-php/images/resource/slgirl-1.png]
[php.kodesolution.com/2025/arotech-php/index-6.html]
[php.kodesolution.com/2025/arotech-php/images/main-slider/slider7.jpg]
[php.kodesolution.com/2025/arotech-php/images/icons/shape-19.png]
[php.kodesolution.com/2025/arotech-php/images/resource/image-10.jpg]
[php.kodesolution.com/2025/arotech-php/images/resource/image-9.jpg]
[php.kodesolution.com/2025/arotech-php/images/resource/feature-bg-3.jpg]
[php.kodesolution.com/2025/arotech-php/images/resource/feature-bg-4.jpg]
[php.kodesolution.com/2025/arotech-php/images/resource/feature-bg-5.jpg]
[php.kodesolution.com/2025/arotech-php/images/resource/project1-1.jpg]
[php.kodesolution.com/2025/arotech-php/images/resource/project1-2.jpg]
[php.kodesolution.com/2025/arotech-php/images/resource/project1-3.jpg]
[php.kodesolution.com/2025/arotech-php/images/resource/faq1-1.jpg]
[php.kodesolution.com/2025/arotech-php/images/background/video-bg2.jpg]
[php.kodesolution.com/2025/arotech-php/index-7.html]
[php.kodesolution.com/2025/arotech-php/images/main-slider/slider8.png]
[php.kodesolution.com/2025/arotech-php/images/resource/service9-1.jpg]
[php.kodesolution.com/2025/arotech-php/images/resource/service9-2.jpg]
[php.kodesolution.com/2025/arotech-php/images/resource/service9-3.jpg]
[php.kodesolution.com/2025/arotech-php/images/resource/service9-4.jpg]
[php.kodesolution.com/2025/arotech-php/images/resource/why-us-7.jpg]
[php.kodesolution.com/2025/arotech-php/index-8.html]
[php.kodesolution.com/2025/arotech-php/images/main-slider/home9-shape1.png]
[php.kodesolution.com/2025/arotech-php/images/resource/about-16-1.jpg]
[php.kodesolution.com/2025/arotech-php/images/resource/about-16-2.jpg]
[php.kodesolution.com/2025/arotech-php/images/icons/pattern-37.png]
[php.kodesolution.com/2025/arotech-php/images/icons/shape-20.png]
[php.kodesolution.com/2025/arotech-php/images/icons/shape-21.png]
[php.kodesolution.com/2025/arotech-php/images/resource/image-11.jpg]
[php.kodesolution.com/2025/arotech-php/images/resource/image-12.jpg]
[php.kodesolution.com/2025/arotech-php/images/resource/testimonial-bg.png]
[php.kodesolution.com/2025/arotech-php/images/resource/news3-1.jpg]
[php.kodesolution.com/2025/arotech-php/images/resource/news3-2.jpg]
[php.kodesolution.com/2025/arotech-php/images/resource/news3-3.jpg]
[php.kodesolution.com/2025/arotech-php/index-9.html]
[php.kodesolution.com/2025/arotech-php/images/main-slider/slider9.jpg]
[php.kodesolution.com/2025/arotech-php/images/main-slider/slider9-shape1.png]
[php.kodesolution.com/2025/arotech-php/images/main-slider/slider9-shape2.png]
[php.kodesolution.com/2025/arotech-php/images/main-slider/slider9-shape3.png]
[php.kodesolution.com/2025/arotech-php/images/main-slider/1.jpg]
[php.kodesolution.com/2025/arotech-php/images/resource/about-17.jpg]
[php.kodesolution.com/2025/arotech-php/images/resource/feature1-1.jpg]
[php.kodesolution.com/2025/arotech-php/images/resource/feature1-2.jpg]
[php.kodesolution.com/2025/arotech-php/images/resource/feature1-3.jpg]
[php.kodesolution.com/2025/arotech-php/images/icons/pattern-38.png]
[php.kodesolution.com/2025/arotech-php/images/resource/project1-4.jpg]
[php.kodesolution.com/2025/arotech-php/images/background/bg-faq1.jpg]
[php.kodesolution.com/2025/arotech-php/images/resource/contact-img2.png]
[php.kodesolution.com/2025/arotech-php/index-10.html]
[php.kodesolution.com/2025/arotech-php/images/main-slider/slider11-circle-object.png]
[php.kodesolution.com/2025/arotech-php/images/main-slider/slider11-shape1.png]
[php.kodesolution.com/2025/arotech-php/images/resource/service-1.jpg]
[php.kodesolution.com/2025/arotech-php/images/resource/service-2.jpg]
[php.kodesolution.com/2025/arotech-php/images/resource/service-3.jpg]
[php.kodesolution.com/2025/arotech-php/images/background/bg-funfact1.png]
[php.kodesolution.com/2025/arotech-php/images/icons/pattern-39.jpg]
[php.kodesolution.com/2025/arotech-php/images/icons/pattern-40.png]
[php.kodesolution.com/2025/arotech-php/images/icons/shape-23.png]
[php.kodesolution.com/2025/arotech-php/images/resource/image-13.jpg]
[php.kodesolution.com/2025/arotech-php/images/resource/feature-bg-7.jpg]
[php.kodesolution.com/2025/arotech-php/images/resource/feature-bg-8.jpg]
[php.kodesolution.com/2025/arotech-php/index-11.html]
[php.kodesolution.com/2025/arotech-php/index-12.html]
[php.kodesolution.com/2025/arotech-php/images/main-slider/slider13.jpg]
[php.kodesolution.com/2025/arotech-php/images/resource/about19-1.png]
[php.kodesolution.com/2025/arotech-php/images/resource/about19-2.jpg]
[php.kodesolution.com/2025/arotech-php/images/resource/image-16.jpg]
[php.kodesolution.com/2025/arotech-php/index-13.html]
[php.kodesolution.com/2025/arotech-php/images/main-slider/slider14.jpg]
[php.kodesolution.com/2025/arotech-php/images/resource/feature-bg-6.jpg]
[php.kodesolution.com/2025/arotech-php/images/resource/feature2-1.jpg]
[php.kodesolution.com/2025/arotech-php/images/resource/feature2-2.jpg]
[php.kodesolution.com/2025/arotech-php/images/resource/feature2-3.jpg]
[php.kodesolution.com/2025/arotech-php/images/resource/feature2-4.jpg]
[php.kodesolution.com/2025/arotech-php/images/icons/pattern-42.png]
[php.kodesolution.com/2025/arotech-php/images/resource/image-15.jpg]
[php.kodesolution.com/2025/arotech-php/images/resource/image-18.png]
[php.kodesolution.com/2025/arotech-php/index-14.html]
[php.kodesolution.com/2025/arotech-php/images/main-slider/slider15.jpg]
[php.kodesolution.com/2025/arotech-php/images/main-slider/slider15-shape1.png]
[php.kodesolution.com/2025/arotech-php/images/resource/about20-1.jpg]
[php.kodesolution.com/2025/arotech-php/images/resource/about20-2.jpg]
[php.kodesolution.com/2025/arotech-php/images/resource/feature3-1.jpg]
[php.kodesolution.com/2025/arotech-php/images/resource/feature3-2.jpg]
[php.kodesolution.com/2025/arotech-php/images/resource/feature3-3.jpg]
[php.kodesolution.com/2025/arotech-php/index-15.html]
[php.kodesolution.com/2025/arotech-php/images/main-slider/slider16-shape1.png]
[php.kodesolution.com/2025/arotech-php/images/resource/about21-1.jpg]
[php.kodesolution.com/2025/arotech-php/images/resource/about21-2.jpg]
[php.kodesolution.com/2025/arotech-php/images/resource/image-1.jpg]
[php.kodesolution.com/2025/arotech-php/images/resource/feature1-4.jpg]
[php.kodesolution.com/2025/arotech-php/images/resource/feature1-5.jpg]
[php.kodesolution.com/2025/arotech-php/images/resource/faq2-1.jpg]
[php.kodesolution.com/2025/arotech-php/index-16.html]
[php.kodesolution.com/2025/arotech-php/images/main-slider/slider17.jpg]
[php.kodesolution.com/2025/arotech-php/images/main-slider/slider17-shape2.png]
[php.kodesolution.com/2025/arotech-php/images/main-slider/slider17-shape1.png]
[php.kodesolution.com/2025/arotech-php/images/icons/shape-tm-16.png]
[php.kodesolution.com/2025/arotech-php/images/resource/about22-1.jpg]
[php.kodesolution.com/2025/arotech-php/images/resource/about22-2.jpg]
[php.kodesolution.com/2025/arotech-php/images/resource/image-8-2.png]
[php.kodesolution.com/2025/arotech-php/index-17.html]
[php.kodesolution.com/2025/arotech-php/index-1-single.html]
[php.kodesolution.com/2025/arotech-php/index-2-single.html]
[php.kodesolution.com/2025/arotech-php/images/resource/news4-1.jpg]
[php.kodesolution.com/2025/arotech-php/images/resource/news4-2.jpg]
[php.kodesolution.com/2025/arotech-php/images/resource/news4-3.jpg]
[php.kodesolution.com/2025/arotech-php/images/resource/news4-4.jpg]
[php.kodesolution.com/2025/arotech-php/index-3-single.html]
[php.kodesolution.com/2025/arotech-php/index-4-single.html]
[php.kodesolution.com/2025/arotech-php/index-5-single.html]
[php.kodesolution.com/2025/arotech-php/index-6-single.html]
[php.kodesolution.com/2025/arotech-php/index-7-single.html]
[php.kodesolution.com/2025/arotech-php/index-8-single.html]
[php.kodesolution.com/2025/arotech-php/index-9-single.html]
[php.kodesolution.com/2025/arotech-php/index-10-single.html]
[php.kodesolution.com/2025/arotech-php/index-11-single.html]
[php.kodesolution.com/2025/arotech-php/index-12-single.html]
[php.kodesolution.com/2025/arotech-php/index-13-single.html]
[php.kodesolution.com/2025/arotech-php/index-14-single.html]
[php.kodesolution.com/2025/arotech-php/index-15-single.html]
[php.kodesolution.com/2025/arotech-php/index-16-single.html]
[php.kodesolution.com/2025/arotech-php/index-17-single.html]
[php.kodesolution.com/2025/arotech-php/index-1-dark.html]
[php.kodesolution.com/2025/arotech-php/index-2-dark.html]
[php.kodesolution.com/2025/arotech-php/index-3-dark.html]
[php.kodesolution.com/2025/arotech-php/index-4-dark.html]
[php.kodesolution.com/2025/arotech-php/index-5-dark.html]
[php.kodesolution.com/2025/arotech-php/index-6-dark.html]
[php.kodesolution.com/2025/arotech-php/index-7-dark.html]
[php.kodesolution.com/2025/arotech-php/index-8-dark.html]
[php.kodesolution.com/2025/arotech-php/index-9-dark.html]
[php.kodesolution.com/2025/arotech-php/index-10-dark.html]
[php.kodesolution.com/2025/arotech-php/index-11-dark.html]
[php.kodesolution.com/2025/arotech-php/index-12-dark.html]
[php.kodesolution.com/2025/arotech-php/index-13-dark.html]
[php.kodesolution.com/2025/arotech-php/index-14-dark.html]
[php.kodesolution.com/2025/arotech-php/index-15-dark.html]
[php.kodesolution.com/2025/arotech-php/css/style-dark.css]
[php.kodesolution.com/2025/arotech-php/index-16-dark.html]
[php.kodesolution.com/2025/arotech-php/index-17-dark.html]
[php.kodesolution.com/2025/arotech-php/index-1-rtl.html]
[php.kodesolution.com/2025/arotech-php/images/background/page-title.jpg]
[php.kodesolution.com/2025/arotech-php/css/style-rtl.css]
[php.kodesolution.com/2025/arotech-php/images/resource/men.png]
[php.kodesolution.com/2025/arotech-php/images/resource/project-1.jpg]
[php.kodesolution.com/2025/arotech-php/images/resource/project-2.jpg]
[php.kodesolution.com/2025/arotech-php/images/resource/project-3.jpg]
[php.kodesolution.com/2025/arotech-php/images/resource/project-4.jpg]
[php.kodesolution.com/2025/arotech-php/images/resource/team-4.jpg]
[php.kodesolution.com/2025/arotech-php/images/resource/team-5.jpg]
[php.kodesolution.com/2025/arotech-php/images/resource/team-6.jpg]
[php.kodesolution.com/2025/arotech-php/images/resource/team-7.jpg]
[php.kodesolution.com/2025/arotech-php/images/resource/client.png]
[php.kodesolution.com/2025/arotech-php/images/background/2.jpg]
[php.kodesolution.com/2025/arotech-php/images/resource/project-thumb-1.jpg]
[php.kodesolution.com/2025/arotech-php/images/resource/project-thumb-2.jpg]
[php.kodesolution.com/2025/arotech-php/images/resource/project-thumb-3.jpg]
[php.kodesolution.com/2025/arotech-php/images/resource/project-thumb-4.jpg]
[php.kodesolution.com/2025/arotech-php/images/resource/project-thumb-5.jpg]
[php.kodesolution.com/2025/arotech-php/images/resource/project-thumb-6.jpg]
[php.kodesolution.com/2025/arotech-php/page-about.html]
[php.kodesolution.com/2025/arotech-php/page-projects.html]
[php.kodesolution.com/2025/arotech-php/images/resource/project-details.jpg]
[php.kodesolution.com/2025/arotech-php/page-project-details.html]
[php.kodesolution.com/2025/arotech-php/images/resource/team-1.jpg]
[php.kodesolution.com/2025/arotech-php/images/resource/team-2.jpg]
[php.kodesolution.com/2025/arotech-php/images/resource/team-3.jpg]
[php.kodesolution.com/2025/arotech-php/page-team.html]
[php.kodesolution.com/2025/arotech-php/images/resource/team-details.jpg]
[php.kodesolution.com/2025/arotech-php/page-team-details.html]
[php.kodesolution.com/2025/arotech-php/page-testimonial.html]
[php.kodesolution.com/2025/arotech-php/images/resource/pricing-1.png]
[php.kodesolution.com/2025/arotech-php/images/resource/pricing-2.png]
[php.kodesolution.com/2025/arotech-php/page-pricing.html]
[php.kodesolution.com/2025/arotech-php/page-pricing-switcher.html]
[php.kodesolution.com/2025/arotech-php/page-faq.html]
[php.kodesolution.com/2025/arotech-php/images/resource/404.jpg]
[php.kodesolution.com/2025/arotech-php/page-404.html]
[php.kodesolution.com/2025/arotech-php/page-services.html]
[php.kodesolution.com/2025/arotech-php/images/resource/contact.jpg]
[php.kodesolution.com/2025/arotech-php/images/resource/overlay-shape.png]
[php.kodesolution.com/2025/arotech-php/images/resource/service-details.jpg]
[php.kodesolution.com/2025/arotech-php/page-service-details.html]
[php.kodesolution.com/2025/arotech-php/images/resource/products/1.jpg]
[php.kodesolution.com/2025/arotech-php/images/resource/products/2.jpg]
[php.kodesolution.com/2025/arotech-php/images/resource/products/3.jpg]
[php.kodesolution.com/2025/arotech-php/images/resource/products/4.jpg]
[php.kodesolution.com/2025/arotech-php/images/resource/products/5.jpg]
[php.kodesolution.com/2025/arotech-php/images/resource/products/6.jpg]
[php.kodesolution.com/2025/arotech-php/images/resource/products/7.jpg]
[php.kodesolution.com/2025/arotech-php/images/resource/products/8.jpg]
[php.kodesolution.com/2025/arotech-php/shop-products.html]
[php.kodesolution.com/2025/arotech-php/images/resource/products/thumb-1.jpg]
[php.kodesolution.com/2025/arotech-php/images/resource/products/thumb-2.jpg]
[php.kodesolution.com/2025/arotech-php/images/resource/products/thumb-3.jpg]
[php.kodesolution.com/2025/arotech-php/shop-products-sidebar.html]
[php.kodesolution.com/2025/arotech-php/images/resource/products/product-details.jpg]
[php.kodesolution.com/2025/arotech-php/images/resource/products/product-details2.jpg]
[php.kodesolution.com/2025/arotech-php/images/resource/products/product-details3.jpg]
[php.kodesolution.com/2025/arotech-php/shop-product-details.html]
[php.kodesolution.com/2025/arotech-php/shop-cart.html]
[php.kodesolution.com/2025/arotech-php/shop-checkout.html]
[php.kodesolution.com/2025/arotech-php/news-grid.html]
[php.kodesolution.com/2025/arotech-php/images/resource/news-details.jpg]
[php.kodesolution.com/2025/arotech-php/news-details.html]
[php.kodesolution.com/2025/arotech-php/page-contact.html]
[php.kodesolution.com/2025/arotech-php/css/bootstrap.min.css]
[php.kodesolution.com/2025/arotech-php/css/animate.css]
[php.kodesolution.com/2025/arotech-php/css/owl.css]
[php.kodesolution.com/2025/arotech-php/css/swiper.min.css]
[php.kodesolution.com/2025/arotech-php/css/jquery.fancybox.min.css]
[php.kodesolution.com/2025/arotech-php/css/images/ui-icons_444444_256x240.png]
[php.kodesolution.com/2025/arotech-php/css/images/ui-icons_555555_256x240.png]
[php.kodesolution.com/2025/arotech-php/css/jquery-ui.css]
[php.kodesolution.com/2025/arotech-php/fonts/linearicons-free8429.eot]
[php.kodesolution.com/2025/arotech-php/fonts/linearicons-free8429.woff]
[php.kodesolution.com/2025/arotech-php/css/linear.css]
[php.kodesolution.com/2025/arotech-php/fonts/linearicons-free8429.ttf]
[php.kodesolution.com/2025/arotech-php/css/select2.min.css]
[php.kodesolution.com/2025/arotech-php/fonts/linearicons-free8429.svg]
[php.kodesolution.com/2025/arotech-php/fonts/webfonts/fa-brands-400.woff2]
[php.kodesolution.com/2025/arotech-php/fonts/webfonts/fa-regular-400.woff2]
[php.kodesolution.com/2025/arotech-php/fonts/webfonts/fa-brands-400.ttf]
[php.kodesolution.com/2025/arotech-php/fonts/webfonts/fa-regular-400.ttf]
[php.kodesolution.com/2025/arotech-php/fonts/webfonts/fa-solid-900.woff2]
[php.kodesolution.com/2025/arotech-php/fonts/webfonts/fa-v4compatibility.woff2]
[php.kodesolution.com/2025/arotech-php/css/fontawesome-free.css]
[php.kodesolution.com/2025/arotech-php/fonts/webfonts/fa-v4compatibility.ttf]
[php.kodesolution.com/2025/arotech-php/fonts/webfonts/fa-solid-900.ttf]
[php.kodesolution.com/2025/arotech-php/fonts/fa-brands-400.woff2]
[php.kodesolution.com/2025/arotech-php/fonts/fa-brands-400.woff]
[php.kodesolution.com/2025/arotech-php/fonts/fa-brands-400.ttf]
[php.kodesolution.com/2025/arotech-php/fonts/fa-duotone-900.woff2]
[php.kodesolution.com/2025/arotech-php/fonts/fa-duotone-900.woff]
[php.kodesolution.com/2025/arotech-php/fonts/fa-light-300.woff2]
[php.kodesolution.com/2025/arotech-php/fonts/fa-light-300.woff]
[php.kodesolution.com/2025/arotech-php/fonts/fa-light-300.ttf]
[php.kodesolution.com/2025/arotech-php/fonts/fa-regular-400.woff2]
[php.kodesolution.com/2025/arotech-php/fonts/fa-regular-400.woff]
[php.kodesolution.com/2025/arotech-php/fonts/fa-regular-400.ttf]
[php.kodesolution.com/2025/arotech-php/fonts/fa-solid-900.woff2]
[php.kodesolution.com/2025/arotech-php/fonts/fa-solid-900.woff]
[php.kodesolution.com/2025/arotech-php/fonts/fa-thin-100.woff2]
[php.kodesolution.com/2025/arotech-php/fonts/fa-solid-900.ttf]
[php.kodesolution.com/2025/arotech-php/fonts/fa-duotone-900.ttf]
[php.kodesolution.com/2025/arotech-php/fonts/fa-thin-100.woff]
[php.kodesolution.com/2025/arotech-php/css/fontawesome.css]
[php.kodesolution.com/2025/arotech-php/fonts/flaticon-business.woff2]
[php.kodesolution.com/2025/arotech-php/fonts/flaticon-business.woff]
[php.kodesolution.com/2025/arotech-php/fonts/flaticon-business.ttf]
[php.kodesolution.com/2025/arotech-php/fonts/fa-thin-100.ttf]
[php.kodesolution.com/2025/arotech-php/fonts/flaticon-business.svg]
[php.kodesolution.com/2025/arotech-php/css/flaticon.css]
[php.kodesolution.com/2025/arotech-php/fonts/flaticon-set-business1afc.eot]
[php.kodesolution.com/2025/arotech-php/fonts/flaticon-set-business1afc.woff]
[php.kodesolution.com/2025/arotech-php/fonts/flaticon-set-business1afc.ttf]
[php.kodesolution.com/2025/arotech-php/css/flaticon-set-business.css]
[php.kodesolution.com/2025/arotech-php/css/tm-bs-mp.css]
[php.kodesolution.com/2025/arotech-php/css/tm-utility-classes.css]
[php.kodesolution.com/2025/arotech-php/images/app3/pric-bg-globe-gray.html]
[php.kodesolution.com/2025/arotech-php/images/icons/pattern-3.html]
[php.kodesolution.com/2025/arotech-php/images/icons/cat-1-bg.html]
[php.kodesolution.com/2025/arotech-php/images/icons/cat-2-bg.html]
[php.kodesolution.com/2025/arotech-php/images/icons/cat-3-bg.html]
[php.kodesolution.com/2025/arotech-php/images/icons/cat-4-bg.html]
[php.kodesolution.com/2025/arotech-php/images/icons/shape-7.html]
[php.kodesolution.com/2025/arotech-php/page-about-2.html]
[php.kodesolution.com/2025/arotech-php/plugins/revolution/fonts/revicons/revicons90c6.eot]
[php.kodesolution.com/2025/arotech-php/fonts/flaticon-set-business1afc.svg]
[php.kodesolution.com/2025/arotech-php/plugins/revolution/fonts/revicons/revicons90c6.woff]
[php.kodesolution.com/2025/arotech-php/plugins/revolution/fonts/revicons/revicons90c6.ttf]
[php.kodesolution.com/2025/arotech-php/plugins/revolution/fonts/revicons/revicons90c6.svg]
[php.kodesolution.com/2025/arotech-php/plugins/revolution/css/openhand.cur]
[php.kodesolution.com/2025/arotech-php/plugins/revolution/css/closedhand.cur]
[php.kodesolution.com/2025/arotech-php/plugins/revolution/assets/gridtile.png]
[php.kodesolution.com/2025/arotech-php/plugins/revolution/assets/gridtile_white.png]
[php.kodesolution.com/2025/arotech-php/plugins/revolution/assets/gridtile_3x3.png]
[php.kodesolution.com/2025/arotech-php/plugins/revolution/assets/gridtile_3x3_white.png]
[php.kodesolution.com/2025/arotech-php/plugins/revolution/assets/coloredbg.png]
[php.kodesolution.com/2025/arotech-php/plugins/revolution/assets/loader.gif]
[php.kodesolution.com/2025/arotech-php/plugins/revolution/css/settings.css]
[php.kodesolution.com/2025/arotech-php/plugins/revolution/css/layers.css]
[php.kodesolution.com/2025/arotech-php/plugins/revolution/css/navigation.css]
[php.kodesolution.com/2025/arotech-php/images/icons/pattern-4-dark.png]
[php.kodesolution.com/2025/arotech-php/images/icons/pattern-5-dark.jpg]
[php.kodesolution.com/2025/arotech-php/images/icons/Faunfacts.png]
[php.kodesolution.com/2025/arotech-php/images/icons/pattern-16.png]
[php.kodesolution.com/2025/arotech-php/images/icons/pattern-15-dark.png]
[php.kodesolution.com/2025/arotech-php/images/icons/pattern-20-dark.png]
[php.kodesolution.com/2025/arotech-php/images/icons/shape-10-dark.png]
[php.kodesolution.com/2025/arotech-php/images/icons/pattern-21-dark.png]
[php.kodesolution.com/2025/arotech-php/images/icons/pattern-7-dark-dark.png]
[php.kodesolution.com/2025/arotech-php/images/icons/icon-lines-2-dark.png]
[php.kodesolution.com/2025/arotech-php/images/icons/icon-lines-dark.png]
[php.kodesolution.com/2025/arotech-php/images/icons/shape-4-dark.png]
[php.kodesolution.com/2025/arotech-php/images/icons/shape-5-dark.png]
[php.kodesolution.com/2025/arotech-php/css/style-dark.css]
[php.kodesolution.com/2025/arotech-php/css/style-rtl.css]
[php.kodesolution.com/2025/arotech-php/shop-details.html]
[php.kodesolution.com/2025/arotech-php/css/owl.video.play.html]
[php.kodesolution.com/2025/arotech-php/css/images/ui-icons_777620_256x240.html]
[php.kodesolution.com/2025/arotech-php/css/images/ui-icons_cc0000_256x240.html]
[php.kodesolution.com/2025/arotech-php/fonts/linearicons-free8429.svg]
[php.kodesolution.com/2025/arotech-php/fonts/flaticon-business.html]
[php.kodesolution.com/2025/arotech-php/fonts/flaticon-businessd41d.html]
[php.kodesolution.com/2025/arotech-php/fonts/flaticon-business.svg]
[php.kodesolution.com/2025/arotech-php/css/fonts/flaticon-business.html]
[php.kodesolution.com/2025/arotech-php/fonts/flaticon-set-business1afc.svg]
[php.kodesolution.com/2025/arotech-php/plugins/revolution/fonts/revicons/revicons90c6.svg]
[php.kodesolution.com/2025/arotech-php/images/icons/gradient.html]
[php.kodesolution.com/2025/arotech-php/images/layout_10/bg-shape5.html]
[php.kodesolution.com/2025/arotech-php/images/icons/pattern-14.html]
[php.kodesolution.com/2025/arotech-php/images/icons/shape.html]
[php.kodesolution.com/2025/arotech-php/images/icons/shape-6.html]
[php.kodesolution.com/2025/arotech-php/images/icons/pattern-1.html]
