[fundingticks.com/index.html]
[fundingticks.com/_next/static/css/55da75fcb9732773.css]
[fundingticks.com/_next/static/css/f3a6d04a72700fad.css]
[fundingticks.com/_next/static/chunks/webpack-762796e8711a748b.js]
[fundingticks.com/_next/static/chunks/1dd3208c-c04dd1bc46b06af8.js]
[fundingticks.com/_next/static/chunks/528-48f77cdd6e432ec0.js]
[fundingticks.com/_next/static/chunks/main-app-4676c63e11437116.js]
[fundingticks.com/_next/static/chunks/7d384bb9-18a8b1ef0fd0a11f.js]
[fundingticks.com/_next/static/chunks/427-ea54e0925c0327da.js]
[fundingticks.com/_next/static/chunks/340-d92bc3a661ba7996.js]
[fundingticks.com/_next/static/chunks/43-bb548ca0a387ad08.js]
[fundingticks.com/_next/static/chunks/951-cfc79825873475a3.js]
[fundingticks.com/_next/static/chunks/39-9b6dba7ef477f70a.js]
[fundingticks.com/_next/static/chunks/app/page-9ebf7c1b96d802ea.js]
[backblue.gif]
[fade.gif]
[index.html]
[fundingticks.com/_next/static/chunks/app/layout-2d145f7a1f47a391.js]
[fundingticks.com/favicon/apple-touch-icon.png]
[fundingticks.com/favicon/favicon-32x32.png]
[fundingticks.com/favicon/favicon-16x16.png]
[static.zdassets.com/ekr/snippet6df6.js]
[fundingticks.com/_next/static/chunks/polyfills-42372ed130431b0a.js]
[fundingticks.com/terms-of-use.html]
[fundingticks.com/contact.html]
[fundingticks.com/about-us.html]
[fundingticks.com/ft/hero/bg.mp4]
[fundingticks.com/ft/hero/bg.webm]
[fundingticks.com/_next/imagef507.png]
[fundingticks.com/_next/imagebb86]
[fundingticks.com/_next/imagea362]
[fundingticks.com/_next/image7b06]
[fundingticks.com/_next/imageee3c]
[fundingticks.com/index.html]
[fundingticks.com/_next/static/css/55da75fcb9732773.css]
[fundingticks.com/fonts/PPMori-Extralight.woff2]
[fundingticks.com/fonts/PPMori-ExtralightItalic.woff2]
[fundingticks.com/fonts/PPMori-Regular.woff2]
[fundingticks.com/fonts/PPMori-RegularItalic.woff2]
[fundingticks.com/fonts/PPMori-SemiBold.woff2]
[fundingticks.com/_next/static/css/f3a6d04a72700fad.css]
[fundingticks.com/fonts/PPMori-SemiBoldItalic.woff2]
[fundingticks.com/_next/static/chunks/app/terms-of-use/page-a6e158faff633de3.js]
[fundingticks.com/terms-of-use.html]
[fundingticks.com/_next/static/chunks/app/contact/page-8d04f1bc0fece949.js]
[fundingticks.com/_next/image6e79]
[fundingticks.com/cdn-cgi/l/email-protection.html]
[fundingticks.com/contact.html]
[fundingticks.com/cdn-cgi/scripts/5c5dd728/cloudflare-static/email-decode.min.js]
[fundingticks.com/_next/static/chunks/app/about-us/page-4be7fad96b87eab2.js]
[fundingticks.com/_next/image8aef]
[fundingticks.com/about-us.html]
[fundingticks.com/ft/hero/bg.html]
[fundingticks.com/cdn-cgi/l/email-protection.html]
