[pixner.net/tradez/main/index-2.html]
[backblue.gif]
[fade.gif]
[index.html]
[pixner.net/tradez/main/assets/images/fav.png]
[cdn.jsdelivr.net/npm/@tabler/icons-webfont@2.36.0/tabler-icons.min.css]
[pixner.net/tradez/main/assets/css/style.min.css]
[pixner.net/tradez/main/index.html]
[pixner.net/tradez/main/assets/images/logo.png]
[pixner.net/tradez/main/signin.html]
[pixner.net/tradez/main/signup.html]
[pixner.net/tradez/main/market.html]
[pixner.net/tradez/main/market-details.html]
[pixner.net/tradez/main/about.html]
[pixner.net/tradez/main/team.html]
[pixner.net/tradez/main/team-details.html]
[pixner.net/tradez/main/blog.html]
[pixner.net/tradez/main/blog-details.html]
[pixner.net/tradez/main/careers.html]
[pixner.net/tradez/main/contact.html]
[pixner.net/tradez/main/education.html]
[pixner.net/tradez/main/legal-docs.html]
[pixner.net/tradez/main/customers.html]
[pixner.net/tradez/main/roadmap.html]
[pixner.net/tradez/main/support.html]
[pixner.net/tradez/main/terms-conditions.html]
[pixner.net/tradez/main/privacy-policy.html]
[pixner.net/tradez/main/assets/images/vector_men.png]
[pixner.net/tradez/main/assets/images/vector_men2.png]
[pixner.net/tradez/main/assets/images/vector_rocket.png]
[pixner.net/tradez/main/assets/images/circle_star2.png]
[pixner.net/tradez/main/assets/images/hero_video.png]
[pixner.net/tradez/main/assets/images/hero_mobile.png]
[pixner.net/tradez/main/assets/images/hero_mobile_star.png]
[pixner.net/tradez/main/assets/images/company_logo.png]
[pixner.net/tradez/main/assets/images/company_logo2.png]
[pixner.net/tradez/main/assets/images/company_logo3.png]
[pixner.net/tradez/main/assets/images/company_logo4.png]
[pixner.net/tradez/main/assets/images/company_logo5.png]
[pixner.net/tradez/main/assets/images/company_logo6.png]
[pixner.net/tradez/main/assets/images/company_logo7.png]
[pixner.net/tradez/main/assets/images/star3.png]
[pixner.net/tradez/main/assets/images/vector.png]
[pixner.net/tradez/main/assets/images/vector5.png]
[pixner.net/tradez/main/assets/images/trade_on2.png]
[pixner.net/tradez/main/assets/images/sun.png]
[pixner.net/tradez/main/assets/images/star.png]
[pixner.net/tradez/main/assets/images/why_trade.png]
[pixner.net/tradez/main/assets/images/trade_vector.png]
[pixner.net/tradez/main/assets/images/vector9.png]
[pixner.net/tradez/main/assets/images/vector_rocket1.png]
[pixner.net/tradez/main/assets/images/cross.png]
[pixner.net/tradez/main/assets/images/vector2.png]
[pixner.net/tradez/main/assets/images/vector_rocket2.png]
[pixner.net/tradez/main/assets/images/cross2.png]
[pixner.net/tradez/main/assets/images/worldwide_thumb.png]
[pixner.net/tradez/main/assets/images/vector6.png]
[pixner.net/tradez/main/assets/images/team.png]
[pixner.net/tradez/main/assets/images/team2.png]
[pixner.net/tradez/main/assets/images/team3.png]
[pixner.net/tradez/main/assets/images/team4.png]
[pixner.net/tradez/main/assets/images/button.png]
[pixner.net/tradez/main/assets/images/star2.png]
[pixner.net/tradez/main/assets/images/vector20.png]
[pixner.net/tradez/main/assets/images/faq.png]
[pixner.net/tradez/main/assets/images/icon/quote_bg.png]
[pixner.net/tradez/main/assets/images/author10.png]
[pixner.net/tradez/main/assets/images/author11.png]
[pixner.net/tradez/main/assets/images/author12.png]
[pixner.net/tradez/main/assets/images/author13.png]
[pixner.net/tradez/main/assets/images/author14.png]
[pixner.net/tradez/main/assets/images/vector4.png]
[pixner.net/tradez/main/assets/images/star_focus.png]
[pixner.net/cdn-cgi/scripts/email-decode.min.js-cb/cloudflare-static/email-decode.min.js]
[pixner.net/tradez/main/assets/js/plugins/plugins.js]
[pixner.net/tradez/main/assets/js/plugins/plugin-custom.js]
[pixner.net/tradez/main/index-2.html]
[pixner.net/tradez/main/assets/js/main.js]
[cdn.jsdelivr.net/npm/@tabler/icons-webfont@2.36.0/fonts/tabler-iconsea40.eot]
[cdn.jsdelivr.net/npm/@tabler/icons-webfont@2.36.0/fonts/tabler-iconsea40.woff2]
[cdn.jsdelivr.net/npm/@tabler/icons-webfont@2.36.0/fonts/tabler-iconsd41d.eot]
[cdn.jsdelivr.net/npm/@tabler/icons-webfont@2.36.0/fonts/tabler-iconsd41d.woff]
[cdn.jsdelivr.net/npm/@tabler/icons-webfont@2.36.0/tabler-icons.min.css]
[cdn.jsdelivr.net/npm/@tabler/icons-webfont@2.36.0/fonts/tabler-iconsea40.ttf]
[pixner.net/tradez/main/assets/css/bootstrap.min.css]
[pixner.net/tradez/main/assets/css/plugins/fontawesome.min.css]
[pixner.net/tradez/main/assets/css/plugins/nice-select.css]
[pixner.net/tradez/main/assets/css/plugins/magnific-popup.css]
[pixner.net/tradez/main/assets/css/plugins/swiper.min.css]
[pixner.net/tradez/main/assets/css/plugins/jquery-ui-min.css]
[pixner.net/tradez/main/assets/css/plugins/odometer-min.css]
[pixner.net/tradez/main/assets/css/plugins/materialicons.css]
[pixner.net/tradez/main/assets/css/plugins/animate.css]
[pixner.net/tradez/main/assets/images/hero_bg_vector.png]
[pixner.net/tradez/main/assets/images/banner.png]
[pixner.net/tradez/main/assets/images/bg.png]
[pixner.net/tradez/main/assets/css/style.min.css]
[pixner.net/tradez/main/assets/images/hero_vector.png]
[pixner.net/tradez/main/assets/images/circle_star.png]
[pixner.net/tradez/main/assets/images/hero_thumb.png]
[pixner.net/tradez/main/assets/images/coin.png]
[pixner.net/tradez/main/assets/images/coin_vector.png]
[pixner.net/tradez/main/assets/images/trade_on.png]
[pixner.net/tradez/main/assets/images/vector3.png]
[pixner.net/tradez/main/assets/images/people_trust_video.png]
[pixner.net/tradez/main/assets/images/author.png]
[pixner.net/tradez/main/assets/images/icon/quote_left.png]
[pixner.net/tradez/main/assets/images/author2.png]
[pixner.net/tradez/main/assets/images/author3.png]
[pixner.net/tradez/main/assets/images/blog_news.png]
[pixner.net/tradez/main/assets/images/blog_news2.png]
[pixner.net/tradez/main/assets/images/blog_news3.png]
[pixner.net/tradez/main/index.html]
[pixner.net/cdn-cgi/scripts/5c5dd728/cloudflare-static/email-decode.min.js]
[pixner.net/tradez/main/assets/images/google.png]
[pixner.net/tradez/main/assets/images/facebook.png]
[pixner.net/tradez/main/signin.html]
[pixner.net/tradez/main/signup.html]
[pixner.net/tradez/main/assets/images/market.png]
[pixner.net/tradez/main/assets/images/market2.png]
[pixner.net/tradez/main/assets/images/market3.png]
[pixner.net/tradez/main/assets/images/market4.png]
[pixner.net/tradez/main/assets/images/market5.png]
[pixner.net/tradez/main/assets/images/market6.png]
[pixner.net/tradez/main/assets/images/market_news.png]
[pixner.net/tradez/main/assets/images/market_news2.png]
[pixner.net/tradez/main/assets/images/market_news3.png]
[pixner.net/tradez/main/assets/images/market_news4.png]
[pixner.net/tradez/main/assets/images/market_news5.png]
[pixner.net/tradez/main/assets/images/market_news6.png]
[pixner.net/tradez/main/assets/images/market_news7.png]
[pixner.net/tradez/main/market.html]
[pixner.net/tradez/main/assets/images/market_details.png]
[pixner.net/tradez/main/market-details.html]
[pixner.net/tradez/main/assets/images/company_story.png]
[pixner.net/tradez/main/assets/images/vector7.png]
[pixner.net/tradez/main/about.html]
[pixner.net/tradez/main/assets/images/team5.png]
[pixner.net/tradez/main/assets/images/team6.png]
[pixner.net/tradez/main/assets/images/team7.png]
[pixner.net/tradez/main/assets/images/team8.png]
[pixner.net/tradez/main/team.html]
[pixner.net/tradez/main/assets/images/team_details.png]
[pixner.net/tradez/main/team-details.html]
[pixner.net/tradez/main/assets/images/blog_news4.png]
[pixner.net/tradez/main/assets/images/blog_news5.png]
[pixner.net/tradez/main/assets/images/blog_news6.png]
[pixner.net/tradez/main/blog.html]
[pixner.net/tradez/main/assets/images/blog_details.png]
[pixner.net/tradez/main/assets/images/blog_details_inner.png]
[pixner.net/tradez/main/assets/images/blog_details_inner2.png]
[pixner.net/tradez/main/assets/images/comment_author.png]
[pixner.net/tradez/main/assets/images/comment_author2.png]
[pixner.net/tradez/main/assets/images/sidebar_blog.png]
[pixner.net/tradez/main/assets/images/sidebar_blog2.png]
[pixner.net/tradez/main/assets/images/sidebar_blog3.png]
[pixner.net/tradez/main/blog-details.html]
[pixner.net/tradez/main/careers.html]
[pixner.net/tradez/main/contact.html]
[pixner.net/tradez/main/apply-job.html]
[pixner.net/tradez/main/assets/images/sun2.png]
[pixner.net/tradez/main/education.html]
[pixner.net/tradez/main/assets/images/education.png]
[pixner.net/tradez/main/assets/images/plus.png]
[pixner.net/tradez/main/assets/images/star30.png]
[pixner.net/tradez/main/assets/images/vector21.png]
[pixner.net/tradez/main/legal-docs.html]
[pixner.net/tradez/main/assets/images/vector8.png]
[pixner.net/tradez/main/assets/images/earth.png]
[pixner.net/tradez/main/assets/images/customers.png]
[pixner.net/tradez/main/assets/images/star1.png]
[pixner.net/tradez/main/customers.html]
[pixner.net/tradez/main/roadmap.html]
[pixner.net/tradez/main/support.html]
[pixner.net/tradez/main/terms-conditions.html]
[pixner.net/tradez/main/privacy-policy.html]
[pixner.net/cdn-cgi/scripts/email-decode.min.js-cb/cloudflare-static/email-decode.min.html]
[pixner.net/tradez/main/assets/css/bootstrap.min.css]
[pixner.net/tradez/main/assets/webfonts/fa-brands-400.woff2]
[pixner.net/tradez/main/assets/webfonts/fa-brands-400.ttf]
[pixner.net/tradez/main/assets/webfonts/fa-regular-400.woff2]
[pixner.net/tradez/main/assets/webfonts/fa-regular-400.ttf]
[pixner.net/tradez/main/assets/webfonts/fa-solid-900.woff2]
[pixner.net/tradez/main/assets/webfonts/fa-solid-900.ttf]
[pixner.net/tradez/main/assets/webfonts/fa-v4compatibility.woff2]
[pixner.net/tradez/main/assets/css/plugins/fontawesome.min.css]
[pixner.net/tradez/main/assets/css/plugins/nice-select.css]
[pixner.net/tradez/main/assets/css/plugins/magnific-popup.css]
[pixner.net/tradez/main/assets/css/plugins/swiper.min.css]
[pixner.net/tradez/main/assets/css/plugins/jquery-ui-min.css]
[pixner.net/tradez/main/assets/css/plugins/odometer-min.css]
[pixner.net/tradez/main/assets/webfonts/fa-v4compatibility.ttf]
[pixner.net/tradez/main/assets/webfonts/material-icon.woff2]
[pixner.net/tradez/main/assets/css/plugins/materialicons.css]
[pixner.net/tradez/main/assets/css/plugins/animate.css]
[pixner.net/tradez/main/apply-job.html]
