[html.kodesolution.com/2025/onicx-html/index.html]
[backblue.gif]
[fade.gif]
[index.html]
[html.kodesolution.com/2025/onicx-html/css/bootstrap.min.css]
[html.kodesolution.com/2025/onicx-html/images/favicon.png]
[html.kodesolution.com/2025/onicx-html/css/style.css]
[html.kodesolution.com/2025/onicx-html/images/logo.png]
[html.kodesolution.com/2025/onicx-html/index-2.html]
[html.kodesolution.com/2025/onicx-html/index-3.html]
[html.kodesolution.com/2025/onicx-html/index-4.html]
[html.kodesolution.com/2025/onicx-html/index-5.html]
[html.kodesolution.com/2025/onicx-html/index-6.html]
[html.kodesolution.com/2025/onicx-html/index-1-single.html]
[html.kodesolution.com/2025/onicx-html/index-2-single.html]
[html.kodesolution.com/2025/onicx-html/index-3-single.html]
[html.kodesolution.com/2025/onicx-html/index-4-single.html]
[html.kodesolution.com/2025/onicx-html/index-5-single.html]
[html.kodesolution.com/2025/onicx-html/index-6-single.html]
[html.kodesolution.com/2025/onicx-html/index-1-rtl.html]
[html.kodesolution.com/2025/onicx-html/about.html]
[html.kodesolution.com/2025/onicx-html/page-contact.html]
[html.kodesolution.com/2025/onicx-html/team.html]
[html.kodesolution.com/2025/onicx-html/team-details.html]
[html.kodesolution.com/2025/onicx-html/testimonial.html]
[html.kodesolution.com/2025/onicx-html/faq.html]
[html.kodesolution.com/2025/onicx-html/project.html]
[html.kodesolution.com/2025/onicx-html/project-details.html]
[html.kodesolution.com/2025/onicx-html/service.html]
[html.kodesolution.com/2025/onicx-html/service-details.html]
[html.kodesolution.com/2025/onicx-html/blog.html]
[html.kodesolution.com/2025/onicx-html/blog-details.html]
[html.kodesolution.com/2025/onicx-html/images/banner/1.png]
[html.kodesolution.com/2025/onicx-html/images/banner/author-1.jpg]
[html.kodesolution.com/2025/onicx-html/images/banner/author-2.jpg]
[html.kodesolution.com/2025/onicx-html/images/banner/author-3.jpg]
[html.kodesolution.com/2025/onicx-html/images/banner/author-4.jpg]
[html.kodesolution.com/2025/onicx-html/images/banner/author-5.jpg]
[html.kodesolution.com/2025/onicx-html/images/clients/1.png]
[html.kodesolution.com/2025/onicx-html/images/clients/2.png]
[html.kodesolution.com/2025/onicx-html/images/clients/3.png]
[html.kodesolution.com/2025/onicx-html/images/clients/4.png]
[html.kodesolution.com/2025/onicx-html/images/clients/5.png]
[html.kodesolution.com/2025/onicx-html/images/icons/sign.png]
[html.kodesolution.com/2025/onicx-html/images/resource/about1-1.jpg]
[html.kodesolution.com/2025/onicx-html/images/resource/service1-1.jpg]
[html.kodesolution.com/2025/onicx-html/images/resource/service1-2.jpg]
[html.kodesolution.com/2025/onicx-html/images/resource/service1-3.jpg]
[html.kodesolution.com/2025/onicx-html/images/background/3.png]
[html.kodesolution.com/2025/onicx-html/images/resource/project1-1.jpg]
[html.kodesolution.com/2025/onicx-html/images/resource/project1-2.jpg]
[html.kodesolution.com/2025/onicx-html/images/resource/project1-3.jpg]
[html.kodesolution.com/2025/onicx-html/images/resource/project1-4.jpg]
[html.kodesolution.com/2025/onicx-html/images/resource/project1-5.jpg]
[html.kodesolution.com/2025/onicx-html/images/resource/testi-author-1.png]
[html.kodesolution.com/2025/onicx-html/images/resource/testi-author-2.jpg]
[html.kodesolution.com/2025/onicx-html/images/resource/testi-author-3.jpg]
[html.kodesolution.com/2025/onicx-html/images/resource/testi1-1.png]
[html.kodesolution.com/2025/onicx-html/images/resource/benefit1-1.jpg]
[html.kodesolution.com/2025/onicx-html/images/resource/contact1-1.jpg]
[html.kodesolution.com/2025/onicx-html/images/resource/news1-1.jpg]
[html.kodesolution.com/2025/onicx-html/images/resource/news1-2.jpg]
[html.kodesolution.com/2025/onicx-html/images/resource/news1-3.jpg]
[html.kodesolution.com/2025/onicx-html/images/resource/cta1-1.png]
[html.kodesolution.com/2025/onicx-html/images/logo-2.png]
[html.kodesolution.com/2025/onicx-html/js/jquery.js]
[html.kodesolution.com/2025/onicx-html/js/popper.min.js]
[html.kodesolution.com/2025/onicx-html/js/bootstrap.min.js]
[html.kodesolution.com/2025/onicx-html/js/jquery.fancybox.js]
[html.kodesolution.com/2025/onicx-html/js/wow.js]
[html.kodesolution.com/2025/onicx-html/js/appear.js]
[html.kodesolution.com/2025/onicx-html/js/gsap.min.js]
[html.kodesolution.com/2025/onicx-html/js/ScrollTrigger.min.js]
[html.kodesolution.com/2025/onicx-html/js/swiper.min.js]
[html.kodesolution.com/2025/onicx-html/js/SplitText.min.js]
[html.kodesolution.com/2025/onicx-html/js/splitType.js]
[html.kodesolution.com/2025/onicx-html/js/script.js]
[html.kodesolution.com/2025/onicx-html/js/script-gsap.js]
[html.kodesolution.com/2025/onicx-html/index.html]
[html.kodesolution.com/2025/onicx-html/css/bootstrap.min.css]
[html.kodesolution.com/2025/onicx-html/css/animate.css]
[html.kodesolution.com/2025/onicx-html/css/swiper.min.css]
[html.kodesolution.com/2025/onicx-html/css/jquery.fancybox.min.css]
[html.kodesolution.com/2025/onicx-html/css/linear.css]
[html.kodesolution.com/2025/onicx-html/css/fontawesome-free.css]
[html.kodesolution.com/2025/onicx-html/css/flaticon.css]
[html.kodesolution.com/2025/onicx-html/css/fontawesome.css]
[html.kodesolution.com/2025/onicx-html/css/tm-bs-mp.css]
[html.kodesolution.com/2025/onicx-html/css/tm-utility-classes.css]
[html.kodesolution.com/2025/onicx-html/images/icons/pattern-1.png]
[html.kodesolution.com/2025/onicx-html/images/icons/pattern-2.jpg]
[html.kodesolution.com/2025/onicx-html/images/icons/pattern-3.jpg]
[html.kodesolution.com/2025/onicx-html/images/icons/pattern-4.png]
[html.kodesolution.com/2025/onicx-html/images/icons/pattern-5.jpg]
[html.kodesolution.com/2025/onicx-html/images/icons/pattern-6.png]
[html.kodesolution.com/2025/onicx-html/images/icons/pattern-7.png]
[html.kodesolution.com/2025/onicx-html/images/icons/pattern-8.png]
[html.kodesolution.com/2025/onicx-html/images/icons/pattern-9.jpg]
[html.kodesolution.com/2025/onicx-html/images/icons/pattern-10.jpg]
[html.kodesolution.com/2025/onicx-html/images/icons/pattern-11.png]
[html.kodesolution.com/2025/onicx-html/images/icons/pattern-12.jpg]
[html.kodesolution.com/2025/onicx-html/images/icons/pattern-13.jpg]
[html.kodesolution.com/2025/onicx-html/images/background/about3.jpg]
[html.kodesolution.com/2025/onicx-html/images/background/home4.jpg]
[html.kodesolution.com/2025/onicx-html/images/icons/h4-BG.jpg]
[html.kodesolution.com/2025/onicx-html/images/icons/BG.jpg]
[html.kodesolution.com/2025/onicx-html/images/background/h5-bg.jpg]
[html.kodesolution.com/2025/onicx-html/images/background/bannar-3.png]
[html.kodesolution.com/2025/onicx-html/images/icons/Testimonial.jpg]
[html.kodesolution.com/2025/onicx-html/images/icons/icon-lines.png]
[html.kodesolution.com/2025/onicx-html/images/icons/icon-quote.png]
[html.kodesolution.com/2025/onicx-html/images/icons/icon-quote-2.png]
[html.kodesolution.com/2025/onicx-html/images/icons/icon-1.png]
[html.kodesolution.com/2025/onicx-html/images/icons/icon-2.png]
[html.kodesolution.com/2025/onicx-html/images/icons/icon-3.png]
[html.kodesolution.com/2025/onicx-html/images/icons/icon-4.png]
[html.kodesolution.com/2025/onicx-html/images/icons/icon-5.png]
[html.kodesolution.com/2025/onicx-html/images/icons/icon-6.png]
[html.kodesolution.com/2025/onicx-html/images/icons/icon-7.png]
[html.kodesolution.com/2025/onicx-html/images/icons/icon-8.png]
[html.kodesolution.com/2025/onicx-html/images/icons/icon-9.png]
[html.kodesolution.com/2025/onicx-html/images/icons/icon-10.png]
[html.kodesolution.com/2025/onicx-html/images/icons/icon-11.png]
[html.kodesolution.com/2025/onicx-html/images/icons/icon-12.png]
[html.kodesolution.com/2025/onicx-html/images/icons/icon-13.png]
[html.kodesolution.com/2025/onicx-html/images/icons/icon-14.png]
[html.kodesolution.com/2025/onicx-html/images/icons/icon-15.png]
[html.kodesolution.com/2025/onicx-html/images/icons/icon-16.png]
[html.kodesolution.com/2025/onicx-html/images/icons/icon-17.png]
[html.kodesolution.com/2025/onicx-html/images/icons/icon-18.png]
[html.kodesolution.com/2025/onicx-html/images/icons/icon-19.png]
[html.kodesolution.com/2025/onicx-html/images/icons/icon-20.png]
[html.kodesolution.com/2025/onicx-html/images/icons/icon-21.png]
[html.kodesolution.com/2025/onicx-html/images/icons/icon-22.png]
[html.kodesolution.com/2025/onicx-html/images/icons/icon-23.png]
[html.kodesolution.com/2025/onicx-html/images/icons/icon-24.png]
[html.kodesolution.com/2025/onicx-html/images/icons/icon-25.png]
[html.kodesolution.com/2025/onicx-html/images/icons/icon-26.png]
[html.kodesolution.com/2025/onicx-html/images/icons/icon-27.png]
[html.kodesolution.com/2025/onicx-html/images/icons/icon-28.png]
[html.kodesolution.com/2025/onicx-html/images/icons/icon-29.png]
[html.kodesolution.com/2025/onicx-html/images/icons/icon-30.png]
[html.kodesolution.com/2025/onicx-html/images/icons/icon-31.png]
[html.kodesolution.com/2025/onicx-html/images/icons/icon-32.png]
[html.kodesolution.com/2025/onicx-html/images/icons/h4.3.png]
[html.kodesolution.com/2025/onicx-html/images/icons/h4.6.png]
[html.kodesolution.com/2025/onicx-html/images/icons/h4.1.png]
[html.kodesolution.com/2025/onicx-html/images/icons/counder.png]
[html.kodesolution.com/2025/onicx-html/images/icons/h44.png]
[html.kodesolution.com/2025/onicx-html/images/icons/rrr.png]
[html.kodesolution.com/2025/onicx-html/images/icons/Blob.png]
[html.kodesolution.com/2025/onicx-html/images/icons/66.png]
[html.kodesolution.com/2025/onicx-html/images/icons/h-shape.png]
[html.kodesolution.com/2025/onicx-html/images/icons/h-faq-sh.png]
[html.kodesolution.com/2025/onicx-html/images/icons/icon-h6.png]
[html.kodesolution.com/2025/onicx-html/images/icons/haz-shape.png]
[html.kodesolution.com/2025/onicx-html/images/icons/shape-1.png]
[html.kodesolution.com/2025/onicx-html/images/icons/shape-2.png]
[html.kodesolution.com/2025/onicx-html/images/icons/shape-3.png]
[html.kodesolution.com/2025/onicx-html/images/icons/shape-4.png]
[html.kodesolution.com/2025/onicx-html/images/icons/shape-5.png]
[html.kodesolution.com/2025/onicx-html/images/icons/shape-6.png]
[html.kodesolution.com/2025/onicx-html/images/icons/shape-7.png]
[html.kodesolution.com/2025/onicx-html/images/icons/shape-8.png]
[html.kodesolution.com/2025/onicx-html/images/icons/shape-9.png]
[html.kodesolution.com/2025/onicx-html/images/icons/shape-10.png]
[html.kodesolution.com/2025/onicx-html/images/icons/shape-11.png]
[html.kodesolution.com/2025/onicx-html/images/icons/shape-12.png]
[html.kodesolution.com/2025/onicx-html/images/icons/shape-13.png]
[html.kodesolution.com/2025/onicx-html/images/icons/shape-14.png]
[html.kodesolution.com/2025/onicx-html/images/icons/shape-15.png]
[html.kodesolution.com/2025/onicx-html/images/icons/shape-16.png]
[html.kodesolution.com/2025/onicx-html/images/icons/shape-17.png]
[html.kodesolution.com/2025/onicx-html/images/icons/shape-18.png]
[html.kodesolution.com/2025/onicx-html/images/icons/shape-19.png]
[html.kodesolution.com/2025/onicx-html/images/icons/shape-20.png]
[html.kodesolution.com/2025/onicx-html/images/icons/shape-21.png]
[html.kodesolution.com/2025/onicx-html/images/icons/shape-22.png]
[html.kodesolution.com/2025/onicx-html/images/icons/shape-23.png]
[html.kodesolution.com/2025/onicx-html/images/icons/shape-24.png]
[html.kodesolution.com/2025/onicx-html/images/icons/foter-h3.png]
[html.kodesolution.com/2025/onicx-html/images/icons/foter-h3..png]
[html.kodesolution.com/2025/onicx-html/images/icons/h4.5.png]
[html.kodesolution.com/2025/onicx-html/images/icons/h4-img.png]
[html.kodesolution.com/2025/onicx-html/images/icons/Frame.png]
[html.kodesolution.com/2025/onicx-html/images/icons/contact-sh.png]
[html.kodesolution.com/2025/onicx-html/images/icons/h4-why.png]
[html.kodesolution.com/2025/onicx-html/images/icons/h4.png]
[html.kodesolution.com/2025/onicx-html/images/icons/footer-h4.png]
[html.kodesolution.com/2025/onicx-html/images/icons/h5-bannar.png]
[html.kodesolution.com/2025/onicx-html/images/icons/h5-ab-icon.png]
[html.kodesolution.com/2025/onicx-html/images/icons/h5image.png]
[html.kodesolution.com/2025/onicx-html/images/icons/fot5-sh.png]
[html.kodesolution.com/2025/onicx-html/images/icons/home6.1.png]
[html.kodesolution.com/2025/onicx-html/images/icons/home6.2.png]
[html.kodesolution.com/2025/onicx-html/images/icons/h6-Vector.png]
[html.kodesolution.com/2025/onicx-html/images/icons/ONICx.png]
[html.kodesolution.com/2025/onicx-html/images/icons/foter-shape.png]
[html.kodesolution.com/2025/onicx-html/images/icons/shape-26.png]
[html.kodesolution.com/2025/onicx-html/images/banner/h5.png]
[html.kodesolution.com/2025/onicx-html/images/resource/h3-why.png]
[html.kodesolution.com/2025/onicx-html/images/icons/h4-img2.png]
[html.kodesolution.com/2025/onicx-html/images/icons/h5-img.png]
[html.kodesolution.com/2025/onicx-html/images/icons/h5-img2.png]
[html.kodesolution.com/2025/onicx-html/images/icons/shape-25.png]
[html.kodesolution.com/2025/onicx-html/images/mask/service3-mask.png]
[html.kodesolution.com/2025/onicx-html/images/resource/why-img2.png]
[html.kodesolution.com/2025/onicx-html/images/mask/team3-mask.png]
[html.kodesolution.com/2025/onicx-html/images/resource/cta1-2.png]
[html.kodesolution.com/2025/onicx-html/images/icons/footer-bg.jpg]
[html.kodesolution.com/2025/onicx-html/images/icons/fot5.png]
[html.kodesolution.com/2025/onicx-html/images/mask/choose4-mask.png]
[html.kodesolution.com/2025/onicx-html/images/resource/haz-img.png]
[html.kodesolution.com/2025/onicx-html/images/icons/breadcume-be.png]
[html.kodesolution.com/2025/onicx-html/images/resource/breadcume.jpg]
[html.kodesolution.com/2025/onicx-html/css/style.css]
[html.kodesolution.com/2025/onicx-html/images/banner/2-1.jpg]
[html.kodesolution.com/2025/onicx-html/images/clients/2-1.png]
[html.kodesolution.com/2025/onicx-html/images/clients/2-2.png]
[html.kodesolution.com/2025/onicx-html/images/clients/2-3.png]
[html.kodesolution.com/2025/onicx-html/images/clients/2-4.png]
[html.kodesolution.com/2025/onicx-html/images/clients/2-5.png]
[html.kodesolution.com/2025/onicx-html/images/clients/2-6.png]
[html.kodesolution.com/2025/onicx-html/images/resource/service2-1.jpg]
[html.kodesolution.com/2025/onicx-html/images/resource/service2-2.jpg]
[html.kodesolution.com/2025/onicx-html/images/resource/service2-3.jpg]
[html.kodesolution.com/2025/onicx-html/images/resource/service2-4.jpg]
[html.kodesolution.com/2025/onicx-html/images/resource/about2-1.jpg]
[html.kodesolution.com/2025/onicx-html/images/resource/about2-2.jpg]
[html.kodesolution.com/2025/onicx-html/images/resource/project2-1.jpg]
[html.kodesolution.com/2025/onicx-html/images/resource/project2-2.jpg]
[html.kodesolution.com/2025/onicx-html/images/resource/project2-3.jpg]
[html.kodesolution.com/2025/onicx-html/images/resource/project2-4.jpg]
[html.kodesolution.com/2025/onicx-html/images/resource/team1-1.jpg]
[html.kodesolution.com/2025/onicx-html/images/resource/team1-2.jpg]
[html.kodesolution.com/2025/onicx-html/images/resource/team1-3.jpg]
[html.kodesolution.com/2025/onicx-html/images/resource/team1-4.jpg]
[html.kodesolution.com/2025/onicx-html/images/resource/faq1-1.png]
[html.kodesolution.com/2025/onicx-html/images/resource/testi-author-4.jpg]
[html.kodesolution.com/2025/onicx-html/images/resource/testi-author-5.jpg]
[html.kodesolution.com/2025/onicx-html/images/background/1.jpg]
[html.kodesolution.com/2025/onicx-html/images/icons/trustpilot.png]
[html.kodesolution.com/2025/onicx-html/images/resource/thumb-1.jpg]
[html.kodesolution.com/2025/onicx-html/images/resource/thumb-2.jpg]
[html.kodesolution.com/2025/onicx-html/images/resource/thumb-3.jpg]
[html.kodesolution.com/2025/onicx-html/images/resource/thumb-4.jpg]
[html.kodesolution.com/2025/onicx-html/images/icons/google.png]
[html.kodesolution.com/2025/onicx-html/images/resource/thumb-5.jpg]
[html.kodesolution.com/2025/onicx-html/images/resource/thumb-6.jpg]
[html.kodesolution.com/2025/onicx-html/images/resource/thumb-7.jpg]
[html.kodesolution.com/2025/onicx-html/images/resource/thumb-8.jpg]
[html.kodesolution.com/2025/onicx-html/images/resource/contact2-1.png]
[html.kodesolution.com/2025/onicx-html/index-2.html]
[html.kodesolution.com/2025/onicx-html/images/banner/man.png]
[html.kodesolution.com/2025/onicx-html/images/clients/bran.png]
[html.kodesolution.com/2025/onicx-html/images/clients/brand2.png]
[html.kodesolution.com/2025/onicx-html/images/clients/brand3.png]
[html.kodesolution.com/2025/onicx-html/images/clients/brand4.png]
[html.kodesolution.com/2025/onicx-html/images/clients/brand5.png]
[html.kodesolution.com/2025/onicx-html/images/service/service-image1.jpg]
[html.kodesolution.com/2025/onicx-html/images/service/service-image2.jpg]
[html.kodesolution.com/2025/onicx-html/images/service/service-image3.jpg]
[html.kodesolution.com/2025/onicx-html/images/resource/h3-ab.jpg]
[html.kodesolution.com/2025/onicx-html/images/resource/h3-ab2.jpg]
[html.kodesolution.com/2025/onicx-html/images/resource/h3-why.jpg]
[html.kodesolution.com/2025/onicx-html/images/resource/h3.png]
[html.kodesolution.com/2025/onicx-html/images/resource/case.jpg]
[html.kodesolution.com/2025/onicx-html/images/resource/case2.jpg]
[html.kodesolution.com/2025/onicx-html/images/resource/case3.jpg]
[html.kodesolution.com/2025/onicx-html/images/resource/case4.jpg]
[html.kodesolution.com/2025/onicx-html/images/team/team-image1.jpg]
[html.kodesolution.com/2025/onicx-html/images/team/team-image2.jpg]
[html.kodesolution.com/2025/onicx-html/images/team/team-image3.jpg]
[html.kodesolution.com/2025/onicx-html/images/resource/testi-img.jpg]
[html.kodesolution.com/2025/onicx-html/index-3.html]
[html.kodesolution.com/2025/onicx-html/images/resource/1.png]
[html.kodesolution.com/2025/onicx-html/images/resource/2.png]
[html.kodesolution.com/2025/onicx-html/images/resource/3.png]
[html.kodesolution.com/2025/onicx-html/images/resource/4.png]
[html.kodesolution.com/2025/onicx-html/images/about/about-four-image.jpg]
[html.kodesolution.com/2025/onicx-html/images/icons/img.jpg]
[html.kodesolution.com/2025/onicx-html/images/icons/icon-33.png]
[html.kodesolution.com/2025/onicx-html/images/icons/icon-34.png]
[html.kodesolution.com/2025/onicx-html/images/icons/icon-35.png]
[html.kodesolution.com/2025/onicx-html/images/icons/icon-36.png]
[html.kodesolution.com/2025/onicx-html/images/choose/choose-us-image.jpg]
[html.kodesolution.com/2025/onicx-html/images/blog/blog-image1.jpg]
[html.kodesolution.com/2025/onicx-html/images/blog/blog-image2.jpg]
[html.kodesolution.com/2025/onicx-html/images/blog/blog-image3.jpg]
[html.kodesolution.com/2025/onicx-html/images/resource/contact-img.jpg]
[html.kodesolution.com/2025/onicx-html/images/icons/logo-h4.png]
[html.kodesolution.com/2025/onicx-html/index-4.html]
[html.kodesolution.com/2025/onicx-html/images/banner/h5.jpg]
[html.kodesolution.com/2025/onicx-html/images/service/service-five-image.jpg]
[html.kodesolution.com/2025/onicx-html/images/service/service-five-image2.jpg]
[html.kodesolution.com/2025/onicx-html/images/service/service-five-image3.jpg]
[html.kodesolution.com/2025/onicx-html/images/service/service-five-image4.jpg]
[html.kodesolution.com/2025/onicx-html/images/resource/h5-ab3.png]
[html.kodesolution.com/2025/onicx-html/images/resource/h5-ab2.png]
[html.kodesolution.com/2025/onicx-html/images/resource/h5-ab.png]
[html.kodesolution.com/2025/onicx-html/images/icons/h5-img.jpg]
[html.kodesolution.com/2025/onicx-html/images/icons/h5-img2.jpg]
[html.kodesolution.com/2025/onicx-html/images/icons/h55.jpg]
[html.kodesolution.com/2025/onicx-html/images/icons/icon-37.png]
[html.kodesolution.com/2025/onicx-html/images/resource/why-img.jpg]
[html.kodesolution.com/2025/onicx-html/index-5.html]
[html.kodesolution.com/2025/onicx-html/images/resource/home6.jpg]
[html.kodesolution.com/2025/onicx-html/images/resource/home6-ab.jpg]
[html.kodesolution.com/2025/onicx-html/images/resource/h6-work.jpg]
[html.kodesolution.com/2025/onicx-html/images/resource/h6-faq.jpg]
[html.kodesolution.com/2025/onicx-html/images/resource/h6-cont.png]
[html.kodesolution.com/2025/onicx-html/index-6.html]
[html.kodesolution.com/2025/onicx-html/index-1-single.html]
[html.kodesolution.com/2025/onicx-html/index-2-single.html]
[html.kodesolution.com/2025/onicx-html/index-3-single.html]
[html.kodesolution.com/2025/onicx-html/index-4-single.html]
[html.kodesolution.com/2025/onicx-html/index-5-single.html]
[html.kodesolution.com/2025/onicx-html/index-6-single.html]
[html.kodesolution.com/2025/onicx-html/index-1-rtl.html]
[html.kodesolution.com/2025/onicx-html/about.html]
[html.kodesolution.com/2025/onicx-html/page-contact.html]
[html.kodesolution.com/2025/onicx-html/css/style-rtl.css]
[html.kodesolution.com/2025/onicx-html/images/resource/tm2.1 (1).jpg]
[html.kodesolution.com/2025/onicx-html/images/resource/tm2.2.jpg]
[html.kodesolution.com/2025/onicx-html/images/resource/tm2.3.jpg]
[html.kodesolution.com/2025/onicx-html/images/resource/tm2.4.jpg]
[html.kodesolution.com/2025/onicx-html/team.html]
[html.kodesolution.com/2025/onicx-html/images/resource/tm-details.png]
[html.kodesolution.com/2025/onicx-html/images/icons/icon-img3.png]
[html.kodesolution.com/2025/onicx-html/images/icons/icon-img2.png]
[html.kodesolution.com/2025/onicx-html/images/icons/icon-img.png]
[html.kodesolution.com/2025/onicx-html/team-details.html]
[html.kodesolution.com/2025/onicx-html/images/resource/testi-author3.jpg]
[html.kodesolution.com/2025/onicx-html/images/resource/testi-author4 .jpg]
[html.kodesolution.com/2025/onicx-html/testimonial.html]
[html.kodesolution.com/2025/onicx-html/faq.html]
[html.kodesolution.com/2025/onicx-html/images/resource/project2.5.jpg]
[html.kodesolution.com/2025/onicx-html/images/resource/project2.6.jpg]
[html.kodesolution.com/2025/onicx-html/images/resource/project2.7.jpg]
[html.kodesolution.com/2025/onicx-html/images/resource/project2.8.jpg]
[html.kodesolution.com/2025/onicx-html/project.html]
[html.kodesolution.com/2025/onicx-html/images/resource/project-details.jpg]
[html.kodesolution.com/2025/onicx-html/images/resource/proj2.jpg]
[html.kodesolution.com/2025/onicx-html/images/resource/proj.jpg]
[html.kodesolution.com/2025/onicx-html/project-details.html]
[html.kodesolution.com/2025/onicx-html/service.html]
[html.kodesolution.com/2025/onicx-html/images/resource/ser-details.jpg]
[html.kodesolution.com/2025/onicx-html/service-details.html]
[html.kodesolution.com/2025/onicx-html/blog.html]
[html.kodesolution.com/2025/onicx-html/images/resource/blg-details.jpg]
[html.kodesolution.com/2025/onicx-html/images/icons/quote.png]
[html.kodesolution.com/2025/onicx-html/images/resource/blg-d.jpg]
[html.kodesolution.com/2025/onicx-html/images/resource/blg-author.png]
[html.kodesolution.com/2025/onicx-html/images/resource/sidebar.jpg]
[html.kodesolution.com/2025/onicx-html/images/resource/sidebar2.jpg]
[html.kodesolution.com/2025/onicx-html/images/resource/sidebar3.jpg]
[html.kodesolution.com/2025/onicx-html/blog-details.html]
[html.kodesolution.com/2025/onicx-html/css/animate.css]
[html.kodesolution.com/2025/onicx-html/css/swiper.min.css]
[html.kodesolution.com/2025/onicx-html/css/jquery.fancybox.min.css]
[html.kodesolution.com/2025/onicx-html/fonts/linearicons-free8429.eot]
[html.kodesolution.com/2025/onicx-html/fonts/linearicons-free8429.ttf]
[html.kodesolution.com/2025/onicx-html/fonts/linearicons-free8429.woff]
[html.kodesolution.com/2025/onicx-html/css/linear.css]
[html.kodesolution.com/2025/onicx-html/fonts/linearicons-free8429.svg]
[html.kodesolution.com/2025/onicx-html/fonts/webfonts/fa-brands-400.woff2]
[html.kodesolution.com/2025/onicx-html/fonts/webfonts/fa-brands-400.ttf]
[html.kodesolution.com/2025/onicx-html/fonts/webfonts/fa-regular-400.woff2]
[html.kodesolution.com/2025/onicx-html/fonts/webfonts/fa-regular-400.ttf]
[html.kodesolution.com/2025/onicx-html/fonts/webfonts/fa-solid-900.woff2]
[html.kodesolution.com/2025/onicx-html/fonts/webfonts/fa-solid-900.ttf]
[html.kodesolution.com/2025/onicx-html/fonts/webfonts/fa-v4compatibility.woff2]
[html.kodesolution.com/2025/onicx-html/fonts/webfonts/fa-v4compatibility.ttf]
[html.kodesolution.com/2025/onicx-html/css/fontawesome-free.css]
[html.kodesolution.com/2025/onicx-html/fonts/fa-brands-400.woff2]
[html.kodesolution.com/2025/onicx-html/fonts/fa-brands-400.woff]
[html.kodesolution.com/2025/onicx-html/fonts/fa-brands-400.ttf]
[html.kodesolution.com/2025/onicx-html/fonts/fa-duotone-900.woff2]
[html.kodesolution.com/2025/onicx-html/fonts/fa-duotone-900.woff]
[html.kodesolution.com/2025/onicx-html/fonts/fa-light-300.woff2]
[html.kodesolution.com/2025/onicx-html/fonts/fa-light-300.woff]
[html.kodesolution.com/2025/onicx-html/fonts/fa-duotone-900.ttf]
[html.kodesolution.com/2025/onicx-html/fonts/fa-regular-400.woff2]
[html.kodesolution.com/2025/onicx-html/fonts/fa-regular-400.woff]
[html.kodesolution.com/2025/onicx-html/fonts/fa-solid-900.woff2]
[html.kodesolution.com/2025/onicx-html/fonts/fa-light-300.ttf]
[html.kodesolution.com/2025/onicx-html/fonts/fa-solid-900.woff]
[html.kodesolution.com/2025/onicx-html/fonts/fa-regular-400.ttf]
[html.kodesolution.com/2025/onicx-html/fonts/fa-thin-100.woff2]
[html.kodesolution.com/2025/onicx-html/fonts/fa-solid-900.ttf]
[html.kodesolution.com/2025/onicx-html/fonts/fa-thin-100.woff]
[html.kodesolution.com/2025/onicx-html/css/fontawesome.css]
[html.kodesolution.com/2025/onicx-html/fonts/fa-thin-100.ttf]
[html.kodesolution.com/2025/onicx-html/fonts/flaticon_agencyf238.ttf]
[html.kodesolution.com/2025/onicx-html/fonts/flaticon_agencyf238.woff]
[html.kodesolution.com/2025/onicx-html/fonts/flaticon_agencyf238.woff2]
[html.kodesolution.com/2025/onicx-html/fonts/flaticon_agencyf238.eot]
[html.kodesolution.com/2025/onicx-html/css/flaticon.css]
[html.kodesolution.com/2025/onicx-html/css/tm-bs-mp.css]
[html.kodesolution.com/2025/onicx-html/css/tm-utility-classes.css]
[html.kodesolution.com/2025/onicx-html/images/icons/image.html]
[html.kodesolution.com/2025/onicx-html/speaker-single.html]
[html.kodesolution.com/2025/onicx-html/css/style-rtl.css]
[html.kodesolution.com/2025/onicx-html/fonts/flaticon_agencyf238.svg]
[html.kodesolution.com/2025/onicx-html/fonts/linearicons-free8429.svg]
[html.kodesolution.com/2025/onicx-html/fonts/flaticon_agencyf238.svg]
